

================================================================
== Vitis HLS Report for 'dft'
================================================================
* Date:           Fri Nov  7 18:44:23 2025

* Version:        2024.2 (Build 5238294 on Nov  8 2024)
* Project:        dft.comp
* Solution:       hls (Vivado IP Flow Target)
* Product family: zynq
* Target device:  xc7z020-clg400-1


================================================================
== Performance Estimates
================================================================
+ Timing: 
    * Summary: 
    +--------+----------+----------+------------+
    |  Clock |  Target  | Estimated| Uncertainty|
    +--------+----------+----------+------------+
    |ap_clk  |  10.00 ns|  7.256 ns|     2.70 ns|
    +--------+----------+----------+------------+

+ Latency: 
    * Summary: 
    +---------+---------+-----------+-----------+---------+---------+---------+
    |  Latency (cycles) |   Latency (absolute)  |      Interval     | Pipeline|
    |   min   |   max   |    min    |    max    |   min   |   max   |   Type  |
    +---------+---------+-----------+-----------+---------+---------+---------+
    |  1051681|  1051681|  10.517 ms|  10.517 ms|  1051682|  1051682|       no|
    +---------+---------+-----------+-----------+---------+---------+---------+

    + Detail: 
        * Instance: 
        +-----------------------------------------------------+------------------------------------------+---------+---------+-----------+-----------+---------+---------+------------------------------------------------+
        |                                                     |                                          |  Latency (cycles) |   Latency (absolute)  |      Interval     |                    Pipeline                    |
        |                       Instance                      |                  Module                  |   min   |   max   |    min    |    max    |   min   |   max   |                      Type                      |
        +-----------------------------------------------------+------------------------------------------+---------+---------+-----------+-----------+---------+---------+------------------------------------------------+
        |grp_dft_Pipeline_1_fu_120                            |dft_Pipeline_1                            |     1026|     1026|  10.260 us|  10.260 us|     1025|     1025|  loop auto-rewind stp (delay=0 clock cycles(s))|
        |grp_dft_Pipeline_2_fu_126                            |dft_Pipeline_2                            |     1026|     1026|  10.260 us|  10.260 us|     1025|     1025|  loop auto-rewind stp (delay=0 clock cycles(s))|
        |grp_dft_Pipeline_3_fu_132                            |dft_Pipeline_3                            |     1026|     1026|  10.260 us|  10.260 us|     1025|     1025|  loop auto-rewind stp (delay=0 clock cycles(s))|
        |grp_dft_Pipeline_4_fu_138                            |dft_Pipeline_4                            |     1026|     1026|  10.260 us|  10.260 us|     1025|     1025|  loop auto-rewind stp (delay=0 clock cycles(s))|
        |grp_dft_Pipeline_read_loop_fu_144                    |dft_Pipeline_read_loop                    |     1026|     1026|  10.260 us|  10.260 us|     1025|     1025|  loop auto-rewind stp (delay=0 clock cycles(s))|
        |grp_dft_Pipeline_write_loop_dot_product_loop_fu_170  |dft_Pipeline_write_loop_dot_product_loop  |  1048595|  1048595|  10.486 ms|  10.486 ms|  1048577|  1048577|  loop auto-rewind stp (delay=0 clock cycles(s))|
        |grp_dft_Pipeline_VITIS_LOOP_43_1_fu_182              |dft_Pipeline_VITIS_LOOP_43_1              |     1026|     1026|  10.260 us|  10.260 us|     1025|     1025|  loop auto-rewind stp (delay=0 clock cycles(s))|
        +-----------------------------------------------------+------------------------------------------+---------+---------+-----------+-----------+---------+---------+------------------------------------------------+

        * Loop: 
        N/A



================================================================
== Utilization Estimates
================================================================
* Summary: 
+-----------------+---------+-----+--------+-------+-----+
|       Name      | BRAM_18K| DSP |   FF   |  LUT  | URAM|
+-----------------+---------+-----+--------+-------+-----+
|DSP              |        -|    -|       -|      -|    -|
|Expression       |        -|    -|       0|      8|    -|
|FIFO             |        -|    -|       -|      -|    -|
|Instance         |        4|   20|    2308|   3598|    -|
|Memory           |        8|    -|       0|      0|    0|
|Multiplexer      |        -|    -|       0|    433|    -|
|Register         |        -|    -|      98|      -|    -|
+-----------------+---------+-----+--------+-------+-----+
|Total            |       12|   20|    2406|   4039|    0|
+-----------------+---------+-----+--------+-------+-----+
|Available        |      280|  220|  106400|  53200|    0|
+-----------------+---------+-----+--------+-------+-----+
|Utilization (%)  |        4|    9|       2|      7|    0|
+-----------------+---------+-----+--------+-------+-----+

+ Detail: 
    * Instance: 
    +-----------------------------------------------------+------------------------------------------+---------+----+------+------+-----+
    |                       Instance                      |                  Module                  | BRAM_18K| DSP|  FF  |  LUT | URAM|
    +-----------------------------------------------------+------------------------------------------+---------+----+------+------+-----+
    |control_s_axi_U                                      |control_s_axi                             |        0|   0|    36|    40|    0|
    |grp_dft_Pipeline_1_fu_120                            |dft_Pipeline_1                            |        0|   0|    13|    51|    0|
    |grp_dft_Pipeline_2_fu_126                            |dft_Pipeline_2                            |        0|   0|    13|    51|    0|
    |grp_dft_Pipeline_3_fu_132                            |dft_Pipeline_3                            |        0|   0|    13|    51|    0|
    |grp_dft_Pipeline_4_fu_138                            |dft_Pipeline_4                            |        0|   0|    13|    51|    0|
    |grp_dft_Pipeline_VITIS_LOOP_43_1_fu_182              |dft_Pipeline_VITIS_LOOP_43_1              |        0|   0|    15|    96|    0|
    |grp_dft_Pipeline_read_loop_fu_144                    |dft_Pipeline_read_loop                    |        0|   0|    41|    84|    0|
    |grp_dft_Pipeline_write_loop_dot_product_loop_fu_170  |dft_Pipeline_write_loop_dot_product_loop  |        4|  20|  2164|  3174|    0|
    +-----------------------------------------------------+------------------------------------------+---------+----+------+------+-----+
    |Total                                                |                                          |        4|  20|  2308|  3598|    0|
    +-----------------------------------------------------+------------------------------------------+---------+----+------+------+-----+

    * DSP: 
    N/A

    * Memory: 
    +--------------------+--------------------------------+---------+---+----+-----+------+-----+------+-------------+
    |       Memory       |             Module             | BRAM_18K| FF| LUT| URAM| Words| Bits| Banks| W*Bits*Banks|
    +--------------------+--------------------------------+---------+---+----+-----+------+-----+------+-------------+
    |real_sample_data_U  |real_sample_data_RAM_AUTO_1R1W  |        2|  0|   0|    0|  1024|   32|     1|        32768|
    |imag_sample_data_U  |real_sample_data_RAM_AUTO_1R1W  |        2|  0|   0|    0|  1024|   32|     1|        32768|
    |real_sample_out_U   |real_sample_out_RAM_AUTO_1R1W   |        2|  0|   0|    0|  1024|   32|     1|        32768|
    |imag_sample_out_U   |real_sample_out_RAM_AUTO_1R1W   |        2|  0|   0|    0|  1024|   32|     1|        32768|
    +--------------------+--------------------------------+---------+---+----+-----+------+-----+------+-------------+
    |Total               |                                |        8|  0|   0|    0|  4096|  128|     4|       131072|
    +--------------------+--------------------------------+---------+---+----+-----+------+-----+------+-------------+

    * FIFO: 
    N/A

    * Expression: 
    +--------------------------------------------------+----------+----+---+----+------------+------------+
    |                   Variable Name                  | Operation| DSP| FF| LUT| Bitwidth P0| Bitwidth P1|
    +--------------------------------------------------+----------+----+---+----+------------+------------+
    |grp_dft_Pipeline_VITIS_LOOP_43_1_fu_182_C_TREADY  |       and|   0|  0|   2|           1|           1|
    |grp_dft_Pipeline_VITIS_LOOP_43_1_fu_182_D_TREADY  |       and|   0|  0|   2|           1|           1|
    |ap_block_state2_on_subcall_done                   |        or|   0|  0|   2|           1|           1|
    |ap_block_state9                                   |        or|   0|  0|   2|           1|           1|
    +--------------------------------------------------+----------+----+---+----+------------+------------+
    |Total                                             |          |   0|  0|   8|           4|           4|
    +--------------------------------------------------+----------+----+---+----+------------+------------+

    * Multiplexer: 
    +---------------------------+----+-----------+-----+-----------+
    |            Name           | LUT| Input Size| Bits| Total Bits|
    +---------------------------+----+-----------+-----+-----------+
    |A_TREADY_int_regslice      |   9|          2|    1|          2|
    |B_TREADY_int_regslice      |   9|          2|    1|          2|
    |C_TDATA_int_regslice       |   9|          2|   32|         64|
    |C_TKEEP_int_regslice       |   9|          2|    4|          8|
    |C_TLAST_int_regslice       |   9|          2|    1|          2|
    |C_TSTRB_int_regslice       |   9|          2|    4|          8|
    |D_TDATA_int_regslice       |   9|          2|   32|         64|
    |D_TKEEP_int_regslice       |   9|          2|    4|          8|
    |D_TLAST_int_regslice       |   9|          2|    1|          2|
    |D_TSTRB_int_regslice       |   9|          2|    4|          8|
    |ap_NS_fsm                  |  53|         10|    1|         10|
    |imag_sample_data_address0  |  20|          4|   10|         40|
    |imag_sample_data_ce0       |  20|          4|    1|          4|
    |imag_sample_data_d0        |  14|          3|   32|         96|
    |imag_sample_data_we0       |  14|          3|    1|          3|
    |imag_sample_out_address0   |  20|          4|   10|         40|
    |imag_sample_out_ce0        |  20|          4|    1|          4|
    |imag_sample_out_ce1        |   9|          2|    1|          2|
    |imag_sample_out_d0         |  14|          3|   32|         96|
    |imag_sample_out_we0        |  14|          3|    1|          3|
    |real_sample_data_address0  |  20|          4|   10|         40|
    |real_sample_data_ce0       |  20|          4|    1|          4|
    |real_sample_data_d0        |  14|          3|   32|         96|
    |real_sample_data_we0       |  14|          3|    1|          3|
    |real_sample_out_address0   |  20|          4|   10|         40|
    |real_sample_out_ce0        |  20|          4|    1|          4|
    |real_sample_out_ce1        |   9|          2|    1|          2|
    |real_sample_out_d0         |  14|          3|   32|         96|
    |real_sample_out_we0        |  14|          3|    1|          3|
    +---------------------------+----+-----------+-----+-----------+
    |Total                      | 433|         90|  263|        754|
    +---------------------------+----+-----------+-----+-----------+

    * Register: 
    +------------------------------------------------------------------+----+----+-----+-----------+
    |                               Name                               | FF | LUT| Bits| Const Bits|
    +------------------------------------------------------------------+----+----+-----+-----------+
    |C_TDATA_reg                                                       |  32|   0|   32|          0|
    |C_TKEEP_reg                                                       |   4|   0|    4|          0|
    |C_TLAST_reg                                                       |   1|   0|    1|          0|
    |C_TSTRB_reg                                                       |   4|   0|    4|          0|
    |D_TDATA_reg                                                       |  32|   0|   32|          0|
    |D_TKEEP_reg                                                       |   4|   0|    4|          0|
    |D_TLAST_reg                                                       |   1|   0|    1|          0|
    |D_TSTRB_reg                                                       |   4|   0|    4|          0|
    |ap_CS_fsm                                                         |   9|   0|    9|          0|
    |grp_dft_Pipeline_1_fu_120_ap_start_reg                            |   1|   0|    1|          0|
    |grp_dft_Pipeline_2_fu_126_ap_start_reg                            |   1|   0|    1|          0|
    |grp_dft_Pipeline_3_fu_132_ap_start_reg                            |   1|   0|    1|          0|
    |grp_dft_Pipeline_4_fu_138_ap_start_reg                            |   1|   0|    1|          0|
    |grp_dft_Pipeline_VITIS_LOOP_43_1_fu_182_ap_start_reg              |   1|   0|    1|          0|
    |grp_dft_Pipeline_read_loop_fu_144_ap_start_reg                    |   1|   0|    1|          0|
    |grp_dft_Pipeline_write_loop_dot_product_loop_fu_170_ap_start_reg  |   1|   0|    1|          0|
    +------------------------------------------------------------------+----+----+-----+-----------+
    |Total                                                             |  98|   0|   98|          0|
    +------------------------------------------------------------------+----+----+-----+-----------+



================================================================
== Interface
================================================================
* Summary: 
+-----------------------+-----+-----+------------+--------------+--------------+
|       RTL Ports       | Dir | Bits|  Protocol  | Source Object|    C Type    |
+-----------------------+-----+-----+------------+--------------+--------------+
|s_axi_control_AWVALID  |   in|    1|       s_axi|       control|   return void|
|s_axi_control_AWREADY  |  out|    1|       s_axi|       control|   return void|
|s_axi_control_AWADDR   |   in|    4|       s_axi|       control|   return void|
|s_axi_control_WVALID   |   in|    1|       s_axi|       control|   return void|
|s_axi_control_WREADY   |  out|    1|       s_axi|       control|   return void|
|s_axi_control_WDATA    |   in|   32|       s_axi|       control|   return void|
|s_axi_control_WSTRB    |   in|    4|       s_axi|       control|   return void|
|s_axi_control_ARVALID  |   in|    1|       s_axi|       control|   return void|
|s_axi_control_ARREADY  |  out|    1|       s_axi|       control|   return void|
|s_axi_control_ARADDR   |   in|    4|       s_axi|       control|   return void|
|s_axi_control_RVALID   |  out|    1|       s_axi|       control|   return void|
|s_axi_control_RREADY   |   in|    1|       s_axi|       control|   return void|
|s_axi_control_RDATA    |  out|   32|       s_axi|       control|   return void|
|s_axi_control_RRESP    |  out|    2|       s_axi|       control|   return void|
|s_axi_control_BVALID   |  out|    1|       s_axi|       control|   return void|
|s_axi_control_BREADY   |   in|    1|       s_axi|       control|   return void|
|s_axi_control_BRESP    |  out|    2|       s_axi|       control|   return void|
|ap_clk                 |   in|    1|  ap_ctrl_hs|           dft|  return value|
|ap_rst_n               |   in|    1|  ap_ctrl_hs|           dft|  return value|
|interrupt              |  out|    1|  ap_ctrl_hs|           dft|  return value|
|A_TDATA                |   in|   32|        axis|    A_V_data_V|       pointer|
|A_TVALID               |   in|    1|        axis|    A_V_last_V|       pointer|
|A_TREADY               |  out|    1|        axis|    A_V_last_V|       pointer|
|A_TLAST                |   in|    1|        axis|    A_V_last_V|       pointer|
|A_TKEEP                |   in|    4|        axis|    A_V_keep_V|       pointer|
|A_TSTRB                |   in|    4|        axis|    A_V_strb_V|       pointer|
|B_TDATA                |   in|   32|        axis|    B_V_data_V|       pointer|
|B_TVALID               |   in|    1|        axis|    B_V_last_V|       pointer|
|B_TREADY               |  out|    1|        axis|    B_V_last_V|       pointer|
|B_TLAST                |   in|    1|        axis|    B_V_last_V|       pointer|
|B_TKEEP                |   in|    4|        axis|    B_V_keep_V|       pointer|
|B_TSTRB                |   in|    4|        axis|    B_V_strb_V|       pointer|
|C_TDATA                |  out|   32|        axis|    C_V_data_V|       pointer|
|C_TVALID               |  out|    1|        axis|    C_V_last_V|       pointer|
|C_TREADY               |   in|    1|        axis|    C_V_last_V|       pointer|
|C_TLAST                |  out|    1|        axis|    C_V_last_V|       pointer|
|C_TKEEP                |  out|    4|        axis|    C_V_keep_V|       pointer|
|C_TSTRB                |  out|    4|        axis|    C_V_strb_V|       pointer|
|D_TDATA                |  out|   32|        axis|    D_V_data_V|       pointer|
|D_TVALID               |  out|    1|        axis|    D_V_last_V|       pointer|
|D_TREADY               |   in|    1|        axis|    D_V_last_V|       pointer|
|D_TLAST                |  out|    1|        axis|    D_V_last_V|       pointer|
|D_TKEEP                |  out|    4|        axis|    D_V_keep_V|       pointer|
|D_TSTRB                |  out|    4|        axis|    D_V_strb_V|       pointer|
+-----------------------+-----+-----+------------+--------------+--------------+

