Execute         source -notrace -encoding utf-8 /software/common/Xilinx_Vitis/Vitis/2024.2/tps/tcl/tcl8.6/clock.tcl 
Execute           source -encoding utf-8 /software/common/Xilinx_Vitis/Vitis/2024.2/tps/tcl/tcl8/8.5/msgcat-1.6.1.tm 
INFO-FLOW: Workspace /home/linux/ieng6/students/079/ablal/fa25-cse237c-projects/fir/Q6/fir.comp/hls opened at Sun Oct 12 14:51:05 PDT 2025
Execute         send_msg_by_id INFO @200-1505@%s%s default  vivado 
INFO: [HLS 200-1505] Using default flow_target 'vivado'
Execute         write_ini /home/linux/ieng6/students/079/ablal/fa25-cse237c-projects/fir/Q6/fir.comp/hls_config.cfg -apsfile /home/linux/ieng6/students/079/ablal/fa25-cse237c-projects/fir/Q6/fir.comp/hls/hls.aps -filepaths relative -quiet 
Execute         source /software/common/Xilinx_Vitis/Vitis/2024.2/tps/tcl/tcllib1.11.1/yaml/huddle.tcl 
Execute         source /software/common/Xilinx_Vitis/Vitis/2024.2/tps/tcl/tcllib1.11.1/yaml/json2huddle.tcl 
Execute           source /software/common/Xilinx_Vitis/Vitis/2024.2/tps/tcl/tcllib1.11.1/try/try.tcl 
Execute     add_files fir.cpp 
INFO: [HLS 200-1510] Running: add_files fir.cpp 
INFO: [HLS 200-10] Adding design file 'fir.cpp' to the project
Execute     add_files -tb fir_test.cpp 
INFO: [HLS 200-1510] Running: add_files -tb fir_test.cpp 
INFO: [HLS 200-10] Adding test bench file 'fir_test.cpp' to the project
Execute     set_top fir 
INFO: [HLS 200-1510] Running: set_top fir 
Execute     set_part xc7z020-clg400-1 
INFO: [HLS 200-1510] Running: set_part xc7z020-clg400-1 
Execute       create_platform xc7z020-clg400-1 -board  
DBG:HLSDevice: Trying to load device library: /software/common/Xilinx_Vitis/Vitis/2024.2/lib/lnx64.o/libxv_hlsvwrap.so
DBG:HLSDevice: first parts/arch.xml in RDI_DATADIR: /software/common/Xilinx_Vitis/Vivado/2024.2/data/parts/arch.xml
DBG:HLSDevice: init success
INFO: [HLS 200-1611] Setting target device to 'xc7z020-clg400-1'
Command       create_platform done; 3.3 sec.
Execute       source /software/common/Xilinx_Vitis/Vitis/2024.2/common/technology/xilinx/common/xilinx.gen 
Execute         source /software/common/Xilinx_Vitis/Vitis/2024.2/common/technology/xilinx/interface/plb46.gen 
Execute         source /software/common/Xilinx_Vitis/Vitis/2024.2/common/technology/xilinx/interface/axi4.gen 
Execute         source /software/common/Xilinx_Vitis/Vitis/2024.2/common/technology/xilinx/interface/nativeAXI4.gen 
Execute           source /software/common/Xilinx_Vitis/Vitis/2024.2/common/technology/xilinx/interface/saxilite.gen 
Execute         source /software/common/Xilinx_Vitis/Vitis/2024.2/common/technology/xilinx/scripts/xilinxcoregen.gen 
Execute         source /software/common/Xilinx_Vitis/Vitis/2024.2/common/technology/xilinx/interface/XilEDKCoreGen.gen 
Execute         source /software/common/Xilinx_Vitis/Vitis/2024.2/common/technology/xilinx/ip/xfir.gen 
Execute         source /software/common/Xilinx_Vitis/Vitis/2024.2/common/technology/xilinx/ip/dds_compiler.gen 
Execute         source /software/common/Xilinx_Vitis/Vitis/2024.2/common/technology/xilinx/ip/util.gen 
Execute         source /software/common/Xilinx_Vitis/Vitis/2024.2/common/technology/xilinx/ip/xfft.gen 
Execute         source /software/common/Xilinx_Vitis/Vitis/2024.2/common/technology/xilinx/DSP48/dsp48.gen 
Command       ap_source done; 0.12 sec.
Execute       ap_part_info -name xc7z020-clg400-1 -data info 
Execute       config_compile -quiet -complex-mul-dsp=0 
Command     set_part done; 3.47 sec.
Execute     create_clock -period 10 
INFO: [HLS 200-1510] Running: create_clock -period 10 
Execute       ap_set_clock -name default -period 10 -unit ns -default=false 
INFO: [SYN 201-201] Setting up clock 'default' with a period of 10ns.
Execute     csynth_design 
INFO: [HLS 200-1510] Running: csynth_design 
Execute       ::AP::init_summary_file csynth 
Execute         AP::app_get_file_relativeroot [AP::app_get_root] {}
Command       AP::init_summary_file done; 2.56 sec.
Execute       write_ini /home/linux/ieng6/students/079/ablal/fa25-cse237c-projects/fir/Q6/fir.comp/hls_config.cfg -apsfile /home/linux/ieng6/students/079/ablal/fa25-cse237c-projects/fir/Q6/fir.comp/hls/hls.aps -filepaths relative -quiet 
INFO-FLOW: Running SLX 'csynth' proc: ::SLX::run_csynth
Execute       elaborate -effort=medium -skip_syncheck=0 -keep_printf=0 -skip_cdt=0 -skip_transform=0 -ng=0 -g=0 -opt_fp=0 -from_csynth_design=1 
INFO: [HLS 200-111] Finished File checks and directory preparation: CPU user time: 0.12 seconds. CPU system time: 0.04 seconds. Elapsed time: 2.7 seconds; current allocated memory: 658.988 MB.
Execute         set_directive_top fir -name=fir 
INFO: [HLS 200-10] Analyzing design file 'fir.cpp' ... 
INFO-FLOW: Compiling one TU...
INFO-FLOW: Handling fir.cpp as C++
Execute         ap_part_info -name xc7z020-clg400-1 -data info 
INFO-FLOW: Running: GCC PP 39
INFO-FLOW: Source preprocessing
INFO-FLOW: run_clang exec: /software/common/Xilinx_Vitis/Vitis/2024.2/lnx64/tools/clang-3.9-csynth/bin/clang fir.cpp -foptimization-record-file=/home/linux/ieng6/students/079/ablal/fa25-cse237c-projects/fir/Q6/fir.comp/hls/.autopilot/db/fir.cpp.clang.diag.yml -mllvm -pass-remarks-missed=reflow|pasta|unroll|inline -mllvm -pass-remarks=reflow|pasta|unroll|inline -fno-limit-debug-info --gcc-toolchain=/software/common/Xilinx_Vitis/Vitis/2024.2/tps/lnx64/gcc-8.3.0 -fhls -fno-exceptions -insert-hls-directive=/home/linux/ieng6/students/079/ablal/fa25-cse237c-projects/fir/Q6/fir.comp/hls/.autopilot/db/all.directive.json -E -fno-math-errno -c -emit-llvm -mllvm -disable-llvm-optzns -Werror=implicit-function-declaration -Werror=implicit-hls-streams -Werror=return-type -Wpragmas -Wunused-parameter -Wdump-hls-pragmas -Wno-error=dump-hls-pragmas -hls-clock-period=10 -fno-threadsafe-statics -fno-use-cxa-atexit -std=gnu++14 -target fpga64-xilinx-linux-gnu -fno-threadsafe-statics -fno-use-cxa-atexit -D__VITIS_HLS__ -DAESL_SYN -D__SYNTHESIS__ -D__HLS_SYN__ -I /software/common/Xilinx_Vitis/Vitis/2024.2/common/technology/autopilot -I /software/common/Xilinx_Vitis/Vitis/2024.2/common/technology/autopilot/ap_sysc -include etc/autopilot_ssdm_op.h -D__DSP48E1__ -I /usr/include/x86_64-linux-gnu -o /home/linux/ieng6/students/079/ablal/fa25-cse237c-projects/fir/Q6/fir.comp/hls/.autopilot/db/fir.pp.0.cpp -hls-platform-db-name=/software/common/Xilinx_Vitis/Vitis/2024.2/common/technology/xilinx/common/platform.db -hls-platform-name=zynq_slow -device-resource-info=BRAM_280.000000_DSP_220.000000_FF_106400.000000_LUT_53200.000000_SLICE_13300.000000_URAM_0.000000 -device-name-info=xc7z020clg400-1 > /home/linux/ieng6/students/079/ablal/fa25-cse237c-projects/fir/Q6/fir.comp/hls/.autopilot/db/fir.cpp.clang.out.log 2> /home/linux/ieng6/students/079/ablal/fa25-cse237c-projects/fir/Q6/fir.comp/hls/.autopilot/db/fir.cpp.clang.err.log
INFO-FLOW: Done: GCC PP 39 time: 0.3 seconds per iteration
INFO-FLOW: Source syntax check for synthesis
INFO-FLOW: run_clang exec: /software/common/Xilinx_Vitis/Vitis/2024.2/lnx64/tools/clang-3.9-csynth/bin/clang -foptimization-record-file=/home/linux/ieng6/students/079/ablal/fa25-cse237c-projects/fir/Q6/fir.comp/hls/.autopilot/db/clang.diag.yml -mllvm -pass-remarks-missed=reflow|pasta|unroll|inline -mllvm -pass-remarks=reflow|pasta|unroll|inline -fsyntax-only -fhls -target fpga64-xilinx-linux-gnu /home/linux/ieng6/students/079/ablal/fa25-cse237c-projects/fir/Q6/fir.comp/hls/.autopilot/db/fir.pp.0.cpp -hls-platform-db-name=/software/common/Xilinx_Vitis/Vitis/2024.2/common/technology/xilinx/common/platform.db -hls-platform-name=zynq_slow -device-resource-info=BRAM_280.000000_DSP_220.000000_FF_106400.000000_LUT_53200.000000_SLICE_13300.000000_URAM_0.000000 -device-name-info=xc7z020clg400-1 > /home/linux/ieng6/students/079/ablal/fa25-cse237c-projects/fir/Q6/fir.comp/hls/.autopilot/db/clang.out.log 2> /home/linux/ieng6/students/079/ablal/fa25-cse237c-projects/fir/Q6/fir.comp/hls/.autopilot/db/clang.err.log
ERROR: [HLS 207-3776] use of undeclared identifier 'x_new' (fir.cpp:33:17)
ERROR: [HLS 207-3776] use of undeclared identifier 'coeff' (fir.cpp:38:10)
INFO-FLOW: Error in clang_39_open_source : 
INFO-FLOW: Caught error in elaborate:  
    while executing
"ap_compile_CCPP $srcf $skip_transform CFLAGS $skip_cdt $objdir $is_xip"
    (procedure "AP::ap_compile_one_tu_39" line 62)
    invoked from within
"AP::ap_compile_one_tu_39 $srcfile $skip_transform $dbgInfo $skip_cdt "$cflags""
    ("foreach" body line 10)
    invoked from within
"foreach fentry $dut_files {
        #puts "file: $fentry"
        set fatt [lindex $fentry 1]
        array set opt $fatt
        set srcfile $opt(nam..."
    (procedure "AP::compile_dut_files_39" line 18)
    invoked from within
"AP::compile_dut_files_39 $dut_files $dbgInfo $skip_cdt $skip_transform"
    (procedure "AP::compile" line 108)
    invoked from within
"AP::compile 1 $skip_cdt $skip_transform"
    (procedure "ap_internal_elaborate" line 83)
    invoked from within
"ap_internal_elaborate "
Command       elaborate done; error code: 2; 1.02 sec.
INFO-FLOW: Caught error in csynth_design:  
    while executing
"ap_internal_csynth_design "
Command     csynth_design done; error code: 2; 3.71 sec.
INFO: [HLS 200-2161] Finished Command csynth_design Elapsed time: 00:00:03; Allocated memory: 16.938 MB.
Command   ap_source done; error code: 1; 7.28 sec.
Execute   cleanup_all 
