

================================================================
== Synthesis Summary Report of 'fir'
================================================================
+ General Information: 
    * Date:           Sun Oct 12 14:45:26 2025
    * Version:        2024.2 (Build 5238294 on Nov  8 2024)
    * Project:        fir.comp
    * Solution:       hls (Vivado IP Flow Target)
    * Product family: zynq
    * Target device:  xc7z020-clg400-1
    

+ Performance & Resource Estimates: 
    
    PS: '+' for module; 'o' for loop; '*' for dataflow
    +----------------------------------+------+------+---------+-----------+----------+---------+------+----------+--------+---------+-----------+-----------+-----+
    |              Modules             | Issue|      | Latency |  Latency  | Iteration|         | Trip |          |        |         |           |           |     |
    |              & Loops             | Type | Slack| (cycles)|    (ns)   |  Latency | Interval| Count| Pipelined|  BRAM  |   DSP   |     FF    |    LUT    | URAM|
    +----------------------------------+------+------+---------+-----------+----------+---------+------+----------+--------+---------+-----------+-----------+-----+
    |+ fir                             |     -|  0.39|      135|  1.350e+03|         -|      136|     -|        no|  3 (1%)|  2 (~0%)|  610 (~0%)|  305 (~0%)|    -|
    | + fir_Pipeline_Shift_Accum_Loop  |     -|  0.39|      133|  1.330e+03|         -|      133|     -|        no|  3 (1%)|  2 (~0%)|  510 (~0%)|  246 (~0%)|    -|
    |  o Shift_Accum_Loop              |     -|  7.30|      131|  1.310e+03|         5|        1|   128|       yes|       -|        -|          -|          -|    -|
    +----------------------------------+------+------+---------+-----------+----------+---------+------+----------+--------+---------+-----------+-----------+-----+


================================================================
== HW Interfaces
================================================================
* Other Ports
+------+---------+-----------+----------+
| Port | Mode    | Direction | Bitwidth |
+------+---------+-----------+----------+
| x    | ap_none | in        | 32       |
| y    | ap_vld  | out       | 32       |
+------+---------+-----------+----------+

* TOP LEVEL CONTROL
+-----------+------------+-----------------------------------+
| Interface | Type       | Ports                             |
+-----------+------------+-----------------------------------+
| ap_clk    | clock      | ap_clk                            |
| ap_rst    | reset      | ap_rst                            |
| ap_ctrl   | ap_ctrl_hs | ap_done ap_idle ap_ready ap_start |
+-----------+------------+-----------------------------------+


================================================================
== SW I/O Information
================================================================
* Top Function Arguments
+----------+-----------+----------+
| Argument | Direction | Datatype |
+----------+-----------+----------+
| y        | out       | int*     |
| x        | in        | int      |
+----------+-----------+----------+

* SW-to-HW Mapping
+----------+--------------+---------+
| Argument | HW Interface | HW Type |
+----------+--------------+---------+
| y        | y            | port    |
| y        | y_ap_vld     | port    |
| x        | x            | port    |
+----------+--------------+---------+


================================================================
== Bind Op Report
================================================================
+----------------------------------+-----+--------+-----------+-------+--------+---------+
| Name                             | DSP | Pragma | Variable  | Op    | Impl   | Latency |
+----------------------------------+-----+--------+-----------+-------+--------+---------+
| + fir                            | 2   |        |           |       |        |         |
|   mul_fu_77_p2                   |     |        | mul       | add   | fabric | 0       |
|  + fir_Pipeline_Shift_Accum_Loop | 2   |        |           |       |        |         |
|    icmp_ln31_fu_134_p2           |     |        | icmp_ln31 | seteq | auto   | 0       |
|    add_ln35_fu_140_p2            |     |        | add_ln35  | add   | fabric | 0       |
|    mul_6s_32s_32_2_1_U1          | 2   |        | mul_ln36  | mul   | auto   | 1       |
|    acc_fu_170_p2                 |     |        | acc       | add   | fabric | 0       |
|    i_fu_156_p2                   |     |        | i         | add   | fabric | 0       |
+----------------------------------+-----+--------+-----------+-------+--------+---------+


================================================================
== Storage Report
================================================================
+----------------------------------+---------+------+------+------+--------+---------------+------+---------+------------------+
| Name                             | Usage   | Type | BRAM | URAM | Pragma | Variable      | Impl | Latency | Bitwidth, Depth, |
|                                  |         |      |      |      |        |               |      |         | Banks            |
+----------------------------------+---------+------+------+------+--------+---------------+------+---------+------------------+
| + fir                            |         |      | 3    | 0    |        |               |      |         |                  |
|  + fir_Pipeline_Shift_Accum_Loop |         |      | 3    | 0    |        |               |      |         |                  |
|    shift_reg_U                   | ram_t2p |      | 2    |      |        | shift_reg     | auto | 1       | 32, 128, 1       |
|    fir_int_int_c_U               | rom_1p  |      | 1    |      |        | fir_int_int_c | auto | 1       | 32, 128, 1       |
+----------------------------------+---------+------+------+------+--------+---------------+------+---------+------------------+


================================================================
== Pragma Report
================================================================
  No pragmas found

