#-----------------------------------------------------------
# Vivado v2024.2 (64-bit)
# SW Build 5239630 on Fri Nov 08 22:34:34 MST 2024
# IP Build 5239520 on Sun Nov 10 16:12:51 MST 2024
# SharedData Build 5239561 on Fri Nov 08 14:39:27 MST 2024
# Start of session at: Tue Dec  2 09:51:26 2025
# Process ID         : 450560
# Current directory  : /home/linux/ieng6/students/298/jjhan/fa25-cse237c-projects/guitar_pedal/guitarpedal/audio.comp/hls/impl/ip
# Command line       : vivado -notrace -mode batch -source run_ippack.tcl
# Log file           : /home/linux/ieng6/students/298/jjhan/fa25-cse237c-projects/guitar_pedal/guitarpedal/audio.comp/hls/impl/ip/vivado.log
# Journal file       : /home/linux/ieng6/students/298/jjhan/fa25-cse237c-projects/guitar_pedal/guitarpedal/audio.comp/hls/impl/ip/vivado.jou
# Running On         : ieng6-201.ucsd.edu
# Platform           : Linuxmint
# Operating System   : Linux Mint 22.1
# Processor Detail   : Intel(R) Xeon(R) Gold 5220 CPU @ 2.20GHz
# CPU Frequency      : 2194.843 MHz
# CPU Physical cores : 8
# CPU Logical cores  : 8
# Host memory        : 67426 MB
# Swap memory        : 1023 MB
# Total Virtual      : 68450 MB
# Available Virtual  : 51174 MB
#-----------------------------------------------------------
source run_ippack.tcl -notrace
INFO: calling package_hls_ip ip_types=vitis sysgen json_file=/home/linux/ieng6/students/298/jjhan/fa25-cse237c-projects/guitar_pedal/guitarpedal/audio.comp/hls/hls_data.json outdir=/home/linux/ieng6/students/298/jjhan/fa25-cse237c-projects/guitar_pedal/guitarpedal/audio.comp/hls/impl/ip srcdir=/home/linux/ieng6/students/298/jjhan/fa25-cse237c-projects/guitar_pedal/guitarpedal/audio.comp/hls sort_interfaces_ports=false
INFO: Copied 1 ipmisc file(s) to /home/linux/ieng6/students/298/jjhan/fa25-cse237c-projects/guitar_pedal/guitarpedal/audio.comp/hls/impl/ip/misc
INFO: Copied 6 verilog file(s) to /home/linux/ieng6/students/298/jjhan/fa25-cse237c-projects/guitar_pedal/guitarpedal/audio.comp/hls/impl/ip/hdl/verilog
INFO: Copied 5 vhdl file(s) to /home/linux/ieng6/students/298/jjhan/fa25-cse237c-projects/guitar_pedal/guitarpedal/audio.comp/hls/impl/ip/hdl/vhdl
INFO: Copied 10 swdriver file(s) to /home/linux/ieng6/students/298/jjhan/fa25-cse237c-projects/guitar_pedal/guitarpedal/audio.comp/hls/impl/ip/drivers
ipx::create_core: Time (s): cpu = 00:00:09 ; elapsed = 00:00:10 . Memory (MB): peak = 1536.887 ; gain = 27.871 ; free physical = 13273 ; free virtual = 48374
INFO: Import ports from HDL: /home/linux/ieng6/students/298/jjhan/fa25-cse237c-projects/guitar_pedal/guitarpedal/audio.comp/hls/impl/ip/hdl/vhdl/audio.vhd (audio)
INFO: Add axi4lite interface s_axi_control
INFO: Add clock interface ap_clk
INFO: Add reset interface ap_rst_n
INFO: Add interrupt interface interrupt
INFO: [IP_Flow 19-234] Refreshing IP repositories
INFO: [IP_Flow 19-1704] No user IP repositories specified
INFO: [IP_Flow 19-2313] Loaded Vivado IP repository '/software/common/Xilinx_Vitis/Vivado/2024.2/data/ip'.
INFO: Add data interface delay_samples
INFO: Add data interface feedback_gain
INFO: Add data interface wet_mix
INFO: Calling post_process_vitis to specialize IP
INFO: Calling post_process_sysgen to specialize IP
Generating sysgen info xml from json file
INFO: Created IP /home/linux/ieng6/students/298/jjhan/fa25-cse237c-projects/guitar_pedal/guitarpedal/audio.comp/hls/impl/ip/component.xml
INFO: Created IP archive /home/linux/ieng6/students/298/jjhan/fa25-cse237c-projects/guitar_pedal/guitarpedal/audio.comp/hls/impl/ip/xilinx_com_hls_audio_1_0.zip
INFO: [Common 17-206] Exiting Vivado at Tue Dec  2 09:51:49 2025...
