  **** HLS Build v2024.2 5238294
Sourcing Tcl script '/home/linux/ieng6/students/079/ablal/fa25-cse237c-projects/fir/Q6/fir.tcl'
INFO: [HLS 200-1510] Running: open_component fir.comp -reset 
INFO: [HLS 200-10] Creating and opening project '/home/linux/ieng6/students/079/ablal/fa25-cse237c-projects/fir/Q6/fir.comp'.
INFO: [HLS 200-10] Creating and opening solution '/home/linux/ieng6/students/079/ablal/fa25-cse237c-projects/fir/Q6/fir.comp/hls'.
INFO: [HLS 200-10] Cleaning up the solution database.
INFO: [HLS 200-1505] Using default flow_target 'vivado'
Resolution: For help on HLS 200-1505 see docs.xilinx.com/access/sources/dita/topic?Doc_Version=2024.2%20English&url=ug1448-hls-guidance&resourceid=200-1505.html
INFO: [HLS 200-1510] Running: add_files fir.cpp 
INFO: [HLS 200-10] Adding design file 'fir.cpp' to the project
INFO: [HLS 200-1510] Running: add_files -tb fir_test.cpp 
INFO: [HLS 200-10] Adding test bench file 'fir_test.cpp' to the project
INFO: [HLS 200-1510] Running: set_top fir 
Running: set_top fir
INFO: [HLS 200-1510] Running: set_part xc7z020-clg400-1 
INFO: [HLS 200-1611] Setting target device to 'xc7z020-clg400-1'
Running: set_part xc7z020-clg400-1
INFO: [HLS 200-1510] Running: create_clock -period 10 
INFO: [SYN 201-201] Setting up clock 'default' with a period of 10ns.
INFO: [HLS 200-1510] Running: csynth_design 
INFO: [HLS 200-111] Finished File checks and directory preparation: CPU user time: 0.12 seconds. CPU system time: 0.04 seconds. Elapsed time: 2.7 seconds; current allocated memory: 658.988 MB.
INFO: [HLS 200-10] Analyzing design file 'fir.cpp' ... 
ERROR: [HLS 207-3776] use of undeclared identifier 'x_new' (fir.cpp:33:17)
ERROR: [HLS 207-3776] use of undeclared identifier 'coeff' (fir.cpp:38:10)
INFO: [HLS 200-2161] Finished Command csynth_design Elapsed time: 00:00:03; Allocated memory: 16.938 MB.
 
    while executing
"source /home/linux/ieng6/students/079/ablal/fa25-cse237c-projects/fir/Q6/fir.tcl"
    ("uplevel" body line 1)
    invoked from within
"uplevel \#0 [list source $tclfile] "

INFO: [HLS 200-112] Total CPU user time: 6.85 seconds. Total CPU system time: 1.19 seconds. Total elapsed time: 10.76 seconds; peak allocated memory: 659.926 MB.
INFO: [vitis-run 60-1662] Stopping dispatch session having empty uuid.
