

================================================================
== Synthesis Summary Report of 'fir'
================================================================
+ General Information: 
    * Date:           Fri Oct 10 16:19:18 2025
    * Version:        2024.2 (Build 5238294 on Nov  8 2024)
    * Project:        fir.comp
    * Solution:       hls (Vivado IP Flow Target)
    * Product family: zynq
    * Target device:  xc7z020-clg400-1
    

+ Performance & Resource Estimates: 
    
    PS: '+' for module; 'o' for loop; '*' for dataflow
    +----------------------------------+------+------+---------+---------+----------+---------+------+----------+------+---------+-----------+-----------+-----+
    |              Modules             | Issue|      | Latency | Latency | Iteration|         | Trip |          |      |         |           |           |     |
    |              & Loops             | Type | Slack| (cycles)|   (ns)  |  Latency | Interval| Count| Pipelined| BRAM |   DSP   |     FF    |    LUT    | URAM|
    +----------------------------------+------+------+---------+---------+----------+---------+------+----------+------+---------+-----------+-----------+-----+
    |+ fir                             |     -|  0.39|       19|  190.000|         -|       20|     -|        no|     -|  2 (~0%)|  733 (~0%)|  383 (~0%)|    -|
    | + fir_Pipeline_Shift_Accum_Loop  |     -|  0.39|       16|  160.000|         -|       16|     -|        no|     -|  2 (~0%)|  600 (~0%)|  255 (~0%)|    -|
    |  o Shift_Accum_Loop              |     -|  7.30|       14|  140.000|         5|        1|    11|       yes|     -|        -|          -|          -|    -|
    +----------------------------------+------+------+---------+---------+----------+---------+------+----------+------+---------+-----------+-----------+-----+


================================================================
== HW Interfaces
================================================================
* Other Ports
+------+---------+-----------+----------+
| Port | Mode    | Direction | Bitwidth |
+------+---------+-----------+----------+
| x    | ap_none | in        | 32       |
| y    | ap_vld  | out       | 32       |
+------+---------+-----------+----------+

* TOP LEVEL CONTROL
+-----------+------------+-----------------------------------+
| Interface | Type       | Ports                             |
+-----------+------------+-----------------------------------+
| ap_clk    | clock      | ap_clk                            |
| ap_rst    | reset      | ap_rst                            |
| ap_ctrl   | ap_ctrl_hs | ap_done ap_idle ap_ready ap_start |
+-----------+------------+-----------------------------------+


================================================================
== SW I/O Information
================================================================
* Top Function Arguments
+----------+-----------+----------+
| Argument | Direction | Datatype |
+----------+-----------+----------+
| y        | out       | int*     |
| x        | in        | int      |
+----------+-----------+----------+

* SW-to-HW Mapping
+----------+--------------+---------+
| Argument | HW Interface | HW Type |
+----------+--------------+---------+
| y        | y            | port    |
| y        | y_ap_vld     | port    |
| x        | x            | port    |
+----------+--------------+---------+


================================================================
== Bind Op Report
================================================================
+----------------------------------+-----+--------+-----------+-------+--------+---------+
| Name                             | DSP | Pragma | Variable  | Op    | Impl   | Latency |
+----------------------------------+-----+--------+-----------+-------+--------+---------+
| + fir                            | 2   |        |           |       |        |         |
|   p_sub_fu_78_p2                 |     |        | p_sub     | sub   | fabric | 0       |
|  + fir_Pipeline_Shift_Accum_Loop | 2   |        |           |       |        |         |
|    icmp_ln30_fu_136_p2           |     |        | icmp_ln30 | seteq | auto   | 0       |
|    add_ln34_fu_142_p2            |     |        | add_ln34  | add   | fabric | 0       |
|    mul_11s_32s_32_2_1_U1         | 2   |        | mul_ln35  | mul   | auto   | 1       |
|    acc_fu_172_p2                 |     |        | acc       | add   | fabric | 0       |
|    i_fu_158_p2                   |     |        | i         | add   | fabric | 0       |
+----------------------------------+-----+--------+-----------+-------+--------+---------+


================================================================
== Storage Report
================================================================
+----------------------------------+---------+------+------+------+--------+---------------+------+---------+------------------+
| Name                             | Usage   | Type | BRAM | URAM | Pragma | Variable      | Impl | Latency | Bitwidth, Depth, |
|                                  |         |      |      |      |        |               |      |         | Banks            |
+----------------------------------+---------+------+------+------+--------+---------------+------+---------+------------------+
| + fir                            |         |      | 0    | 0    |        |               |      |         |                  |
|  + fir_Pipeline_Shift_Accum_Loop |         |      | 0    | 0    |        |               |      |         |                  |
|    shift_reg_U                   | ram_t2p |      |      |      |        | shift_reg     | auto | 1       | 32, 11, 1        |
|    fir_int_int_c_U               | rom_1p  |      |      |      |        | fir_int_int_c | auto | 1       | 32, 11, 1        |
+----------------------------------+---------+------+------+------+--------+---------------+------+---------+------------------+


================================================================
== Pragma Report
================================================================
  No pragmas found

