

================================================================
== Vitis HLS Report for 'audio'
================================================================
* Date:           Sun Nov 30 17:32:35 2025

* Version:        2024.2 (Build 5238294 on Nov  8 2024)
* Project:        audio.comp
* Solution:       hls (Vivado IP Flow Target)
* Product family: zynq
* Target device:  xc7z020-clg400-1


================================================================
== Performance Estimates
================================================================
+ Timing: 
    * Summary: 
    +--------+----------+----------+------------+
    |  Clock |  Target  | Estimated| Uncertainty|
    +--------+----------+----------+------------+
    |ap_clk  |  10.00 ns|  7.198 ns|     2.70 ns|
    +--------+----------+----------+------------+

+ Latency: 
    * Summary: 
    +---------+---------+-----------+-----------+-----+-----+---------+
    |  Latency (cycles) |   Latency (absolute)  |  Interval | Pipeline|
    |   min   |   max   |    min    |    max    | min | max |   Type  |
    +---------+---------+-----------+-----------+-----+-----+---------+
    |        6|        6|  60.000 ns|  60.000 ns|    7|    7|       no|
    +---------+---------+-----------+-----------+-----+-----+---------+

    + Detail: 
        * Instance: 
        N/A

        * Loop: 
        N/A

============================================================
+ Verbose Summary: Synthesis Manager
============================================================
InlineROM: 1
ExposeGlobal: 0
============================================================
+ Verbose Summary: CDFG Model
============================================================
IsTopModel: 1
ResetActiveHigh: 1
IsCombinational: 0
IsDatapathOnly: 0
HasWiredReturn: 1
HasMFsm: 0
HasVarLatency: 1
IsPipeline: 0
IsRtlPipelined: 0
IsInstanceOverlapped: 0
IsDontTouch: 0
HasImplIP: 0
IsGatedGlobalClock: 0


============================================================
+ Verbose Summary: Schedule
============================================================
* Number of FSM states : 7
* Pipeline : 0
* Dataflow Pipeline: 0

* FSM state transitions: 
1 --> 2 
2 --> 3 
3 --> 4 
4 --> 5 
5 --> 6 
6 --> 7 
7 --> 

* FSM state operations: 

State 1 <SV = 0> <Delay = 4.95>
ST_1 : Operation 8 [1/1] (0.00ns)   --->   "%delay_samples_read = read i32 @_ssdm_op_Read.ap_auto.i32, i32 %delay_samples" [audio.cpp:87]   --->   Operation 8 'read' 'delay_samples_read' <Predicate = true> <Delay = 0.00>
ST_1 : Operation 9 [1/1] (0.00ns)   --->   "%trunc_ln87 = trunc i32 %delay_samples_read" [audio.cpp:87]   --->   Operation 9 'trunc' 'trunc_ln87' <Predicate = true> <Delay = 0.00>
ST_1 : Operation 10 [1/1] (0.00ns)   --->   "%write_index_load = load i16 %write_index" [audio.cpp:39->audio.cpp:101]   --->   Operation 10 'load' 'write_index_load' <Predicate = true> <Delay = 0.00>
ST_1 : Operation 11 [1/1] (0.00ns)   --->   "%zext_ln39 = zext i16 %write_index_load" [audio.cpp:39->audio.cpp:101]   --->   Operation 11 'zext' 'zext_ln39' <Predicate = true> <Delay = 0.00>
ST_1 : Operation 12 [1/1] (2.55ns)   --->   "%icmp_ln39 = icmp_ult  i32 %zext_ln39, i32 %delay_samples_read" [audio.cpp:39->audio.cpp:101]   --->   Operation 12 'icmp' 'icmp_ln39' <Predicate = true> <Delay = 2.55> <CoreInst = "Cmp">   --->   Core 9 'Cmp' <Latency = 0> <II = 1> <Delay = 2.55> <FuncUnit> <Opcode : 'seteq' 'setne' 'setle' 'setge' 'setlt' 'setgt'> <InPorts = 2> <OutPorts = 1>
ST_1 : Operation 13 [1/1] (0.00ns) (grouped into LUT with out node read_index_2)   --->   "%xor_ln39 = xor i1 %icmp_ln39, i1 1" [audio.cpp:39->audio.cpp:101]   --->   Operation 13 'xor' 'xor_ln39' <Predicate = true> <Delay = 0.00> <CoreInst = "LogicGate">   --->   Core 74 'LogicGate' <Latency = 0> <II = 1> <Delay = 0.97> <FuncUnit> <Opcode : 'and' 'or' 'xor'> <InPorts = 2> <OutPorts = 1>
ST_1 : Operation 14 [1/1] (2.07ns)   --->   "%read_index = sub i16 %write_index_load, i16 %trunc_ln87" [audio.cpp:40->audio.cpp:101]   --->   Operation 14 'sub' 'read_index' <Predicate = true> <Delay = 2.07> <CoreInst = "Adder">   --->   Core 1 'Adder' <Latency = 0> <II = 1> <Delay = 2.07> <FuncUnit> <Opcode : 'add' 'sub'> <InPorts = 2> <OutPorts = 1>
ST_1 : Operation 15 [1/1] (0.00ns) (grouped into TernaryAdder)   --->   "%sub_ln42 = sub i16 48000, i16 %trunc_ln87" [audio.cpp:42->audio.cpp:101]   --->   Operation 15 'sub' 'sub_ln42' <Predicate = true> <Delay = 0.00> <CoreInst = "TAddSub">   --->   Core 10 'TAddSub' <Latency = 0> <II = 1> <Delay = 1.95> <IPBlock> <Opcode : '' 'add' 'sub'> <InPorts = 3> <OutPorts = 1> <Sync> <CReg>
ST_1 : Operation 16 [1/1] (3.90ns) (root node of TernaryAdder)   --->   "%read_index_1 = add i16 %write_index_load, i16 %sub_ln42" [audio.cpp:42->audio.cpp:101]   --->   Operation 16 'add' 'read_index_1' <Predicate = true> <Delay = 3.90> <CoreInst = "TAddSub">   --->   Core 10 'TAddSub' <Latency = 0> <II = 1> <Delay = 1.95> <IPBlock> <Opcode : '' 'add' 'sub'> <InPorts = 3> <OutPorts = 1> <Sync> <CReg>
ST_1 : Operation 17 [1/1] (0.97ns) (out node of the LUT)   --->   "%read_index_2 = select i1 %xor_ln39, i16 %read_index, i16 %read_index_1" [audio.cpp:39->audio.cpp:101]   --->   Operation 17 'select' 'read_index_2' <Predicate = true> <Delay = 0.97> <CoreInst = "Sel">   --->   Core 73 'Sel' <Latency = 0> <II = 1> <Delay = 0.80> <FuncUnit> <Opcode : 'select'> <InPorts = 3> <OutPorts = 1>
ST_1 : Operation 18 [1/1] (2.07ns)   --->   "%add_ln79 = add i16 %write_index_load, i16 1" [audio.cpp:79->audio.cpp:101]   --->   Operation 18 'add' 'add_ln79' <Predicate = true> <Delay = 2.07> <CoreInst = "Adder">   --->   Core 1 'Adder' <Latency = 0> <II = 1> <Delay = 2.07> <FuncUnit> <Opcode : 'add' 'sub'> <InPorts = 2> <OutPorts = 1>
ST_1 : Operation 19 [1/1] (2.07ns)   --->   "%icmp_ln80 = icmp_ugt  i16 %add_ln79, i16 47999" [audio.cpp:80->audio.cpp:101]   --->   Operation 19 'icmp' 'icmp_ln80' <Predicate = true> <Delay = 2.07> <CoreInst = "Cmp">   --->   Core 9 'Cmp' <Latency = 0> <II = 1> <Delay = 2.07> <FuncUnit> <Opcode : 'seteq' 'setne' 'setle' 'setge' 'setlt' 'setgt'> <InPorts = 2> <OutPorts = 1>
ST_1 : Operation 20 [1/1] (0.80ns)   --->   "%select_ln80 = select i1 %icmp_ln80, i16 0, i16 %add_ln79" [audio.cpp:80->audio.cpp:101]   --->   Operation 20 'select' 'select_ln80' <Predicate = true> <Delay = 0.80> <CoreInst = "Sel">   --->   Core 73 'Sel' <Latency = 0> <II = 1> <Delay = 0.80> <FuncUnit> <Opcode : 'select'> <InPorts = 3> <OutPorts = 1>
ST_1 : Operation 21 [1/1] (0.00ns)   --->   "%store_ln80 = store i16 %select_ln80, i16 %write_index" [audio.cpp:80->audio.cpp:101]   --->   Operation 21 'store' 'store_ln80' <Predicate = true> <Delay = 0.00>

State 2 <SV = 1> <Delay = 3.25>
ST_2 : Operation 22 [1/1] (0.00ns)   --->   "%zext_ln46 = zext i16 %read_index_2" [audio.cpp:46->audio.cpp:101]   --->   Operation 22 'zext' 'zext_ln46' <Predicate = true> <Delay = 0.00>
ST_2 : Operation 23 [1/1] (0.00ns)   --->   "%delay_buffer_L_addr = getelementptr i24 %delay_buffer_L, i64 0, i64 %zext_ln46" [audio.cpp:46->audio.cpp:101]   --->   Operation 23 'getelementptr' 'delay_buffer_L_addr' <Predicate = true> <Delay = 0.00>
ST_2 : Operation 24 [2/2] (3.25ns)   --->   "%delayed_L = load i16 %delay_buffer_L_addr" [audio.cpp:46->audio.cpp:101]   --->   Operation 24 'load' 'delayed_L' <Predicate = true> <Delay = 3.25> <CoreInst = "RAM">   --->   Core 81 'RAM' <Latency = 1> <II = 1> <Delay = 3.25> <Storage> <Opcode : 'load' 'store'> <Ports = 2> <Width = 24> <Depth = 48000> <RAM>
ST_2 : Operation 25 [1/1] (0.00ns)   --->   "%delay_buffer_R_addr = getelementptr i24 %delay_buffer_R, i64 0, i64 %zext_ln46" [audio.cpp:47->audio.cpp:101]   --->   Operation 25 'getelementptr' 'delay_buffer_R_addr' <Predicate = true> <Delay = 0.00>
ST_2 : Operation 26 [2/2] (3.25ns)   --->   "%delayed_R = load i16 %delay_buffer_R_addr" [audio.cpp:47->audio.cpp:101]   --->   Operation 26 'load' 'delayed_R' <Predicate = true> <Delay = 3.25> <CoreInst = "RAM">   --->   Core 81 'RAM' <Latency = 1> <II = 1> <Delay = 3.25> <Storage> <Opcode : 'load' 'store'> <Ports = 2> <Width = 24> <Depth = 48000> <RAM>

State 3 <SV = 2> <Delay = 3.25>
ST_3 : Operation 27 [1/2] ( I:3.25ns O:3.25ns )   --->   "%delayed_L = load i16 %delay_buffer_L_addr" [audio.cpp:46->audio.cpp:101]   --->   Operation 27 'load' 'delayed_L' <Predicate = true> <Delay = 3.25> <CoreInst = "RAM">   --->   Core 81 'RAM' <Latency = 1> <II = 1> <Delay = 3.25> <Storage> <Opcode : 'load' 'store'> <Ports = 2> <Width = 24> <Depth = 48000> <RAM>
ST_3 : Operation 28 [1/2] ( I:3.25ns O:3.25ns )   --->   "%delayed_R = load i16 %delay_buffer_R_addr" [audio.cpp:47->audio.cpp:101]   --->   Operation 28 'load' 'delayed_R' <Predicate = true> <Delay = 3.25> <CoreInst = "RAM">   --->   Core 81 'RAM' <Latency = 1> <II = 1> <Delay = 3.25> <Storage> <Opcode : 'load' 'store'> <Ports = 2> <Width = 24> <Depth = 48000> <RAM>

State 4 <SV = 3> <Delay = 6.91>
ST_4 : Operation 29 [1/1] (0.00ns)   --->   "%feedback_gain_read = read i32 @_ssdm_op_Read.ap_auto.i32, i32 %feedback_gain" [audio.cpp:87]   --->   Operation 29 'read' 'feedback_gain_read' <Predicate = true> <Delay = 0.00>
ST_4 : Operation 30 [1/1] (0.00ns)   --->   "%sext_ln46 = sext i24 %delayed_L" [audio.cpp:46->audio.cpp:101]   --->   Operation 30 'sext' 'sext_ln46' <Predicate = true> <Delay = 0.00>
ST_4 : Operation 31 [1/1] (0.00ns)   --->   "%sext_ln47 = sext i24 %delayed_R" [audio.cpp:47->audio.cpp:101]   --->   Operation 31 'sext' 'sext_ln47' <Predicate = true> <Delay = 0.00>
ST_4 : Operation 32 [2/2] (6.91ns)   --->   "%mul_ln51 = mul i32 %sext_ln47, i32 %feedback_gain_read" [audio.cpp:51->audio.cpp:101]   --->   Operation 32 'mul' 'mul_ln51' <Predicate = true> <Delay = 6.91> <CoreInst = "Multiplier">   --->   Core 3 'Multiplier' <Latency = 1> <II = 1> <Delay = 6.91> <FuncUnit> <Opcode : 'mul'> <InPorts = 2> <OutPorts = 1>
ST_4 : Operation 33 [2/2] (6.91ns)   --->   "%mul_ln55 = mul i32 %sext_ln46, i32 %feedback_gain_read" [audio.cpp:55->audio.cpp:101]   --->   Operation 33 'mul' 'mul_ln55' <Predicate = true> <Delay = 6.91> <CoreInst = "Multiplier">   --->   Core 3 'Multiplier' <Latency = 1> <II = 1> <Delay = 6.91> <FuncUnit> <Opcode : 'mul'> <InPorts = 2> <OutPorts = 1>

State 5 <SV = 4> <Delay = 6.91>
ST_5 : Operation 34 [1/2] (6.91ns)   --->   "%mul_ln51 = mul i32 %sext_ln47, i32 %feedback_gain_read" [audio.cpp:51->audio.cpp:101]   --->   Operation 34 'mul' 'mul_ln51' <Predicate = true> <Delay = 6.91> <CoreInst = "Multiplier">   --->   Core 3 'Multiplier' <Latency = 1> <II = 1> <Delay = 6.91> <FuncUnit> <Opcode : 'mul'> <InPorts = 2> <OutPorts = 1>
ST_5 : Operation 35 [1/1] (0.00ns)   --->   "%feedback_from_R = partselect i24 @_ssdm_op_PartSelect.i24.i32.i32.i32, i32 %mul_ln51, i32 8, i32 31" [audio.cpp:51->audio.cpp:101]   --->   Operation 35 'partselect' 'feedback_from_R' <Predicate = true> <Delay = 0.00>
ST_5 : Operation 36 [1/2] (6.91ns)   --->   "%mul_ln55 = mul i32 %sext_ln46, i32 %feedback_gain_read" [audio.cpp:55->audio.cpp:101]   --->   Operation 36 'mul' 'mul_ln55' <Predicate = true> <Delay = 6.91> <CoreInst = "Multiplier">   --->   Core 3 'Multiplier' <Latency = 1> <II = 1> <Delay = 6.91> <FuncUnit> <Opcode : 'mul'> <InPorts = 2> <OutPorts = 1>
ST_5 : Operation 37 [1/1] (0.00ns)   --->   "%feedback_from_L = partselect i24 @_ssdm_op_PartSelect.i24.i32.i32.i32, i32 %mul_ln55, i32 8, i32 31" [audio.cpp:55->audio.cpp:101]   --->   Operation 37 'partselect' 'feedback_from_L' <Predicate = true> <Delay = 0.00>

State 6 <SV = 5> <Delay = 5.28>
ST_6 : Operation 38 [1/1] (1.00ns)   --->   "%in_R_read = read i32 @_ssdm_op_Read.s_axilite.i32, i32 %in_R" [audio.cpp:87]   --->   Operation 38 'read' 'in_R_read' <Predicate = true> <Delay = 1.00> <CoreInst = "s_axilite">   --->   Core 112 's_axilite' <Latency = 0> <II = 1> <Delay = 1.00> <Adapter> <Opcode : 'read' 'write'>
ST_6 : Operation 39 [1/1] (1.00ns)   --->   "%in_L_read = read i32 @_ssdm_op_Read.s_axilite.i32, i32 %in_L" [audio.cpp:87]   --->   Operation 39 'read' 'in_L_read' <Predicate = true> <Delay = 1.00> <CoreInst = "s_axilite">   --->   Core 112 's_axilite' <Latency = 0> <II = 1> <Delay = 1.00> <Adapter> <Opcode : 'read' 'write'>
ST_6 : Operation 40 [1/1] (0.00ns)   --->   "%zext_ln51_1 = zext i24 %feedback_from_R" [audio.cpp:51->audio.cpp:101]   --->   Operation 40 'zext' 'zext_ln51_1' <Predicate = true> <Delay = 0.00>
ST_6 : Operation 41 [1/1] (0.00ns)   --->   "%zext_ln51 = zext i24 %feedback_from_R" [audio.cpp:51->audio.cpp:101]   --->   Operation 41 'zext' 'zext_ln51' <Predicate = true> <Delay = 0.00>
ST_6 : Operation 42 [1/1] (0.00ns)   --->   "%sext_ln52 = sext i32 %in_L_read" [audio.cpp:52->audio.cpp:101]   --->   Operation 42 'sext' 'sext_ln52' <Predicate = true> <Delay = 0.00>
ST_6 : Operation 43 [1/1] (2.55ns)   --->   "%add_ln52 = add i32 %zext_ln51_1, i32 %in_L_read" [audio.cpp:52->audio.cpp:101]   --->   Operation 43 'add' 'add_ln52' <Predicate = true> <Delay = 2.55> <CoreInst = "Adder">   --->   Core 1 'Adder' <Latency = 0> <II = 1> <Delay = 2.55> <FuncUnit> <Opcode : 'add' 'sub'> <InPorts = 2> <OutPorts = 1>
ST_6 : Operation 44 [1/1] (2.55ns)   --->   "%new_L = add i33 %zext_ln51, i33 %sext_ln52" [audio.cpp:52->audio.cpp:101]   --->   Operation 44 'add' 'new_L' <Predicate = true> <Delay = 2.55> <CoreInst = "Adder">   --->   Core 1 'Adder' <Latency = 0> <II = 1> <Delay = 2.55> <FuncUnit> <Opcode : 'add' 'sub'> <InPorts = 2> <OutPorts = 1>
ST_6 : Operation 45 [1/1] (0.00ns)   --->   "%zext_ln55_1 = zext i24 %feedback_from_L" [audio.cpp:55->audio.cpp:101]   --->   Operation 45 'zext' 'zext_ln55_1' <Predicate = true> <Delay = 0.00>
ST_6 : Operation 46 [1/1] (0.00ns)   --->   "%zext_ln55 = zext i24 %feedback_from_L" [audio.cpp:55->audio.cpp:101]   --->   Operation 46 'zext' 'zext_ln55' <Predicate = true> <Delay = 0.00>
ST_6 : Operation 47 [1/1] (0.00ns)   --->   "%sext_ln56 = sext i32 %in_R_read" [audio.cpp:56->audio.cpp:101]   --->   Operation 47 'sext' 'sext_ln56' <Predicate = true> <Delay = 0.00>
ST_6 : Operation 48 [1/1] (2.55ns)   --->   "%add_ln56 = add i32 %zext_ln55_1, i32 %in_R_read" [audio.cpp:56->audio.cpp:101]   --->   Operation 48 'add' 'add_ln56' <Predicate = true> <Delay = 2.55> <CoreInst = "Adder">   --->   Core 1 'Adder' <Latency = 0> <II = 1> <Delay = 2.55> <FuncUnit> <Opcode : 'add' 'sub'> <InPorts = 2> <OutPorts = 1>
ST_6 : Operation 49 [1/1] (2.55ns)   --->   "%new_R = add i33 %zext_ln55, i33 %sext_ln56" [audio.cpp:56->audio.cpp:101]   --->   Operation 49 'add' 'new_R' <Predicate = true> <Delay = 2.55> <CoreInst = "Adder">   --->   Core 1 'Adder' <Latency = 0> <II = 1> <Delay = 2.55> <FuncUnit> <Opcode : 'add' 'sub'> <InPorts = 2> <OutPorts = 1>
ST_6 : Operation 50 [1/1] (0.00ns)   --->   "%tmp = partselect i10 @_ssdm_op_PartSelect.i10.i33.i32.i32, i33 %new_L, i32 23, i32 32" [audio.cpp:59->audio.cpp:101]   --->   Operation 50 'partselect' 'tmp' <Predicate = true> <Delay = 0.00>
ST_6 : Operation 51 [1/1] (1.73ns)   --->   "%icmp_ln59 = icmp_sgt  i10 %tmp, i10 0" [audio.cpp:59->audio.cpp:101]   --->   Operation 51 'icmp' 'icmp_ln59' <Predicate = true> <Delay = 1.73> <CoreInst = "Cmp">   --->   Core 9 'Cmp' <Latency = 0> <II = 1> <Delay = 1.73> <FuncUnit> <Opcode : 'seteq' 'setne' 'setle' 'setge' 'setlt' 'setgt'> <InPorts = 2> <OutPorts = 1>
ST_6 : Operation 52 [1/1] (0.00ns)   --->   "%tmp_1 = partselect i10 @_ssdm_op_PartSelect.i10.i33.i32.i32, i33 %new_R, i32 23, i32 32" [audio.cpp:61->audio.cpp:101]   --->   Operation 52 'partselect' 'tmp_1' <Predicate = true> <Delay = 0.00>
ST_6 : Operation 53 [1/1] (1.73ns)   --->   "%icmp_ln61 = icmp_sgt  i10 %tmp_1, i10 0" [audio.cpp:61->audio.cpp:101]   --->   Operation 53 'icmp' 'icmp_ln61' <Predicate = true> <Delay = 1.73> <CoreInst = "Cmp">   --->   Core 9 'Cmp' <Latency = 0> <II = 1> <Delay = 1.73> <FuncUnit> <Opcode : 'seteq' 'setne' 'setle' 'setge' 'setlt' 'setgt'> <InPorts = 2> <OutPorts = 1>
ST_6 : Operation 54 [1/1] (1.00ns)   --->   "%write_ln75 = write void @_ssdm_op_Write.s_axilite.i32P0A, i32 %out_L, i32 %in_L_read" [audio.cpp:75->audio.cpp:101]   --->   Operation 54 'write' 'write_ln75' <Predicate = true> <Delay = 1.00> <CoreInst = "s_axilite">   --->   Core 112 's_axilite' <Latency = 0> <II = 1> <Delay = 1.00> <Adapter> <Opcode : 'read' 'write'>
ST_6 : Operation 55 [1/1] (1.00ns)   --->   "%write_ln76 = write void @_ssdm_op_Write.s_axilite.i32P0A, i32 %out_R, i32 %in_R_read" [audio.cpp:76->audio.cpp:101]   --->   Operation 55 'write' 'write_ln76' <Predicate = true> <Delay = 1.00> <CoreInst = "s_axilite">   --->   Core 112 's_axilite' <Latency = 0> <II = 1> <Delay = 1.00> <Adapter> <Opcode : 'read' 'write'>

State 7 <SV = 6> <Delay = 7.19>
ST_7 : Operation 56 [1/1] (0.00ns)   --->   "%spectopmodule_ln87 = spectopmodule void @_ssdm_op_SpecTopModule, void @empty_8" [audio.cpp:87]   --->   Operation 56 'spectopmodule' 'spectopmodule_ln87' <Predicate = true> <Delay = 0.00>
ST_7 : Operation 57 [1/1] (0.00ns)   --->   "%specbitsmap_ln0 = specbitsmap void @_ssdm_op_SpecBitsMap, i32 %out_L"   --->   Operation 57 'specbitsmap' 'specbitsmap_ln0' <Predicate = true> <Delay = 0.00>
ST_7 : Operation 58 [1/1] (0.00ns)   --->   "%specinterface_ln0 = specinterface void @_ssdm_op_SpecInterface, i32 %out_L, void @empty, i32 4294967295, i32 4294967295, void @empty_0, i32 0, i32 0, void @empty_1, void @empty_2, void @empty_3, i32 0, i32 0, i32 0, i32 0, void @empty_3, void @empty_3, i32 4294967295, i32 0, i32 0"   --->   Operation 58 'specinterface' 'specinterface_ln0' <Predicate = true> <Delay = 0.00>
ST_7 : Operation 59 [1/1] (0.00ns)   --->   "%specinterface_ln0 = specinterface void @_ssdm_op_SpecInterface, i32 %out_L, void @empty_4, i32 4294967295, i32 4294967295, void @empty_3, i32 0, i32 0, void @empty_3, void @empty_3, void @empty_3, i32 0, i32 0, i32 0, i32 0, void @empty_3, void @empty_3, i32 4294967295, i32 0, i32 0"   --->   Operation 59 'specinterface' 'specinterface_ln0' <Predicate = true> <Delay = 0.00>
ST_7 : Operation 60 [1/1] (0.00ns)   --->   "%specbitsmap_ln0 = specbitsmap void @_ssdm_op_SpecBitsMap, i32 %out_R"   --->   Operation 60 'specbitsmap' 'specbitsmap_ln0' <Predicate = true> <Delay = 0.00>
ST_7 : Operation 61 [1/1] (0.00ns)   --->   "%specinterface_ln0 = specinterface void @_ssdm_op_SpecInterface, i32 %out_R, void @empty, i32 4294967295, i32 4294967295, void @empty_0, i32 0, i32 0, void @empty_1, void @empty_5, void @empty_3, i32 0, i32 0, i32 0, i32 0, void @empty_3, void @empty_3, i32 4294967295, i32 0, i32 0"   --->   Operation 61 'specinterface' 'specinterface_ln0' <Predicate = true> <Delay = 0.00>
ST_7 : Operation 62 [1/1] (0.00ns)   --->   "%specinterface_ln0 = specinterface void @_ssdm_op_SpecInterface, i32 %out_R, void @empty_4, i32 4294967295, i32 4294967295, void @empty_3, i32 0, i32 0, void @empty_3, void @empty_3, void @empty_3, i32 0, i32 0, i32 0, i32 0, void @empty_3, void @empty_3, i32 4294967295, i32 0, i32 0"   --->   Operation 62 'specinterface' 'specinterface_ln0' <Predicate = true> <Delay = 0.00>
ST_7 : Operation 63 [1/1] (0.00ns)   --->   "%specbitsmap_ln0 = specbitsmap void @_ssdm_op_SpecBitsMap, i32 %in_L"   --->   Operation 63 'specbitsmap' 'specbitsmap_ln0' <Predicate = true> <Delay = 0.00>
ST_7 : Operation 64 [1/1] (0.00ns)   --->   "%specinterface_ln0 = specinterface void @_ssdm_op_SpecInterface, i32 %in_L, void @empty, i32 4294967295, i32 4294967295, void @empty_0, i32 0, i32 0, void @empty_1, void @empty_6, void @empty_3, i32 0, i32 0, i32 0, i32 0, void @empty_3, void @empty_3, i32 4294967295, i32 0, i32 0"   --->   Operation 64 'specinterface' 'specinterface_ln0' <Predicate = true> <Delay = 0.00>
ST_7 : Operation 65 [1/1] (0.00ns)   --->   "%specinterface_ln0 = specinterface void @_ssdm_op_SpecInterface, i32 %in_L, void @empty_4, i32 4294967295, i32 4294967295, void @empty_3, i32 0, i32 0, void @empty_3, void @empty_3, void @empty_3, i32 0, i32 0, i32 0, i32 0, void @empty_3, void @empty_3, i32 4294967295, i32 0, i32 0"   --->   Operation 65 'specinterface' 'specinterface_ln0' <Predicate = true> <Delay = 0.00>
ST_7 : Operation 66 [1/1] (0.00ns)   --->   "%specbitsmap_ln0 = specbitsmap void @_ssdm_op_SpecBitsMap, i32 %in_R"   --->   Operation 66 'specbitsmap' 'specbitsmap_ln0' <Predicate = true> <Delay = 0.00>
ST_7 : Operation 67 [1/1] (0.00ns)   --->   "%specinterface_ln0 = specinterface void @_ssdm_op_SpecInterface, i32 %in_R, void @empty, i32 4294967295, i32 4294967295, void @empty_0, i32 0, i32 0, void @empty_1, void @empty_7, void @empty_3, i32 0, i32 0, i32 0, i32 0, void @empty_3, void @empty_3, i32 4294967295, i32 0, i32 0"   --->   Operation 67 'specinterface' 'specinterface_ln0' <Predicate = true> <Delay = 0.00>
ST_7 : Operation 68 [1/1] (0.00ns)   --->   "%specinterface_ln0 = specinterface void @_ssdm_op_SpecInterface, i32 %in_R, void @empty_4, i32 4294967295, i32 4294967295, void @empty_3, i32 0, i32 0, void @empty_3, void @empty_3, void @empty_3, i32 0, i32 0, i32 0, i32 0, void @empty_3, void @empty_3, i32 4294967295, i32 0, i32 0"   --->   Operation 68 'specinterface' 'specinterface_ln0' <Predicate = true> <Delay = 0.00>
ST_7 : Operation 69 [1/1] (0.00ns)   --->   "%specbitsmap_ln0 = specbitsmap void @_ssdm_op_SpecBitsMap, i32 %delay_samples"   --->   Operation 69 'specbitsmap' 'specbitsmap_ln0' <Predicate = true> <Delay = 0.00>
ST_7 : Operation 70 [1/1] (0.00ns)   --->   "%specinterface_ln0 = specinterface void @_ssdm_op_SpecInterface, i32 %delay_samples, void @empty_4, i32 0, i32 0, void @empty_3, i32 0, i32 0, void @empty_3, void @empty_3, void @empty_3, i32 0, i32 0, i32 0, i32 0, void @empty_3, void @empty_3, i32 4294967295, i32 0, i32 0"   --->   Operation 70 'specinterface' 'specinterface_ln0' <Predicate = true> <Delay = 0.00>
ST_7 : Operation 71 [1/1] (0.00ns)   --->   "%specbitsmap_ln0 = specbitsmap void @_ssdm_op_SpecBitsMap, i32 %feedback_gain"   --->   Operation 71 'specbitsmap' 'specbitsmap_ln0' <Predicate = true> <Delay = 0.00>
ST_7 : Operation 72 [1/1] (0.00ns)   --->   "%specinterface_ln0 = specinterface void @_ssdm_op_SpecInterface, i32 %feedback_gain, void @empty_4, i32 0, i32 0, void @empty_3, i32 0, i32 0, void @empty_3, void @empty_3, void @empty_3, i32 0, i32 0, i32 0, i32 0, void @empty_3, void @empty_3, i32 4294967295, i32 0, i32 0"   --->   Operation 72 'specinterface' 'specinterface_ln0' <Predicate = true> <Delay = 0.00>
ST_7 : Operation 73 [1/1] (0.00ns)   --->   "%specbitsmap_ln0 = specbitsmap void @_ssdm_op_SpecBitsMap, i32 %wet_mix"   --->   Operation 73 'specbitsmap' 'specbitsmap_ln0' <Predicate = true> <Delay = 0.00>
ST_7 : Operation 74 [1/1] (0.00ns)   --->   "%specinterface_ln0 = specinterface void @_ssdm_op_SpecInterface, i32 %wet_mix, void @empty_4, i32 0, i32 0, void @empty_3, i32 0, i32 0, void @empty_3, void @empty_3, void @empty_3, i32 0, i32 0, i32 0, i32 0, void @empty_3, void @empty_3, i32 4294967295, i32 0, i32 0"   --->   Operation 74 'specinterface' 'specinterface_ln0' <Predicate = true> <Delay = 0.00>
ST_7 : Operation 75 [1/1] (0.00ns)   --->   "%specinterface_ln0 = specinterface void @_ssdm_op_SpecInterface, i32 0, void @empty, i32 0, i32 0, void @empty_3, i32 0, i32 0, void @empty_1, void @empty_3, void @empty_3, i32 0, i32 0, i32 0, i32 0, void @empty_3, void @empty_3, i32 4294967295, i32 0, i32 0"   --->   Operation 75 'specinterface' 'specinterface_ln0' <Predicate = true> <Delay = 0.00>
ST_7 : Operation 76 [1/1] (0.69ns)   --->   "%new_L_1 = select i1 %icmp_ln59, i32 8388607, i32 %add_ln52" [audio.cpp:59->audio.cpp:101]   --->   Operation 76 'select' 'new_L_1' <Predicate = true> <Delay = 0.69> <CoreInst = "Sel">   --->   Core 73 'Sel' <Latency = 0> <II = 1> <Delay = 0.69> <FuncUnit> <Opcode : 'select'> <InPorts = 3> <OutPorts = 1>
ST_7 : Operation 77 [1/1] (2.55ns)   --->   "%icmp_ln60 = icmp_slt  i32 %new_L_1, i32 4286578688" [audio.cpp:60->audio.cpp:101]   --->   Operation 77 'icmp' 'icmp_ln60' <Predicate = true> <Delay = 2.55> <CoreInst = "Cmp">   --->   Core 9 'Cmp' <Latency = 0> <II = 1> <Delay = 2.55> <FuncUnit> <Opcode : 'seteq' 'setne' 'setle' 'setge' 'setlt' 'setgt'> <InPorts = 2> <OutPorts = 1>
ST_7 : Operation 78 [1/1] (0.69ns)   --->   "%new_R_1 = select i1 %icmp_ln61, i32 8388607, i32 %add_ln56" [audio.cpp:61->audio.cpp:101]   --->   Operation 78 'select' 'new_R_1' <Predicate = true> <Delay = 0.69> <CoreInst = "Sel">   --->   Core 73 'Sel' <Latency = 0> <II = 1> <Delay = 0.69> <FuncUnit> <Opcode : 'select'> <InPorts = 3> <OutPorts = 1>
ST_7 : Operation 79 [1/1] (2.55ns)   --->   "%icmp_ln62 = icmp_slt  i32 %new_R_1, i32 4286578688" [audio.cpp:62->audio.cpp:101]   --->   Operation 79 'icmp' 'icmp_ln62' <Predicate = true> <Delay = 2.55> <CoreInst = "Cmp">   --->   Core 9 'Cmp' <Latency = 0> <II = 1> <Delay = 2.55> <FuncUnit> <Opcode : 'seteq' 'setne' 'setle' 'setge' 'setlt' 'setgt'> <InPorts = 2> <OutPorts = 1>
ST_7 : Operation 80 [1/1] (0.00ns)   --->   "%trunc_ln65 = trunc i32 %new_L_1" [audio.cpp:65->audio.cpp:101]   --->   Operation 80 'trunc' 'trunc_ln65' <Predicate = true> <Delay = 0.00>
ST_7 : Operation 81 [1/1] (0.69ns)   --->   "%select_ln65 = select i1 %icmp_ln60, i24 8388608, i24 %trunc_ln65" [audio.cpp:65->audio.cpp:101]   --->   Operation 81 'select' 'select_ln65' <Predicate = true> <Delay = 0.69> <CoreInst = "Sel">   --->   Core 73 'Sel' <Latency = 0> <II = 1> <Delay = 0.69> <FuncUnit> <Opcode : 'select'> <InPorts = 3> <OutPorts = 1>
ST_7 : Operation 82 [1/1] (0.00ns)   --->   "%zext_ln65 = zext i16 %write_index_load" [audio.cpp:65->audio.cpp:101]   --->   Operation 82 'zext' 'zext_ln65' <Predicate = true> <Delay = 0.00>
ST_7 : Operation 83 [1/1] (0.00ns)   --->   "%delay_buffer_L_addr_1 = getelementptr i24 %delay_buffer_L, i64 0, i64 %zext_ln65" [audio.cpp:65->audio.cpp:101]   --->   Operation 83 'getelementptr' 'delay_buffer_L_addr_1' <Predicate = true> <Delay = 0.00>
ST_7 : Operation 84 [1/1] ( I:3.25ns O:3.25ns )   --->   "%store_ln65 = store i24 %select_ln65, i16 %delay_buffer_L_addr_1" [audio.cpp:65->audio.cpp:101]   --->   Operation 84 'store' 'store_ln65' <Predicate = true> <Delay = 3.25> <CoreInst = "RAM">   --->   Core 81 'RAM' <Latency = 1> <II = 1> <Delay = 3.25> <Storage> <Opcode : 'load' 'store'> <Ports = 2> <Width = 24> <Depth = 48000> <RAM>
ST_7 : Operation 85 [1/1] (0.00ns)   --->   "%trunc_ln66 = trunc i32 %new_R_1" [audio.cpp:66->audio.cpp:101]   --->   Operation 85 'trunc' 'trunc_ln66' <Predicate = true> <Delay = 0.00>
ST_7 : Operation 86 [1/1] (0.69ns)   --->   "%select_ln66 = select i1 %icmp_ln62, i24 8388608, i24 %trunc_ln66" [audio.cpp:66->audio.cpp:101]   --->   Operation 86 'select' 'select_ln66' <Predicate = true> <Delay = 0.69> <CoreInst = "Sel">   --->   Core 73 'Sel' <Latency = 0> <II = 1> <Delay = 0.69> <FuncUnit> <Opcode : 'select'> <InPorts = 3> <OutPorts = 1>
ST_7 : Operation 87 [1/1] (0.00ns)   --->   "%delay_buffer_R_addr_1 = getelementptr i24 %delay_buffer_R, i64 0, i64 %zext_ln65" [audio.cpp:66->audio.cpp:101]   --->   Operation 87 'getelementptr' 'delay_buffer_R_addr_1' <Predicate = true> <Delay = 0.00>
ST_7 : Operation 88 [1/1] ( I:3.25ns O:3.25ns )   --->   "%store_ln66 = store i24 %select_ln66, i16 %delay_buffer_R_addr_1" [audio.cpp:66->audio.cpp:101]   --->   Operation 88 'store' 'store_ln66' <Predicate = true> <Delay = 3.25> <CoreInst = "RAM">   --->   Core 81 'RAM' <Latency = 1> <II = 1> <Delay = 3.25> <Storage> <Opcode : 'load' 'store'> <Ports = 2> <Width = 24> <Depth = 48000> <RAM>
ST_7 : Operation 89 [1/1] (0.00ns)   --->   "%ret_ln106 = ret" [audio.cpp:106]   --->   Operation 89 'ret' 'ret_ln106' <Predicate = true> <Delay = 0.00>


============================================================
+ Verbose Summary: Timing violations
============================================================
Target clock period: 10.000ns, clock uncertainty: 2.700ns.

 <State 1>: 4.959ns
The critical path consists of the following:
	'load' operation 16 bit ('write_index_load', audio.cpp:39->audio.cpp:101) on static variable 'write_index' [36]  (0.000 ns)
	'add' operation 16 bit ('add_ln79', audio.cpp:79->audio.cpp:101) [84]  (2.077 ns)
	'icmp' operation 1 bit ('icmp_ln80', audio.cpp:80->audio.cpp:101) [85]  (2.077 ns)
	'select' operation 16 bit ('select_ln80', audio.cpp:80->audio.cpp:101) [86]  (0.805 ns)

 <State 2>: 3.254ns
The critical path consists of the following:
	'getelementptr' operation 16 bit ('delay_buffer_L_addr', audio.cpp:46->audio.cpp:101) [45]  (0.000 ns)
	'load' operation 24 bit ('delayed_L', audio.cpp:46->audio.cpp:101) on array 'delay_buffer_L' [46]  (3.254 ns)

 <State 3>: 3.254ns
The critical path consists of the following:
	'load' operation 24 bit ('delayed_L', audio.cpp:46->audio.cpp:101) on array 'delay_buffer_L' [46]  (3.254 ns)

 <State 4>: 6.912ns
The critical path consists of the following:
	wire read operation ('feedback_gain', audio.cpp:87) on port 'feedback_gain' (audio.cpp:87) [11]  (0.000 ns)
	'mul' operation 32 bit ('mul_ln51', audio.cpp:51->audio.cpp:101) [51]  (6.912 ns)

 <State 5>: 6.912ns
The critical path consists of the following:
	'mul' operation 32 bit ('mul_ln51', audio.cpp:51->audio.cpp:101) [51]  (6.912 ns)

 <State 6>: 5.283ns
The critical path consists of the following:
	s_axi read operation ('in_L', audio.cpp:87) on port 'in_L' (audio.cpp:87) [14]  (1.000 ns)
	'add' operation 33 bit ('new_L', audio.cpp:52->audio.cpp:101) [57]  (2.552 ns)
	'icmp' operation 1 bit ('icmp_ln59', audio.cpp:59->audio.cpp:101) [66]  (1.731 ns)

 <State 7>: 7.198ns
The critical path consists of the following:
	'select' operation 32 bit ('new_L', audio.cpp:59->audio.cpp:101) [67]  (0.698 ns)
	'icmp' operation 1 bit ('icmp_ln60', audio.cpp:60->audio.cpp:101) [68]  (2.552 ns)
	'select' operation 24 bit ('select_ln65', audio.cpp:65->audio.cpp:101) [74]  (0.694 ns)
	'store' operation 0 bit ('store_ln65', audio.cpp:65->audio.cpp:101) of variable 'select_ln65', audio.cpp:65->audio.cpp:101 on array 'delay_buffer_L' [77]  (3.254 ns)


============================================================
+ Verbose Summary: Binding
============================================================
N/A
* FSMD analyzer results:
  - Output states:
 - Input state : 
  - Chain level:
	State 1
	State 2
	State 3
	State 4
	State 5
	State 6
	State 7


============================================================
+ Verbose Summary: Datapath Resource usage 
============================================================
N/A
