

================================================================
== Vitis HLS Report for 'audio'
================================================================
* Date:           Mon Dec  1 15:54:45 2025

* Version:        2024.2 (Build 5238294 on Nov  8 2024)
* Project:        audio.comp
* Solution:       hls (Vivado IP Flow Target)
* Product family: zynq
* Target device:  xc7z020-clg400-1


================================================================
== Performance Estimates
================================================================
+ Timing: 
    * Summary: 
    +--------+----------+----------+------------+
    |  Clock |  Target  | Estimated| Uncertainty|
    +--------+----------+----------+------------+
    |ap_clk  |  10.00 ns|  6.912 ns|     2.70 ns|
    +--------+----------+----------+------------+

+ Latency: 
    * Summary: 
    +---------+---------+-----------+-----------+-----+-----+---------+
    |  Latency (cycles) |   Latency (absolute)  |  Interval | Pipeline|
    |   min   |   max   |    min    |    max    | min | max |   Type  |
    +---------+---------+-----------+-----------+-----+-----+---------+
    |        5|        5|  50.000 ns|  50.000 ns|    6|    6|       no|
    +---------+---------+-----------+-----------+-----+-----+---------+

    + Detail: 
        * Instance: 
        N/A

        * Loop: 
        N/A

============================================================
+ Verbose Summary: Synthesis Manager
============================================================
InlineROM: 1
ExposeGlobal: 0
============================================================
+ Verbose Summary: CDFG Model
============================================================
IsTopModel: 1
ResetActiveHigh: 1
IsCombinational: 0
IsDatapathOnly: 0
HasWiredReturn: 1
HasMFsm: 0
HasVarLatency: 1
IsPipeline: 0
IsRtlPipelined: 0
IsInstanceOverlapped: 0
IsDontTouch: 0
HasImplIP: 0
IsGatedGlobalClock: 0


============================================================
+ Verbose Summary: Schedule
============================================================
* Number of FSM states : 6
* Pipeline : 0
* Dataflow Pipeline: 0

* FSM state transitions: 
1 --> 2 
2 --> 3 
3 --> 4 
4 --> 5 
5 --> 6 
6 --> 

* FSM state operations: 

State 1 <SV = 0> <Delay = 4.80>
ST_1 : Operation 7 [1/1] (0.00ns)   --->   "%delay_samples_read = read i32 @_ssdm_op_Read.ap_auto.i32, i32 %delay_samples" [audio.cpp:34]   --->   Operation 7 'read' 'delay_samples_read' <Predicate = true> <Delay = 0.00>
ST_1 : Operation 8 [1/1] (0.00ns)   --->   "%trunc_ln34 = trunc i32 %delay_samples_read" [audio.cpp:34]   --->   Operation 8 'trunc' 'trunc_ln34' <Predicate = true> <Delay = 0.00>
ST_1 : Operation 9 [1/1] (0.00ns)   --->   "%write_index_load = load i32 %write_index" [audio.cpp:48]   --->   Operation 9 'load' 'write_index_load' <Predicate = true> <Delay = 0.00>
ST_1 : Operation 10 [1/1] (0.00ns)   --->   "%trunc_ln48 = trunc i32 %write_index_load" [audio.cpp:48]   --->   Operation 10 'trunc' 'trunc_ln48' <Predicate = true> <Delay = 0.00>
ST_1 : Operation 11 [1/1] (1.54ns)   --->   "%read_index = sub i12 %trunc_ln48, i12 %trunc_ln34" [audio.cpp:48]   --->   Operation 11 'sub' 'read_index' <Predicate = true> <Delay = 1.54> <CoreInst = "Adder">   --->   Core 1 'Adder' <Latency = 0> <II = 1> <Delay = 1.54> <FuncUnit> <Opcode : 'add' 'sub'> <InPorts = 2> <OutPorts = 1>
ST_1 : Operation 12 [1/1] (0.00ns)   --->   "%zext_ln51 = zext i12 %read_index" [audio.cpp:51]   --->   Operation 12 'zext' 'zext_ln51' <Predicate = true> <Delay = 0.00>
ST_1 : Operation 13 [1/1] (0.00ns)   --->   "%delay_buffer_L_addr = getelementptr i32 %delay_buffer_L, i64 0, i64 %zext_ln51" [audio.cpp:51]   --->   Operation 13 'getelementptr' 'delay_buffer_L_addr' <Predicate = true> <Delay = 0.00>
ST_1 : Operation 14 [2/2] (3.25ns)   --->   "%delayed_L = load i12 %delay_buffer_L_addr" [audio.cpp:51]   --->   Operation 14 'load' 'delayed_L' <Predicate = true> <Delay = 3.25> <CoreInst = "RAM">   --->   Core 81 'RAM' <Latency = 1> <II = 1> <Delay = 3.25> <Storage> <Opcode : 'load' 'store'> <Ports = 2> <Width = 32> <Depth = 4096> <RAM>
ST_1 : Operation 15 [1/1] (0.00ns)   --->   "%delay_buffer_R_addr = getelementptr i32 %delay_buffer_R, i64 0, i64 %zext_ln51" [audio.cpp:52]   --->   Operation 15 'getelementptr' 'delay_buffer_R_addr' <Predicate = true> <Delay = 0.00>
ST_1 : Operation 16 [2/2] (3.25ns)   --->   "%delayed_R = load i12 %delay_buffer_R_addr" [audio.cpp:52]   --->   Operation 16 'load' 'delayed_R' <Predicate = true> <Delay = 3.25> <CoreInst = "RAM">   --->   Core 81 'RAM' <Latency = 1> <II = 1> <Delay = 3.25> <Storage> <Opcode : 'load' 'store'> <Ports = 2> <Width = 32> <Depth = 4096> <RAM>
ST_1 : Operation 17 [1/1] (2.55ns)   --->   "%add_ln84 = add i32 %write_index_load, i32 1" [audio.cpp:84]   --->   Operation 17 'add' 'add_ln84' <Predicate = true> <Delay = 2.55> <CoreInst = "Adder">   --->   Core 1 'Adder' <Latency = 0> <II = 1> <Delay = 2.55> <FuncUnit> <Opcode : 'add' 'sub'> <InPorts = 2> <OutPorts = 1>
ST_1 : Operation 18 [1/1] (0.00ns)   --->   "%store_ln84 = store i32 %add_ln84, i32 %write_index" [audio.cpp:84]   --->   Operation 18 'store' 'store_ln84' <Predicate = true> <Delay = 0.00>

State 2 <SV = 1> <Delay = 4.25>
ST_2 : Operation 19 [1/1] (0.00ns)   --->   "%wet_mix_read = read i32 @_ssdm_op_Read.ap_auto.i32, i32 %wet_mix" [audio.cpp:34]   --->   Operation 19 'read' 'wet_mix_read' <Predicate = true> <Delay = 0.00>
ST_2 : Operation 20 [1/1] (1.00ns)   --->   "%in_R_read = read i32 @_ssdm_op_Read.s_axilite.i32, i32 %in_R" [audio.cpp:34]   --->   Operation 20 'read' 'in_R_read' <Predicate = true> <Delay = 1.00> <CoreInst = "s_axilite">   --->   Core 112 's_axilite' <Latency = 0> <II = 1> <Delay = 1.00> <Adapter> <Opcode : 'read' 'write'>
ST_2 : Operation 21 [1/1] (1.00ns)   --->   "%in_L_read = read i32 @_ssdm_op_Read.s_axilite.i32, i32 %in_L" [audio.cpp:34]   --->   Operation 21 'read' 'in_L_read' <Predicate = true> <Delay = 1.00> <CoreInst = "s_axilite">   --->   Core 112 's_axilite' <Latency = 0> <II = 1> <Delay = 1.00> <Adapter> <Opcode : 'read' 'write'>
ST_2 : Operation 22 [1/2] ( I:3.25ns O:3.25ns )   --->   "%delayed_L = load i12 %delay_buffer_L_addr" [audio.cpp:51]   --->   Operation 22 'load' 'delayed_L' <Predicate = true> <Delay = 3.25> <CoreInst = "RAM">   --->   Core 81 'RAM' <Latency = 1> <II = 1> <Delay = 3.25> <Storage> <Opcode : 'load' 'store'> <Ports = 2> <Width = 32> <Depth = 4096> <RAM>
ST_2 : Operation 23 [1/2] ( I:3.25ns O:3.25ns )   --->   "%delayed_R = load i12 %delay_buffer_R_addr" [audio.cpp:52]   --->   Operation 23 'load' 'delayed_R' <Predicate = true> <Delay = 3.25> <CoreInst = "RAM">   --->   Core 81 'RAM' <Latency = 1> <II = 1> <Delay = 3.25> <Storage> <Opcode : 'load' 'store'> <Ports = 2> <Width = 32> <Depth = 4096> <RAM>
ST_2 : Operation 24 [1/1] (0.00ns)   --->   "%zext_ln70 = zext i12 %trunc_ln48" [audio.cpp:70]   --->   Operation 24 'zext' 'zext_ln70' <Predicate = true> <Delay = 0.00>
ST_2 : Operation 25 [1/1] (0.00ns)   --->   "%delay_buffer_L_addr_1 = getelementptr i32 %delay_buffer_L, i64 0, i64 %zext_ln70" [audio.cpp:70]   --->   Operation 25 'getelementptr' 'delay_buffer_L_addr_1' <Predicate = true> <Delay = 0.00>
ST_2 : Operation 26 [1/1] ( I:3.25ns O:3.25ns )   --->   "%store_ln70 = store i32 %in_L_read, i12 %delay_buffer_L_addr_1" [audio.cpp:70]   --->   Operation 26 'store' 'store_ln70' <Predicate = true> <Delay = 3.25> <CoreInst = "RAM">   --->   Core 81 'RAM' <Latency = 1> <II = 1> <Delay = 3.25> <Storage> <Opcode : 'load' 'store'> <Ports = 2> <Width = 32> <Depth = 4096> <RAM>
ST_2 : Operation 27 [1/1] (0.00ns)   --->   "%delay_buffer_R_addr_1 = getelementptr i32 %delay_buffer_R, i64 0, i64 %zext_ln70" [audio.cpp:71]   --->   Operation 27 'getelementptr' 'delay_buffer_R_addr_1' <Predicate = true> <Delay = 0.00>
ST_2 : Operation 28 [1/1] ( I:3.25ns O:3.25ns )   --->   "%store_ln71 = store i32 %in_R_read, i12 %delay_buffer_R_addr_1" [audio.cpp:71]   --->   Operation 28 'store' 'store_ln71' <Predicate = true> <Delay = 3.25> <CoreInst = "RAM">   --->   Core 81 'RAM' <Latency = 1> <II = 1> <Delay = 3.25> <Storage> <Opcode : 'load' 'store'> <Ports = 2> <Width = 32> <Depth = 4096> <RAM>
ST_2 : Operation 29 [1/1] (2.55ns)   --->   "%sub_ln75 = sub i32 256, i32 %wet_mix_read" [audio.cpp:75]   --->   Operation 29 'sub' 'sub_ln75' <Predicate = true> <Delay = 2.55> <CoreInst = "Adder">   --->   Core 1 'Adder' <Latency = 0> <II = 1> <Delay = 2.55> <FuncUnit> <Opcode : 'add' 'sub'> <InPorts = 2> <OutPorts = 1>

State 3 <SV = 2> <Delay = 6.91>
ST_3 : Operation 30 [1/1] (0.00ns)   --->   "%sext_ln74 = sext i32 %delayed_L" [audio.cpp:74]   --->   Operation 30 'sext' 'sext_ln74' <Predicate = true> <Delay = 0.00>
ST_3 : Operation 31 [1/1] (0.00ns)   --->   "%zext_ln74 = zext i32 %wet_mix_read" [audio.cpp:74]   --->   Operation 31 'zext' 'zext_ln74' <Predicate = true> <Delay = 0.00>
ST_3 : Operation 32 [2/2] (6.91ns)   --->   "%mul_ln74 = mul i64 %sext_ln74, i64 %zext_ln74" [audio.cpp:74]   --->   Operation 32 'mul' 'mul_ln74' <Predicate = true> <Delay = 6.91> <CoreInst = "Multiplier">   --->   Core 3 'Multiplier' <Latency = 1> <II = 1> <Delay = 6.91> <FuncUnit> <Opcode : 'mul'> <InPorts = 2> <OutPorts = 1>
ST_3 : Operation 33 [1/1] (0.00ns)   --->   "%sext_ln75 = sext i32 %in_L_read" [audio.cpp:75]   --->   Operation 33 'sext' 'sext_ln75' <Predicate = true> <Delay = 0.00>
ST_3 : Operation 34 [1/1] (0.00ns)   --->   "%zext_ln75 = zext i32 %sub_ln75" [audio.cpp:75]   --->   Operation 34 'zext' 'zext_ln75' <Predicate = true> <Delay = 0.00>
ST_3 : Operation 35 [2/2] (6.91ns)   --->   "%mul_ln75 = mul i64 %zext_ln75, i64 %sext_ln75" [audio.cpp:75]   --->   Operation 35 'mul' 'mul_ln75' <Predicate = true> <Delay = 6.91> <CoreInst = "Multiplier">   --->   Core 3 'Multiplier' <Latency = 1> <II = 1> <Delay = 6.91> <FuncUnit> <Opcode : 'mul'> <InPorts = 2> <OutPorts = 1>
ST_3 : Operation 36 [1/1] (0.00ns)   --->   "%sext_ln76 = sext i32 %delayed_R" [audio.cpp:76]   --->   Operation 36 'sext' 'sext_ln76' <Predicate = true> <Delay = 0.00>
ST_3 : Operation 37 [2/2] (6.91ns)   --->   "%mul_ln76 = mul i64 %sext_ln76, i64 %zext_ln74" [audio.cpp:76]   --->   Operation 37 'mul' 'mul_ln76' <Predicate = true> <Delay = 6.91> <CoreInst = "Multiplier">   --->   Core 3 'Multiplier' <Latency = 1> <II = 1> <Delay = 6.91> <FuncUnit> <Opcode : 'mul'> <InPorts = 2> <OutPorts = 1>
ST_3 : Operation 38 [1/1] (0.00ns)   --->   "%sext_ln77 = sext i32 %in_R_read" [audio.cpp:77]   --->   Operation 38 'sext' 'sext_ln77' <Predicate = true> <Delay = 0.00>
ST_3 : Operation 39 [2/2] (6.91ns)   --->   "%mul_ln77 = mul i64 %zext_ln75, i64 %sext_ln77" [audio.cpp:77]   --->   Operation 39 'mul' 'mul_ln77' <Predicate = true> <Delay = 6.91> <CoreInst = "Multiplier">   --->   Core 3 'Multiplier' <Latency = 1> <II = 1> <Delay = 6.91> <FuncUnit> <Opcode : 'mul'> <InPorts = 2> <OutPorts = 1>

State 4 <SV = 3> <Delay = 6.91>
ST_4 : Operation 40 [1/2] (6.91ns)   --->   "%mul_ln74 = mul i64 %sext_ln74, i64 %zext_ln74" [audio.cpp:74]   --->   Operation 40 'mul' 'mul_ln74' <Predicate = true> <Delay = 6.91> <CoreInst = "Multiplier">   --->   Core 3 'Multiplier' <Latency = 1> <II = 1> <Delay = 6.91> <FuncUnit> <Opcode : 'mul'> <InPorts = 2> <OutPorts = 1>
ST_4 : Operation 41 [1/1] (0.00ns)   --->   "%trunc_ln74 = trunc i64 %mul_ln74" [audio.cpp:74]   --->   Operation 41 'trunc' 'trunc_ln74' <Predicate = true> <Delay = 0.00>
ST_4 : Operation 42 [1/2] (6.91ns)   --->   "%mul_ln75 = mul i64 %zext_ln75, i64 %sext_ln75" [audio.cpp:75]   --->   Operation 42 'mul' 'mul_ln75' <Predicate = true> <Delay = 6.91> <CoreInst = "Multiplier">   --->   Core 3 'Multiplier' <Latency = 1> <II = 1> <Delay = 6.91> <FuncUnit> <Opcode : 'mul'> <InPorts = 2> <OutPorts = 1>
ST_4 : Operation 43 [1/1] (0.00ns)   --->   "%trunc_ln75 = trunc i64 %mul_ln75" [audio.cpp:75]   --->   Operation 43 'trunc' 'trunc_ln75' <Predicate = true> <Delay = 0.00>
ST_4 : Operation 44 [1/2] (6.91ns)   --->   "%mul_ln76 = mul i64 %sext_ln76, i64 %zext_ln74" [audio.cpp:76]   --->   Operation 44 'mul' 'mul_ln76' <Predicate = true> <Delay = 6.91> <CoreInst = "Multiplier">   --->   Core 3 'Multiplier' <Latency = 1> <II = 1> <Delay = 6.91> <FuncUnit> <Opcode : 'mul'> <InPorts = 2> <OutPorts = 1>
ST_4 : Operation 45 [1/1] (0.00ns)   --->   "%trunc_ln76 = trunc i64 %mul_ln76" [audio.cpp:76]   --->   Operation 45 'trunc' 'trunc_ln76' <Predicate = true> <Delay = 0.00>
ST_4 : Operation 46 [1/2] (6.91ns)   --->   "%mul_ln77 = mul i64 %zext_ln75, i64 %sext_ln77" [audio.cpp:77]   --->   Operation 46 'mul' 'mul_ln77' <Predicate = true> <Delay = 6.91> <CoreInst = "Multiplier">   --->   Core 3 'Multiplier' <Latency = 1> <II = 1> <Delay = 6.91> <FuncUnit> <Opcode : 'mul'> <InPorts = 2> <OutPorts = 1>
ST_4 : Operation 47 [1/1] (0.00ns)   --->   "%trunc_ln77 = trunc i64 %mul_ln77" [audio.cpp:77]   --->   Operation 47 'trunc' 'trunc_ln77' <Predicate = true> <Delay = 0.00>

State 5 <SV = 4> <Delay = 2.87>
ST_5 : Operation 48 [1/1] (2.87ns)   --->   "%sub_ln74 = sub i40 0, i40 %trunc_ln74" [audio.cpp:74]   --->   Operation 48 'sub' 'sub_ln74' <Predicate = true> <Delay = 2.87> <CoreInst = "Adder">   --->   Core 1 'Adder' <Latency = 0> <II = 1> <Delay = 2.87> <FuncUnit> <Opcode : 'add' 'sub'> <InPorts = 2> <OutPorts = 1>
ST_5 : Operation 49 [1/1] (0.00ns)   --->   "%trunc_ln74_1 = partselect i32 @_ssdm_op_PartSelect.i32.i40.i32.i32, i40 %sub_ln74, i32 8, i32 39" [audio.cpp:74]   --->   Operation 49 'partselect' 'trunc_ln74_1' <Predicate = true> <Delay = 0.00>
ST_5 : Operation 50 [1/1] (2.87ns)   --->   "%sub_ln75_1 = sub i40 0, i40 %trunc_ln75" [audio.cpp:75]   --->   Operation 50 'sub' 'sub_ln75_1' <Predicate = true> <Delay = 2.87> <CoreInst = "Adder">   --->   Core 1 'Adder' <Latency = 0> <II = 1> <Delay = 2.87> <FuncUnit> <Opcode : 'add' 'sub'> <InPorts = 2> <OutPorts = 1>
ST_5 : Operation 51 [1/1] (0.00ns)   --->   "%trunc_ln75_1 = partselect i32 @_ssdm_op_PartSelect.i32.i40.i32.i32, i40 %sub_ln75_1, i32 8, i32 39" [audio.cpp:75]   --->   Operation 51 'partselect' 'trunc_ln75_1' <Predicate = true> <Delay = 0.00>
ST_5 : Operation 52 [1/1] (2.87ns)   --->   "%sub_ln76 = sub i40 0, i40 %trunc_ln76" [audio.cpp:76]   --->   Operation 52 'sub' 'sub_ln76' <Predicate = true> <Delay = 2.87> <CoreInst = "Adder">   --->   Core 1 'Adder' <Latency = 0> <II = 1> <Delay = 2.87> <FuncUnit> <Opcode : 'add' 'sub'> <InPorts = 2> <OutPorts = 1>
ST_5 : Operation 53 [1/1] (0.00ns)   --->   "%trunc_ln76_1 = partselect i32 @_ssdm_op_PartSelect.i32.i40.i32.i32, i40 %sub_ln76, i32 8, i32 39" [audio.cpp:76]   --->   Operation 53 'partselect' 'trunc_ln76_1' <Predicate = true> <Delay = 0.00>
ST_5 : Operation 54 [1/1] (2.87ns)   --->   "%sub_ln77 = sub i40 0, i40 %trunc_ln77" [audio.cpp:77]   --->   Operation 54 'sub' 'sub_ln77' <Predicate = true> <Delay = 2.87> <CoreInst = "Adder">   --->   Core 1 'Adder' <Latency = 0> <II = 1> <Delay = 2.87> <FuncUnit> <Opcode : 'add' 'sub'> <InPorts = 2> <OutPorts = 1>
ST_5 : Operation 55 [1/1] (0.00ns)   --->   "%trunc_ln77_1 = partselect i32 @_ssdm_op_PartSelect.i32.i40.i32.i32, i40 %sub_ln77, i32 8, i32 39" [audio.cpp:77]   --->   Operation 55 'partselect' 'trunc_ln77_1' <Predicate = true> <Delay = 0.00>

State 6 <SV = 5> <Delay = 6.10>
ST_6 : Operation 56 [1/1] (0.00ns)   --->   "%spectopmodule_ln34 = spectopmodule void @_ssdm_op_SpecTopModule, void @empty_8" [audio.cpp:34]   --->   Operation 56 'spectopmodule' 'spectopmodule_ln34' <Predicate = true> <Delay = 0.00>
ST_6 : Operation 57 [1/1] (0.00ns)   --->   "%specbitsmap_ln0 = specbitsmap void @_ssdm_op_SpecBitsMap, i32 %out_L"   --->   Operation 57 'specbitsmap' 'specbitsmap_ln0' <Predicate = true> <Delay = 0.00>
ST_6 : Operation 58 [1/1] (0.00ns)   --->   "%specinterface_ln0 = specinterface void @_ssdm_op_SpecInterface, i32 %out_L, void @empty, i32 4294967295, i32 4294967295, void @empty_0, i32 0, i32 0, void @empty_1, void @empty_2, void @empty_3, i32 0, i32 0, i32 0, i32 0, void @empty_3, void @empty_3, i32 4294967295, i32 0, i32 0"   --->   Operation 58 'specinterface' 'specinterface_ln0' <Predicate = true> <Delay = 0.00>
ST_6 : Operation 59 [1/1] (0.00ns)   --->   "%specinterface_ln0 = specinterface void @_ssdm_op_SpecInterface, i32 %out_L, void @empty_4, i32 4294967295, i32 4294967295, void @empty_3, i32 0, i32 0, void @empty_3, void @empty_3, void @empty_3, i32 0, i32 0, i32 0, i32 0, void @empty_3, void @empty_3, i32 4294967295, i32 0, i32 0"   --->   Operation 59 'specinterface' 'specinterface_ln0' <Predicate = true> <Delay = 0.00>
ST_6 : Operation 60 [1/1] (0.00ns)   --->   "%specbitsmap_ln0 = specbitsmap void @_ssdm_op_SpecBitsMap, i32 %out_R"   --->   Operation 60 'specbitsmap' 'specbitsmap_ln0' <Predicate = true> <Delay = 0.00>
ST_6 : Operation 61 [1/1] (0.00ns)   --->   "%specinterface_ln0 = specinterface void @_ssdm_op_SpecInterface, i32 %out_R, void @empty, i32 4294967295, i32 4294967295, void @empty_0, i32 0, i32 0, void @empty_1, void @empty_5, void @empty_3, i32 0, i32 0, i32 0, i32 0, void @empty_3, void @empty_3, i32 4294967295, i32 0, i32 0"   --->   Operation 61 'specinterface' 'specinterface_ln0' <Predicate = true> <Delay = 0.00>
ST_6 : Operation 62 [1/1] (0.00ns)   --->   "%specinterface_ln0 = specinterface void @_ssdm_op_SpecInterface, i32 %out_R, void @empty_4, i32 4294967295, i32 4294967295, void @empty_3, i32 0, i32 0, void @empty_3, void @empty_3, void @empty_3, i32 0, i32 0, i32 0, i32 0, void @empty_3, void @empty_3, i32 4294967295, i32 0, i32 0"   --->   Operation 62 'specinterface' 'specinterface_ln0' <Predicate = true> <Delay = 0.00>
ST_6 : Operation 63 [1/1] (0.00ns)   --->   "%specbitsmap_ln0 = specbitsmap void @_ssdm_op_SpecBitsMap, i32 %in_L"   --->   Operation 63 'specbitsmap' 'specbitsmap_ln0' <Predicate = true> <Delay = 0.00>
ST_6 : Operation 64 [1/1] (0.00ns)   --->   "%specinterface_ln0 = specinterface void @_ssdm_op_SpecInterface, i32 %in_L, void @empty, i32 4294967295, i32 4294967295, void @empty_0, i32 0, i32 0, void @empty_1, void @empty_6, void @empty_3, i32 0, i32 0, i32 0, i32 0, void @empty_3, void @empty_3, i32 4294967295, i32 0, i32 0"   --->   Operation 64 'specinterface' 'specinterface_ln0' <Predicate = true> <Delay = 0.00>
ST_6 : Operation 65 [1/1] (0.00ns)   --->   "%specinterface_ln0 = specinterface void @_ssdm_op_SpecInterface, i32 %in_L, void @empty_4, i32 4294967295, i32 4294967295, void @empty_3, i32 0, i32 0, void @empty_3, void @empty_3, void @empty_3, i32 0, i32 0, i32 0, i32 0, void @empty_3, void @empty_3, i32 4294967295, i32 0, i32 0"   --->   Operation 65 'specinterface' 'specinterface_ln0' <Predicate = true> <Delay = 0.00>
ST_6 : Operation 66 [1/1] (0.00ns)   --->   "%specbitsmap_ln0 = specbitsmap void @_ssdm_op_SpecBitsMap, i32 %in_R"   --->   Operation 66 'specbitsmap' 'specbitsmap_ln0' <Predicate = true> <Delay = 0.00>
ST_6 : Operation 67 [1/1] (0.00ns)   --->   "%specinterface_ln0 = specinterface void @_ssdm_op_SpecInterface, i32 %in_R, void @empty, i32 4294967295, i32 4294967295, void @empty_0, i32 0, i32 0, void @empty_1, void @empty_7, void @empty_3, i32 0, i32 0, i32 0, i32 0, void @empty_3, void @empty_3, i32 4294967295, i32 0, i32 0"   --->   Operation 67 'specinterface' 'specinterface_ln0' <Predicate = true> <Delay = 0.00>
ST_6 : Operation 68 [1/1] (0.00ns)   --->   "%specinterface_ln0 = specinterface void @_ssdm_op_SpecInterface, i32 %in_R, void @empty_4, i32 4294967295, i32 4294967295, void @empty_3, i32 0, i32 0, void @empty_3, void @empty_3, void @empty_3, i32 0, i32 0, i32 0, i32 0, void @empty_3, void @empty_3, i32 4294967295, i32 0, i32 0"   --->   Operation 68 'specinterface' 'specinterface_ln0' <Predicate = true> <Delay = 0.00>
ST_6 : Operation 69 [1/1] (0.00ns)   --->   "%specbitsmap_ln0 = specbitsmap void @_ssdm_op_SpecBitsMap, i32 %delay_samples"   --->   Operation 69 'specbitsmap' 'specbitsmap_ln0' <Predicate = true> <Delay = 0.00>
ST_6 : Operation 70 [1/1] (0.00ns)   --->   "%specinterface_ln0 = specinterface void @_ssdm_op_SpecInterface, i32 %delay_samples, void @empty_4, i32 0, i32 0, void @empty_3, i32 0, i32 0, void @empty_3, void @empty_3, void @empty_3, i32 0, i32 0, i32 0, i32 0, void @empty_3, void @empty_3, i32 4294967295, i32 0, i32 0"   --->   Operation 70 'specinterface' 'specinterface_ln0' <Predicate = true> <Delay = 0.00>
ST_6 : Operation 71 [1/1] (0.00ns)   --->   "%specbitsmap_ln0 = specbitsmap void @_ssdm_op_SpecBitsMap, i32 %feedback_gain"   --->   Operation 71 'specbitsmap' 'specbitsmap_ln0' <Predicate = true> <Delay = 0.00>
ST_6 : Operation 72 [1/1] (0.00ns)   --->   "%specinterface_ln0 = specinterface void @_ssdm_op_SpecInterface, i32 %feedback_gain, void @empty_4, i32 0, i32 0, void @empty_3, i32 0, i32 0, void @empty_3, void @empty_3, void @empty_3, i32 0, i32 0, i32 0, i32 0, void @empty_3, void @empty_3, i32 4294967295, i32 0, i32 0"   --->   Operation 72 'specinterface' 'specinterface_ln0' <Predicate = true> <Delay = 0.00>
ST_6 : Operation 73 [1/1] (0.00ns)   --->   "%specbitsmap_ln0 = specbitsmap void @_ssdm_op_SpecBitsMap, i32 %wet_mix"   --->   Operation 73 'specbitsmap' 'specbitsmap_ln0' <Predicate = true> <Delay = 0.00>
ST_6 : Operation 74 [1/1] (0.00ns)   --->   "%specinterface_ln0 = specinterface void @_ssdm_op_SpecInterface, i32 %wet_mix, void @empty_4, i32 0, i32 0, void @empty_3, i32 0, i32 0, void @empty_3, void @empty_3, void @empty_3, i32 0, i32 0, i32 0, i32 0, void @empty_3, void @empty_3, i32 4294967295, i32 0, i32 0"   --->   Operation 74 'specinterface' 'specinterface_ln0' <Predicate = true> <Delay = 0.00>
ST_6 : Operation 75 [1/1] (0.00ns)   --->   "%specinterface_ln0 = specinterface void @_ssdm_op_SpecInterface, i32 0, void @empty, i32 0, i32 0, void @empty_3, i32 0, i32 0, void @empty_1, void @empty_3, void @empty_3, i32 0, i32 0, i32 0, i32 0, void @empty_3, void @empty_3, i32 4294967295, i32 0, i32 0"   --->   Operation 75 'specinterface' 'specinterface_ln0' <Predicate = true> <Delay = 0.00>
ST_6 : Operation 76 [1/1] (0.00ns) (grouped into LUT with out node add_ln80)   --->   "%tmp = bitselect i1 @_ssdm_op_BitSelect.i1.i64.i32, i64 %mul_ln74, i32 63" [audio.cpp:74]   --->   Operation 76 'bitselect' 'tmp' <Predicate = true> <Delay = 0.00>
ST_6 : Operation 77 [1/1] (2.55ns)   --->   "%sub_ln74_1 = sub i32 0, i32 %trunc_ln74_1" [audio.cpp:74]   --->   Operation 77 'sub' 'sub_ln74_1' <Predicate = true> <Delay = 2.55> <CoreInst = "Adder">   --->   Core 1 'Adder' <Latency = 0> <II = 1> <Delay = 2.55> <FuncUnit> <Opcode : 'add' 'sub'> <InPorts = 2> <OutPorts = 1>
ST_6 : Operation 78 [1/1] (0.00ns) (grouped into LUT with out node add_ln80)   --->   "%trunc_ln74_2 = partselect i32 @_ssdm_op_PartSelect.i32.i64.i32.i32, i64 %mul_ln74, i32 8, i32 39" [audio.cpp:74]   --->   Operation 78 'partselect' 'trunc_ln74_2' <Predicate = true> <Delay = 0.00>
ST_6 : Operation 79 [1/1] (0.00ns) (grouped into LUT with out node add_ln80)   --->   "%select_ln74 = select i1 %tmp, i32 %sub_ln74_1, i32 %trunc_ln74_2" [audio.cpp:74]   --->   Operation 79 'select' 'select_ln74' <Predicate = true> <Delay = 0.00> <CoreInst = "Sel">   --->   Core 73 'Sel' <Latency = 0> <II = 1> <Delay = 0.69> <FuncUnit> <Opcode : 'select'> <InPorts = 3> <OutPorts = 1>
ST_6 : Operation 80 [1/1] (0.00ns) (grouped into LUT with out node add_ln80)   --->   "%tmp_1 = bitselect i1 @_ssdm_op_BitSelect.i1.i64.i32, i64 %mul_ln75, i32 63" [audio.cpp:75]   --->   Operation 80 'bitselect' 'tmp_1' <Predicate = true> <Delay = 0.00>
ST_6 : Operation 81 [1/1] (2.55ns)   --->   "%sub_ln75_2 = sub i32 0, i32 %trunc_ln75_1" [audio.cpp:75]   --->   Operation 81 'sub' 'sub_ln75_2' <Predicate = true> <Delay = 2.55> <CoreInst = "Adder">   --->   Core 1 'Adder' <Latency = 0> <II = 1> <Delay = 2.55> <FuncUnit> <Opcode : 'add' 'sub'> <InPorts = 2> <OutPorts = 1>
ST_6 : Operation 82 [1/1] (0.00ns) (grouped into LUT with out node add_ln80)   --->   "%trunc_ln75_2 = partselect i32 @_ssdm_op_PartSelect.i32.i64.i32.i32, i64 %mul_ln75, i32 8, i32 39" [audio.cpp:75]   --->   Operation 82 'partselect' 'trunc_ln75_2' <Predicate = true> <Delay = 0.00>
ST_6 : Operation 83 [1/1] (0.00ns) (grouped into LUT with out node add_ln80)   --->   "%select_ln75 = select i1 %tmp_1, i32 %sub_ln75_2, i32 %trunc_ln75_2" [audio.cpp:75]   --->   Operation 83 'select' 'select_ln75' <Predicate = true> <Delay = 0.00> <CoreInst = "Sel">   --->   Core 73 'Sel' <Latency = 0> <II = 1> <Delay = 0.69> <FuncUnit> <Opcode : 'select'> <InPorts = 3> <OutPorts = 1>
ST_6 : Operation 84 [1/1] (0.00ns) (grouped into LUT with out node add_ln81)   --->   "%tmp_2 = bitselect i1 @_ssdm_op_BitSelect.i1.i64.i32, i64 %mul_ln76, i32 63" [audio.cpp:76]   --->   Operation 84 'bitselect' 'tmp_2' <Predicate = true> <Delay = 0.00>
ST_6 : Operation 85 [1/1] (2.55ns)   --->   "%sub_ln76_1 = sub i32 0, i32 %trunc_ln76_1" [audio.cpp:76]   --->   Operation 85 'sub' 'sub_ln76_1' <Predicate = true> <Delay = 2.55> <CoreInst = "Adder">   --->   Core 1 'Adder' <Latency = 0> <II = 1> <Delay = 2.55> <FuncUnit> <Opcode : 'add' 'sub'> <InPorts = 2> <OutPorts = 1>
ST_6 : Operation 86 [1/1] (0.00ns) (grouped into LUT with out node add_ln81)   --->   "%trunc_ln76_2 = partselect i32 @_ssdm_op_PartSelect.i32.i64.i32.i32, i64 %mul_ln76, i32 8, i32 39" [audio.cpp:76]   --->   Operation 86 'partselect' 'trunc_ln76_2' <Predicate = true> <Delay = 0.00>
ST_6 : Operation 87 [1/1] (0.00ns) (grouped into LUT with out node add_ln81)   --->   "%select_ln76 = select i1 %tmp_2, i32 %sub_ln76_1, i32 %trunc_ln76_2" [audio.cpp:76]   --->   Operation 87 'select' 'select_ln76' <Predicate = true> <Delay = 0.00> <CoreInst = "Sel">   --->   Core 73 'Sel' <Latency = 0> <II = 1> <Delay = 0.69> <FuncUnit> <Opcode : 'select'> <InPorts = 3> <OutPorts = 1>
ST_6 : Operation 88 [1/1] (0.00ns) (grouped into LUT with out node add_ln81)   --->   "%tmp_3 = bitselect i1 @_ssdm_op_BitSelect.i1.i64.i32, i64 %mul_ln77, i32 63" [audio.cpp:77]   --->   Operation 88 'bitselect' 'tmp_3' <Predicate = true> <Delay = 0.00>
ST_6 : Operation 89 [1/1] (2.55ns)   --->   "%sub_ln77_1 = sub i32 0, i32 %trunc_ln77_1" [audio.cpp:77]   --->   Operation 89 'sub' 'sub_ln77_1' <Predicate = true> <Delay = 2.55> <CoreInst = "Adder">   --->   Core 1 'Adder' <Latency = 0> <II = 1> <Delay = 2.55> <FuncUnit> <Opcode : 'add' 'sub'> <InPorts = 2> <OutPorts = 1>
ST_6 : Operation 90 [1/1] (0.00ns) (grouped into LUT with out node add_ln81)   --->   "%trunc_ln77_2 = partselect i32 @_ssdm_op_PartSelect.i32.i64.i32.i32, i64 %mul_ln77, i32 8, i32 39" [audio.cpp:77]   --->   Operation 90 'partselect' 'trunc_ln77_2' <Predicate = true> <Delay = 0.00>
ST_6 : Operation 91 [1/1] (0.00ns) (grouped into LUT with out node add_ln81)   --->   "%select_ln77 = select i1 %tmp_3, i32 %sub_ln77_1, i32 %trunc_ln77_2" [audio.cpp:77]   --->   Operation 91 'select' 'select_ln77' <Predicate = true> <Delay = 0.00> <CoreInst = "Sel">   --->   Core 73 'Sel' <Latency = 0> <II = 1> <Delay = 0.69> <FuncUnit> <Opcode : 'select'> <InPorts = 3> <OutPorts = 1>
ST_6 : Operation 92 [1/1] (2.55ns) (out node of the LUT)   --->   "%add_ln80 = add i32 %select_ln75, i32 %select_ln74" [audio.cpp:80]   --->   Operation 92 'add' 'add_ln80' <Predicate = true> <Delay = 2.55> <CoreInst = "Adder">   --->   Core 1 'Adder' <Latency = 0> <II = 1> <Delay = 2.55> <FuncUnit> <Opcode : 'add' 'sub'> <InPorts = 2> <OutPorts = 1>
ST_6 : Operation 93 [1/1] (1.00ns)   --->   "%write_ln80 = write void @_ssdm_op_Write.s_axilite.i32P0A, i32 %out_L, i32 %add_ln80" [audio.cpp:80]   --->   Operation 93 'write' 'write_ln80' <Predicate = true> <Delay = 1.00> <CoreInst = "s_axilite">   --->   Core 112 's_axilite' <Latency = 0> <II = 1> <Delay = 1.00> <Adapter> <Opcode : 'read' 'write'>
ST_6 : Operation 94 [1/1] (2.55ns) (out node of the LUT)   --->   "%add_ln81 = add i32 %select_ln77, i32 %select_ln76" [audio.cpp:81]   --->   Operation 94 'add' 'add_ln81' <Predicate = true> <Delay = 2.55> <CoreInst = "Adder">   --->   Core 1 'Adder' <Latency = 0> <II = 1> <Delay = 2.55> <FuncUnit> <Opcode : 'add' 'sub'> <InPorts = 2> <OutPorts = 1>
ST_6 : Operation 95 [1/1] (1.00ns)   --->   "%write_ln81 = write void @_ssdm_op_Write.s_axilite.i32P0A, i32 %out_R, i32 %add_ln81" [audio.cpp:81]   --->   Operation 95 'write' 'write_ln81' <Predicate = true> <Delay = 1.00> <CoreInst = "s_axilite">   --->   Core 112 's_axilite' <Latency = 0> <II = 1> <Delay = 1.00> <Adapter> <Opcode : 'read' 'write'>
ST_6 : Operation 96 [1/1] (0.00ns)   --->   "%ret_ln85 = ret" [audio.cpp:85]   --->   Operation 96 'ret' 'ret_ln85' <Predicate = true> <Delay = 0.00>


============================================================
+ Verbose Summary: Binding
============================================================
STG Binding: 
---------------- STG Properties BEGIN ----------------
- Is combinational: 0
- Is one-state seq: 0
- Is datapath-only: 0
- Is pipelined: 0
- Is top level: 1
Port [ Return ] is wired: 1; IO mode=ap_ctrl_hs:ce=0
Port [ out_L]:  wired=1; compound=0; hidden=0; nouse=0; global=0; static=0; extern=0; dir=1; type=0; pingpong=0; private_global=0; IO mode=ap_vld:ce=0
Port [ out_R]:  wired=1; compound=0; hidden=0; nouse=0; global=0; static=0; extern=0; dir=1; type=0; pingpong=0; private_global=0; IO mode=ap_vld:ce=0
Port [ in_L]:  wired=1; compound=0; hidden=0; nouse=0; global=0; static=0; extern=0; dir=0; type=0; pingpong=0; private_global=0; IO mode=ap_none:ce=0
Port [ in_R]:  wired=1; compound=0; hidden=0; nouse=0; global=0; static=0; extern=0; dir=0; type=0; pingpong=0; private_global=0; IO mode=ap_none:ce=0
Port [ delay_samples]:  wired=1; compound=0; hidden=0; nouse=0; global=0; static=0; extern=0; dir=0; type=0; pingpong=0; private_global=0; IO mode=ap_none:ce=0
Port [ feedback_gain]:  wired=1; compound=0; hidden=0; nouse=1; global=0; static=0; extern=0; dir=0; type=0; pingpong=0; private_global=0; IO mode=ap_none:ce=0
Port [ wet_mix]:  wired=1; compound=0; hidden=0; nouse=0; global=0; static=0; extern=0; dir=0; type=0; pingpong=0; private_global=0; IO mode=ap_none:ce=0
Port [ write_index]:  wired=0; compound=0; hidden=1; nouse=0; global=1; static=1; extern=0; dir=2; type=0; pingpong=0; private_global=1; IO mode=ap_ovld:ce=0
Port [ delay_buffer_L]:  wired=0; compound=1; hidden=1; nouse=0; global=1; static=1; extern=0; dir=2; type=1; pingpong=0; private_global=1; MemPort=[23]; IO mode=ap_memory:ce=0
Port [ delay_buffer_R]:  wired=0; compound=1; hidden=1; nouse=0; global=1; static=1; extern=0; dir=2; type=1; pingpong=0; private_global=1; MemPort=[23]; IO mode=ap_memory:ce=0
---------------- STG Properties END ------------------

---------------- Datapath Model BEGIN ----------------

<LifeTime>
<method=bitvector/>
delay_samples_read    (read         ) [ 0000000]
trunc_ln34            (trunc        ) [ 0000000]
write_index_load      (load         ) [ 0000000]
trunc_ln48            (trunc        ) [ 0010000]
read_index            (sub          ) [ 0000000]
zext_ln51             (zext         ) [ 0000000]
delay_buffer_L_addr   (getelementptr) [ 0010000]
delay_buffer_R_addr   (getelementptr) [ 0010000]
add_ln84              (add          ) [ 0000000]
store_ln84            (store        ) [ 0000000]
wet_mix_read          (read         ) [ 0001000]
in_R_read             (read         ) [ 0001000]
in_L_read             (read         ) [ 0001000]
delayed_L             (load         ) [ 0001000]
delayed_R             (load         ) [ 0001000]
zext_ln70             (zext         ) [ 0000000]
delay_buffer_L_addr_1 (getelementptr) [ 0000000]
store_ln70            (store        ) [ 0000000]
delay_buffer_R_addr_1 (getelementptr) [ 0000000]
store_ln71            (store        ) [ 0000000]
sub_ln75              (sub          ) [ 0001000]
sext_ln74             (sext         ) [ 0000100]
zext_ln74             (zext         ) [ 0000100]
sext_ln75             (sext         ) [ 0000100]
zext_ln75             (zext         ) [ 0000100]
sext_ln76             (sext         ) [ 0000100]
sext_ln77             (sext         ) [ 0000100]
mul_ln74              (mul          ) [ 0000011]
trunc_ln74            (trunc        ) [ 0000010]
mul_ln75              (mul          ) [ 0000011]
trunc_ln75            (trunc        ) [ 0000010]
mul_ln76              (mul          ) [ 0000011]
trunc_ln76            (trunc        ) [ 0000010]
mul_ln77              (mul          ) [ 0000011]
trunc_ln77            (trunc        ) [ 0000010]
sub_ln74              (sub          ) [ 0000000]
trunc_ln74_1          (partselect   ) [ 0000001]
sub_ln75_1            (sub          ) [ 0000000]
trunc_ln75_1          (partselect   ) [ 0000001]
sub_ln76              (sub          ) [ 0000000]
trunc_ln76_1          (partselect   ) [ 0000001]
sub_ln77              (sub          ) [ 0000000]
trunc_ln77_1          (partselect   ) [ 0000001]
spectopmodule_ln34    (spectopmodule) [ 0000000]
specbitsmap_ln0       (specbitsmap  ) [ 0000000]
specinterface_ln0     (specinterface) [ 0000000]
specinterface_ln0     (specinterface) [ 0000000]
specbitsmap_ln0       (specbitsmap  ) [ 0000000]
specinterface_ln0     (specinterface) [ 0000000]
specinterface_ln0     (specinterface) [ 0000000]
specbitsmap_ln0       (specbitsmap  ) [ 0000000]
specinterface_ln0     (specinterface) [ 0000000]
specinterface_ln0     (specinterface) [ 0000000]
specbitsmap_ln0       (specbitsmap  ) [ 0000000]
specinterface_ln0     (specinterface) [ 0000000]
specinterface_ln0     (specinterface) [ 0000000]
specbitsmap_ln0       (specbitsmap  ) [ 0000000]
specinterface_ln0     (specinterface) [ 0000000]
specbitsmap_ln0       (specbitsmap  ) [ 0000000]
specinterface_ln0     (specinterface) [ 0000000]
specbitsmap_ln0       (specbitsmap  ) [ 0000000]
specinterface_ln0     (specinterface) [ 0000000]
specinterface_ln0     (specinterface) [ 0000000]
tmp                   (bitselect    ) [ 0000000]
sub_ln74_1            (sub          ) [ 0000000]
trunc_ln74_2          (partselect   ) [ 0000000]
select_ln74           (select       ) [ 0000000]
tmp_1                 (bitselect    ) [ 0000000]
sub_ln75_2            (sub          ) [ 0000000]
trunc_ln75_2          (partselect   ) [ 0000000]
select_ln75           (select       ) [ 0000000]
tmp_2                 (bitselect    ) [ 0000000]
sub_ln76_1            (sub          ) [ 0000000]
trunc_ln76_2          (partselect   ) [ 0000000]
select_ln76           (select       ) [ 0000000]
tmp_3                 (bitselect    ) [ 0000000]
sub_ln77_1            (sub          ) [ 0000000]
trunc_ln77_2          (partselect   ) [ 0000000]
select_ln77           (select       ) [ 0000000]
add_ln80              (add          ) [ 0000000]
write_ln80            (write        ) [ 0000000]
add_ln81              (add          ) [ 0000000]
write_ln81            (write        ) [ 0000000]
ret_ln85              (ret          ) [ 0000000]
</LifeTime>

<model>

<comp_list>
<comp id="0" class="1000" name="out_L">
<pin_list>
<pin id="1" dir="1" index="0" bw="1" slack="0"/>
</pin_list>
<bind>
<StgValue><ssdm name="out_L"/></StgValue>
</bind>
</comp>

<comp id="2" class="1000" name="out_R">
<pin_list>
<pin id="3" dir="1" index="0" bw="1" slack="0"/>
</pin_list>
<bind>
<StgValue><ssdm name="out_R"/></StgValue>
</bind>
</comp>

<comp id="4" class="1000" name="in_L">
<pin_list>
<pin id="5" dir="1" index="0" bw="1" slack="0"/>
</pin_list>
<bind>
<StgValue><ssdm name="in_L"/></StgValue>
</bind>
</comp>

<comp id="6" class="1000" name="in_R">
<pin_list>
<pin id="7" dir="1" index="0" bw="1" slack="0"/>
</pin_list>
<bind>
<StgValue><ssdm name="in_R"/></StgValue>
</bind>
</comp>

<comp id="8" class="1000" name="delay_samples">
<pin_list>
<pin id="9" dir="1" index="0" bw="1" slack="0"/>
</pin_list>
<bind>
<StgValue><ssdm name="delay_samples"/></StgValue>
</bind>
</comp>

<comp id="10" class="1000" name="feedback_gain">
<pin_list>
<pin id="11" dir="1" index="0" bw="1" slack="2147483647"/>
</pin_list>
<bind>
<StgValue><ssdm name="feedback_gain"/></StgValue>
</bind>
</comp>

<comp id="12" class="1000" name="wet_mix">
<pin_list>
<pin id="13" dir="1" index="0" bw="1" slack="0"/>
</pin_list>
<bind>
<StgValue><ssdm name="wet_mix"/></StgValue>
</bind>
</comp>

<comp id="14" class="1000" name="write_index">
<pin_list>
<pin id="15" dir="1" index="0" bw="1" slack="0"/>
</pin_list>
<bind>
<StgValue><ssdm name="write_index"/></StgValue>
</bind>
</comp>

<comp id="16" class="1000" name="delay_buffer_L">
<pin_list>
<pin id="17" dir="1" index="0" bw="1" slack="0"/>
</pin_list>
<bind>
<StgValue><ssdm name="delay_buffer_L"/><MemPortTyVec>2 3 </MemPortTyVec>
</StgValue>
</bind>
</comp>

<comp id="18" class="1000" name="delay_buffer_R">
<pin_list>
<pin id="19" dir="1" index="0" bw="1" slack="0"/>
</pin_list>
<bind>
<StgValue><ssdm name="delay_buffer_R"/><MemPortTyVec>2 3 </MemPortTyVec>
</StgValue>
</bind>
</comp>

<comp id="20" class="1001" name="const_20">
<pin_list>
<pin id="21" dir="1" index="0" bw="1" slack="0"/>
</pin_list>
<bind>
<StgValue><ssdm name="_ssdm_op_Read.ap_auto.i32"/></StgValue>
</bind>
</comp>

<comp id="22" class="1001" name="const_22">
<pin_list>
<pin id="23" dir="1" index="0" bw="1" slack="0"/>
</pin_list>
<bind>
<StgValue><ssdm name=""/></StgValue>
</bind>
</comp>

<comp id="24" class="1001" name="const_24">
<pin_list>
<pin id="25" dir="1" index="0" bw="1" slack="0"/>
</pin_list>
<bind>
<StgValue><ssdm name=""/></StgValue>
</bind>
</comp>

<comp id="26" class="1001" name="const_26">
<pin_list>
<pin id="27" dir="1" index="0" bw="1" slack="0"/>
</pin_list>
<bind>
<StgValue><ssdm name="_ssdm_op_Read.s_axilite.i32"/></StgValue>
</bind>
</comp>

<comp id="28" class="1001" name="const_28">
<pin_list>
<pin id="29" dir="1" index="0" bw="1" slack="0"/>
</pin_list>
<bind>
<StgValue><ssdm name=""/></StgValue>
</bind>
</comp>

<comp id="30" class="1001" name="const_30">
<pin_list>
<pin id="31" dir="1" index="0" bw="1" slack="0"/>
</pin_list>
<bind>
<StgValue><ssdm name=""/></StgValue>
</bind>
</comp>

<comp id="32" class="1001" name="const_32">
<pin_list>
<pin id="33" dir="1" index="0" bw="1" slack="0"/>
</pin_list>
<bind>
<StgValue><ssdm name="_ssdm_op_PartSelect.i32.i40.i32.i32"/></StgValue>
</bind>
</comp>

<comp id="34" class="1001" name="const_34">
<pin_list>
<pin id="35" dir="1" index="0" bw="1" slack="0"/>
</pin_list>
<bind>
<StgValue><ssdm name=""/></StgValue>
</bind>
</comp>

<comp id="36" class="1001" name="const_36">
<pin_list>
<pin id="37" dir="1" index="0" bw="1" slack="0"/>
</pin_list>
<bind>
<StgValue><ssdm name=""/></StgValue>
</bind>
</comp>

<comp id="38" class="1001" name="const_38">
<pin_list>
<pin id="39" dir="1" index="0" bw="1" slack="2147483647"/>
</pin_list>
<bind>
<StgValue><ssdm name="_ssdm_op_SpecTopModule"/></StgValue>
</bind>
</comp>

<comp id="40" class="1001" name="const_40">
<pin_list>
<pin id="41" dir="1" index="0" bw="1" slack="2147483647"/>
</pin_list>
<bind>
<StgValue><ssdm name="empty_8"/></StgValue>
</bind>
</comp>

<comp id="42" class="1001" name="const_42">
<pin_list>
<pin id="43" dir="1" index="0" bw="1" slack="2147483647"/>
</pin_list>
<bind>
<StgValue><ssdm name="_ssdm_op_SpecBitsMap"/></StgValue>
</bind>
</comp>

<comp id="44" class="1001" name="const_44">
<pin_list>
<pin id="45" dir="1" index="0" bw="1" slack="2147483647"/>
</pin_list>
<bind>
<StgValue><ssdm name="_ssdm_op_SpecInterface"/></StgValue>
</bind>
</comp>

<comp id="46" class="1001" name="const_46">
<pin_list>
<pin id="47" dir="1" index="0" bw="1" slack="2147483647"/>
</pin_list>
<bind>
<StgValue><ssdm name="empty"/></StgValue>
</bind>
</comp>

<comp id="48" class="1001" name="const_48">
<pin_list>
<pin id="49" dir="1" index="0" bw="1" slack="2147483647"/>
</pin_list>
<bind>
<StgValue><ssdm name=""/></StgValue>
</bind>
</comp>

<comp id="50" class="1001" name="const_50">
<pin_list>
<pin id="51" dir="1" index="0" bw="1" slack="2147483647"/>
</pin_list>
<bind>
<StgValue><ssdm name="empty_0"/></StgValue>
</bind>
</comp>

<comp id="52" class="1001" name="const_52">
<pin_list>
<pin id="53" dir="1" index="0" bw="1" slack="0"/>
</pin_list>
<bind>
<StgValue><ssdm name=""/></StgValue>
</bind>
</comp>

<comp id="54" class="1001" name="const_54">
<pin_list>
<pin id="55" dir="1" index="0" bw="1" slack="2147483647"/>
</pin_list>
<bind>
<StgValue><ssdm name="empty_1"/></StgValue>
</bind>
</comp>

<comp id="56" class="1001" name="const_56">
<pin_list>
<pin id="57" dir="1" index="0" bw="1" slack="2147483647"/>
</pin_list>
<bind>
<StgValue><ssdm name="empty_2"/></StgValue>
</bind>
</comp>

<comp id="58" class="1001" name="const_58">
<pin_list>
<pin id="59" dir="1" index="0" bw="1" slack="2147483647"/>
</pin_list>
<bind>
<StgValue><ssdm name="empty_3"/></StgValue>
</bind>
</comp>

<comp id="60" class="1001" name="const_60">
<pin_list>
<pin id="61" dir="1" index="0" bw="1" slack="2147483647"/>
</pin_list>
<bind>
<StgValue><ssdm name="empty_4"/></StgValue>
</bind>
</comp>

<comp id="62" class="1001" name="const_62">
<pin_list>
<pin id="63" dir="1" index="0" bw="1" slack="2147483647"/>
</pin_list>
<bind>
<StgValue><ssdm name="empty_5"/></StgValue>
</bind>
</comp>

<comp id="64" class="1001" name="const_64">
<pin_list>
<pin id="65" dir="1" index="0" bw="1" slack="2147483647"/>
</pin_list>
<bind>
<StgValue><ssdm name="empty_6"/></StgValue>
</bind>
</comp>

<comp id="66" class="1001" name="const_66">
<pin_list>
<pin id="67" dir="1" index="0" bw="1" slack="2147483647"/>
</pin_list>
<bind>
<StgValue><ssdm name="empty_7"/></StgValue>
</bind>
</comp>

<comp id="68" class="1001" name="const_68">
<pin_list>
<pin id="69" dir="1" index="0" bw="1" slack="0"/>
</pin_list>
<bind>
<StgValue><ssdm name="_ssdm_op_BitSelect.i1.i64.i32"/></StgValue>
</bind>
</comp>

<comp id="70" class="1001" name="const_70">
<pin_list>
<pin id="71" dir="1" index="0" bw="1" slack="0"/>
</pin_list>
<bind>
<StgValue><ssdm name=""/></StgValue>
</bind>
</comp>

<comp id="72" class="1001" name="const_72">
<pin_list>
<pin id="73" dir="1" index="0" bw="1" slack="0"/>
</pin_list>
<bind>
<StgValue><ssdm name="_ssdm_op_PartSelect.i32.i64.i32.i32"/></StgValue>
</bind>
</comp>

<comp id="74" class="1001" name="const_74">
<pin_list>
<pin id="75" dir="1" index="0" bw="1" slack="0"/>
</pin_list>
<bind>
<StgValue><ssdm name="_ssdm_op_Write.s_axilite.i32P0A"/></StgValue>
</bind>
</comp>

<comp id="76" class="1004" name="delay_samples_read_read_fu_76">
<pin_list>
<pin id="77" dir="0" index="0" bw="32" slack="0"/>
<pin id="78" dir="0" index="1" bw="32" slack="0"/>
<pin id="79" dir="1" index="2" bw="32" slack="0"/>
</pin_list>
<bind>
<opcode="read(1150) " fcode="read"/>
<opset="delay_samples_read/1 "/>
</bind>
</comp>

<comp id="82" class="1004" name="wet_mix_read_read_fu_82">
<pin_list>
<pin id="83" dir="0" index="0" bw="32" slack="0"/>
<pin id="84" dir="0" index="1" bw="32" slack="0"/>
<pin id="85" dir="1" index="2" bw="32" slack="0"/>
</pin_list>
<bind>
<opcode="read(1150) " fcode="read"/>
<opset="wet_mix_read/2 "/>
</bind>
</comp>

<comp id="88" class="1004" name="in_R_read_read_fu_88">
<pin_list>
<pin id="89" dir="0" index="0" bw="32" slack="0"/>
<pin id="90" dir="0" index="1" bw="32" slack="0"/>
<pin id="91" dir="1" index="2" bw="32" slack="0"/>
</pin_list>
<bind>
<opcode="read(1150) " fcode="read"/>
<opset="in_R_read/2 "/>
</bind>
</comp>

<comp id="94" class="1004" name="in_L_read_read_fu_94">
<pin_list>
<pin id="95" dir="0" index="0" bw="32" slack="0"/>
<pin id="96" dir="0" index="1" bw="32" slack="0"/>
<pin id="97" dir="1" index="2" bw="32" slack="0"/>
</pin_list>
<bind>
<opcode="read(1150) " fcode="read"/>
<opset="in_L_read/2 "/>
</bind>
</comp>

<comp id="100" class="1004" name="write_ln80_write_fu_100">
<pin_list>
<pin id="101" dir="0" index="0" bw="0" slack="0"/>
<pin id="102" dir="0" index="1" bw="32" slack="0"/>
<pin id="103" dir="0" index="2" bw="32" slack="0"/>
<pin id="104" dir="1" index="3" bw="0" slack="2147483647"/>
</pin_list>
<bind>
<opcode="write(1151) " fcode="write"/>
<opset="write_ln80/6 "/>
</bind>
</comp>

<comp id="107" class="1004" name="write_ln81_write_fu_107">
<pin_list>
<pin id="108" dir="0" index="0" bw="0" slack="0"/>
<pin id="109" dir="0" index="1" bw="32" slack="0"/>
<pin id="110" dir="0" index="2" bw="32" slack="0"/>
<pin id="111" dir="1" index="3" bw="0" slack="2147483647"/>
</pin_list>
<bind>
<opcode="write(1151) " fcode="write"/>
<opset="write_ln81/6 "/>
</bind>
</comp>

<comp id="114" class="1004" name="delay_buffer_L_addr_gep_fu_114">
<pin_list>
<pin id="115" dir="0" index="0" bw="32" slack="0"/>
<pin id="116" dir="0" index="1" bw="1" slack="0"/>
<pin id="117" dir="0" index="2" bw="12" slack="0"/>
<pin id="118" dir="1" index="3" bw="12" slack="0"/>
</pin_list>
<bind>
<opcode="getelementptr(29) " fcode="getelementptr"/>
<opset="delay_buffer_L_addr/1 "/>
</bind>
</comp>

<comp id="121" class="1004" name="grp_access_fu_121">
<pin_list>
<pin id="122" dir="0" index="0" bw="12" slack="0"/>
<pin id="123" dir="0" index="1" bw="32" slack="0"/>
<pin id="124" dir="0" index="2" bw="0" slack="2147483647"/>
<pin id="125" dir="1" index="3" bw="32" slack="1"/>
</pin_list>
<bind>
<opcode="load(27) store(28) " fcode="store"/>
<opset="delayed_L/1 store_ln70/2 "/>
</bind>
</comp>

<comp id="127" class="1004" name="delay_buffer_R_addr_gep_fu_127">
<pin_list>
<pin id="128" dir="0" index="0" bw="32" slack="0"/>
<pin id="129" dir="0" index="1" bw="1" slack="0"/>
<pin id="130" dir="0" index="2" bw="12" slack="0"/>
<pin id="131" dir="1" index="3" bw="12" slack="0"/>
</pin_list>
<bind>
<opcode="getelementptr(29) " fcode="getelementptr"/>
<opset="delay_buffer_R_addr/1 "/>
</bind>
</comp>

<comp id="134" class="1004" name="grp_access_fu_134">
<pin_list>
<pin id="135" dir="0" index="0" bw="12" slack="0"/>
<pin id="136" dir="0" index="1" bw="32" slack="0"/>
<pin id="137" dir="0" index="2" bw="0" slack="2147483647"/>
<pin id="138" dir="1" index="3" bw="32" slack="1"/>
</pin_list>
<bind>
<opcode="load(27) store(28) " fcode="store"/>
<opset="delayed_R/1 store_ln71/2 "/>
</bind>
</comp>

<comp id="140" class="1004" name="delay_buffer_L_addr_1_gep_fu_140">
<pin_list>
<pin id="141" dir="0" index="0" bw="32" slack="0"/>
<pin id="142" dir="0" index="1" bw="1" slack="0"/>
<pin id="143" dir="0" index="2" bw="12" slack="0"/>
<pin id="144" dir="1" index="3" bw="12" slack="0"/>
</pin_list>
<bind>
<opcode="getelementptr(29) " fcode="getelementptr"/>
<opset="delay_buffer_L_addr_1/2 "/>
</bind>
</comp>

<comp id="149" class="1004" name="delay_buffer_R_addr_1_gep_fu_149">
<pin_list>
<pin id="150" dir="0" index="0" bw="32" slack="0"/>
<pin id="151" dir="0" index="1" bw="1" slack="0"/>
<pin id="152" dir="0" index="2" bw="12" slack="0"/>
<pin id="153" dir="1" index="3" bw="12" slack="0"/>
</pin_list>
<bind>
<opcode="getelementptr(29) " fcode="getelementptr"/>
<opset="delay_buffer_R_addr_1/2 "/>
</bind>
</comp>

<comp id="158" class="1004" name="grp_fu_158">
<pin_list>
<pin id="159" dir="0" index="0" bw="32" slack="0"/>
<pin id="160" dir="0" index="1" bw="32" slack="0"/>
<pin id="161" dir="1" index="2" bw="64" slack="0"/>
</pin_list>
<bind>
<opcode="mul(12) " fcode="mul"/>
<opset="mul_ln75/3 "/>
</bind>
</comp>

<comp id="162" class="1004" name="grp_fu_162">
<pin_list>
<pin id="163" dir="0" index="0" bw="32" slack="0"/>
<pin id="164" dir="0" index="1" bw="32" slack="0"/>
<pin id="165" dir="1" index="2" bw="64" slack="0"/>
</pin_list>
<bind>
<opcode="mul(12) " fcode="mul"/>
<opset="mul_ln77/3 "/>
</bind>
</comp>

<comp id="166" class="1004" name="grp_fu_166">
<pin_list>
<pin id="167" dir="0" index="0" bw="32" slack="0"/>
<pin id="168" dir="0" index="1" bw="32" slack="0"/>
<pin id="169" dir="1" index="2" bw="64" slack="0"/>
</pin_list>
<bind>
<opcode="mul(12) " fcode="mul"/>
<opset="mul_ln74/3 "/>
</bind>
</comp>

<comp id="170" class="1004" name="grp_fu_170">
<pin_list>
<pin id="171" dir="0" index="0" bw="32" slack="0"/>
<pin id="172" dir="0" index="1" bw="32" slack="0"/>
<pin id="173" dir="1" index="2" bw="64" slack="0"/>
</pin_list>
<bind>
<opcode="mul(12) " fcode="mul"/>
<opset="mul_ln76/3 "/>
</bind>
</comp>

<comp id="174" class="1004" name="trunc_ln34_fu_174">
<pin_list>
<pin id="175" dir="0" index="0" bw="32" slack="0"/>
<pin id="176" dir="1" index="1" bw="12" slack="0"/>
</pin_list>
<bind>
<opcode="trunc(33) " fcode="trunc"/>
<opset="trunc_ln34/1 "/>
</bind>
</comp>

<comp id="178" class="1004" name="write_index_load_load_fu_178">
<pin_list>
<pin id="179" dir="0" index="0" bw="32" slack="0"/>
<pin id="180" dir="1" index="1" bw="32" slack="0"/>
</pin_list>
<bind>
<opcode="load(27) " fcode="load"/>
<opset="write_index_load/1 "/>
</bind>
</comp>

<comp id="182" class="1004" name="trunc_ln48_fu_182">
<pin_list>
<pin id="183" dir="0" index="0" bw="32" slack="0"/>
<pin id="184" dir="1" index="1" bw="12" slack="0"/>
</pin_list>
<bind>
<opcode="trunc(33) " fcode="trunc"/>
<opset="trunc_ln48/1 "/>
</bind>
</comp>

<comp id="186" class="1004" name="read_index_fu_186">
<pin_list>
<pin id="187" dir="0" index="0" bw="12" slack="0"/>
<pin id="188" dir="0" index="1" bw="12" slack="0"/>
<pin id="189" dir="1" index="2" bw="12" slack="0"/>
</pin_list>
<bind>
<opcode="sub(10) " fcode="sub"/>
<opset="read_index/1 "/>
</bind>
</comp>

<comp id="192" class="1004" name="zext_ln51_fu_192">
<pin_list>
<pin id="193" dir="0" index="0" bw="12" slack="0"/>
<pin id="194" dir="1" index="1" bw="64" slack="0"/>
</pin_list>
<bind>
<opcode="zext(34) " fcode="zext"/>
<opset="zext_ln51/1 "/>
</bind>
</comp>

<comp id="198" class="1004" name="add_ln84_fu_198">
<pin_list>
<pin id="199" dir="0" index="0" bw="32" slack="0"/>
<pin id="200" dir="0" index="1" bw="1" slack="0"/>
<pin id="201" dir="1" index="2" bw="32" slack="0"/>
</pin_list>
<bind>
<opcode="add(8) " fcode="add"/>
<opset="add_ln84/1 "/>
</bind>
</comp>

<comp id="204" class="1004" name="store_ln84_store_fu_204">
<pin_list>
<pin id="205" dir="0" index="0" bw="32" slack="0"/>
<pin id="206" dir="0" index="1" bw="32" slack="0"/>
<pin id="207" dir="1" index="2" bw="0" slack="2147483647"/>
</pin_list>
<bind>
<opcode="store(28) " fcode="store"/>
<opset="store_ln84/1 "/>
</bind>
</comp>

<comp id="210" class="1004" name="zext_ln70_fu_210">
<pin_list>
<pin id="211" dir="0" index="0" bw="12" slack="1"/>
<pin id="212" dir="1" index="1" bw="64" slack="0"/>
</pin_list>
<bind>
<opcode="zext(34) " fcode="zext"/>
<opset="zext_ln70/2 "/>
</bind>
</comp>

<comp id="215" class="1004" name="sub_ln75_fu_215">
<pin_list>
<pin id="216" dir="0" index="0" bw="10" slack="0"/>
<pin id="217" dir="0" index="1" bw="32" slack="0"/>
<pin id="218" dir="1" index="2" bw="32" slack="1"/>
</pin_list>
<bind>
<opcode="sub(10) " fcode="sub"/>
<opset="sub_ln75/2 "/>
</bind>
</comp>

<comp id="221" class="1004" name="sext_ln74_fu_221">
<pin_list>
<pin id="222" dir="0" index="0" bw="32" slack="1"/>
<pin id="223" dir="1" index="1" bw="64" slack="0"/>
</pin_list>
<bind>
<opcode="sext(35) " fcode="sext"/>
<opset="sext_ln74/3 "/>
</bind>
</comp>

<comp id="225" class="1004" name="zext_ln74_fu_225">
<pin_list>
<pin id="226" dir="0" index="0" bw="32" slack="1"/>
<pin id="227" dir="1" index="1" bw="64" slack="0"/>
</pin_list>
<bind>
<opcode="zext(34) " fcode="zext"/>
<opset="zext_ln74/3 "/>
</bind>
</comp>

<comp id="230" class="1004" name="sext_ln75_fu_230">
<pin_list>
<pin id="231" dir="0" index="0" bw="32" slack="1"/>
<pin id="232" dir="1" index="1" bw="64" slack="0"/>
</pin_list>
<bind>
<opcode="sext(35) " fcode="sext"/>
<opset="sext_ln75/3 "/>
</bind>
</comp>

<comp id="234" class="1004" name="zext_ln75_fu_234">
<pin_list>
<pin id="235" dir="0" index="0" bw="32" slack="1"/>
<pin id="236" dir="1" index="1" bw="64" slack="0"/>
</pin_list>
<bind>
<opcode="zext(34) " fcode="zext"/>
<opset="zext_ln75/3 "/>
</bind>
</comp>

<comp id="239" class="1004" name="sext_ln76_fu_239">
<pin_list>
<pin id="240" dir="0" index="0" bw="32" slack="1"/>
<pin id="241" dir="1" index="1" bw="64" slack="0"/>
</pin_list>
<bind>
<opcode="sext(35) " fcode="sext"/>
<opset="sext_ln76/3 "/>
</bind>
</comp>

<comp id="243" class="1004" name="sext_ln77_fu_243">
<pin_list>
<pin id="244" dir="0" index="0" bw="32" slack="1"/>
<pin id="245" dir="1" index="1" bw="64" slack="0"/>
</pin_list>
<bind>
<opcode="sext(35) " fcode="sext"/>
<opset="sext_ln77/3 "/>
</bind>
</comp>

<comp id="247" class="1004" name="trunc_ln74_fu_247">
<pin_list>
<pin id="248" dir="0" index="0" bw="64" slack="0"/>
<pin id="249" dir="1" index="1" bw="40" slack="1"/>
</pin_list>
<bind>
<opcode="trunc(33) " fcode="trunc"/>
<opset="trunc_ln74/4 "/>
</bind>
</comp>

<comp id="251" class="1004" name="trunc_ln75_fu_251">
<pin_list>
<pin id="252" dir="0" index="0" bw="64" slack="0"/>
<pin id="253" dir="1" index="1" bw="40" slack="1"/>
</pin_list>
<bind>
<opcode="trunc(33) " fcode="trunc"/>
<opset="trunc_ln75/4 "/>
</bind>
</comp>

<comp id="255" class="1004" name="trunc_ln76_fu_255">
<pin_list>
<pin id="256" dir="0" index="0" bw="64" slack="0"/>
<pin id="257" dir="1" index="1" bw="40" slack="1"/>
</pin_list>
<bind>
<opcode="trunc(33) " fcode="trunc"/>
<opset="trunc_ln76/4 "/>
</bind>
</comp>

<comp id="259" class="1004" name="trunc_ln77_fu_259">
<pin_list>
<pin id="260" dir="0" index="0" bw="64" slack="0"/>
<pin id="261" dir="1" index="1" bw="40" slack="1"/>
</pin_list>
<bind>
<opcode="trunc(33) " fcode="trunc"/>
<opset="trunc_ln77/4 "/>
</bind>
</comp>

<comp id="263" class="1004" name="sub_ln74_fu_263">
<pin_list>
<pin id="264" dir="0" index="0" bw="1" slack="0"/>
<pin id="265" dir="0" index="1" bw="40" slack="1"/>
<pin id="266" dir="1" index="2" bw="40" slack="0"/>
</pin_list>
<bind>
<opcode="sub(10) " fcode="sub"/>
<opset="sub_ln74/5 "/>
</bind>
</comp>

<comp id="268" class="1004" name="trunc_ln74_1_fu_268">
<pin_list>
<pin id="269" dir="0" index="0" bw="32" slack="0"/>
<pin id="270" dir="0" index="1" bw="40" slack="0"/>
<pin id="271" dir="0" index="2" bw="5" slack="0"/>
<pin id="272" dir="0" index="3" bw="7" slack="0"/>
<pin id="273" dir="1" index="4" bw="32" slack="1"/>
</pin_list>
<bind>
<opcode="partselect(1002) " fcode="partselect"/>
<opset="trunc_ln74_1/5 "/>
</bind>
</comp>

<comp id="278" class="1004" name="sub_ln75_1_fu_278">
<pin_list>
<pin id="279" dir="0" index="0" bw="1" slack="0"/>
<pin id="280" dir="0" index="1" bw="40" slack="1"/>
<pin id="281" dir="1" index="2" bw="40" slack="0"/>
</pin_list>
<bind>
<opcode="sub(10) " fcode="sub"/>
<opset="sub_ln75_1/5 "/>
</bind>
</comp>

<comp id="283" class="1004" name="trunc_ln75_1_fu_283">
<pin_list>
<pin id="284" dir="0" index="0" bw="32" slack="0"/>
<pin id="285" dir="0" index="1" bw="40" slack="0"/>
<pin id="286" dir="0" index="2" bw="5" slack="0"/>
<pin id="287" dir="0" index="3" bw="7" slack="0"/>
<pin id="288" dir="1" index="4" bw="32" slack="1"/>
</pin_list>
<bind>
<opcode="partselect(1002) " fcode="partselect"/>
<opset="trunc_ln75_1/5 "/>
</bind>
</comp>

<comp id="293" class="1004" name="sub_ln76_fu_293">
<pin_list>
<pin id="294" dir="0" index="0" bw="1" slack="0"/>
<pin id="295" dir="0" index="1" bw="40" slack="1"/>
<pin id="296" dir="1" index="2" bw="40" slack="0"/>
</pin_list>
<bind>
<opcode="sub(10) " fcode="sub"/>
<opset="sub_ln76/5 "/>
</bind>
</comp>

<comp id="298" class="1004" name="trunc_ln76_1_fu_298">
<pin_list>
<pin id="299" dir="0" index="0" bw="32" slack="0"/>
<pin id="300" dir="0" index="1" bw="40" slack="0"/>
<pin id="301" dir="0" index="2" bw="5" slack="0"/>
<pin id="302" dir="0" index="3" bw="7" slack="0"/>
<pin id="303" dir="1" index="4" bw="32" slack="1"/>
</pin_list>
<bind>
<opcode="partselect(1002) " fcode="partselect"/>
<opset="trunc_ln76_1/5 "/>
</bind>
</comp>

<comp id="308" class="1004" name="sub_ln77_fu_308">
<pin_list>
<pin id="309" dir="0" index="0" bw="1" slack="0"/>
<pin id="310" dir="0" index="1" bw="40" slack="1"/>
<pin id="311" dir="1" index="2" bw="40" slack="0"/>
</pin_list>
<bind>
<opcode="sub(10) " fcode="sub"/>
<opset="sub_ln77/5 "/>
</bind>
</comp>

<comp id="313" class="1004" name="trunc_ln77_1_fu_313">
<pin_list>
<pin id="314" dir="0" index="0" bw="32" slack="0"/>
<pin id="315" dir="0" index="1" bw="40" slack="0"/>
<pin id="316" dir="0" index="2" bw="5" slack="0"/>
<pin id="317" dir="0" index="3" bw="7" slack="0"/>
<pin id="318" dir="1" index="4" bw="32" slack="1"/>
</pin_list>
<bind>
<opcode="partselect(1002) " fcode="partselect"/>
<opset="trunc_ln77_1/5 "/>
</bind>
</comp>

<comp id="323" class="1004" name="tmp_fu_323">
<pin_list>
<pin id="324" dir="0" index="0" bw="1" slack="0"/>
<pin id="325" dir="0" index="1" bw="64" slack="2"/>
<pin id="326" dir="0" index="2" bw="7" slack="0"/>
<pin id="327" dir="1" index="3" bw="1" slack="0"/>
</pin_list>
<bind>
<opcode="bitselect(1000) " fcode="bitselect"/>
<opset="tmp/6 "/>
</bind>
</comp>

<comp id="330" class="1004" name="sub_ln74_1_fu_330">
<pin_list>
<pin id="331" dir="0" index="0" bw="1" slack="0"/>
<pin id="332" dir="0" index="1" bw="32" slack="1"/>
<pin id="333" dir="1" index="2" bw="32" slack="0"/>
</pin_list>
<bind>
<opcode="sub(10) " fcode="sub"/>
<opset="sub_ln74_1/6 "/>
</bind>
</comp>

<comp id="335" class="1004" name="trunc_ln74_2_fu_335">
<pin_list>
<pin id="336" dir="0" index="0" bw="32" slack="0"/>
<pin id="337" dir="0" index="1" bw="64" slack="2"/>
<pin id="338" dir="0" index="2" bw="5" slack="0"/>
<pin id="339" dir="0" index="3" bw="7" slack="0"/>
<pin id="340" dir="1" index="4" bw="32" slack="0"/>
</pin_list>
<bind>
<opcode="partselect(1002) " fcode="partselect"/>
<opset="trunc_ln74_2/6 "/>
</bind>
</comp>

<comp id="344" class="1004" name="select_ln74_fu_344">
<pin_list>
<pin id="345" dir="0" index="0" bw="1" slack="0"/>
<pin id="346" dir="0" index="1" bw="32" slack="0"/>
<pin id="347" dir="0" index="2" bw="32" slack="0"/>
<pin id="348" dir="1" index="3" bw="32" slack="0"/>
</pin_list>
<bind>
<opcode="select(49) " fcode="select"/>
<opset="select_ln74/6 "/>
</bind>
</comp>

<comp id="352" class="1004" name="tmp_1_fu_352">
<pin_list>
<pin id="353" dir="0" index="0" bw="1" slack="0"/>
<pin id="354" dir="0" index="1" bw="64" slack="2"/>
<pin id="355" dir="0" index="2" bw="7" slack="0"/>
<pin id="356" dir="1" index="3" bw="1" slack="0"/>
</pin_list>
<bind>
<opcode="bitselect(1000) " fcode="bitselect"/>
<opset="tmp_1/6 "/>
</bind>
</comp>

<comp id="359" class="1004" name="sub_ln75_2_fu_359">
<pin_list>
<pin id="360" dir="0" index="0" bw="1" slack="0"/>
<pin id="361" dir="0" index="1" bw="32" slack="1"/>
<pin id="362" dir="1" index="2" bw="32" slack="0"/>
</pin_list>
<bind>
<opcode="sub(10) " fcode="sub"/>
<opset="sub_ln75_2/6 "/>
</bind>
</comp>

<comp id="364" class="1004" name="trunc_ln75_2_fu_364">
<pin_list>
<pin id="365" dir="0" index="0" bw="32" slack="0"/>
<pin id="366" dir="0" index="1" bw="64" slack="2"/>
<pin id="367" dir="0" index="2" bw="5" slack="0"/>
<pin id="368" dir="0" index="3" bw="7" slack="0"/>
<pin id="369" dir="1" index="4" bw="32" slack="0"/>
</pin_list>
<bind>
<opcode="partselect(1002) " fcode="partselect"/>
<opset="trunc_ln75_2/6 "/>
</bind>
</comp>

<comp id="373" class="1004" name="select_ln75_fu_373">
<pin_list>
<pin id="374" dir="0" index="0" bw="1" slack="0"/>
<pin id="375" dir="0" index="1" bw="32" slack="0"/>
<pin id="376" dir="0" index="2" bw="32" slack="0"/>
<pin id="377" dir="1" index="3" bw="32" slack="0"/>
</pin_list>
<bind>
<opcode="select(49) " fcode="select"/>
<opset="select_ln75/6 "/>
</bind>
</comp>

<comp id="381" class="1004" name="tmp_2_fu_381">
<pin_list>
<pin id="382" dir="0" index="0" bw="1" slack="0"/>
<pin id="383" dir="0" index="1" bw="64" slack="2"/>
<pin id="384" dir="0" index="2" bw="7" slack="0"/>
<pin id="385" dir="1" index="3" bw="1" slack="0"/>
</pin_list>
<bind>
<opcode="bitselect(1000) " fcode="bitselect"/>
<opset="tmp_2/6 "/>
</bind>
</comp>

<comp id="388" class="1004" name="sub_ln76_1_fu_388">
<pin_list>
<pin id="389" dir="0" index="0" bw="1" slack="0"/>
<pin id="390" dir="0" index="1" bw="32" slack="1"/>
<pin id="391" dir="1" index="2" bw="32" slack="0"/>
</pin_list>
<bind>
<opcode="sub(10) " fcode="sub"/>
<opset="sub_ln76_1/6 "/>
</bind>
</comp>

<comp id="393" class="1004" name="trunc_ln76_2_fu_393">
<pin_list>
<pin id="394" dir="0" index="0" bw="32" slack="0"/>
<pin id="395" dir="0" index="1" bw="64" slack="2"/>
<pin id="396" dir="0" index="2" bw="5" slack="0"/>
<pin id="397" dir="0" index="3" bw="7" slack="0"/>
<pin id="398" dir="1" index="4" bw="32" slack="0"/>
</pin_list>
<bind>
<opcode="partselect(1002) " fcode="partselect"/>
<opset="trunc_ln76_2/6 "/>
</bind>
</comp>

<comp id="402" class="1004" name="select_ln76_fu_402">
<pin_list>
<pin id="403" dir="0" index="0" bw="1" slack="0"/>
<pin id="404" dir="0" index="1" bw="32" slack="0"/>
<pin id="405" dir="0" index="2" bw="32" slack="0"/>
<pin id="406" dir="1" index="3" bw="32" slack="0"/>
</pin_list>
<bind>
<opcode="select(49) " fcode="select"/>
<opset="select_ln76/6 "/>
</bind>
</comp>

<comp id="410" class="1004" name="tmp_3_fu_410">
<pin_list>
<pin id="411" dir="0" index="0" bw="1" slack="0"/>
<pin id="412" dir="0" index="1" bw="64" slack="2"/>
<pin id="413" dir="0" index="2" bw="7" slack="0"/>
<pin id="414" dir="1" index="3" bw="1" slack="0"/>
</pin_list>
<bind>
<opcode="bitselect(1000) " fcode="bitselect"/>
<opset="tmp_3/6 "/>
</bind>
</comp>

<comp id="417" class="1004" name="sub_ln77_1_fu_417">
<pin_list>
<pin id="418" dir="0" index="0" bw="1" slack="0"/>
<pin id="419" dir="0" index="1" bw="32" slack="1"/>
<pin id="420" dir="1" index="2" bw="32" slack="0"/>
</pin_list>
<bind>
<opcode="sub(10) " fcode="sub"/>
<opset="sub_ln77_1/6 "/>
</bind>
</comp>

<comp id="422" class="1004" name="trunc_ln77_2_fu_422">
<pin_list>
<pin id="423" dir="0" index="0" bw="32" slack="0"/>
<pin id="424" dir="0" index="1" bw="64" slack="2"/>
<pin id="425" dir="0" index="2" bw="5" slack="0"/>
<pin id="426" dir="0" index="3" bw="7" slack="0"/>
<pin id="427" dir="1" index="4" bw="32" slack="0"/>
</pin_list>
<bind>
<opcode="partselect(1002) " fcode="partselect"/>
<opset="trunc_ln77_2/6 "/>
</bind>
</comp>

<comp id="431" class="1004" name="select_ln77_fu_431">
<pin_list>
<pin id="432" dir="0" index="0" bw="1" slack="0"/>
<pin id="433" dir="0" index="1" bw="32" slack="0"/>
<pin id="434" dir="0" index="2" bw="32" slack="0"/>
<pin id="435" dir="1" index="3" bw="32" slack="0"/>
</pin_list>
<bind>
<opcode="select(49) " fcode="select"/>
<opset="select_ln77/6 "/>
</bind>
</comp>

<comp id="439" class="1004" name="add_ln80_fu_439">
<pin_list>
<pin id="440" dir="0" index="0" bw="32" slack="0"/>
<pin id="441" dir="0" index="1" bw="32" slack="0"/>
<pin id="442" dir="1" index="2" bw="32" slack="0"/>
</pin_list>
<bind>
<opcode="add(8) " fcode="add"/>
<opset="add_ln80/6 "/>
</bind>
</comp>

<comp id="446" class="1004" name="add_ln81_fu_446">
<pin_list>
<pin id="447" dir="0" index="0" bw="32" slack="0"/>
<pin id="448" dir="0" index="1" bw="32" slack="0"/>
<pin id="449" dir="1" index="2" bw="32" slack="0"/>
</pin_list>
<bind>
<opcode="add(8) " fcode="add"/>
<opset="add_ln81/6 "/>
</bind>
</comp>

<comp id="453" class="1005" name="trunc_ln48_reg_453">
<pin_list>
<pin id="454" dir="0" index="0" bw="12" slack="1"/>
<pin id="455" dir="1" index="1" bw="12" slack="1"/>
</pin_list>
<bind>
<opset="trunc_ln48 "/>
</bind>
</comp>

<comp id="458" class="1005" name="delay_buffer_L_addr_reg_458">
<pin_list>
<pin id="459" dir="0" index="0" bw="12" slack="1"/>
<pin id="460" dir="1" index="1" bw="12" slack="1"/>
</pin_list>
<bind>
<opset="delay_buffer_L_addr "/>
</bind>
</comp>

<comp id="463" class="1005" name="delay_buffer_R_addr_reg_463">
<pin_list>
<pin id="464" dir="0" index="0" bw="12" slack="1"/>
<pin id="465" dir="1" index="1" bw="12" slack="1"/>
</pin_list>
<bind>
<opset="delay_buffer_R_addr "/>
</bind>
</comp>

<comp id="468" class="1005" name="wet_mix_read_reg_468">
<pin_list>
<pin id="469" dir="0" index="0" bw="32" slack="1"/>
<pin id="470" dir="1" index="1" bw="32" slack="1"/>
</pin_list>
<bind>
<opset="wet_mix_read "/>
</bind>
</comp>

<comp id="473" class="1005" name="in_R_read_reg_473">
<pin_list>
<pin id="474" dir="0" index="0" bw="32" slack="1"/>
<pin id="475" dir="1" index="1" bw="32" slack="1"/>
</pin_list>
<bind>
<opset="in_R_read "/>
</bind>
</comp>

<comp id="478" class="1005" name="in_L_read_reg_478">
<pin_list>
<pin id="479" dir="0" index="0" bw="32" slack="1"/>
<pin id="480" dir="1" index="1" bw="32" slack="1"/>
</pin_list>
<bind>
<opset="in_L_read "/>
</bind>
</comp>

<comp id="483" class="1005" name="delayed_L_reg_483">
<pin_list>
<pin id="484" dir="0" index="0" bw="32" slack="1"/>
<pin id="485" dir="1" index="1" bw="32" slack="1"/>
</pin_list>
<bind>
<opset="delayed_L "/>
</bind>
</comp>

<comp id="488" class="1005" name="delayed_R_reg_488">
<pin_list>
<pin id="489" dir="0" index="0" bw="32" slack="1"/>
<pin id="490" dir="1" index="1" bw="32" slack="1"/>
</pin_list>
<bind>
<opset="delayed_R "/>
</bind>
</comp>

<comp id="493" class="1005" name="sub_ln75_reg_493">
<pin_list>
<pin id="494" dir="0" index="0" bw="32" slack="1"/>
<pin id="495" dir="1" index="1" bw="32" slack="1"/>
</pin_list>
<bind>
<opset="sub_ln75 "/>
</bind>
</comp>

<comp id="498" class="1005" name="sext_ln74_reg_498">
<pin_list>
<pin id="499" dir="0" index="0" bw="64" slack="1"/>
<pin id="500" dir="1" index="1" bw="64" slack="1"/>
</pin_list>
<bind>
<opset="sext_ln74 "/>
</bind>
</comp>

<comp id="503" class="1005" name="zext_ln74_reg_503">
<pin_list>
<pin id="504" dir="0" index="0" bw="64" slack="1"/>
<pin id="505" dir="1" index="1" bw="64" slack="1"/>
</pin_list>
<bind>
<opset="zext_ln74 "/>
</bind>
</comp>

<comp id="509" class="1005" name="sext_ln75_reg_509">
<pin_list>
<pin id="510" dir="0" index="0" bw="64" slack="1"/>
<pin id="511" dir="1" index="1" bw="64" slack="1"/>
</pin_list>
<bind>
<opset="sext_ln75 "/>
</bind>
</comp>

<comp id="514" class="1005" name="zext_ln75_reg_514">
<pin_list>
<pin id="515" dir="0" index="0" bw="64" slack="1"/>
<pin id="516" dir="1" index="1" bw="64" slack="1"/>
</pin_list>
<bind>
<opset="zext_ln75 "/>
</bind>
</comp>

<comp id="520" class="1005" name="sext_ln76_reg_520">
<pin_list>
<pin id="521" dir="0" index="0" bw="64" slack="1"/>
<pin id="522" dir="1" index="1" bw="64" slack="1"/>
</pin_list>
<bind>
<opset="sext_ln76 "/>
</bind>
</comp>

<comp id="525" class="1005" name="sext_ln77_reg_525">
<pin_list>
<pin id="526" dir="0" index="0" bw="64" slack="1"/>
<pin id="527" dir="1" index="1" bw="64" slack="1"/>
</pin_list>
<bind>
<opset="sext_ln77 "/>
</bind>
</comp>

<comp id="530" class="1005" name="mul_ln74_reg_530">
<pin_list>
<pin id="531" dir="0" index="0" bw="64" slack="2"/>
<pin id="532" dir="1" index="1" bw="64" slack="2"/>
</pin_list>
<bind>
<opset="mul_ln74 "/>
</bind>
</comp>

<comp id="536" class="1005" name="trunc_ln74_reg_536">
<pin_list>
<pin id="537" dir="0" index="0" bw="40" slack="1"/>
<pin id="538" dir="1" index="1" bw="40" slack="1"/>
</pin_list>
<bind>
<opset="trunc_ln74 "/>
</bind>
</comp>

<comp id="541" class="1005" name="mul_ln75_reg_541">
<pin_list>
<pin id="542" dir="0" index="0" bw="64" slack="2"/>
<pin id="543" dir="1" index="1" bw="64" slack="2"/>
</pin_list>
<bind>
<opset="mul_ln75 "/>
</bind>
</comp>

<comp id="547" class="1005" name="trunc_ln75_reg_547">
<pin_list>
<pin id="548" dir="0" index="0" bw="40" slack="1"/>
<pin id="549" dir="1" index="1" bw="40" slack="1"/>
</pin_list>
<bind>
<opset="trunc_ln75 "/>
</bind>
</comp>

<comp id="552" class="1005" name="mul_ln76_reg_552">
<pin_list>
<pin id="553" dir="0" index="0" bw="64" slack="2"/>
<pin id="554" dir="1" index="1" bw="64" slack="2"/>
</pin_list>
<bind>
<opset="mul_ln76 "/>
</bind>
</comp>

<comp id="558" class="1005" name="trunc_ln76_reg_558">
<pin_list>
<pin id="559" dir="0" index="0" bw="40" slack="1"/>
<pin id="560" dir="1" index="1" bw="40" slack="1"/>
</pin_list>
<bind>
<opset="trunc_ln76 "/>
</bind>
</comp>

<comp id="563" class="1005" name="mul_ln77_reg_563">
<pin_list>
<pin id="564" dir="0" index="0" bw="64" slack="2"/>
<pin id="565" dir="1" index="1" bw="64" slack="2"/>
</pin_list>
<bind>
<opset="mul_ln77 "/>
</bind>
</comp>

<comp id="569" class="1005" name="trunc_ln77_reg_569">
<pin_list>
<pin id="570" dir="0" index="0" bw="40" slack="1"/>
<pin id="571" dir="1" index="1" bw="40" slack="1"/>
</pin_list>
<bind>
<opset="trunc_ln77 "/>
</bind>
</comp>

<comp id="574" class="1005" name="trunc_ln74_1_reg_574">
<pin_list>
<pin id="575" dir="0" index="0" bw="32" slack="1"/>
<pin id="576" dir="1" index="1" bw="32" slack="1"/>
</pin_list>
<bind>
<opset="trunc_ln74_1 "/>
</bind>
</comp>

<comp id="579" class="1005" name="trunc_ln75_1_reg_579">
<pin_list>
<pin id="580" dir="0" index="0" bw="32" slack="1"/>
<pin id="581" dir="1" index="1" bw="32" slack="1"/>
</pin_list>
<bind>
<opset="trunc_ln75_1 "/>
</bind>
</comp>

<comp id="584" class="1005" name="trunc_ln76_1_reg_584">
<pin_list>
<pin id="585" dir="0" index="0" bw="32" slack="1"/>
<pin id="586" dir="1" index="1" bw="32" slack="1"/>
</pin_list>
<bind>
<opset="trunc_ln76_1 "/>
</bind>
</comp>

<comp id="589" class="1005" name="trunc_ln77_1_reg_589">
<pin_list>
<pin id="590" dir="0" index="0" bw="32" slack="1"/>
<pin id="591" dir="1" index="1" bw="32" slack="1"/>
</pin_list>
<bind>
<opset="trunc_ln77_1 "/>
</bind>
</comp>

</comp_list>

<net_list>
<net id="80"><net_src comp="20" pin="0"/><net_sink comp="76" pin=0"/></net>

<net id="81"><net_src comp="8" pin="0"/><net_sink comp="76" pin=1"/></net>

<net id="86"><net_src comp="20" pin="0"/><net_sink comp="82" pin=0"/></net>

<net id="87"><net_src comp="12" pin="0"/><net_sink comp="82" pin=1"/></net>

<net id="92"><net_src comp="26" pin="0"/><net_sink comp="88" pin=0"/></net>

<net id="93"><net_src comp="6" pin="0"/><net_sink comp="88" pin=1"/></net>

<net id="98"><net_src comp="26" pin="0"/><net_sink comp="94" pin=0"/></net>

<net id="99"><net_src comp="4" pin="0"/><net_sink comp="94" pin=1"/></net>

<net id="105"><net_src comp="74" pin="0"/><net_sink comp="100" pin=0"/></net>

<net id="106"><net_src comp="0" pin="0"/><net_sink comp="100" pin=1"/></net>

<net id="112"><net_src comp="74" pin="0"/><net_sink comp="107" pin=0"/></net>

<net id="113"><net_src comp="2" pin="0"/><net_sink comp="107" pin=1"/></net>

<net id="119"><net_src comp="16" pin="0"/><net_sink comp="114" pin=0"/></net>

<net id="120"><net_src comp="22" pin="0"/><net_sink comp="114" pin=1"/></net>

<net id="126"><net_src comp="114" pin="3"/><net_sink comp="121" pin=0"/></net>

<net id="132"><net_src comp="18" pin="0"/><net_sink comp="127" pin=0"/></net>

<net id="133"><net_src comp="22" pin="0"/><net_sink comp="127" pin=1"/></net>

<net id="139"><net_src comp="127" pin="3"/><net_sink comp="134" pin=0"/></net>

<net id="145"><net_src comp="16" pin="0"/><net_sink comp="140" pin=0"/></net>

<net id="146"><net_src comp="22" pin="0"/><net_sink comp="140" pin=1"/></net>

<net id="147"><net_src comp="94" pin="2"/><net_sink comp="121" pin=1"/></net>

<net id="148"><net_src comp="140" pin="3"/><net_sink comp="121" pin=0"/></net>

<net id="154"><net_src comp="18" pin="0"/><net_sink comp="149" pin=0"/></net>

<net id="155"><net_src comp="22" pin="0"/><net_sink comp="149" pin=1"/></net>

<net id="156"><net_src comp="88" pin="2"/><net_sink comp="134" pin=1"/></net>

<net id="157"><net_src comp="149" pin="3"/><net_sink comp="134" pin=0"/></net>

<net id="177"><net_src comp="76" pin="2"/><net_sink comp="174" pin=0"/></net>

<net id="181"><net_src comp="14" pin="0"/><net_sink comp="178" pin=0"/></net>

<net id="185"><net_src comp="178" pin="1"/><net_sink comp="182" pin=0"/></net>

<net id="190"><net_src comp="182" pin="1"/><net_sink comp="186" pin=0"/></net>

<net id="191"><net_src comp="174" pin="1"/><net_sink comp="186" pin=1"/></net>

<net id="195"><net_src comp="186" pin="2"/><net_sink comp="192" pin=0"/></net>

<net id="196"><net_src comp="192" pin="1"/><net_sink comp="114" pin=2"/></net>

<net id="197"><net_src comp="192" pin="1"/><net_sink comp="127" pin=2"/></net>

<net id="202"><net_src comp="178" pin="1"/><net_sink comp="198" pin=0"/></net>

<net id="203"><net_src comp="24" pin="0"/><net_sink comp="198" pin=1"/></net>

<net id="208"><net_src comp="198" pin="2"/><net_sink comp="204" pin=0"/></net>

<net id="209"><net_src comp="14" pin="0"/><net_sink comp="204" pin=1"/></net>

<net id="213"><net_src comp="210" pin="1"/><net_sink comp="140" pin=2"/></net>

<net id="214"><net_src comp="210" pin="1"/><net_sink comp="149" pin=2"/></net>

<net id="219"><net_src comp="28" pin="0"/><net_sink comp="215" pin=0"/></net>

<net id="220"><net_src comp="82" pin="2"/><net_sink comp="215" pin=1"/></net>

<net id="224"><net_src comp="221" pin="1"/><net_sink comp="166" pin=0"/></net>

<net id="228"><net_src comp="225" pin="1"/><net_sink comp="166" pin=1"/></net>

<net id="229"><net_src comp="225" pin="1"/><net_sink comp="170" pin=1"/></net>

<net id="233"><net_src comp="230" pin="1"/><net_sink comp="158" pin=1"/></net>

<net id="237"><net_src comp="234" pin="1"/><net_sink comp="158" pin=0"/></net>

<net id="238"><net_src comp="234" pin="1"/><net_sink comp="162" pin=0"/></net>

<net id="242"><net_src comp="239" pin="1"/><net_sink comp="170" pin=0"/></net>

<net id="246"><net_src comp="243" pin="1"/><net_sink comp="162" pin=1"/></net>

<net id="250"><net_src comp="166" pin="2"/><net_sink comp="247" pin=0"/></net>

<net id="254"><net_src comp="158" pin="2"/><net_sink comp="251" pin=0"/></net>

<net id="258"><net_src comp="170" pin="2"/><net_sink comp="255" pin=0"/></net>

<net id="262"><net_src comp="162" pin="2"/><net_sink comp="259" pin=0"/></net>

<net id="267"><net_src comp="30" pin="0"/><net_sink comp="263" pin=0"/></net>

<net id="274"><net_src comp="32" pin="0"/><net_sink comp="268" pin=0"/></net>

<net id="275"><net_src comp="263" pin="2"/><net_sink comp="268" pin=1"/></net>

<net id="276"><net_src comp="34" pin="0"/><net_sink comp="268" pin=2"/></net>

<net id="277"><net_src comp="36" pin="0"/><net_sink comp="268" pin=3"/></net>

<net id="282"><net_src comp="30" pin="0"/><net_sink comp="278" pin=0"/></net>

<net id="289"><net_src comp="32" pin="0"/><net_sink comp="283" pin=0"/></net>

<net id="290"><net_src comp="278" pin="2"/><net_sink comp="283" pin=1"/></net>

<net id="291"><net_src comp="34" pin="0"/><net_sink comp="283" pin=2"/></net>

<net id="292"><net_src comp="36" pin="0"/><net_sink comp="283" pin=3"/></net>

<net id="297"><net_src comp="30" pin="0"/><net_sink comp="293" pin=0"/></net>

<net id="304"><net_src comp="32" pin="0"/><net_sink comp="298" pin=0"/></net>

<net id="305"><net_src comp="293" pin="2"/><net_sink comp="298" pin=1"/></net>

<net id="306"><net_src comp="34" pin="0"/><net_sink comp="298" pin=2"/></net>

<net id="307"><net_src comp="36" pin="0"/><net_sink comp="298" pin=3"/></net>

<net id="312"><net_src comp="30" pin="0"/><net_sink comp="308" pin=0"/></net>

<net id="319"><net_src comp="32" pin="0"/><net_sink comp="313" pin=0"/></net>

<net id="320"><net_src comp="308" pin="2"/><net_sink comp="313" pin=1"/></net>

<net id="321"><net_src comp="34" pin="0"/><net_sink comp="313" pin=2"/></net>

<net id="322"><net_src comp="36" pin="0"/><net_sink comp="313" pin=3"/></net>

<net id="328"><net_src comp="68" pin="0"/><net_sink comp="323" pin=0"/></net>

<net id="329"><net_src comp="70" pin="0"/><net_sink comp="323" pin=2"/></net>

<net id="334"><net_src comp="52" pin="0"/><net_sink comp="330" pin=0"/></net>

<net id="341"><net_src comp="72" pin="0"/><net_sink comp="335" pin=0"/></net>

<net id="342"><net_src comp="34" pin="0"/><net_sink comp="335" pin=2"/></net>

<net id="343"><net_src comp="36" pin="0"/><net_sink comp="335" pin=3"/></net>

<net id="349"><net_src comp="323" pin="3"/><net_sink comp="344" pin=0"/></net>

<net id="350"><net_src comp="330" pin="2"/><net_sink comp="344" pin=1"/></net>

<net id="351"><net_src comp="335" pin="4"/><net_sink comp="344" pin=2"/></net>

<net id="357"><net_src comp="68" pin="0"/><net_sink comp="352" pin=0"/></net>

<net id="358"><net_src comp="70" pin="0"/><net_sink comp="352" pin=2"/></net>

<net id="363"><net_src comp="52" pin="0"/><net_sink comp="359" pin=0"/></net>

<net id="370"><net_src comp="72" pin="0"/><net_sink comp="364" pin=0"/></net>

<net id="371"><net_src comp="34" pin="0"/><net_sink comp="364" pin=2"/></net>

<net id="372"><net_src comp="36" pin="0"/><net_sink comp="364" pin=3"/></net>

<net id="378"><net_src comp="352" pin="3"/><net_sink comp="373" pin=0"/></net>

<net id="379"><net_src comp="359" pin="2"/><net_sink comp="373" pin=1"/></net>

<net id="380"><net_src comp="364" pin="4"/><net_sink comp="373" pin=2"/></net>

<net id="386"><net_src comp="68" pin="0"/><net_sink comp="381" pin=0"/></net>

<net id="387"><net_src comp="70" pin="0"/><net_sink comp="381" pin=2"/></net>

<net id="392"><net_src comp="52" pin="0"/><net_sink comp="388" pin=0"/></net>

<net id="399"><net_src comp="72" pin="0"/><net_sink comp="393" pin=0"/></net>

<net id="400"><net_src comp="34" pin="0"/><net_sink comp="393" pin=2"/></net>

<net id="401"><net_src comp="36" pin="0"/><net_sink comp="393" pin=3"/></net>

<net id="407"><net_src comp="381" pin="3"/><net_sink comp="402" pin=0"/></net>

<net id="408"><net_src comp="388" pin="2"/><net_sink comp="402" pin=1"/></net>

<net id="409"><net_src comp="393" pin="4"/><net_sink comp="402" pin=2"/></net>

<net id="415"><net_src comp="68" pin="0"/><net_sink comp="410" pin=0"/></net>

<net id="416"><net_src comp="70" pin="0"/><net_sink comp="410" pin=2"/></net>

<net id="421"><net_src comp="52" pin="0"/><net_sink comp="417" pin=0"/></net>

<net id="428"><net_src comp="72" pin="0"/><net_sink comp="422" pin=0"/></net>

<net id="429"><net_src comp="34" pin="0"/><net_sink comp="422" pin=2"/></net>

<net id="430"><net_src comp="36" pin="0"/><net_sink comp="422" pin=3"/></net>

<net id="436"><net_src comp="410" pin="3"/><net_sink comp="431" pin=0"/></net>

<net id="437"><net_src comp="417" pin="2"/><net_sink comp="431" pin=1"/></net>

<net id="438"><net_src comp="422" pin="4"/><net_sink comp="431" pin=2"/></net>

<net id="443"><net_src comp="373" pin="3"/><net_sink comp="439" pin=0"/></net>

<net id="444"><net_src comp="344" pin="3"/><net_sink comp="439" pin=1"/></net>

<net id="445"><net_src comp="439" pin="2"/><net_sink comp="100" pin=2"/></net>

<net id="450"><net_src comp="431" pin="3"/><net_sink comp="446" pin=0"/></net>

<net id="451"><net_src comp="402" pin="3"/><net_sink comp="446" pin=1"/></net>

<net id="452"><net_src comp="446" pin="2"/><net_sink comp="107" pin=2"/></net>

<net id="456"><net_src comp="182" pin="1"/><net_sink comp="453" pin=0"/></net>

<net id="457"><net_src comp="453" pin="1"/><net_sink comp="210" pin=0"/></net>

<net id="461"><net_src comp="114" pin="3"/><net_sink comp="458" pin=0"/></net>

<net id="462"><net_src comp="458" pin="1"/><net_sink comp="121" pin=0"/></net>

<net id="466"><net_src comp="127" pin="3"/><net_sink comp="463" pin=0"/></net>

<net id="467"><net_src comp="463" pin="1"/><net_sink comp="134" pin=0"/></net>

<net id="471"><net_src comp="82" pin="2"/><net_sink comp="468" pin=0"/></net>

<net id="472"><net_src comp="468" pin="1"/><net_sink comp="225" pin=0"/></net>

<net id="476"><net_src comp="88" pin="2"/><net_sink comp="473" pin=0"/></net>

<net id="477"><net_src comp="473" pin="1"/><net_sink comp="243" pin=0"/></net>

<net id="481"><net_src comp="94" pin="2"/><net_sink comp="478" pin=0"/></net>

<net id="482"><net_src comp="478" pin="1"/><net_sink comp="230" pin=0"/></net>

<net id="486"><net_src comp="121" pin="3"/><net_sink comp="483" pin=0"/></net>

<net id="487"><net_src comp="483" pin="1"/><net_sink comp="221" pin=0"/></net>

<net id="491"><net_src comp="134" pin="3"/><net_sink comp="488" pin=0"/></net>

<net id="492"><net_src comp="488" pin="1"/><net_sink comp="239" pin=0"/></net>

<net id="496"><net_src comp="215" pin="2"/><net_sink comp="493" pin=0"/></net>

<net id="497"><net_src comp="493" pin="1"/><net_sink comp="234" pin=0"/></net>

<net id="501"><net_src comp="221" pin="1"/><net_sink comp="498" pin=0"/></net>

<net id="502"><net_src comp="498" pin="1"/><net_sink comp="166" pin=0"/></net>

<net id="506"><net_src comp="225" pin="1"/><net_sink comp="503" pin=0"/></net>

<net id="507"><net_src comp="503" pin="1"/><net_sink comp="166" pin=1"/></net>

<net id="508"><net_src comp="503" pin="1"/><net_sink comp="170" pin=1"/></net>

<net id="512"><net_src comp="230" pin="1"/><net_sink comp="509" pin=0"/></net>

<net id="513"><net_src comp="509" pin="1"/><net_sink comp="158" pin=1"/></net>

<net id="517"><net_src comp="234" pin="1"/><net_sink comp="514" pin=0"/></net>

<net id="518"><net_src comp="514" pin="1"/><net_sink comp="158" pin=0"/></net>

<net id="519"><net_src comp="514" pin="1"/><net_sink comp="162" pin=0"/></net>

<net id="523"><net_src comp="239" pin="1"/><net_sink comp="520" pin=0"/></net>

<net id="524"><net_src comp="520" pin="1"/><net_sink comp="170" pin=0"/></net>

<net id="528"><net_src comp="243" pin="1"/><net_sink comp="525" pin=0"/></net>

<net id="529"><net_src comp="525" pin="1"/><net_sink comp="162" pin=1"/></net>

<net id="533"><net_src comp="166" pin="2"/><net_sink comp="530" pin=0"/></net>

<net id="534"><net_src comp="530" pin="1"/><net_sink comp="323" pin=1"/></net>

<net id="535"><net_src comp="530" pin="1"/><net_sink comp="335" pin=1"/></net>

<net id="539"><net_src comp="247" pin="1"/><net_sink comp="536" pin=0"/></net>

<net id="540"><net_src comp="536" pin="1"/><net_sink comp="263" pin=1"/></net>

<net id="544"><net_src comp="158" pin="2"/><net_sink comp="541" pin=0"/></net>

<net id="545"><net_src comp="541" pin="1"/><net_sink comp="352" pin=1"/></net>

<net id="546"><net_src comp="541" pin="1"/><net_sink comp="364" pin=1"/></net>

<net id="550"><net_src comp="251" pin="1"/><net_sink comp="547" pin=0"/></net>

<net id="551"><net_src comp="547" pin="1"/><net_sink comp="278" pin=1"/></net>

<net id="555"><net_src comp="170" pin="2"/><net_sink comp="552" pin=0"/></net>

<net id="556"><net_src comp="552" pin="1"/><net_sink comp="381" pin=1"/></net>

<net id="557"><net_src comp="552" pin="1"/><net_sink comp="393" pin=1"/></net>

<net id="561"><net_src comp="255" pin="1"/><net_sink comp="558" pin=0"/></net>

<net id="562"><net_src comp="558" pin="1"/><net_sink comp="293" pin=1"/></net>

<net id="566"><net_src comp="162" pin="2"/><net_sink comp="563" pin=0"/></net>

<net id="567"><net_src comp="563" pin="1"/><net_sink comp="410" pin=1"/></net>

<net id="568"><net_src comp="563" pin="1"/><net_sink comp="422" pin=1"/></net>

<net id="572"><net_src comp="259" pin="1"/><net_sink comp="569" pin=0"/></net>

<net id="573"><net_src comp="569" pin="1"/><net_sink comp="308" pin=1"/></net>

<net id="577"><net_src comp="268" pin="4"/><net_sink comp="574" pin=0"/></net>

<net id="578"><net_src comp="574" pin="1"/><net_sink comp="330" pin=1"/></net>

<net id="582"><net_src comp="283" pin="4"/><net_sink comp="579" pin=0"/></net>

<net id="583"><net_src comp="579" pin="1"/><net_sink comp="359" pin=1"/></net>

<net id="587"><net_src comp="298" pin="4"/><net_sink comp="584" pin=0"/></net>

<net id="588"><net_src comp="584" pin="1"/><net_sink comp="388" pin=1"/></net>

<net id="592"><net_src comp="313" pin="4"/><net_sink comp="589" pin=0"/></net>

<net id="593"><net_src comp="589" pin="1"/><net_sink comp="417" pin=1"/></net>

</net_list>

</model> 
---------------- Datapath Model END ------------------

* FSMD analyzer results:
  - Output states:
	Port: out_L | {6 }
	Port: out_R | {6 }
	Port: write_index | {1 }
	Port: delay_buffer_L | {2 }
	Port: delay_buffer_R | {2 }
 - Input state : 
	Port: audio : in_L | {2 }
	Port: audio : in_R | {2 }
	Port: audio : delay_samples | {1 }
	Port: audio : wet_mix | {2 }
	Port: audio : write_index | {1 }
	Port: audio : delay_buffer_L | {1 2 }
	Port: audio : delay_buffer_R | {1 2 }
  - Chain level:
	State 1
		trunc_ln48 : 1
		read_index : 2
		zext_ln51 : 3
		delay_buffer_L_addr : 4
		delayed_L : 5
		delay_buffer_R_addr : 4
		delayed_R : 5
		add_ln84 : 1
		store_ln84 : 2
	State 2
		delay_buffer_L_addr_1 : 1
		store_ln70 : 2
		delay_buffer_R_addr_1 : 1
		store_ln71 : 2
	State 3
		mul_ln74 : 1
		mul_ln75 : 1
		mul_ln76 : 1
		mul_ln77 : 1
	State 4
		trunc_ln74 : 1
		trunc_ln75 : 1
		trunc_ln76 : 1
		trunc_ln77 : 1
	State 5
		trunc_ln74_1 : 1
		trunc_ln75_1 : 1
		trunc_ln76_1 : 1
		trunc_ln77_1 : 1
	State 6
		select_ln74 : 1
		select_ln75 : 1
		select_ln76 : 1
		select_ln77 : 1
		add_ln80 : 2
		write_ln80 : 3
		add_ln81 : 2
		write_ln81 : 3


============================================================
+ Verbose Summary: Datapath Resource usage 
============================================================

* Functional unit list:
|----------|-------------------------------|---------|---------|---------|
| Operation|        Functional Unit        |   DSP   |    FF   |   LUT   |
|----------|-------------------------------|---------|---------|---------|
|          |           grp_fu_158          |    4    |   165   |    50   |
|    mul   |           grp_fu_162          |    4    |   165   |    50   |
|          |           grp_fu_166          |    4    |   165   |    50   |
|          |           grp_fu_170          |    4    |   165   |    50   |
|----------|-------------------------------|---------|---------|---------|
|          |       read_index_fu_186       |    0    |    0    |    12   |
|          |        sub_ln75_fu_215        |    0    |    0    |    39   |
|          |        sub_ln74_fu_263        |    0    |    0    |    47   |
|          |       sub_ln75_1_fu_278       |    0    |    0    |    47   |
|    sub   |        sub_ln76_fu_293        |    0    |    0    |    47   |
|          |        sub_ln77_fu_308        |    0    |    0    |    47   |
|          |       sub_ln74_1_fu_330       |    0    |    0    |    39   |
|          |       sub_ln75_2_fu_359       |    0    |    0    |    39   |
|          |       sub_ln76_1_fu_388       |    0    |    0    |    39   |
|          |       sub_ln77_1_fu_417       |    0    |    0    |    39   |
|----------|-------------------------------|---------|---------|---------|
|          |       select_ln74_fu_344      |    0    |    0    |    32   |
|  select  |       select_ln75_fu_373      |    0    |    0    |    32   |
|          |       select_ln76_fu_402      |    0    |    0    |    32   |
|          |       select_ln77_fu_431      |    0    |    0    |    32   |
|----------|-------------------------------|---------|---------|---------|
|          |        add_ln84_fu_198        |    0    |    0    |    39   |
|    add   |        add_ln80_fu_439        |    0    |    0    |    39   |
|          |        add_ln81_fu_446        |    0    |    0    |    39   |
|----------|-------------------------------|---------|---------|---------|
|          | delay_samples_read_read_fu_76 |    0    |    0    |    0    |
|   read   |    wet_mix_read_read_fu_82    |    0    |    0    |    0    |
|          |      in_R_read_read_fu_88     |    0    |    0    |    0    |
|          |      in_L_read_read_fu_94     |    0    |    0    |    0    |
|----------|-------------------------------|---------|---------|---------|
|   write  |    write_ln80_write_fu_100    |    0    |    0    |    0    |
|          |    write_ln81_write_fu_107    |    0    |    0    |    0    |
|----------|-------------------------------|---------|---------|---------|
|          |       trunc_ln34_fu_174       |    0    |    0    |    0    |
|          |       trunc_ln48_fu_182       |    0    |    0    |    0    |
|   trunc  |       trunc_ln74_fu_247       |    0    |    0    |    0    |
|          |       trunc_ln75_fu_251       |    0    |    0    |    0    |
|          |       trunc_ln76_fu_255       |    0    |    0    |    0    |
|          |       trunc_ln77_fu_259       |    0    |    0    |    0    |
|----------|-------------------------------|---------|---------|---------|
|          |        zext_ln51_fu_192       |    0    |    0    |    0    |
|   zext   |        zext_ln70_fu_210       |    0    |    0    |    0    |
|          |        zext_ln74_fu_225       |    0    |    0    |    0    |
|          |        zext_ln75_fu_234       |    0    |    0    |    0    |
|----------|-------------------------------|---------|---------|---------|
|          |        sext_ln74_fu_221       |    0    |    0    |    0    |
|   sext   |        sext_ln75_fu_230       |    0    |    0    |    0    |
|          |        sext_ln76_fu_239       |    0    |    0    |    0    |
|          |        sext_ln77_fu_243       |    0    |    0    |    0    |
|----------|-------------------------------|---------|---------|---------|
|          |      trunc_ln74_1_fu_268      |    0    |    0    |    0    |
|          |      trunc_ln75_1_fu_283      |    0    |    0    |    0    |
|          |      trunc_ln76_1_fu_298      |    0    |    0    |    0    |
|partselect|      trunc_ln77_1_fu_313      |    0    |    0    |    0    |
|          |      trunc_ln74_2_fu_335      |    0    |    0    |    0    |
|          |      trunc_ln75_2_fu_364      |    0    |    0    |    0    |
|          |      trunc_ln76_2_fu_393      |    0    |    0    |    0    |
|          |      trunc_ln77_2_fu_422      |    0    |    0    |    0    |
|----------|-------------------------------|---------|---------|---------|
|          |           tmp_fu_323          |    0    |    0    |    0    |
| bitselect|          tmp_1_fu_352         |    0    |    0    |    0    |
|          |          tmp_2_fu_381         |    0    |    0    |    0    |
|          |          tmp_3_fu_410         |    0    |    0    |    0    |
|----------|-------------------------------|---------|---------|---------|
|   Total  |                               |    16   |   660   |   840   |
|----------|-------------------------------|---------|---------|---------|

Memories:
+--------------+--------+--------+--------+--------+
|              |  BRAM  |   FF   |   LUT  |  URAM  |
+--------------+--------+--------+--------+--------+
|delay_buffer_L|    8   |    0   |    0   |    0   |
|delay_buffer_R|    8   |    0   |    0   |    0   |
+--------------+--------+--------+--------+--------+
|     Total    |   16   |    0   |    0   |    0   |
+--------------+--------+--------+--------+--------+

* Register list:
+---------------------------+--------+
|                           |   FF   |
+---------------------------+--------+
|delay_buffer_L_addr_reg_458|   12   |
|delay_buffer_R_addr_reg_463|   12   |
|     delayed_L_reg_483     |   32   |
|     delayed_R_reg_488     |   32   |
|     in_L_read_reg_478     |   32   |
|     in_R_read_reg_473     |   32   |
|      mul_ln74_reg_530     |   64   |
|      mul_ln75_reg_541     |   64   |
|      mul_ln76_reg_552     |   64   |
|      mul_ln77_reg_563     |   64   |
|     sext_ln74_reg_498     |   64   |
|     sext_ln75_reg_509     |   64   |
|     sext_ln76_reg_520     |   64   |
|     sext_ln77_reg_525     |   64   |
|      sub_ln75_reg_493     |   32   |
|     trunc_ln48_reg_453    |   12   |
|    trunc_ln74_1_reg_574   |   32   |
|     trunc_ln74_reg_536    |   40   |
|    trunc_ln75_1_reg_579   |   32   |
|     trunc_ln75_reg_547    |   40   |
|    trunc_ln76_1_reg_584   |   32   |
|     trunc_ln76_reg_558    |   40   |
|    trunc_ln77_1_reg_589   |   32   |
|     trunc_ln77_reg_569    |   40   |
|    wet_mix_read_reg_468   |   32   |
|     zext_ln74_reg_503     |   64   |
|     zext_ln75_reg_514     |   64   |
+---------------------------+--------+
|           Total           |  1156  |
+---------------------------+--------+

* Multiplexer (MUX) list: 
|-------------------|------|------|------|--------||---------||---------||---------|
|        Comp       |  Pin | Size |  BW  | S x BW ||  Delay  ||    FF   ||   LUT   |
|-------------------|------|------|------|--------||---------||---------||---------|
| grp_access_fu_121 |  p0  |   3  |  12  |   36   ||    0    ||    14   |
| grp_access_fu_134 |  p0  |   3  |  12  |   36   ||    0    ||    14   |
|     grp_fu_158    |  p0  |   2  |  32  |   64   ||    0    ||    9    |
|     grp_fu_158    |  p1  |   2  |  32  |   64   ||    0    ||    9    |
|     grp_fu_162    |  p0  |   2  |  32  |   64   ||    0    ||    9    |
|     grp_fu_162    |  p1  |   2  |  32  |   64   ||    0    ||    9    |
|     grp_fu_166    |  p0  |   2  |  32  |   64   ||    0    ||    9    |
|     grp_fu_166    |  p1  |   2  |  32  |   64   ||    0    ||    9    |
|     grp_fu_170    |  p0  |   2  |  32  |   64   ||    0    ||    9    |
|     grp_fu_170    |  p1  |   2  |  32  |   64   ||    0    ||    9    |
|-------------------|------|------|------|--------||---------||---------||---------|
|       Total       |      |      |      |   584  || 16.1186 ||    0    ||   100   |
|-------------------|------|------|------|--------||---------||---------||---------|



* Summary:
+-----------+--------+--------+--------+--------+--------+--------+
|           |  BRAM  |   DSP  |  Delay |   FF   |   LUT  |  URAM  |
+-----------+--------+--------+--------+--------+--------+--------+
|  Function |    -   |   16   |    -   |   660  |   840  |    -   |
|   Memory  |   16   |    -   |    -   |    0   |    0   |    0   |
|Multiplexer|    -   |    -   |   16   |    0   |   100  |    -   |
|  Register |    -   |    -   |    -   |  1156  |    -   |    -   |
+-----------+--------+--------+--------+--------+--------+--------+
|   Total   |   16   |   16   |   16   |  1816  |   940  |    0   |
+-----------+--------+--------+--------+--------+--------+--------+
