

================================================================
== Vitis HLS Report for 'audio'
================================================================
* Date:           Sun Nov 30 17:32:35 2025

* Version:        2024.2 (Build 5238294 on Nov  8 2024)
* Project:        audio.comp
* Solution:       hls (Vivado IP Flow Target)
* Product family: zynq
* Target device:  xc7z020-clg400-1


================================================================
== Performance Estimates
================================================================
+ Timing: 
    * Summary: 
    +--------+----------+----------+------------+
    |  Clock |  Target  | Estimated| Uncertainty|
    +--------+----------+----------+------------+
    |ap_clk  |  10.00 ns|  7.198 ns|     2.70 ns|
    +--------+----------+----------+------------+

+ Latency: 
    * Summary: 
    +---------+---------+-----------+-----------+-----+-----+---------+
    |  Latency (cycles) |   Latency (absolute)  |  Interval | Pipeline|
    |   min   |   max   |    min    |    max    | min | max |   Type  |
    +---------+---------+-----------+-----------+-----+-----+---------+
    |        6|        6|  60.000 ns|  60.000 ns|    7|    7|       no|
    +---------+---------+-----------+-----------+-----+-----+---------+

    + Detail: 
        * Instance: 
        N/A

        * Loop: 
        N/A



================================================================
== Utilization Estimates
================================================================
* Summary: 
+-----------------+---------+-----+--------+-------+-----+
|       Name      | BRAM_18K| DSP |   FF   |  LUT  | URAM|
+-----------------+---------+-----+--------+-------+-----+
|DSP              |        -|    -|       -|      -|    -|
|Expression       |        -|    -|       0|    550|    -|
|FIFO             |        -|    -|       -|      -|    -|
|Instance         |        0|    4|     518|    396|    -|
|Memory           |      192|    -|       0|      0|    0|
|Multiplexer      |        -|    -|       0|     70|    -|
|Register         |        -|    -|     217|      -|    -|
+-----------------+---------+-----+--------+-------+-----+
|Total            |      192|    4|     735|   1016|    0|
+-----------------+---------+-----+--------+-------+-----+
|Available        |      280|  220|  106400|  53200|    0|
+-----------------+---------+-----+--------+-------+-----+
|Utilization (%)  |       68|    1|      ~0|      1|    0|
+-----------------+---------+-----+--------+-------+-----+

+ Detail: 
    * Instance: 
    +-----------------------+--------------------+---------+----+-----+-----+-----+
    |        Instance       |       Module       | BRAM_18K| DSP|  FF | LUT | URAM|
    +-----------------------+--------------------+---------+----+-----+-----+-----+
    |control_s_axi_U        |control_s_axi       |        0|   0|  188|  296|    0|
    |mul_24s_32s_32_2_1_U1  |mul_24s_32s_32_2_1  |        0|   2|  165|   50|    0|
    |mul_24s_32s_32_2_1_U2  |mul_24s_32s_32_2_1  |        0|   2|  165|   50|    0|
    +-----------------------+--------------------+---------+----+-----+-----+-----+
    |Total                  |                    |        0|   4|  518|  396|    0|
    +-----------------------+--------------------+---------+----+-----+-----+-----+

    * DSP: 
    N/A

    * Memory: 
    +------------------+------------------------------+---------+---+----+-----+-------+-----+------+-------------+
    |      Memory      |            Module            | BRAM_18K| FF| LUT| URAM| Words | Bits| Banks| W*Bits*Banks|
    +------------------+------------------------------+---------+---+----+-----+-------+-----+------+-------------+
    |delay_buffer_L_U  |delay_buffer_L_RAM_AUTO_1R1W  |       96|  0|   0|    0|  48000|   24|     1|      1152000|
    |delay_buffer_R_U  |delay_buffer_L_RAM_AUTO_1R1W  |       96|  0|   0|    0|  48000|   24|     1|      1152000|
    +------------------+------------------------------+---------+---+----+-----+-------+-----+------+-------------+
    |Total             |                              |      192|  0|   0|    0|  96000|   48|     2|      2304000|
    +------------------+------------------------------+---------+---+----+-----+-------+-----+------+-------------+

    * FIFO: 
    N/A

    * Expression: 
    +------------------------+----------+----+---+----+------------+------------+
    |      Variable Name     | Operation| DSP| FF| LUT| Bitwidth P0| Bitwidth P1|
    +------------------------+----------+----+---+----+------------+------------+
    |add_ln52_fu_299_p2      |         +|   0|  0|  39|          32|          32|
    |add_ln56_fu_321_p2      |         +|   0|  0|  39|          32|          32|
    |add_ln79_fu_230_p2      |         +|   0|  0|  23|          16|           1|
    |new_L_fu_305_p2         |         +|   0|  0|  40|          33|          33|
    |new_R_fu_327_p2         |         +|   0|  0|  40|          33|          33|
    |read_index_1_fu_216_p2  |         +|   0|  0|  16|          16|          16|
    |read_index_fu_204_p2    |         -|   0|  0|  23|          16|          16|
    |sub_ln42_fu_210_p2      |         -|   0|  0|  16|          16|          16|
    |icmp_ln39_fu_192_p2     |      icmp|   0|  0|  39|          32|          32|
    |icmp_ln59_fu_343_p2     |      icmp|   0|  0|  13|          10|           1|
    |icmp_ln60_fu_371_p2     |      icmp|   0|  0|  39|          32|          25|
    |icmp_ln61_fu_359_p2     |      icmp|   0|  0|  13|          10|           1|
    |icmp_ln62_fu_383_p2     |      icmp|   0|  0|  39|          32|          25|
    |icmp_ln80_fu_236_p2     |      icmp|   0|  0|  23|          16|          16|
    |new_L_1_fu_365_p3       |    select|   0|  0|  32|           1|          23|
    |new_R_1_fu_377_p3       |    select|   0|  0|  32|           1|          23|
    |read_index_2_fu_222_p3  |    select|   0|  0|  16|           1|          16|
    |select_ln65_fu_393_p3   |    select|   0|  0|  25|           1|          25|
    |select_ln66_fu_411_p3   |    select|   0|  0|  25|           1|          25|
    |select_ln80_fu_242_p3   |    select|   0|  0|  16|           1|           1|
    |xor_ln39_fu_198_p2      |       xor|   0|  0|   2|           1|           2|
    +------------------------+----------+----+---+----+------------+------------+
    |Total                   |          |   0|  0| 550|         333|         394|
    +------------------------+----------+----+---+----+------------+------------+

    * Multiplexer: 
    +-------------------------------+----+-----------+-----+-----------+
    |              Name             | LUT| Input Size| Bits| Total Bits|
    +-------------------------------+----+-----------+-----+-----------+
    |ap_NS_fsm                      |  42|          8|    1|          8|
    |delay_buffer_L_address0_local  |  14|          3|   16|         48|
    |delay_buffer_R_address0_local  |  14|          3|   16|         48|
    +-------------------------------+----+-----------+-----+-----------+
    |Total                          |  70|         14|   33|        104|
    +-------------------------------+----+-----------+-----+-----------+

    * Register: 
    +--------------------------+----+----+-----+-----------+
    |           Name           | FF | LUT| Bits| Const Bits|
    +--------------------------+----+----+-----+-----------+
    |add_ln52_reg_478          |  32|   0|   32|          0|
    |add_ln56_reg_483          |  32|   0|   32|          0|
    |ap_CS_fsm                 |   7|   0|    7|          0|
    |delayed_L_reg_440         |  24|   0|   24|          0|
    |delayed_R_reg_445         |  24|   0|   24|          0|
    |feedback_from_L_reg_472   |  24|   0|   24|          0|
    |feedback_from_R_reg_466   |  24|   0|   24|          0|
    |icmp_ln59_reg_488         |   1|   0|    1|          0|
    |icmp_ln61_reg_493         |   1|   0|    1|          0|
    |read_index_2_reg_425      |  16|   0|   16|          0|
    |write_index               |  16|   0|   16|          0|
    |write_index_load_reg_420  |  16|   0|   16|          0|
    +--------------------------+----+----+-----+-----------+
    |Total                     | 217|   0|  217|          0|
    +--------------------------+----+----+-----+-----------+



================================================================
== Interface
================================================================
* Summary: 
+-----------------------+-----+-----+------------+---------------+--------------+
|       RTL Ports       | Dir | Bits|  Protocol  | Source Object |    C Type    |
+-----------------------+-----+-----+------------+---------------+--------------+
|s_axi_control_AWVALID  |   in|    1|       s_axi|        control|        scalar|
|s_axi_control_AWREADY  |  out|    1|       s_axi|        control|        scalar|
|s_axi_control_AWADDR   |   in|    6|       s_axi|        control|        scalar|
|s_axi_control_WVALID   |   in|    1|       s_axi|        control|        scalar|
|s_axi_control_WREADY   |  out|    1|       s_axi|        control|        scalar|
|s_axi_control_WDATA    |   in|   32|       s_axi|        control|        scalar|
|s_axi_control_WSTRB    |   in|    4|       s_axi|        control|        scalar|
|s_axi_control_ARVALID  |   in|    1|       s_axi|        control|        scalar|
|s_axi_control_ARREADY  |  out|    1|       s_axi|        control|        scalar|
|s_axi_control_ARADDR   |   in|    6|       s_axi|        control|        scalar|
|s_axi_control_RVALID   |  out|    1|       s_axi|        control|        scalar|
|s_axi_control_RREADY   |   in|    1|       s_axi|        control|        scalar|
|s_axi_control_RDATA    |  out|   32|       s_axi|        control|        scalar|
|s_axi_control_RRESP    |  out|    2|       s_axi|        control|        scalar|
|s_axi_control_BVALID   |  out|    1|       s_axi|        control|        scalar|
|s_axi_control_BREADY   |   in|    1|       s_axi|        control|        scalar|
|s_axi_control_BRESP    |  out|    2|       s_axi|        control|        scalar|
|ap_clk                 |   in|    1|  ap_ctrl_hs|          audio|  return value|
|ap_rst_n               |   in|    1|  ap_ctrl_hs|          audio|  return value|
|interrupt              |  out|    1|  ap_ctrl_hs|          audio|  return value|
|delay_samples          |   in|   32|     ap_none|  delay_samples|        scalar|
|feedback_gain          |   in|   32|     ap_none|  feedback_gain|        scalar|
|wet_mix                |   in|   32|     ap_none|        wet_mix|        scalar|
+-----------------------+-----+-----+------------+---------------+--------------+

============================================================
+ Verbose Summary: Synthesis Manager
============================================================
InlineROM: 1
ExposeGlobal: 0
============================================================
+ Verbose Summary: CDFG Model
============================================================
IsTopModel: 1
ResetActiveHigh: 1
IsCombinational: 2
IsDatapathOnly: 2
HasWiredReturn: 1
HasMFsm: 0
HasVarLatency: 1
IsPipeline: 0
IsRtlPipelined: 0
IsInstanceOverlapped: 0
IsDontTouch: 0
HasImplIP: 0
IsGatedGlobalClock: 0


============================================================
+ Verbose Summary: Schedule
============================================================
* Number of FSM states : 7
* Pipeline : 0
* Dataflow Pipeline: 0

* FSM state transitions: 
1 --> 2 
2 --> 3 
3 --> 4 
4 --> 5 
5 --> 6 
6 --> 7 
7 --> 

* FSM state operations: 

State 1 <SV = 0> <Delay = 4.95>
ST_1 : Operation 8 [1/1] (0.00ns)   --->   "%delay_samples_read = read i32 @_ssdm_op_Read.ap_auto.i32, i32 %delay_samples" [audio.cpp:87]   --->   Operation 8 'read' 'delay_samples_read' <Predicate = true> <Delay = 0.00>
ST_1 : Operation 9 [1/1] (0.00ns)   --->   "%trunc_ln87 = trunc i32 %delay_samples_read" [audio.cpp:87]   --->   Operation 9 'trunc' 'trunc_ln87' <Predicate = true> <Delay = 0.00>
ST_1 : Operation 10 [1/1] (0.00ns)   --->   "%write_index_load = load i16 %write_index" [audio.cpp:39->audio.cpp:101]   --->   Operation 10 'load' 'write_index_load' <Predicate = true> <Delay = 0.00>
ST_1 : Operation 11 [1/1] (0.00ns)   --->   "%zext_ln39 = zext i16 %write_index_load" [audio.cpp:39->audio.cpp:101]   --->   Operation 11 'zext' 'zext_ln39' <Predicate = true> <Delay = 0.00>
ST_1 : Operation 12 [1/1] (2.55ns)   --->   "%icmp_ln39 = icmp_ult  i32 %zext_ln39, i32 %delay_samples_read" [audio.cpp:39->audio.cpp:101]   --->   Operation 12 'icmp' 'icmp_ln39' <Predicate = true> <Delay = 2.55> <CoreInst = "Cmp">   --->   Core 9 'Cmp' <Latency = 0> <II = 1> <Delay = 2.55> <FuncUnit> <Opcode : 'seteq' 'setne' 'setle' 'setge' 'setlt' 'setgt'> <InPorts = 2> <OutPorts = 1>
ST_1 : Operation 13 [1/1] (0.00ns) (grouped into LUT with out node read_index_2)   --->   "%xor_ln39 = xor i1 %icmp_ln39, i1 1" [audio.cpp:39->audio.cpp:101]   --->   Operation 13 'xor' 'xor_ln39' <Predicate = true> <Delay = 0.00> <CoreInst = "LogicGate">   --->   Core 74 'LogicGate' <Latency = 0> <II = 1> <Delay = 0.97> <FuncUnit> <Opcode : 'and' 'or' 'xor'> <InPorts = 2> <OutPorts = 1>
ST_1 : Operation 14 [1/1] (2.07ns)   --->   "%read_index = sub i16 %write_index_load, i16 %trunc_ln87" [audio.cpp:40->audio.cpp:101]   --->   Operation 14 'sub' 'read_index' <Predicate = true> <Delay = 2.07> <CoreInst = "Adder">   --->   Core 1 'Adder' <Latency = 0> <II = 1> <Delay = 2.07> <FuncUnit> <Opcode : 'add' 'sub'> <InPorts = 2> <OutPorts = 1>
ST_1 : Operation 15 [1/1] (0.00ns) (grouped into TernaryAdder)   --->   "%sub_ln42 = sub i16 48000, i16 %trunc_ln87" [audio.cpp:42->audio.cpp:101]   --->   Operation 15 'sub' 'sub_ln42' <Predicate = true> <Delay = 0.00> <CoreInst = "TAddSub">   --->   Core 10 'TAddSub' <Latency = 0> <II = 1> <Delay = 1.95> <IPBlock> <Opcode : '' 'add' 'sub'> <InPorts = 3> <OutPorts = 1> <Sync> <CReg>
ST_1 : Operation 16 [1/1] (3.90ns) (root node of TernaryAdder)   --->   "%read_index_1 = add i16 %write_index_load, i16 %sub_ln42" [audio.cpp:42->audio.cpp:101]   --->   Operation 16 'add' 'read_index_1' <Predicate = true> <Delay = 3.90> <CoreInst = "TAddSub">   --->   Core 10 'TAddSub' <Latency = 0> <II = 1> <Delay = 1.95> <IPBlock> <Opcode : '' 'add' 'sub'> <InPorts = 3> <OutPorts = 1> <Sync> <CReg>
ST_1 : Operation 17 [1/1] (0.97ns) (out node of the LUT)   --->   "%read_index_2 = select i1 %xor_ln39, i16 %read_index, i16 %read_index_1" [audio.cpp:39->audio.cpp:101]   --->   Operation 17 'select' 'read_index_2' <Predicate = true> <Delay = 0.97> <CoreInst = "Sel">   --->   Core 73 'Sel' <Latency = 0> <II = 1> <Delay = 0.80> <FuncUnit> <Opcode : 'select'> <InPorts = 3> <OutPorts = 1>
ST_1 : Operation 18 [1/1] (2.07ns)   --->   "%add_ln79 = add i16 %write_index_load, i16 1" [audio.cpp:79->audio.cpp:101]   --->   Operation 18 'add' 'add_ln79' <Predicate = true> <Delay = 2.07> <CoreInst = "Adder">   --->   Core 1 'Adder' <Latency = 0> <II = 1> <Delay = 2.07> <FuncUnit> <Opcode : 'add' 'sub'> <InPorts = 2> <OutPorts = 1>
ST_1 : Operation 19 [1/1] (2.07ns)   --->   "%icmp_ln80 = icmp_ugt  i16 %add_ln79, i16 47999" [audio.cpp:80->audio.cpp:101]   --->   Operation 19 'icmp' 'icmp_ln80' <Predicate = true> <Delay = 2.07> <CoreInst = "Cmp">   --->   Core 9 'Cmp' <Latency = 0> <II = 1> <Delay = 2.07> <FuncUnit> <Opcode : 'seteq' 'setne' 'setle' 'setge' 'setlt' 'setgt'> <InPorts = 2> <OutPorts = 1>
ST_1 : Operation 20 [1/1] (0.80ns)   --->   "%select_ln80 = select i1 %icmp_ln80, i16 0, i16 %add_ln79" [audio.cpp:80->audio.cpp:101]   --->   Operation 20 'select' 'select_ln80' <Predicate = true> <Delay = 0.80> <CoreInst = "Sel">   --->   Core 73 'Sel' <Latency = 0> <II = 1> <Delay = 0.80> <FuncUnit> <Opcode : 'select'> <InPorts = 3> <OutPorts = 1>
ST_1 : Operation 21 [1/1] (0.00ns)   --->   "%store_ln80 = store i16 %select_ln80, i16 %write_index" [audio.cpp:80->audio.cpp:101]   --->   Operation 21 'store' 'store_ln80' <Predicate = true> <Delay = 0.00>

State 2 <SV = 1> <Delay = 3.25>
ST_2 : Operation 22 [1/1] (0.00ns)   --->   "%zext_ln46 = zext i16 %read_index_2" [audio.cpp:46->audio.cpp:101]   --->   Operation 22 'zext' 'zext_ln46' <Predicate = true> <Delay = 0.00>
ST_2 : Operation 23 [1/1] (0.00ns)   --->   "%delay_buffer_L_addr = getelementptr i24 %delay_buffer_L, i64 0, i64 %zext_ln46" [audio.cpp:46->audio.cpp:101]   --->   Operation 23 'getelementptr' 'delay_buffer_L_addr' <Predicate = true> <Delay = 0.00>
ST_2 : Operation 24 [2/2] (3.25ns)   --->   "%delayed_L = load i16 %delay_buffer_L_addr" [audio.cpp:46->audio.cpp:101]   --->   Operation 24 'load' 'delayed_L' <Predicate = true> <Delay = 3.25> <CoreInst = "RAM">   --->   Core 81 'RAM' <Latency = 1> <II = 1> <Delay = 3.25> <Storage> <Opcode : 'load' 'store'> <Ports = 2> <Width = 24> <Depth = 48000> <RAM>
ST_2 : Operation 25 [1/1] (0.00ns)   --->   "%delay_buffer_R_addr = getelementptr i24 %delay_buffer_R, i64 0, i64 %zext_ln46" [audio.cpp:47->audio.cpp:101]   --->   Operation 25 'getelementptr' 'delay_buffer_R_addr' <Predicate = true> <Delay = 0.00>
ST_2 : Operation 26 [2/2] (3.25ns)   --->   "%delayed_R = load i16 %delay_buffer_R_addr" [audio.cpp:47->audio.cpp:101]   --->   Operation 26 'load' 'delayed_R' <Predicate = true> <Delay = 3.25> <CoreInst = "RAM">   --->   Core 81 'RAM' <Latency = 1> <II = 1> <Delay = 3.25> <Storage> <Opcode : 'load' 'store'> <Ports = 2> <Width = 24> <Depth = 48000> <RAM>

State 3 <SV = 2> <Delay = 3.25>
ST_3 : Operation 27 [1/2] ( I:3.25ns O:3.25ns )   --->   "%delayed_L = load i16 %delay_buffer_L_addr" [audio.cpp:46->audio.cpp:101]   --->   Operation 27 'load' 'delayed_L' <Predicate = true> <Delay = 3.25> <CoreInst = "RAM">   --->   Core 81 'RAM' <Latency = 1> <II = 1> <Delay = 3.25> <Storage> <Opcode : 'load' 'store'> <Ports = 2> <Width = 24> <Depth = 48000> <RAM>
ST_3 : Operation 28 [1/2] ( I:3.25ns O:3.25ns )   --->   "%delayed_R = load i16 %delay_buffer_R_addr" [audio.cpp:47->audio.cpp:101]   --->   Operation 28 'load' 'delayed_R' <Predicate = true> <Delay = 3.25> <CoreInst = "RAM">   --->   Core 81 'RAM' <Latency = 1> <II = 1> <Delay = 3.25> <Storage> <Opcode : 'load' 'store'> <Ports = 2> <Width = 24> <Depth = 48000> <RAM>

State 4 <SV = 3> <Delay = 6.91>
ST_4 : Operation 29 [1/1] (0.00ns)   --->   "%feedback_gain_read = read i32 @_ssdm_op_Read.ap_auto.i32, i32 %feedback_gain" [audio.cpp:87]   --->   Operation 29 'read' 'feedback_gain_read' <Predicate = true> <Delay = 0.00>
ST_4 : Operation 30 [1/1] (0.00ns)   --->   "%sext_ln46 = sext i24 %delayed_L" [audio.cpp:46->audio.cpp:101]   --->   Operation 30 'sext' 'sext_ln46' <Predicate = true> <Delay = 0.00>
ST_4 : Operation 31 [1/1] (0.00ns)   --->   "%sext_ln47 = sext i24 %delayed_R" [audio.cpp:47->audio.cpp:101]   --->   Operation 31 'sext' 'sext_ln47' <Predicate = true> <Delay = 0.00>
ST_4 : Operation 32 [2/2] (6.91ns)   --->   "%mul_ln51 = mul i32 %sext_ln47, i32 %feedback_gain_read" [audio.cpp:51->audio.cpp:101]   --->   Operation 32 'mul' 'mul_ln51' <Predicate = true> <Delay = 6.91> <CoreInst = "Multiplier">   --->   Core 3 'Multiplier' <Latency = 1> <II = 1> <Delay = 6.91> <FuncUnit> <Opcode : 'mul'> <InPorts = 2> <OutPorts = 1>
ST_4 : Operation 33 [2/2] (6.91ns)   --->   "%mul_ln55 = mul i32 %sext_ln46, i32 %feedback_gain_read" [audio.cpp:55->audio.cpp:101]   --->   Operation 33 'mul' 'mul_ln55' <Predicate = true> <Delay = 6.91> <CoreInst = "Multiplier">   --->   Core 3 'Multiplier' <Latency = 1> <II = 1> <Delay = 6.91> <FuncUnit> <Opcode : 'mul'> <InPorts = 2> <OutPorts = 1>

State 5 <SV = 4> <Delay = 6.91>
ST_5 : Operation 34 [1/2] (6.91ns)   --->   "%mul_ln51 = mul i32 %sext_ln47, i32 %feedback_gain_read" [audio.cpp:51->audio.cpp:101]   --->   Operation 34 'mul' 'mul_ln51' <Predicate = true> <Delay = 6.91> <CoreInst = "Multiplier">   --->   Core 3 'Multiplier' <Latency = 1> <II = 1> <Delay = 6.91> <FuncUnit> <Opcode : 'mul'> <InPorts = 2> <OutPorts = 1>
ST_5 : Operation 35 [1/1] (0.00ns)   --->   "%feedback_from_R = partselect i24 @_ssdm_op_PartSelect.i24.i32.i32.i32, i32 %mul_ln51, i32 8, i32 31" [audio.cpp:51->audio.cpp:101]   --->   Operation 35 'partselect' 'feedback_from_R' <Predicate = true> <Delay = 0.00>
ST_5 : Operation 36 [1/2] (6.91ns)   --->   "%mul_ln55 = mul i32 %sext_ln46, i32 %feedback_gain_read" [audio.cpp:55->audio.cpp:101]   --->   Operation 36 'mul' 'mul_ln55' <Predicate = true> <Delay = 6.91> <CoreInst = "Multiplier">   --->   Core 3 'Multiplier' <Latency = 1> <II = 1> <Delay = 6.91> <FuncUnit> <Opcode : 'mul'> <InPorts = 2> <OutPorts = 1>
ST_5 : Operation 37 [1/1] (0.00ns)   --->   "%feedback_from_L = partselect i24 @_ssdm_op_PartSelect.i24.i32.i32.i32, i32 %mul_ln55, i32 8, i32 31" [audio.cpp:55->audio.cpp:101]   --->   Operation 37 'partselect' 'feedback_from_L' <Predicate = true> <Delay = 0.00>

State 6 <SV = 5> <Delay = 5.28>
ST_6 : Operation 38 [1/1] (1.00ns)   --->   "%in_R_read = read i32 @_ssdm_op_Read.s_axilite.i32, i32 %in_R" [audio.cpp:87]   --->   Operation 38 'read' 'in_R_read' <Predicate = true> <Delay = 1.00> <CoreInst = "s_axilite">   --->   Core 112 's_axilite' <Latency = 0> <II = 1> <Delay = 1.00> <Adapter> <Opcode : 'read' 'write'>
ST_6 : Operation 39 [1/1] (1.00ns)   --->   "%in_L_read = read i32 @_ssdm_op_Read.s_axilite.i32, i32 %in_L" [audio.cpp:87]   --->   Operation 39 'read' 'in_L_read' <Predicate = true> <Delay = 1.00> <CoreInst = "s_axilite">   --->   Core 112 's_axilite' <Latency = 0> <II = 1> <Delay = 1.00> <Adapter> <Opcode : 'read' 'write'>
ST_6 : Operation 40 [1/1] (0.00ns)   --->   "%zext_ln51_1 = zext i24 %feedback_from_R" [audio.cpp:51->audio.cpp:101]   --->   Operation 40 'zext' 'zext_ln51_1' <Predicate = true> <Delay = 0.00>
ST_6 : Operation 41 [1/1] (0.00ns)   --->   "%zext_ln51 = zext i24 %feedback_from_R" [audio.cpp:51->audio.cpp:101]   --->   Operation 41 'zext' 'zext_ln51' <Predicate = true> <Delay = 0.00>
ST_6 : Operation 42 [1/1] (0.00ns)   --->   "%sext_ln52 = sext i32 %in_L_read" [audio.cpp:52->audio.cpp:101]   --->   Operation 42 'sext' 'sext_ln52' <Predicate = true> <Delay = 0.00>
ST_6 : Operation 43 [1/1] (2.55ns)   --->   "%add_ln52 = add i32 %zext_ln51_1, i32 %in_L_read" [audio.cpp:52->audio.cpp:101]   --->   Operation 43 'add' 'add_ln52' <Predicate = true> <Delay = 2.55> <CoreInst = "Adder">   --->   Core 1 'Adder' <Latency = 0> <II = 1> <Delay = 2.55> <FuncUnit> <Opcode : 'add' 'sub'> <InPorts = 2> <OutPorts = 1>
ST_6 : Operation 44 [1/1] (2.55ns)   --->   "%new_L = add i33 %zext_ln51, i33 %sext_ln52" [audio.cpp:52->audio.cpp:101]   --->   Operation 44 'add' 'new_L' <Predicate = true> <Delay = 2.55> <CoreInst = "Adder">   --->   Core 1 'Adder' <Latency = 0> <II = 1> <Delay = 2.59> <FuncUnit> <Opcode : 'add' 'sub'> <InPorts = 2> <OutPorts = 1>
ST_6 : Operation 45 [1/1] (0.00ns)   --->   "%zext_ln55_1 = zext i24 %feedback_from_L" [audio.cpp:55->audio.cpp:101]   --->   Operation 45 'zext' 'zext_ln55_1' <Predicate = true> <Delay = 0.00>
ST_6 : Operation 46 [1/1] (0.00ns)   --->   "%zext_ln55 = zext i24 %feedback_from_L" [audio.cpp:55->audio.cpp:101]   --->   Operation 46 'zext' 'zext_ln55' <Predicate = true> <Delay = 0.00>
ST_6 : Operation 47 [1/1] (0.00ns)   --->   "%sext_ln56 = sext i32 %in_R_read" [audio.cpp:56->audio.cpp:101]   --->   Operation 47 'sext' 'sext_ln56' <Predicate = true> <Delay = 0.00>
ST_6 : Operation 48 [1/1] (2.55ns)   --->   "%add_ln56 = add i32 %zext_ln55_1, i32 %in_R_read" [audio.cpp:56->audio.cpp:101]   --->   Operation 48 'add' 'add_ln56' <Predicate = true> <Delay = 2.55> <CoreInst = "Adder">   --->   Core 1 'Adder' <Latency = 0> <II = 1> <Delay = 2.55> <FuncUnit> <Opcode : 'add' 'sub'> <InPorts = 2> <OutPorts = 1>
ST_6 : Operation 49 [1/1] (2.55ns)   --->   "%new_R = add i33 %zext_ln55, i33 %sext_ln56" [audio.cpp:56->audio.cpp:101]   --->   Operation 49 'add' 'new_R' <Predicate = true> <Delay = 2.55> <CoreInst = "Adder">   --->   Core 1 'Adder' <Latency = 0> <II = 1> <Delay = 2.59> <FuncUnit> <Opcode : 'add' 'sub'> <InPorts = 2> <OutPorts = 1>
ST_6 : Operation 50 [1/1] (0.00ns)   --->   "%tmp = partselect i10 @_ssdm_op_PartSelect.i10.i33.i32.i32, i33 %new_L, i32 23, i32 32" [audio.cpp:59->audio.cpp:101]   --->   Operation 50 'partselect' 'tmp' <Predicate = true> <Delay = 0.00>
ST_6 : Operation 51 [1/1] (1.73ns)   --->   "%icmp_ln59 = icmp_sgt  i10 %tmp, i10 0" [audio.cpp:59->audio.cpp:101]   --->   Operation 51 'icmp' 'icmp_ln59' <Predicate = true> <Delay = 1.73> <CoreInst = "Cmp">   --->   Core 9 'Cmp' <Latency = 0> <II = 1> <Delay = 1.73> <FuncUnit> <Opcode : 'seteq' 'setne' 'setle' 'setge' 'setlt' 'setgt'> <InPorts = 2> <OutPorts = 1>
ST_6 : Operation 52 [1/1] (0.00ns)   --->   "%tmp_1 = partselect i10 @_ssdm_op_PartSelect.i10.i33.i32.i32, i33 %new_R, i32 23, i32 32" [audio.cpp:61->audio.cpp:101]   --->   Operation 52 'partselect' 'tmp_1' <Predicate = true> <Delay = 0.00>
ST_6 : Operation 53 [1/1] (1.73ns)   --->   "%icmp_ln61 = icmp_sgt  i10 %tmp_1, i10 0" [audio.cpp:61->audio.cpp:101]   --->   Operation 53 'icmp' 'icmp_ln61' <Predicate = true> <Delay = 1.73> <CoreInst = "Cmp">   --->   Core 9 'Cmp' <Latency = 0> <II = 1> <Delay = 1.73> <FuncUnit> <Opcode : 'seteq' 'setne' 'setle' 'setge' 'setlt' 'setgt'> <InPorts = 2> <OutPorts = 1>
ST_6 : Operation 54 [1/1] (1.00ns)   --->   "%write_ln75 = write void @_ssdm_op_Write.s_axilite.i32P0A, i32 %out_L, i32 %in_L_read" [audio.cpp:75->audio.cpp:101]   --->   Operation 54 'write' 'write_ln75' <Predicate = true> <Delay = 1.00> <CoreInst = "s_axilite">   --->   Core 112 's_axilite' <Latency = 0> <II = 1> <Delay = 1.00> <Adapter> <Opcode : 'read' 'write'>
ST_6 : Operation 55 [1/1] (1.00ns)   --->   "%write_ln76 = write void @_ssdm_op_Write.s_axilite.i32P0A, i32 %out_R, i32 %in_R_read" [audio.cpp:76->audio.cpp:101]   --->   Operation 55 'write' 'write_ln76' <Predicate = true> <Delay = 1.00> <CoreInst = "s_axilite">   --->   Core 112 's_axilite' <Latency = 0> <II = 1> <Delay = 1.00> <Adapter> <Opcode : 'read' 'write'>

State 7 <SV = 6> <Delay = 7.19>
ST_7 : Operation 56 [1/1] (0.00ns)   --->   "%spectopmodule_ln87 = spectopmodule void @_ssdm_op_SpecTopModule, void @empty_8" [audio.cpp:87]   --->   Operation 56 'spectopmodule' 'spectopmodule_ln87' <Predicate = true> <Delay = 0.00>
ST_7 : Operation 57 [1/1] (0.00ns)   --->   "%specbitsmap_ln0 = specbitsmap void @_ssdm_op_SpecBitsMap, i32 %out_L"   --->   Operation 57 'specbitsmap' 'specbitsmap_ln0' <Predicate = true> <Delay = 0.00>
ST_7 : Operation 58 [1/1] (0.00ns)   --->   "%specinterface_ln0 = specinterface void @_ssdm_op_SpecInterface, i32 %out_L, void @empty, i32 4294967295, i32 4294967295, void @empty_0, i32 0, i32 0, void @empty_1, void @empty_2, void @empty_3, i32 0, i32 0, i32 0, i32 0, void @empty_3, void @empty_3, i32 4294967295, i32 0, i32 0"   --->   Operation 58 'specinterface' 'specinterface_ln0' <Predicate = true> <Delay = 0.00>
ST_7 : Operation 59 [1/1] (0.00ns)   --->   "%specinterface_ln0 = specinterface void @_ssdm_op_SpecInterface, i32 %out_L, void @empty_4, i32 4294967295, i32 4294967295, void @empty_3, i32 0, i32 0, void @empty_3, void @empty_3, void @empty_3, i32 0, i32 0, i32 0, i32 0, void @empty_3, void @empty_3, i32 4294967295, i32 0, i32 0"   --->   Operation 59 'specinterface' 'specinterface_ln0' <Predicate = true> <Delay = 0.00>
ST_7 : Operation 60 [1/1] (0.00ns)   --->   "%specbitsmap_ln0 = specbitsmap void @_ssdm_op_SpecBitsMap, i32 %out_R"   --->   Operation 60 'specbitsmap' 'specbitsmap_ln0' <Predicate = true> <Delay = 0.00>
ST_7 : Operation 61 [1/1] (0.00ns)   --->   "%specinterface_ln0 = specinterface void @_ssdm_op_SpecInterface, i32 %out_R, void @empty, i32 4294967295, i32 4294967295, void @empty_0, i32 0, i32 0, void @empty_1, void @empty_5, void @empty_3, i32 0, i32 0, i32 0, i32 0, void @empty_3, void @empty_3, i32 4294967295, i32 0, i32 0"   --->   Operation 61 'specinterface' 'specinterface_ln0' <Predicate = true> <Delay = 0.00>
ST_7 : Operation 62 [1/1] (0.00ns)   --->   "%specinterface_ln0 = specinterface void @_ssdm_op_SpecInterface, i32 %out_R, void @empty_4, i32 4294967295, i32 4294967295, void @empty_3, i32 0, i32 0, void @empty_3, void @empty_3, void @empty_3, i32 0, i32 0, i32 0, i32 0, void @empty_3, void @empty_3, i32 4294967295, i32 0, i32 0"   --->   Operation 62 'specinterface' 'specinterface_ln0' <Predicate = true> <Delay = 0.00>
ST_7 : Operation 63 [1/1] (0.00ns)   --->   "%specbitsmap_ln0 = specbitsmap void @_ssdm_op_SpecBitsMap, i32 %in_L"   --->   Operation 63 'specbitsmap' 'specbitsmap_ln0' <Predicate = true> <Delay = 0.00>
ST_7 : Operation 64 [1/1] (0.00ns)   --->   "%specinterface_ln0 = specinterface void @_ssdm_op_SpecInterface, i32 %in_L, void @empty, i32 4294967295, i32 4294967295, void @empty_0, i32 0, i32 0, void @empty_1, void @empty_6, void @empty_3, i32 0, i32 0, i32 0, i32 0, void @empty_3, void @empty_3, i32 4294967295, i32 0, i32 0"   --->   Operation 64 'specinterface' 'specinterface_ln0' <Predicate = true> <Delay = 0.00>
ST_7 : Operation 65 [1/1] (0.00ns)   --->   "%specinterface_ln0 = specinterface void @_ssdm_op_SpecInterface, i32 %in_L, void @empty_4, i32 4294967295, i32 4294967295, void @empty_3, i32 0, i32 0, void @empty_3, void @empty_3, void @empty_3, i32 0, i32 0, i32 0, i32 0, void @empty_3, void @empty_3, i32 4294967295, i32 0, i32 0"   --->   Operation 65 'specinterface' 'specinterface_ln0' <Predicate = true> <Delay = 0.00>
ST_7 : Operation 66 [1/1] (0.00ns)   --->   "%specbitsmap_ln0 = specbitsmap void @_ssdm_op_SpecBitsMap, i32 %in_R"   --->   Operation 66 'specbitsmap' 'specbitsmap_ln0' <Predicate = true> <Delay = 0.00>
ST_7 : Operation 67 [1/1] (0.00ns)   --->   "%specinterface_ln0 = specinterface void @_ssdm_op_SpecInterface, i32 %in_R, void @empty, i32 4294967295, i32 4294967295, void @empty_0, i32 0, i32 0, void @empty_1, void @empty_7, void @empty_3, i32 0, i32 0, i32 0, i32 0, void @empty_3, void @empty_3, i32 4294967295, i32 0, i32 0"   --->   Operation 67 'specinterface' 'specinterface_ln0' <Predicate = true> <Delay = 0.00>
ST_7 : Operation 68 [1/1] (0.00ns)   --->   "%specinterface_ln0 = specinterface void @_ssdm_op_SpecInterface, i32 %in_R, void @empty_4, i32 4294967295, i32 4294967295, void @empty_3, i32 0, i32 0, void @empty_3, void @empty_3, void @empty_3, i32 0, i32 0, i32 0, i32 0, void @empty_3, void @empty_3, i32 4294967295, i32 0, i32 0"   --->   Operation 68 'specinterface' 'specinterface_ln0' <Predicate = true> <Delay = 0.00>
ST_7 : Operation 69 [1/1] (0.00ns)   --->   "%specbitsmap_ln0 = specbitsmap void @_ssdm_op_SpecBitsMap, i32 %delay_samples"   --->   Operation 69 'specbitsmap' 'specbitsmap_ln0' <Predicate = true> <Delay = 0.00>
ST_7 : Operation 70 [1/1] (0.00ns)   --->   "%specinterface_ln0 = specinterface void @_ssdm_op_SpecInterface, i32 %delay_samples, void @empty_4, i32 0, i32 0, void @empty_3, i32 0, i32 0, void @empty_3, void @empty_3, void @empty_3, i32 0, i32 0, i32 0, i32 0, void @empty_3, void @empty_3, i32 4294967295, i32 0, i32 0"   --->   Operation 70 'specinterface' 'specinterface_ln0' <Predicate = true> <Delay = 0.00>
ST_7 : Operation 71 [1/1] (0.00ns)   --->   "%specbitsmap_ln0 = specbitsmap void @_ssdm_op_SpecBitsMap, i32 %feedback_gain"   --->   Operation 71 'specbitsmap' 'specbitsmap_ln0' <Predicate = true> <Delay = 0.00>
ST_7 : Operation 72 [1/1] (0.00ns)   --->   "%specinterface_ln0 = specinterface void @_ssdm_op_SpecInterface, i32 %feedback_gain, void @empty_4, i32 0, i32 0, void @empty_3, i32 0, i32 0, void @empty_3, void @empty_3, void @empty_3, i32 0, i32 0, i32 0, i32 0, void @empty_3, void @empty_3, i32 4294967295, i32 0, i32 0"   --->   Operation 72 'specinterface' 'specinterface_ln0' <Predicate = true> <Delay = 0.00>
ST_7 : Operation 73 [1/1] (0.00ns)   --->   "%specbitsmap_ln0 = specbitsmap void @_ssdm_op_SpecBitsMap, i32 %wet_mix"   --->   Operation 73 'specbitsmap' 'specbitsmap_ln0' <Predicate = true> <Delay = 0.00>
ST_7 : Operation 74 [1/1] (0.00ns)   --->   "%specinterface_ln0 = specinterface void @_ssdm_op_SpecInterface, i32 %wet_mix, void @empty_4, i32 0, i32 0, void @empty_3, i32 0, i32 0, void @empty_3, void @empty_3, void @empty_3, i32 0, i32 0, i32 0, i32 0, void @empty_3, void @empty_3, i32 4294967295, i32 0, i32 0"   --->   Operation 74 'specinterface' 'specinterface_ln0' <Predicate = true> <Delay = 0.00>
ST_7 : Operation 75 [1/1] (0.00ns)   --->   "%specinterface_ln0 = specinterface void @_ssdm_op_SpecInterface, i32 0, void @empty, i32 0, i32 0, void @empty_3, i32 0, i32 0, void @empty_1, void @empty_3, void @empty_3, i32 0, i32 0, i32 0, i32 0, void @empty_3, void @empty_3, i32 4294967295, i32 0, i32 0"   --->   Operation 75 'specinterface' 'specinterface_ln0' <Predicate = true> <Delay = 0.00>
ST_7 : Operation 76 [1/1] (0.69ns)   --->   "%new_L_1 = select i1 %icmp_ln59, i32 8388607, i32 %add_ln52" [audio.cpp:59->audio.cpp:101]   --->   Operation 76 'select' 'new_L_1' <Predicate = true> <Delay = 0.69> <CoreInst = "Sel">   --->   Core 73 'Sel' <Latency = 0> <II = 1> <Delay = 0.69> <FuncUnit> <Opcode : 'select'> <InPorts = 3> <OutPorts = 1>
ST_7 : Operation 77 [1/1] (2.55ns)   --->   "%icmp_ln60 = icmp_slt  i32 %new_L_1, i32 4286578688" [audio.cpp:60->audio.cpp:101]   --->   Operation 77 'icmp' 'icmp_ln60' <Predicate = true> <Delay = 2.55> <CoreInst = "Cmp">   --->   Core 9 'Cmp' <Latency = 0> <II = 1> <Delay = 2.55> <FuncUnit> <Opcode : 'seteq' 'setne' 'setle' 'setge' 'setlt' 'setgt'> <InPorts = 2> <OutPorts = 1>
ST_7 : Operation 78 [1/1] (0.69ns)   --->   "%new_R_1 = select i1 %icmp_ln61, i32 8388607, i32 %add_ln56" [audio.cpp:61->audio.cpp:101]   --->   Operation 78 'select' 'new_R_1' <Predicate = true> <Delay = 0.69> <CoreInst = "Sel">   --->   Core 73 'Sel' <Latency = 0> <II = 1> <Delay = 0.69> <FuncUnit> <Opcode : 'select'> <InPorts = 3> <OutPorts = 1>
ST_7 : Operation 79 [1/1] (2.55ns)   --->   "%icmp_ln62 = icmp_slt  i32 %new_R_1, i32 4286578688" [audio.cpp:62->audio.cpp:101]   --->   Operation 79 'icmp' 'icmp_ln62' <Predicate = true> <Delay = 2.55> <CoreInst = "Cmp">   --->   Core 9 'Cmp' <Latency = 0> <II = 1> <Delay = 2.55> <FuncUnit> <Opcode : 'seteq' 'setne' 'setle' 'setge' 'setlt' 'setgt'> <InPorts = 2> <OutPorts = 1>
ST_7 : Operation 80 [1/1] (0.00ns)   --->   "%trunc_ln65 = trunc i32 %new_L_1" [audio.cpp:65->audio.cpp:101]   --->   Operation 80 'trunc' 'trunc_ln65' <Predicate = true> <Delay = 0.00>
ST_7 : Operation 81 [1/1] (0.69ns)   --->   "%select_ln65 = select i1 %icmp_ln60, i24 8388608, i24 %trunc_ln65" [audio.cpp:65->audio.cpp:101]   --->   Operation 81 'select' 'select_ln65' <Predicate = true> <Delay = 0.69> <CoreInst = "Sel">   --->   Core 73 'Sel' <Latency = 0> <II = 1> <Delay = 0.73> <FuncUnit> <Opcode : 'select'> <InPorts = 3> <OutPorts = 1>
ST_7 : Operation 82 [1/1] (0.00ns)   --->   "%zext_ln65 = zext i16 %write_index_load" [audio.cpp:65->audio.cpp:101]   --->   Operation 82 'zext' 'zext_ln65' <Predicate = true> <Delay = 0.00>
ST_7 : Operation 83 [1/1] (0.00ns)   --->   "%delay_buffer_L_addr_1 = getelementptr i24 %delay_buffer_L, i64 0, i64 %zext_ln65" [audio.cpp:65->audio.cpp:101]   --->   Operation 83 'getelementptr' 'delay_buffer_L_addr_1' <Predicate = true> <Delay = 0.00>
ST_7 : Operation 84 [1/1] ( I:3.25ns O:3.25ns )   --->   "%store_ln65 = store i24 %select_ln65, i16 %delay_buffer_L_addr_1" [audio.cpp:65->audio.cpp:101]   --->   Operation 84 'store' 'store_ln65' <Predicate = true> <Delay = 3.25> <CoreInst = "RAM">   --->   Core 81 'RAM' <Latency = 1> <II = 1> <Delay = 3.25> <Storage> <Opcode : 'load' 'store'> <Ports = 2> <Width = 24> <Depth = 48000> <RAM>
ST_7 : Operation 85 [1/1] (0.00ns)   --->   "%trunc_ln66 = trunc i32 %new_R_1" [audio.cpp:66->audio.cpp:101]   --->   Operation 85 'trunc' 'trunc_ln66' <Predicate = true> <Delay = 0.00>
ST_7 : Operation 86 [1/1] (0.69ns)   --->   "%select_ln66 = select i1 %icmp_ln62, i24 8388608, i24 %trunc_ln66" [audio.cpp:66->audio.cpp:101]   --->   Operation 86 'select' 'select_ln66' <Predicate = true> <Delay = 0.69> <CoreInst = "Sel">   --->   Core 73 'Sel' <Latency = 0> <II = 1> <Delay = 0.73> <FuncUnit> <Opcode : 'select'> <InPorts = 3> <OutPorts = 1>
ST_7 : Operation 87 [1/1] (0.00ns)   --->   "%delay_buffer_R_addr_1 = getelementptr i24 %delay_buffer_R, i64 0, i64 %zext_ln65" [audio.cpp:66->audio.cpp:101]   --->   Operation 87 'getelementptr' 'delay_buffer_R_addr_1' <Predicate = true> <Delay = 0.00>
ST_7 : Operation 88 [1/1] ( I:3.25ns O:3.25ns )   --->   "%store_ln66 = store i24 %select_ln66, i16 %delay_buffer_R_addr_1" [audio.cpp:66->audio.cpp:101]   --->   Operation 88 'store' 'store_ln66' <Predicate = true> <Delay = 3.25> <CoreInst = "RAM">   --->   Core 81 'RAM' <Latency = 1> <II = 1> <Delay = 3.25> <Storage> <Opcode : 'load' 'store'> <Ports = 2> <Width = 24> <Depth = 48000> <RAM>
ST_7 : Operation 89 [1/1] (0.00ns)   --->   "%ret_ln106 = ret" [audio.cpp:106]   --->   Operation 89 'ret' 'ret_ln106' <Predicate = true> <Delay = 0.00>


============================================================
+ Verbose Summary: Binding
============================================================
STG Binding: 
---------------- STG Properties BEGIN ----------------
- Is combinational: 0
- Is one-state seq: 0
- Is datapath-only: 0
- Is pipelined: 0
- Is top level: 1
Port [ Return ] is wired: 1; IO mode=ap_ctrl_hs:ce=0
Port [ out_L]:  wired=1; compound=0; hidden=0; nouse=0; global=0; static=0; extern=0; dir=1; type=0; pingpong=0; private_global=0; IO mode=ap_vld:ce=0
Port [ out_R]:  wired=1; compound=0; hidden=0; nouse=0; global=0; static=0; extern=0; dir=1; type=0; pingpong=0; private_global=0; IO mode=ap_vld:ce=0
Port [ in_L]:  wired=1; compound=0; hidden=0; nouse=0; global=0; static=0; extern=0; dir=0; type=0; pingpong=0; private_global=0; IO mode=ap_none:ce=0
Port [ in_R]:  wired=1; compound=0; hidden=0; nouse=0; global=0; static=0; extern=0; dir=0; type=0; pingpong=0; private_global=0; IO mode=ap_none:ce=0
Port [ delay_samples]:  wired=1; compound=0; hidden=0; nouse=0; global=0; static=0; extern=0; dir=0; type=0; pingpong=0; private_global=0; IO mode=ap_none:ce=0
Port [ feedback_gain]:  wired=1; compound=0; hidden=0; nouse=0; global=0; static=0; extern=0; dir=0; type=0; pingpong=0; private_global=0; IO mode=ap_none:ce=0
Port [ wet_mix]:  wired=1; compound=0; hidden=0; nouse=1; global=0; static=0; extern=0; dir=0; type=0; pingpong=0; private_global=0; IO mode=ap_none:ce=0
Port [ write_index]:  wired=0; compound=0; hidden=1; nouse=0; global=1; static=1; extern=0; dir=2; type=0; pingpong=0; private_global=1; IO mode=ap_ovld:ce=0
Port [ delay_buffer_L]:  wired=0; compound=1; hidden=1; nouse=0; global=1; static=1; extern=0; dir=2; type=1; pingpong=0; private_global=1; MemPort=[23]; IO mode=ap_memory:ce=0
Port [ delay_buffer_R]:  wired=0; compound=1; hidden=1; nouse=0; global=1; static=1; extern=0; dir=2; type=1; pingpong=0; private_global=1; MemPort=[23]; IO mode=ap_memory:ce=0
---------------- STG Properties END ------------------

---------------- Datapath Model BEGIN ----------------

<LifeTime>
<method=bitvector/>
delay_samples_read    (read         ) [ 00000000]
trunc_ln87            (trunc        ) [ 00000000]
write_index_load      (load         ) [ 00111111]
zext_ln39             (zext         ) [ 00000000]
icmp_ln39             (icmp         ) [ 00000000]
xor_ln39              (xor          ) [ 00000000]
read_index            (sub          ) [ 00000000]
sub_ln42              (sub          ) [ 00000000]
read_index_1          (add          ) [ 00000000]
read_index_2          (select       ) [ 00100000]
add_ln79              (add          ) [ 00000000]
icmp_ln80             (icmp         ) [ 00000000]
select_ln80           (select       ) [ 00000000]
store_ln80            (store        ) [ 00000000]
zext_ln46             (zext         ) [ 00000000]
delay_buffer_L_addr   (getelementptr) [ 00010000]
delay_buffer_R_addr   (getelementptr) [ 00010000]
delayed_L             (load         ) [ 00001000]
delayed_R             (load         ) [ 00001000]
feedback_gain_read    (read         ) [ 00000100]
sext_ln46             (sext         ) [ 00000100]
sext_ln47             (sext         ) [ 00000100]
mul_ln51              (mul          ) [ 00000000]
feedback_from_R       (partselect   ) [ 00000010]
mul_ln55              (mul          ) [ 00000000]
feedback_from_L       (partselect   ) [ 00000010]
in_R_read             (read         ) [ 00000000]
in_L_read             (read         ) [ 00000000]
zext_ln51_1           (zext         ) [ 00000000]
zext_ln51             (zext         ) [ 00000000]
sext_ln52             (sext         ) [ 00000000]
add_ln52              (add          ) [ 00000001]
new_L                 (add          ) [ 00000000]
zext_ln55_1           (zext         ) [ 00000000]
zext_ln55             (zext         ) [ 00000000]
sext_ln56             (sext         ) [ 00000000]
add_ln56              (add          ) [ 00000001]
new_R                 (add          ) [ 00000000]
tmp                   (partselect   ) [ 00000000]
icmp_ln59             (icmp         ) [ 00000001]
tmp_1                 (partselect   ) [ 00000000]
icmp_ln61             (icmp         ) [ 00000001]
write_ln75            (write        ) [ 00000000]
write_ln76            (write        ) [ 00000000]
spectopmodule_ln87    (spectopmodule) [ 00000000]
specbitsmap_ln0       (specbitsmap  ) [ 00000000]
specinterface_ln0     (specinterface) [ 00000000]
specinterface_ln0     (specinterface) [ 00000000]
specbitsmap_ln0       (specbitsmap  ) [ 00000000]
specinterface_ln0     (specinterface) [ 00000000]
specinterface_ln0     (specinterface) [ 00000000]
specbitsmap_ln0       (specbitsmap  ) [ 00000000]
specinterface_ln0     (specinterface) [ 00000000]
specinterface_ln0     (specinterface) [ 00000000]
specbitsmap_ln0       (specbitsmap  ) [ 00000000]
specinterface_ln0     (specinterface) [ 00000000]
specinterface_ln0     (specinterface) [ 00000000]
specbitsmap_ln0       (specbitsmap  ) [ 00000000]
specinterface_ln0     (specinterface) [ 00000000]
specbitsmap_ln0       (specbitsmap  ) [ 00000000]
specinterface_ln0     (specinterface) [ 00000000]
specbitsmap_ln0       (specbitsmap  ) [ 00000000]
specinterface_ln0     (specinterface) [ 00000000]
specinterface_ln0     (specinterface) [ 00000000]
new_L_1               (select       ) [ 00000000]
icmp_ln60             (icmp         ) [ 00000000]
new_R_1               (select       ) [ 00000000]
icmp_ln62             (icmp         ) [ 00000000]
trunc_ln65            (trunc        ) [ 00000000]
select_ln65           (select       ) [ 00000000]
zext_ln65             (zext         ) [ 00000000]
delay_buffer_L_addr_1 (getelementptr) [ 00000000]
store_ln65            (store        ) [ 00000000]
trunc_ln66            (trunc        ) [ 00000000]
select_ln66           (select       ) [ 00000000]
delay_buffer_R_addr_1 (getelementptr) [ 00000000]
store_ln66            (store        ) [ 00000000]
ret_ln106             (ret          ) [ 00000000]
</LifeTime>

<model>

<comp_list>
<comp id="0" class="1000" name="out_L">
<pin_list>
<pin id="1" dir="1" index="0" bw="1" slack="0"/>
</pin_list>
<bind>
<StgValue><ssdm name="out_L"/></StgValue>
</bind>
</comp>

<comp id="2" class="1000" name="out_R">
<pin_list>
<pin id="3" dir="1" index="0" bw="1" slack="0"/>
</pin_list>
<bind>
<StgValue><ssdm name="out_R"/></StgValue>
</bind>
</comp>

<comp id="4" class="1000" name="in_L">
<pin_list>
<pin id="5" dir="1" index="0" bw="1" slack="0"/>
</pin_list>
<bind>
<StgValue><ssdm name="in_L"/></StgValue>
</bind>
</comp>

<comp id="6" class="1000" name="in_R">
<pin_list>
<pin id="7" dir="1" index="0" bw="1" slack="0"/>
</pin_list>
<bind>
<StgValue><ssdm name="in_R"/></StgValue>
</bind>
</comp>

<comp id="8" class="1000" name="delay_samples">
<pin_list>
<pin id="9" dir="1" index="0" bw="1" slack="0"/>
</pin_list>
<bind>
<StgValue><ssdm name="delay_samples"/></StgValue>
</bind>
</comp>

<comp id="10" class="1000" name="feedback_gain">
<pin_list>
<pin id="11" dir="1" index="0" bw="1" slack="0"/>
</pin_list>
<bind>
<StgValue><ssdm name="feedback_gain"/></StgValue>
</bind>
</comp>

<comp id="12" class="1000" name="wet_mix">
<pin_list>
<pin id="13" dir="1" index="0" bw="1" slack="2147483647"/>
</pin_list>
<bind>
<StgValue><ssdm name="wet_mix"/></StgValue>
</bind>
</comp>

<comp id="14" class="1000" name="write_index">
<pin_list>
<pin id="15" dir="1" index="0" bw="1" slack="0"/>
</pin_list>
<bind>
<StgValue><ssdm name="write_index"/></StgValue>
</bind>
</comp>

<comp id="16" class="1000" name="delay_buffer_L">
<pin_list>
<pin id="17" dir="1" index="0" bw="1" slack="0"/>
</pin_list>
<bind>
<StgValue><ssdm name="delay_buffer_L"/><MemPortTyVec>2 3 </MemPortTyVec>
</StgValue>
</bind>
</comp>

<comp id="18" class="1000" name="delay_buffer_R">
<pin_list>
<pin id="19" dir="1" index="0" bw="1" slack="0"/>
</pin_list>
<bind>
<StgValue><ssdm name="delay_buffer_R"/><MemPortTyVec>2 3 </MemPortTyVec>
</StgValue>
</bind>
</comp>

<comp id="20" class="1001" name="const_20">
<pin_list>
<pin id="21" dir="1" index="0" bw="1" slack="0"/>
</pin_list>
<bind>
<StgValue><ssdm name="_ssdm_op_Read.ap_auto.i32"/></StgValue>
</bind>
</comp>

<comp id="22" class="1001" name="const_22">
<pin_list>
<pin id="23" dir="1" index="0" bw="1" slack="0"/>
</pin_list>
<bind>
<StgValue><ssdm name=""/></StgValue>
</bind>
</comp>

<comp id="24" class="1001" name="const_24">
<pin_list>
<pin id="25" dir="1" index="0" bw="1" slack="0"/>
</pin_list>
<bind>
<StgValue><ssdm name=""/></StgValue>
</bind>
</comp>

<comp id="26" class="1001" name="const_26">
<pin_list>
<pin id="27" dir="1" index="0" bw="1" slack="0"/>
</pin_list>
<bind>
<StgValue><ssdm name=""/></StgValue>
</bind>
</comp>

<comp id="28" class="1001" name="const_28">
<pin_list>
<pin id="29" dir="1" index="0" bw="1" slack="0"/>
</pin_list>
<bind>
<StgValue><ssdm name=""/></StgValue>
</bind>
</comp>

<comp id="30" class="1001" name="const_30">
<pin_list>
<pin id="31" dir="1" index="0" bw="1" slack="0"/>
</pin_list>
<bind>
<StgValue><ssdm name=""/></StgValue>
</bind>
</comp>

<comp id="32" class="1001" name="const_32">
<pin_list>
<pin id="33" dir="1" index="0" bw="1" slack="0"/>
</pin_list>
<bind>
<StgValue><ssdm name=""/></StgValue>
</bind>
</comp>

<comp id="34" class="1001" name="const_34">
<pin_list>
<pin id="35" dir="1" index="0" bw="1" slack="0"/>
</pin_list>
<bind>
<StgValue><ssdm name="_ssdm_op_PartSelect.i24.i32.i32.i32"/></StgValue>
</bind>
</comp>

<comp id="36" class="1001" name="const_36">
<pin_list>
<pin id="37" dir="1" index="0" bw="1" slack="0"/>
</pin_list>
<bind>
<StgValue><ssdm name=""/></StgValue>
</bind>
</comp>

<comp id="38" class="1001" name="const_38">
<pin_list>
<pin id="39" dir="1" index="0" bw="1" slack="0"/>
</pin_list>
<bind>
<StgValue><ssdm name=""/></StgValue>
</bind>
</comp>

<comp id="40" class="1001" name="const_40">
<pin_list>
<pin id="41" dir="1" index="0" bw="1" slack="0"/>
</pin_list>
<bind>
<StgValue><ssdm name="_ssdm_op_Read.s_axilite.i32"/></StgValue>
</bind>
</comp>

<comp id="42" class="1001" name="const_42">
<pin_list>
<pin id="43" dir="1" index="0" bw="1" slack="0"/>
</pin_list>
<bind>
<StgValue><ssdm name="_ssdm_op_PartSelect.i10.i33.i32.i32"/></StgValue>
</bind>
</comp>

<comp id="44" class="1001" name="const_44">
<pin_list>
<pin id="45" dir="1" index="0" bw="1" slack="0"/>
</pin_list>
<bind>
<StgValue><ssdm name=""/></StgValue>
</bind>
</comp>

<comp id="46" class="1001" name="const_46">
<pin_list>
<pin id="47" dir="1" index="0" bw="1" slack="0"/>
</pin_list>
<bind>
<StgValue><ssdm name=""/></StgValue>
</bind>
</comp>

<comp id="48" class="1001" name="const_48">
<pin_list>
<pin id="49" dir="1" index="0" bw="1" slack="0"/>
</pin_list>
<bind>
<StgValue><ssdm name=""/></StgValue>
</bind>
</comp>

<comp id="50" class="1001" name="const_50">
<pin_list>
<pin id="51" dir="1" index="0" bw="1" slack="0"/>
</pin_list>
<bind>
<StgValue><ssdm name="_ssdm_op_Write.s_axilite.i32P0A"/></StgValue>
</bind>
</comp>

<comp id="52" class="1001" name="const_52">
<pin_list>
<pin id="53" dir="1" index="0" bw="1" slack="2147483647"/>
</pin_list>
<bind>
<StgValue><ssdm name="_ssdm_op_SpecTopModule"/></StgValue>
</bind>
</comp>

<comp id="54" class="1001" name="const_54">
<pin_list>
<pin id="55" dir="1" index="0" bw="1" slack="2147483647"/>
</pin_list>
<bind>
<StgValue><ssdm name="empty_8"/></StgValue>
</bind>
</comp>

<comp id="56" class="1001" name="const_56">
<pin_list>
<pin id="57" dir="1" index="0" bw="1" slack="2147483647"/>
</pin_list>
<bind>
<StgValue><ssdm name="_ssdm_op_SpecBitsMap"/></StgValue>
</bind>
</comp>

<comp id="58" class="1001" name="const_58">
<pin_list>
<pin id="59" dir="1" index="0" bw="1" slack="2147483647"/>
</pin_list>
<bind>
<StgValue><ssdm name="_ssdm_op_SpecInterface"/></StgValue>
</bind>
</comp>

<comp id="60" class="1001" name="const_60">
<pin_list>
<pin id="61" dir="1" index="0" bw="1" slack="2147483647"/>
</pin_list>
<bind>
<StgValue><ssdm name="empty"/></StgValue>
</bind>
</comp>

<comp id="62" class="1001" name="const_62">
<pin_list>
<pin id="63" dir="1" index="0" bw="1" slack="2147483647"/>
</pin_list>
<bind>
<StgValue><ssdm name=""/></StgValue>
</bind>
</comp>

<comp id="64" class="1001" name="const_64">
<pin_list>
<pin id="65" dir="1" index="0" bw="1" slack="2147483647"/>
</pin_list>
<bind>
<StgValue><ssdm name="empty_0"/></StgValue>
</bind>
</comp>

<comp id="66" class="1001" name="const_66">
<pin_list>
<pin id="67" dir="1" index="0" bw="1" slack="2147483647"/>
</pin_list>
<bind>
<StgValue><ssdm name=""/></StgValue>
</bind>
</comp>

<comp id="68" class="1001" name="const_68">
<pin_list>
<pin id="69" dir="1" index="0" bw="1" slack="2147483647"/>
</pin_list>
<bind>
<StgValue><ssdm name="empty_1"/></StgValue>
</bind>
</comp>

<comp id="70" class="1001" name="const_70">
<pin_list>
<pin id="71" dir="1" index="0" bw="1" slack="2147483647"/>
</pin_list>
<bind>
<StgValue><ssdm name="empty_2"/></StgValue>
</bind>
</comp>

<comp id="72" class="1001" name="const_72">
<pin_list>
<pin id="73" dir="1" index="0" bw="1" slack="2147483647"/>
</pin_list>
<bind>
<StgValue><ssdm name="empty_3"/></StgValue>
</bind>
</comp>

<comp id="74" class="1001" name="const_74">
<pin_list>
<pin id="75" dir="1" index="0" bw="1" slack="2147483647"/>
</pin_list>
<bind>
<StgValue><ssdm name="empty_4"/></StgValue>
</bind>
</comp>

<comp id="76" class="1001" name="const_76">
<pin_list>
<pin id="77" dir="1" index="0" bw="1" slack="2147483647"/>
</pin_list>
<bind>
<StgValue><ssdm name="empty_5"/></StgValue>
</bind>
</comp>

<comp id="78" class="1001" name="const_78">
<pin_list>
<pin id="79" dir="1" index="0" bw="1" slack="2147483647"/>
</pin_list>
<bind>
<StgValue><ssdm name="empty_6"/></StgValue>
</bind>
</comp>

<comp id="80" class="1001" name="const_80">
<pin_list>
<pin id="81" dir="1" index="0" bw="1" slack="2147483647"/>
</pin_list>
<bind>
<StgValue><ssdm name="empty_7"/></StgValue>
</bind>
</comp>

<comp id="82" class="1001" name="const_82">
<pin_list>
<pin id="83" dir="1" index="0" bw="1" slack="0"/>
</pin_list>
<bind>
<StgValue><ssdm name=""/></StgValue>
</bind>
</comp>

<comp id="84" class="1001" name="const_84">
<pin_list>
<pin id="85" dir="1" index="0" bw="1" slack="0"/>
</pin_list>
<bind>
<StgValue><ssdm name=""/></StgValue>
</bind>
</comp>

<comp id="86" class="1001" name="const_86">
<pin_list>
<pin id="87" dir="1" index="0" bw="1" slack="0"/>
</pin_list>
<bind>
<StgValue><ssdm name=""/></StgValue>
</bind>
</comp>

<comp id="88" class="1004" name="delay_samples_read_read_fu_88">
<pin_list>
<pin id="89" dir="0" index="0" bw="32" slack="0"/>
<pin id="90" dir="0" index="1" bw="32" slack="0"/>
<pin id="91" dir="1" index="2" bw="32" slack="0"/>
</pin_list>
<bind>
<opcode="read(1150) " fcode="read"/>
<opset="delay_samples_read/1 "/>
</bind>
</comp>

<comp id="94" class="1004" name="feedback_gain_read_read_fu_94">
<pin_list>
<pin id="95" dir="0" index="0" bw="32" slack="0"/>
<pin id="96" dir="0" index="1" bw="32" slack="0"/>
<pin id="97" dir="1" index="2" bw="32" slack="0"/>
</pin_list>
<bind>
<opcode="read(1150) " fcode="read"/>
<opset="feedback_gain_read/4 "/>
</bind>
</comp>

<comp id="100" class="1004" name="in_R_read_read_fu_100">
<pin_list>
<pin id="101" dir="0" index="0" bw="32" slack="0"/>
<pin id="102" dir="0" index="1" bw="32" slack="0"/>
<pin id="103" dir="1" index="2" bw="32" slack="0"/>
</pin_list>
<bind>
<opcode="read(1150) " fcode="read"/>
<opset="in_R_read/6 "/>
</bind>
</comp>

<comp id="106" class="1004" name="in_L_read_read_fu_106">
<pin_list>
<pin id="107" dir="0" index="0" bw="32" slack="0"/>
<pin id="108" dir="0" index="1" bw="32" slack="0"/>
<pin id="109" dir="1" index="2" bw="32" slack="0"/>
</pin_list>
<bind>
<opcode="read(1150) " fcode="read"/>
<opset="in_L_read/6 "/>
</bind>
</comp>

<comp id="112" class="1004" name="write_ln75_write_fu_112">
<pin_list>
<pin id="113" dir="0" index="0" bw="0" slack="0"/>
<pin id="114" dir="0" index="1" bw="32" slack="0"/>
<pin id="115" dir="0" index="2" bw="32" slack="0"/>
<pin id="116" dir="1" index="3" bw="0" slack="2147483647"/>
</pin_list>
<bind>
<opcode="write(1151) " fcode="write"/>
<opset="write_ln75/6 "/>
</bind>
</comp>

<comp id="120" class="1004" name="write_ln76_write_fu_120">
<pin_list>
<pin id="121" dir="0" index="0" bw="0" slack="0"/>
<pin id="122" dir="0" index="1" bw="32" slack="0"/>
<pin id="123" dir="0" index="2" bw="32" slack="0"/>
<pin id="124" dir="1" index="3" bw="0" slack="2147483647"/>
</pin_list>
<bind>
<opcode="write(1151) " fcode="write"/>
<opset="write_ln76/6 "/>
</bind>
</comp>

<comp id="128" class="1004" name="delay_buffer_L_addr_gep_fu_128">
<pin_list>
<pin id="129" dir="0" index="0" bw="24" slack="0"/>
<pin id="130" dir="0" index="1" bw="1" slack="0"/>
<pin id="131" dir="0" index="2" bw="16" slack="0"/>
<pin id="132" dir="1" index="3" bw="16" slack="0"/>
</pin_list>
<bind>
<opcode="getelementptr(29) " fcode="getelementptr"/>
<opset="delay_buffer_L_addr/2 "/>
</bind>
</comp>

<comp id="135" class="1004" name="grp_access_fu_135">
<pin_list>
<pin id="136" dir="0" index="0" bw="16" slack="0"/>
<pin id="137" dir="0" index="1" bw="24" slack="0"/>
<pin id="138" dir="0" index="2" bw="0" slack="2147483647"/>
<pin id="139" dir="1" index="3" bw="24" slack="1"/>
</pin_list>
<bind>
<opcode="load(27) store(28) " fcode="store"/>
<opset="delayed_L/2 store_ln65/7 "/>
</bind>
</comp>

<comp id="141" class="1004" name="delay_buffer_R_addr_gep_fu_141">
<pin_list>
<pin id="142" dir="0" index="0" bw="24" slack="0"/>
<pin id="143" dir="0" index="1" bw="1" slack="0"/>
<pin id="144" dir="0" index="2" bw="16" slack="0"/>
<pin id="145" dir="1" index="3" bw="16" slack="0"/>
</pin_list>
<bind>
<opcode="getelementptr(29) " fcode="getelementptr"/>
<opset="delay_buffer_R_addr/2 "/>
</bind>
</comp>

<comp id="148" class="1004" name="grp_access_fu_148">
<pin_list>
<pin id="149" dir="0" index="0" bw="16" slack="0"/>
<pin id="150" dir="0" index="1" bw="24" slack="0"/>
<pin id="151" dir="0" index="2" bw="0" slack="2147483647"/>
<pin id="152" dir="1" index="3" bw="24" slack="1"/>
</pin_list>
<bind>
<opcode="load(27) store(28) " fcode="store"/>
<opset="delayed_R/2 store_ln66/7 "/>
</bind>
</comp>

<comp id="154" class="1004" name="delay_buffer_L_addr_1_gep_fu_154">
<pin_list>
<pin id="155" dir="0" index="0" bw="24" slack="0"/>
<pin id="156" dir="0" index="1" bw="1" slack="0"/>
<pin id="157" dir="0" index="2" bw="16" slack="0"/>
<pin id="158" dir="1" index="3" bw="16" slack="0"/>
</pin_list>
<bind>
<opcode="getelementptr(29) " fcode="getelementptr"/>
<opset="delay_buffer_L_addr_1/7 "/>
</bind>
</comp>

<comp id="162" class="1004" name="delay_buffer_R_addr_1_gep_fu_162">
<pin_list>
<pin id="163" dir="0" index="0" bw="24" slack="0"/>
<pin id="164" dir="0" index="1" bw="1" slack="0"/>
<pin id="165" dir="0" index="2" bw="16" slack="0"/>
<pin id="166" dir="1" index="3" bw="16" slack="0"/>
</pin_list>
<bind>
<opcode="getelementptr(29) " fcode="getelementptr"/>
<opset="delay_buffer_R_addr_1/7 "/>
</bind>
</comp>

<comp id="170" class="1004" name="grp_fu_170">
<pin_list>
<pin id="171" dir="0" index="0" bw="24" slack="0"/>
<pin id="172" dir="0" index="1" bw="32" slack="0"/>
<pin id="173" dir="1" index="2" bw="32" slack="0"/>
</pin_list>
<bind>
<opcode="mul(12) " fcode="mul"/>
<opset="mul_ln51/4 "/>
</bind>
</comp>

<comp id="175" class="1004" name="grp_fu_175">
<pin_list>
<pin id="176" dir="0" index="0" bw="24" slack="0"/>
<pin id="177" dir="0" index="1" bw="32" slack="0"/>
<pin id="178" dir="1" index="2" bw="32" slack="0"/>
</pin_list>
<bind>
<opcode="mul(12) " fcode="mul"/>
<opset="mul_ln55/4 "/>
</bind>
</comp>

<comp id="180" class="1004" name="trunc_ln87_fu_180">
<pin_list>
<pin id="181" dir="0" index="0" bw="32" slack="0"/>
<pin id="182" dir="1" index="1" bw="16" slack="0"/>
</pin_list>
<bind>
<opcode="trunc(33) " fcode="trunc"/>
<opset="trunc_ln87/1 "/>
</bind>
</comp>

<comp id="184" class="1004" name="write_index_load_load_fu_184">
<pin_list>
<pin id="185" dir="0" index="0" bw="16" slack="0"/>
<pin id="186" dir="1" index="1" bw="16" slack="0"/>
</pin_list>
<bind>
<opcode="load(27) " fcode="load"/>
<opset="write_index_load/1 "/>
</bind>
</comp>

<comp id="188" class="1004" name="zext_ln39_fu_188">
<pin_list>
<pin id="189" dir="0" index="0" bw="16" slack="0"/>
<pin id="190" dir="1" index="1" bw="32" slack="0"/>
</pin_list>
<bind>
<opcode="zext(34) " fcode="zext"/>
<opset="zext_ln39/1 "/>
</bind>
</comp>

<comp id="192" class="1004" name="icmp_ln39_fu_192">
<pin_list>
<pin id="193" dir="0" index="0" bw="32" slack="0"/>
<pin id="194" dir="0" index="1" bw="32" slack="0"/>
<pin id="195" dir="1" index="2" bw="1" slack="0"/>
</pin_list>
<bind>
<opcode="icmp(45) " fcode="icmp"/>
<opset="icmp_ln39/1 "/>
</bind>
</comp>

<comp id="198" class="1004" name="xor_ln39_fu_198">
<pin_list>
<pin id="199" dir="0" index="0" bw="1" slack="0"/>
<pin id="200" dir="0" index="1" bw="1" slack="0"/>
<pin id="201" dir="1" index="2" bw="1" slack="0"/>
</pin_list>
<bind>
<opcode="xor(25) " fcode="xor"/>
<opset="xor_ln39/1 "/>
</bind>
</comp>

<comp id="204" class="1004" name="read_index_fu_204">
<pin_list>
<pin id="205" dir="0" index="0" bw="16" slack="0"/>
<pin id="206" dir="0" index="1" bw="16" slack="0"/>
<pin id="207" dir="1" index="2" bw="16" slack="0"/>
</pin_list>
<bind>
<opcode="sub(10) " fcode="sub"/>
<opset="read_index/1 "/>
</bind>
</comp>

<comp id="210" class="1004" name="sub_ln42_fu_210">
<pin_list>
<pin id="211" dir="0" index="0" bw="16" slack="0"/>
<pin id="212" dir="0" index="1" bw="16" slack="0"/>
<pin id="213" dir="1" index="2" bw="16" slack="0"/>
</pin_list>
<bind>
<opcode="sub(10) " fcode="sub"/>
<opset="sub_ln42/1 "/>
</bind>
</comp>

<comp id="216" class="1004" name="read_index_1_fu_216">
<pin_list>
<pin id="217" dir="0" index="0" bw="16" slack="0"/>
<pin id="218" dir="0" index="1" bw="16" slack="0"/>
<pin id="219" dir="1" index="2" bw="16" slack="0"/>
</pin_list>
<bind>
<opcode="add(8) " fcode="add"/>
<opset="read_index_1/1 "/>
</bind>
</comp>

<comp id="222" class="1004" name="read_index_2_fu_222">
<pin_list>
<pin id="223" dir="0" index="0" bw="1" slack="0"/>
<pin id="224" dir="0" index="1" bw="16" slack="0"/>
<pin id="225" dir="0" index="2" bw="16" slack="0"/>
<pin id="226" dir="1" index="3" bw="16" slack="1"/>
</pin_list>
<bind>
<opcode="select(49) " fcode="select"/>
<opset="read_index_2/1 "/>
</bind>
</comp>

<comp id="230" class="1004" name="add_ln79_fu_230">
<pin_list>
<pin id="231" dir="0" index="0" bw="16" slack="0"/>
<pin id="232" dir="0" index="1" bw="1" slack="0"/>
<pin id="233" dir="1" index="2" bw="16" slack="0"/>
</pin_list>
<bind>
<opcode="add(8) " fcode="add"/>
<opset="add_ln79/1 "/>
</bind>
</comp>

<comp id="236" class="1004" name="icmp_ln80_fu_236">
<pin_list>
<pin id="237" dir="0" index="0" bw="16" slack="0"/>
<pin id="238" dir="0" index="1" bw="16" slack="0"/>
<pin id="239" dir="1" index="2" bw="1" slack="0"/>
</pin_list>
<bind>
<opcode="icmp(45) " fcode="icmp"/>
<opset="icmp_ln80/1 "/>
</bind>
</comp>

<comp id="242" class="1004" name="select_ln80_fu_242">
<pin_list>
<pin id="243" dir="0" index="0" bw="1" slack="0"/>
<pin id="244" dir="0" index="1" bw="16" slack="0"/>
<pin id="245" dir="0" index="2" bw="16" slack="0"/>
<pin id="246" dir="1" index="3" bw="16" slack="0"/>
</pin_list>
<bind>
<opcode="select(49) " fcode="select"/>
<opset="select_ln80/1 "/>
</bind>
</comp>

<comp id="250" class="1004" name="store_ln80_store_fu_250">
<pin_list>
<pin id="251" dir="0" index="0" bw="16" slack="0"/>
<pin id="252" dir="0" index="1" bw="16" slack="0"/>
<pin id="253" dir="1" index="2" bw="0" slack="2147483647"/>
</pin_list>
<bind>
<opcode="store(28) " fcode="store"/>
<opset="store_ln80/1 "/>
</bind>
</comp>

<comp id="256" class="1004" name="zext_ln46_fu_256">
<pin_list>
<pin id="257" dir="0" index="0" bw="16" slack="1"/>
<pin id="258" dir="1" index="1" bw="64" slack="0"/>
</pin_list>
<bind>
<opcode="zext(34) " fcode="zext"/>
<opset="zext_ln46/2 "/>
</bind>
</comp>

<comp id="261" class="1004" name="sext_ln46_fu_261">
<pin_list>
<pin id="262" dir="0" index="0" bw="24" slack="1"/>
<pin id="263" dir="1" index="1" bw="32" slack="0"/>
</pin_list>
<bind>
<opcode="sext(35) " fcode="sext"/>
<opset="sext_ln46/4 "/>
</bind>
</comp>

<comp id="265" class="1004" name="sext_ln47_fu_265">
<pin_list>
<pin id="266" dir="0" index="0" bw="24" slack="1"/>
<pin id="267" dir="1" index="1" bw="32" slack="0"/>
</pin_list>
<bind>
<opcode="sext(35) " fcode="sext"/>
<opset="sext_ln47/4 "/>
</bind>
</comp>

<comp id="269" class="1004" name="feedback_from_R_fu_269">
<pin_list>
<pin id="270" dir="0" index="0" bw="24" slack="0"/>
<pin id="271" dir="0" index="1" bw="32" slack="0"/>
<pin id="272" dir="0" index="2" bw="5" slack="0"/>
<pin id="273" dir="0" index="3" bw="6" slack="0"/>
<pin id="274" dir="1" index="4" bw="24" slack="1"/>
</pin_list>
<bind>
<opcode="partselect(1002) " fcode="partselect"/>
<opset="feedback_from_R/5 "/>
</bind>
</comp>

<comp id="279" class="1004" name="feedback_from_L_fu_279">
<pin_list>
<pin id="280" dir="0" index="0" bw="24" slack="0"/>
<pin id="281" dir="0" index="1" bw="32" slack="0"/>
<pin id="282" dir="0" index="2" bw="5" slack="0"/>
<pin id="283" dir="0" index="3" bw="6" slack="0"/>
<pin id="284" dir="1" index="4" bw="24" slack="1"/>
</pin_list>
<bind>
<opcode="partselect(1002) " fcode="partselect"/>
<opset="feedback_from_L/5 "/>
</bind>
</comp>

<comp id="289" class="1004" name="zext_ln51_1_fu_289">
<pin_list>
<pin id="290" dir="0" index="0" bw="24" slack="1"/>
<pin id="291" dir="1" index="1" bw="32" slack="0"/>
</pin_list>
<bind>
<opcode="zext(34) " fcode="zext"/>
<opset="zext_ln51_1/6 "/>
</bind>
</comp>

<comp id="292" class="1004" name="zext_ln51_fu_292">
<pin_list>
<pin id="293" dir="0" index="0" bw="24" slack="1"/>
<pin id="294" dir="1" index="1" bw="33" slack="0"/>
</pin_list>
<bind>
<opcode="zext(34) " fcode="zext"/>
<opset="zext_ln51/6 "/>
</bind>
</comp>

<comp id="295" class="1004" name="sext_ln52_fu_295">
<pin_list>
<pin id="296" dir="0" index="0" bw="32" slack="0"/>
<pin id="297" dir="1" index="1" bw="33" slack="0"/>
</pin_list>
<bind>
<opcode="sext(35) " fcode="sext"/>
<opset="sext_ln52/6 "/>
</bind>
</comp>

<comp id="299" class="1004" name="add_ln52_fu_299">
<pin_list>
<pin id="300" dir="0" index="0" bw="24" slack="0"/>
<pin id="301" dir="0" index="1" bw="32" slack="0"/>
<pin id="302" dir="1" index="2" bw="32" slack="1"/>
</pin_list>
<bind>
<opcode="add(8) " fcode="add"/>
<opset="add_ln52/6 "/>
</bind>
</comp>

<comp id="305" class="1004" name="new_L_fu_305">
<pin_list>
<pin id="306" dir="0" index="0" bw="24" slack="0"/>
<pin id="307" dir="0" index="1" bw="32" slack="0"/>
<pin id="308" dir="1" index="2" bw="33" slack="0"/>
</pin_list>
<bind>
<opcode="add(8) " fcode="add"/>
<opset="new_L/6 "/>
</bind>
</comp>

<comp id="311" class="1004" name="zext_ln55_1_fu_311">
<pin_list>
<pin id="312" dir="0" index="0" bw="24" slack="1"/>
<pin id="313" dir="1" index="1" bw="32" slack="0"/>
</pin_list>
<bind>
<opcode="zext(34) " fcode="zext"/>
<opset="zext_ln55_1/6 "/>
</bind>
</comp>

<comp id="314" class="1004" name="zext_ln55_fu_314">
<pin_list>
<pin id="315" dir="0" index="0" bw="24" slack="1"/>
<pin id="316" dir="1" index="1" bw="33" slack="0"/>
</pin_list>
<bind>
<opcode="zext(34) " fcode="zext"/>
<opset="zext_ln55/6 "/>
</bind>
</comp>

<comp id="317" class="1004" name="sext_ln56_fu_317">
<pin_list>
<pin id="318" dir="0" index="0" bw="32" slack="0"/>
<pin id="319" dir="1" index="1" bw="33" slack="0"/>
</pin_list>
<bind>
<opcode="sext(35) " fcode="sext"/>
<opset="sext_ln56/6 "/>
</bind>
</comp>

<comp id="321" class="1004" name="add_ln56_fu_321">
<pin_list>
<pin id="322" dir="0" index="0" bw="24" slack="0"/>
<pin id="323" dir="0" index="1" bw="32" slack="0"/>
<pin id="324" dir="1" index="2" bw="32" slack="1"/>
</pin_list>
<bind>
<opcode="add(8) " fcode="add"/>
<opset="add_ln56/6 "/>
</bind>
</comp>

<comp id="327" class="1004" name="new_R_fu_327">
<pin_list>
<pin id="328" dir="0" index="0" bw="24" slack="0"/>
<pin id="329" dir="0" index="1" bw="32" slack="0"/>
<pin id="330" dir="1" index="2" bw="33" slack="0"/>
</pin_list>
<bind>
<opcode="add(8) " fcode="add"/>
<opset="new_R/6 "/>
</bind>
</comp>

<comp id="333" class="1004" name="tmp_fu_333">
<pin_list>
<pin id="334" dir="0" index="0" bw="10" slack="0"/>
<pin id="335" dir="0" index="1" bw="33" slack="0"/>
<pin id="336" dir="0" index="2" bw="6" slack="0"/>
<pin id="337" dir="0" index="3" bw="7" slack="0"/>
<pin id="338" dir="1" index="4" bw="10" slack="0"/>
</pin_list>
<bind>
<opcode="partselect(1002) " fcode="partselect"/>
<opset="tmp/6 "/>
</bind>
</comp>

<comp id="343" class="1004" name="icmp_ln59_fu_343">
<pin_list>
<pin id="344" dir="0" index="0" bw="10" slack="0"/>
<pin id="345" dir="0" index="1" bw="10" slack="0"/>
<pin id="346" dir="1" index="2" bw="1" slack="1"/>
</pin_list>
<bind>
<opcode="icmp(45) " fcode="icmp"/>
<opset="icmp_ln59/6 "/>
</bind>
</comp>

<comp id="349" class="1004" name="tmp_1_fu_349">
<pin_list>
<pin id="350" dir="0" index="0" bw="10" slack="0"/>
<pin id="351" dir="0" index="1" bw="33" slack="0"/>
<pin id="352" dir="0" index="2" bw="6" slack="0"/>
<pin id="353" dir="0" index="3" bw="7" slack="0"/>
<pin id="354" dir="1" index="4" bw="10" slack="0"/>
</pin_list>
<bind>
<opcode="partselect(1002) " fcode="partselect"/>
<opset="tmp_1/6 "/>
</bind>
</comp>

<comp id="359" class="1004" name="icmp_ln61_fu_359">
<pin_list>
<pin id="360" dir="0" index="0" bw="10" slack="0"/>
<pin id="361" dir="0" index="1" bw="10" slack="0"/>
<pin id="362" dir="1" index="2" bw="1" slack="1"/>
</pin_list>
<bind>
<opcode="icmp(45) " fcode="icmp"/>
<opset="icmp_ln61/6 "/>
</bind>
</comp>

<comp id="365" class="1004" name="new_L_1_fu_365">
<pin_list>
<pin id="366" dir="0" index="0" bw="1" slack="1"/>
<pin id="367" dir="0" index="1" bw="32" slack="0"/>
<pin id="368" dir="0" index="2" bw="32" slack="1"/>
<pin id="369" dir="1" index="3" bw="32" slack="0"/>
</pin_list>
<bind>
<opcode="select(49) " fcode="select"/>
<opset="new_L_1/7 "/>
</bind>
</comp>

<comp id="371" class="1004" name="icmp_ln60_fu_371">
<pin_list>
<pin id="372" dir="0" index="0" bw="32" slack="0"/>
<pin id="373" dir="0" index="1" bw="32" slack="0"/>
<pin id="374" dir="1" index="2" bw="1" slack="0"/>
</pin_list>
<bind>
<opcode="icmp(45) " fcode="icmp"/>
<opset="icmp_ln60/7 "/>
</bind>
</comp>

<comp id="377" class="1004" name="new_R_1_fu_377">
<pin_list>
<pin id="378" dir="0" index="0" bw="1" slack="1"/>
<pin id="379" dir="0" index="1" bw="32" slack="0"/>
<pin id="380" dir="0" index="2" bw="32" slack="1"/>
<pin id="381" dir="1" index="3" bw="32" slack="0"/>
</pin_list>
<bind>
<opcode="select(49) " fcode="select"/>
<opset="new_R_1/7 "/>
</bind>
</comp>

<comp id="383" class="1004" name="icmp_ln62_fu_383">
<pin_list>
<pin id="384" dir="0" index="0" bw="32" slack="0"/>
<pin id="385" dir="0" index="1" bw="32" slack="0"/>
<pin id="386" dir="1" index="2" bw="1" slack="0"/>
</pin_list>
<bind>
<opcode="icmp(45) " fcode="icmp"/>
<opset="icmp_ln62/7 "/>
</bind>
</comp>

<comp id="389" class="1004" name="trunc_ln65_fu_389">
<pin_list>
<pin id="390" dir="0" index="0" bw="32" slack="0"/>
<pin id="391" dir="1" index="1" bw="24" slack="0"/>
</pin_list>
<bind>
<opcode="trunc(33) " fcode="trunc"/>
<opset="trunc_ln65/7 "/>
</bind>
</comp>

<comp id="393" class="1004" name="select_ln65_fu_393">
<pin_list>
<pin id="394" dir="0" index="0" bw="1" slack="0"/>
<pin id="395" dir="0" index="1" bw="24" slack="0"/>
<pin id="396" dir="0" index="2" bw="24" slack="0"/>
<pin id="397" dir="1" index="3" bw="24" slack="0"/>
</pin_list>
<bind>
<opcode="select(49) " fcode="select"/>
<opset="select_ln65/7 "/>
</bind>
</comp>

<comp id="402" class="1004" name="zext_ln65_fu_402">
<pin_list>
<pin id="403" dir="0" index="0" bw="16" slack="6"/>
<pin id="404" dir="1" index="1" bw="64" slack="0"/>
</pin_list>
<bind>
<opcode="zext(34) " fcode="zext"/>
<opset="zext_ln65/7 "/>
</bind>
</comp>

<comp id="407" class="1004" name="trunc_ln66_fu_407">
<pin_list>
<pin id="408" dir="0" index="0" bw="32" slack="0"/>
<pin id="409" dir="1" index="1" bw="24" slack="0"/>
</pin_list>
<bind>
<opcode="trunc(33) " fcode="trunc"/>
<opset="trunc_ln66/7 "/>
</bind>
</comp>

<comp id="411" class="1004" name="select_ln66_fu_411">
<pin_list>
<pin id="412" dir="0" index="0" bw="1" slack="0"/>
<pin id="413" dir="0" index="1" bw="24" slack="0"/>
<pin id="414" dir="0" index="2" bw="24" slack="0"/>
<pin id="415" dir="1" index="3" bw="24" slack="0"/>
</pin_list>
<bind>
<opcode="select(49) " fcode="select"/>
<opset="select_ln66/7 "/>
</bind>
</comp>

<comp id="420" class="1005" name="write_index_load_reg_420">
<pin_list>
<pin id="421" dir="0" index="0" bw="16" slack="6"/>
<pin id="422" dir="1" index="1" bw="16" slack="6"/>
</pin_list>
<bind>
<opset="write_index_load "/>
</bind>
</comp>

<comp id="425" class="1005" name="read_index_2_reg_425">
<pin_list>
<pin id="426" dir="0" index="0" bw="16" slack="1"/>
<pin id="427" dir="1" index="1" bw="16" slack="1"/>
</pin_list>
<bind>
<opset="read_index_2 "/>
</bind>
</comp>

<comp id="430" class="1005" name="delay_buffer_L_addr_reg_430">
<pin_list>
<pin id="431" dir="0" index="0" bw="16" slack="1"/>
<pin id="432" dir="1" index="1" bw="16" slack="1"/>
</pin_list>
<bind>
<opset="delay_buffer_L_addr "/>
</bind>
</comp>

<comp id="435" class="1005" name="delay_buffer_R_addr_reg_435">
<pin_list>
<pin id="436" dir="0" index="0" bw="16" slack="1"/>
<pin id="437" dir="1" index="1" bw="16" slack="1"/>
</pin_list>
<bind>
<opset="delay_buffer_R_addr "/>
</bind>
</comp>

<comp id="440" class="1005" name="delayed_L_reg_440">
<pin_list>
<pin id="441" dir="0" index="0" bw="24" slack="1"/>
<pin id="442" dir="1" index="1" bw="24" slack="1"/>
</pin_list>
<bind>
<opset="delayed_L "/>
</bind>
</comp>

<comp id="445" class="1005" name="delayed_R_reg_445">
<pin_list>
<pin id="446" dir="0" index="0" bw="24" slack="1"/>
<pin id="447" dir="1" index="1" bw="24" slack="1"/>
</pin_list>
<bind>
<opset="delayed_R "/>
</bind>
</comp>

<comp id="450" class="1005" name="feedback_gain_read_reg_450">
<pin_list>
<pin id="451" dir="0" index="0" bw="32" slack="1"/>
<pin id="452" dir="1" index="1" bw="32" slack="1"/>
</pin_list>
<bind>
<opset="feedback_gain_read "/>
</bind>
</comp>

<comp id="456" class="1005" name="sext_ln46_reg_456">
<pin_list>
<pin id="457" dir="0" index="0" bw="32" slack="1"/>
<pin id="458" dir="1" index="1" bw="32" slack="1"/>
</pin_list>
<bind>
<opset="sext_ln46 "/>
</bind>
</comp>

<comp id="461" class="1005" name="sext_ln47_reg_461">
<pin_list>
<pin id="462" dir="0" index="0" bw="32" slack="1"/>
<pin id="463" dir="1" index="1" bw="32" slack="1"/>
</pin_list>
<bind>
<opset="sext_ln47 "/>
</bind>
</comp>

<comp id="466" class="1005" name="feedback_from_R_reg_466">
<pin_list>
<pin id="467" dir="0" index="0" bw="24" slack="1"/>
<pin id="468" dir="1" index="1" bw="24" slack="1"/>
</pin_list>
<bind>
<opset="feedback_from_R "/>
</bind>
</comp>

<comp id="472" class="1005" name="feedback_from_L_reg_472">
<pin_list>
<pin id="473" dir="0" index="0" bw="24" slack="1"/>
<pin id="474" dir="1" index="1" bw="24" slack="1"/>
</pin_list>
<bind>
<opset="feedback_from_L "/>
</bind>
</comp>

<comp id="478" class="1005" name="add_ln52_reg_478">
<pin_list>
<pin id="479" dir="0" index="0" bw="32" slack="1"/>
<pin id="480" dir="1" index="1" bw="32" slack="1"/>
</pin_list>
<bind>
<opset="add_ln52 "/>
</bind>
</comp>

<comp id="483" class="1005" name="add_ln56_reg_483">
<pin_list>
<pin id="484" dir="0" index="0" bw="32" slack="1"/>
<pin id="485" dir="1" index="1" bw="32" slack="1"/>
</pin_list>
<bind>
<opset="add_ln56 "/>
</bind>
</comp>

<comp id="488" class="1005" name="icmp_ln59_reg_488">
<pin_list>
<pin id="489" dir="0" index="0" bw="1" slack="1"/>
<pin id="490" dir="1" index="1" bw="1" slack="1"/>
</pin_list>
<bind>
<opset="icmp_ln59 "/>
</bind>
</comp>

<comp id="493" class="1005" name="icmp_ln61_reg_493">
<pin_list>
<pin id="494" dir="0" index="0" bw="1" slack="1"/>
<pin id="495" dir="1" index="1" bw="1" slack="1"/>
</pin_list>
<bind>
<opset="icmp_ln61 "/>
</bind>
</comp>

</comp_list>

<net_list>
<net id="92"><net_src comp="20" pin="0"/><net_sink comp="88" pin=0"/></net>

<net id="93"><net_src comp="8" pin="0"/><net_sink comp="88" pin=1"/></net>

<net id="98"><net_src comp="20" pin="0"/><net_sink comp="94" pin=0"/></net>

<net id="99"><net_src comp="10" pin="0"/><net_sink comp="94" pin=1"/></net>

<net id="104"><net_src comp="40" pin="0"/><net_sink comp="100" pin=0"/></net>

<net id="105"><net_src comp="6" pin="0"/><net_sink comp="100" pin=1"/></net>

<net id="110"><net_src comp="40" pin="0"/><net_sink comp="106" pin=0"/></net>

<net id="111"><net_src comp="4" pin="0"/><net_sink comp="106" pin=1"/></net>

<net id="117"><net_src comp="50" pin="0"/><net_sink comp="112" pin=0"/></net>

<net id="118"><net_src comp="0" pin="0"/><net_sink comp="112" pin=1"/></net>

<net id="119"><net_src comp="106" pin="2"/><net_sink comp="112" pin=2"/></net>

<net id="125"><net_src comp="50" pin="0"/><net_sink comp="120" pin=0"/></net>

<net id="126"><net_src comp="2" pin="0"/><net_sink comp="120" pin=1"/></net>

<net id="127"><net_src comp="100" pin="2"/><net_sink comp="120" pin=2"/></net>

<net id="133"><net_src comp="16" pin="0"/><net_sink comp="128" pin=0"/></net>

<net id="134"><net_src comp="32" pin="0"/><net_sink comp="128" pin=1"/></net>

<net id="140"><net_src comp="128" pin="3"/><net_sink comp="135" pin=0"/></net>

<net id="146"><net_src comp="18" pin="0"/><net_sink comp="141" pin=0"/></net>

<net id="147"><net_src comp="32" pin="0"/><net_sink comp="141" pin=1"/></net>

<net id="153"><net_src comp="141" pin="3"/><net_sink comp="148" pin=0"/></net>

<net id="159"><net_src comp="16" pin="0"/><net_sink comp="154" pin=0"/></net>

<net id="160"><net_src comp="32" pin="0"/><net_sink comp="154" pin=1"/></net>

<net id="161"><net_src comp="154" pin="3"/><net_sink comp="135" pin=0"/></net>

<net id="167"><net_src comp="18" pin="0"/><net_sink comp="162" pin=0"/></net>

<net id="168"><net_src comp="32" pin="0"/><net_sink comp="162" pin=1"/></net>

<net id="169"><net_src comp="162" pin="3"/><net_sink comp="148" pin=0"/></net>

<net id="174"><net_src comp="94" pin="2"/><net_sink comp="170" pin=1"/></net>

<net id="179"><net_src comp="94" pin="2"/><net_sink comp="175" pin=1"/></net>

<net id="183"><net_src comp="88" pin="2"/><net_sink comp="180" pin=0"/></net>

<net id="187"><net_src comp="14" pin="0"/><net_sink comp="184" pin=0"/></net>

<net id="191"><net_src comp="184" pin="1"/><net_sink comp="188" pin=0"/></net>

<net id="196"><net_src comp="188" pin="1"/><net_sink comp="192" pin=0"/></net>

<net id="197"><net_src comp="88" pin="2"/><net_sink comp="192" pin=1"/></net>

<net id="202"><net_src comp="192" pin="2"/><net_sink comp="198" pin=0"/></net>

<net id="203"><net_src comp="22" pin="0"/><net_sink comp="198" pin=1"/></net>

<net id="208"><net_src comp="184" pin="1"/><net_sink comp="204" pin=0"/></net>

<net id="209"><net_src comp="180" pin="1"/><net_sink comp="204" pin=1"/></net>

<net id="214"><net_src comp="24" pin="0"/><net_sink comp="210" pin=0"/></net>

<net id="215"><net_src comp="180" pin="1"/><net_sink comp="210" pin=1"/></net>

<net id="220"><net_src comp="184" pin="1"/><net_sink comp="216" pin=0"/></net>

<net id="221"><net_src comp="210" pin="2"/><net_sink comp="216" pin=1"/></net>

<net id="227"><net_src comp="198" pin="2"/><net_sink comp="222" pin=0"/></net>

<net id="228"><net_src comp="204" pin="2"/><net_sink comp="222" pin=1"/></net>

<net id="229"><net_src comp="216" pin="2"/><net_sink comp="222" pin=2"/></net>

<net id="234"><net_src comp="184" pin="1"/><net_sink comp="230" pin=0"/></net>

<net id="235"><net_src comp="26" pin="0"/><net_sink comp="230" pin=1"/></net>

<net id="240"><net_src comp="230" pin="2"/><net_sink comp="236" pin=0"/></net>

<net id="241"><net_src comp="28" pin="0"/><net_sink comp="236" pin=1"/></net>

<net id="247"><net_src comp="236" pin="2"/><net_sink comp="242" pin=0"/></net>

<net id="248"><net_src comp="30" pin="0"/><net_sink comp="242" pin=1"/></net>

<net id="249"><net_src comp="230" pin="2"/><net_sink comp="242" pin=2"/></net>

<net id="254"><net_src comp="242" pin="3"/><net_sink comp="250" pin=0"/></net>

<net id="255"><net_src comp="14" pin="0"/><net_sink comp="250" pin=1"/></net>

<net id="259"><net_src comp="256" pin="1"/><net_sink comp="128" pin=2"/></net>

<net id="260"><net_src comp="256" pin="1"/><net_sink comp="141" pin=2"/></net>

<net id="264"><net_src comp="261" pin="1"/><net_sink comp="175" pin=0"/></net>

<net id="268"><net_src comp="265" pin="1"/><net_sink comp="170" pin=0"/></net>

<net id="275"><net_src comp="34" pin="0"/><net_sink comp="269" pin=0"/></net>

<net id="276"><net_src comp="170" pin="2"/><net_sink comp="269" pin=1"/></net>

<net id="277"><net_src comp="36" pin="0"/><net_sink comp="269" pin=2"/></net>

<net id="278"><net_src comp="38" pin="0"/><net_sink comp="269" pin=3"/></net>

<net id="285"><net_src comp="34" pin="0"/><net_sink comp="279" pin=0"/></net>

<net id="286"><net_src comp="175" pin="2"/><net_sink comp="279" pin=1"/></net>

<net id="287"><net_src comp="36" pin="0"/><net_sink comp="279" pin=2"/></net>

<net id="288"><net_src comp="38" pin="0"/><net_sink comp="279" pin=3"/></net>

<net id="298"><net_src comp="106" pin="2"/><net_sink comp="295" pin=0"/></net>

<net id="303"><net_src comp="289" pin="1"/><net_sink comp="299" pin=0"/></net>

<net id="304"><net_src comp="106" pin="2"/><net_sink comp="299" pin=1"/></net>

<net id="309"><net_src comp="292" pin="1"/><net_sink comp="305" pin=0"/></net>

<net id="310"><net_src comp="295" pin="1"/><net_sink comp="305" pin=1"/></net>

<net id="320"><net_src comp="100" pin="2"/><net_sink comp="317" pin=0"/></net>

<net id="325"><net_src comp="311" pin="1"/><net_sink comp="321" pin=0"/></net>

<net id="326"><net_src comp="100" pin="2"/><net_sink comp="321" pin=1"/></net>

<net id="331"><net_src comp="314" pin="1"/><net_sink comp="327" pin=0"/></net>

<net id="332"><net_src comp="317" pin="1"/><net_sink comp="327" pin=1"/></net>

<net id="339"><net_src comp="42" pin="0"/><net_sink comp="333" pin=0"/></net>

<net id="340"><net_src comp="305" pin="2"/><net_sink comp="333" pin=1"/></net>

<net id="341"><net_src comp="44" pin="0"/><net_sink comp="333" pin=2"/></net>

<net id="342"><net_src comp="46" pin="0"/><net_sink comp="333" pin=3"/></net>

<net id="347"><net_src comp="333" pin="4"/><net_sink comp="343" pin=0"/></net>

<net id="348"><net_src comp="48" pin="0"/><net_sink comp="343" pin=1"/></net>

<net id="355"><net_src comp="42" pin="0"/><net_sink comp="349" pin=0"/></net>

<net id="356"><net_src comp="327" pin="2"/><net_sink comp="349" pin=1"/></net>

<net id="357"><net_src comp="44" pin="0"/><net_sink comp="349" pin=2"/></net>

<net id="358"><net_src comp="46" pin="0"/><net_sink comp="349" pin=3"/></net>

<net id="363"><net_src comp="349" pin="4"/><net_sink comp="359" pin=0"/></net>

<net id="364"><net_src comp="48" pin="0"/><net_sink comp="359" pin=1"/></net>

<net id="370"><net_src comp="82" pin="0"/><net_sink comp="365" pin=1"/></net>

<net id="375"><net_src comp="365" pin="3"/><net_sink comp="371" pin=0"/></net>

<net id="376"><net_src comp="84" pin="0"/><net_sink comp="371" pin=1"/></net>

<net id="382"><net_src comp="82" pin="0"/><net_sink comp="377" pin=1"/></net>

<net id="387"><net_src comp="377" pin="3"/><net_sink comp="383" pin=0"/></net>

<net id="388"><net_src comp="84" pin="0"/><net_sink comp="383" pin=1"/></net>

<net id="392"><net_src comp="365" pin="3"/><net_sink comp="389" pin=0"/></net>

<net id="398"><net_src comp="371" pin="2"/><net_sink comp="393" pin=0"/></net>

<net id="399"><net_src comp="86" pin="0"/><net_sink comp="393" pin=1"/></net>

<net id="400"><net_src comp="389" pin="1"/><net_sink comp="393" pin=2"/></net>

<net id="401"><net_src comp="393" pin="3"/><net_sink comp="135" pin=1"/></net>

<net id="405"><net_src comp="402" pin="1"/><net_sink comp="154" pin=2"/></net>

<net id="406"><net_src comp="402" pin="1"/><net_sink comp="162" pin=2"/></net>

<net id="410"><net_src comp="377" pin="3"/><net_sink comp="407" pin=0"/></net>

<net id="416"><net_src comp="383" pin="2"/><net_sink comp="411" pin=0"/></net>

<net id="417"><net_src comp="86" pin="0"/><net_sink comp="411" pin=1"/></net>

<net id="418"><net_src comp="407" pin="1"/><net_sink comp="411" pin=2"/></net>

<net id="419"><net_src comp="411" pin="3"/><net_sink comp="148" pin=1"/></net>

<net id="423"><net_src comp="184" pin="1"/><net_sink comp="420" pin=0"/></net>

<net id="424"><net_src comp="420" pin="1"/><net_sink comp="402" pin=0"/></net>

<net id="428"><net_src comp="222" pin="3"/><net_sink comp="425" pin=0"/></net>

<net id="429"><net_src comp="425" pin="1"/><net_sink comp="256" pin=0"/></net>

<net id="433"><net_src comp="128" pin="3"/><net_sink comp="430" pin=0"/></net>

<net id="434"><net_src comp="430" pin="1"/><net_sink comp="135" pin=0"/></net>

<net id="438"><net_src comp="141" pin="3"/><net_sink comp="435" pin=0"/></net>

<net id="439"><net_src comp="435" pin="1"/><net_sink comp="148" pin=0"/></net>

<net id="443"><net_src comp="135" pin="3"/><net_sink comp="440" pin=0"/></net>

<net id="444"><net_src comp="440" pin="1"/><net_sink comp="261" pin=0"/></net>

<net id="448"><net_src comp="148" pin="3"/><net_sink comp="445" pin=0"/></net>

<net id="449"><net_src comp="445" pin="1"/><net_sink comp="265" pin=0"/></net>

<net id="453"><net_src comp="94" pin="2"/><net_sink comp="450" pin=0"/></net>

<net id="454"><net_src comp="450" pin="1"/><net_sink comp="170" pin=1"/></net>

<net id="455"><net_src comp="450" pin="1"/><net_sink comp="175" pin=1"/></net>

<net id="459"><net_src comp="261" pin="1"/><net_sink comp="456" pin=0"/></net>

<net id="460"><net_src comp="456" pin="1"/><net_sink comp="175" pin=0"/></net>

<net id="464"><net_src comp="265" pin="1"/><net_sink comp="461" pin=0"/></net>

<net id="465"><net_src comp="461" pin="1"/><net_sink comp="170" pin=0"/></net>

<net id="469"><net_src comp="269" pin="4"/><net_sink comp="466" pin=0"/></net>

<net id="470"><net_src comp="466" pin="1"/><net_sink comp="289" pin=0"/></net>

<net id="471"><net_src comp="466" pin="1"/><net_sink comp="292" pin=0"/></net>

<net id="475"><net_src comp="279" pin="4"/><net_sink comp="472" pin=0"/></net>

<net id="476"><net_src comp="472" pin="1"/><net_sink comp="311" pin=0"/></net>

<net id="477"><net_src comp="472" pin="1"/><net_sink comp="314" pin=0"/></net>

<net id="481"><net_src comp="299" pin="2"/><net_sink comp="478" pin=0"/></net>

<net id="482"><net_src comp="478" pin="1"/><net_sink comp="365" pin=2"/></net>

<net id="486"><net_src comp="321" pin="2"/><net_sink comp="483" pin=0"/></net>

<net id="487"><net_src comp="483" pin="1"/><net_sink comp="377" pin=2"/></net>

<net id="491"><net_src comp="343" pin="2"/><net_sink comp="488" pin=0"/></net>

<net id="492"><net_src comp="488" pin="1"/><net_sink comp="365" pin=0"/></net>

<net id="496"><net_src comp="359" pin="2"/><net_sink comp="493" pin=0"/></net>

<net id="497"><net_src comp="493" pin="1"/><net_sink comp="377" pin=0"/></net>

</net_list>

</model> 
---------------- Datapath Model END ------------------

* FSMD analyzer results:
  - Output states:
	Port: out_L | {6 }
	Port: out_R | {6 }
	Port: write_index | {1 }
	Port: delay_buffer_L | {7 }
	Port: delay_buffer_R | {7 }
 - Input state : 
	Port: audio : in_L | {6 }
	Port: audio : in_R | {6 }
	Port: audio : delay_samples | {1 }
	Port: audio : feedback_gain | {4 }
	Port: audio : write_index | {1 }
	Port: audio : delay_buffer_L | {2 3 }
	Port: audio : delay_buffer_R | {2 3 }
  - Chain level:
	State 1
		zext_ln39 : 1
		icmp_ln39 : 2
		xor_ln39 : 3
		read_index : 1
		sub_ln42 : 1
		read_index_1 : 2
		read_index_2 : 3
		add_ln79 : 1
		icmp_ln80 : 2
		select_ln80 : 3
		store_ln80 : 4
	State 2
		delay_buffer_L_addr : 1
		delayed_L : 2
		delay_buffer_R_addr : 1
		delayed_R : 2
	State 3
	State 4
		mul_ln51 : 1
		mul_ln55 : 1
	State 5
		feedback_from_R : 1
		feedback_from_L : 1
	State 6
		add_ln52 : 1
		new_L : 1
		add_ln56 : 1
		new_R : 1
		tmp : 2
		icmp_ln59 : 3
		tmp_1 : 2
		icmp_ln61 : 3
	State 7
		icmp_ln60 : 1
		icmp_ln62 : 1
		trunc_ln65 : 1
		select_ln65 : 2
		delay_buffer_L_addr_1 : 1
		store_ln65 : 3
		trunc_ln66 : 1
		select_ln66 : 2
		delay_buffer_R_addr_1 : 1
		store_ln66 : 3


============================================================
+ Verbose Summary: Datapath Resource usage 
============================================================

* Functional unit list:
|----------|-------------------------------|---------|---------|---------|
| Operation|        Functional Unit        |   DSP   |    FF   |   LUT   |
|----------|-------------------------------|---------|---------|---------|
|    mul   |           grp_fu_170          |    2    |   165   |    50   |
|          |           grp_fu_175          |    2    |   165   |    50   |
|----------|-------------------------------|---------|---------|---------|
|          |      read_index_1_fu_216      |    0    |    0    |    16   |
|          |        add_ln79_fu_230        |    0    |    0    |    23   |
|    add   |        add_ln52_fu_299        |    0    |    0    |    39   |
|          |          new_L_fu_305         |    0    |    0    |    39   |
|          |        add_ln56_fu_321        |    0    |    0    |    39   |
|          |          new_R_fu_327         |    0    |    0    |    39   |
|----------|-------------------------------|---------|---------|---------|
|          |        icmp_ln39_fu_192       |    0    |    0    |    39   |
|          |        icmp_ln80_fu_236       |    0    |    0    |    23   |
|   icmp   |        icmp_ln59_fu_343       |    0    |    0    |    13   |
|          |        icmp_ln61_fu_359       |    0    |    0    |    13   |
|          |        icmp_ln60_fu_371       |    0    |    0    |    39   |
|          |        icmp_ln62_fu_383       |    0    |    0    |    39   |
|----------|-------------------------------|---------|---------|---------|
|          |      read_index_2_fu_222      |    0    |    0    |    16   |
|          |       select_ln80_fu_242      |    0    |    0    |    16   |
|  select  |         new_L_1_fu_365        |    0    |    0    |    32   |
|          |         new_R_1_fu_377        |    0    |    0    |    32   |
|          |       select_ln65_fu_393      |    0    |    0    |    24   |
|          |       select_ln66_fu_411      |    0    |    0    |    24   |
|----------|-------------------------------|---------|---------|---------|
|    sub   |       read_index_fu_204       |    0    |    0    |    23   |
|          |        sub_ln42_fu_210        |    0    |    0    |    16   |
|----------|-------------------------------|---------|---------|---------|
|    xor   |        xor_ln39_fu_198        |    0    |    0    |    2    |
|----------|-------------------------------|---------|---------|---------|
|          | delay_samples_read_read_fu_88 |    0    |    0    |    0    |
|   read   | feedback_gain_read_read_fu_94 |    0    |    0    |    0    |
|          |     in_R_read_read_fu_100     |    0    |    0    |    0    |
|          |     in_L_read_read_fu_106     |    0    |    0    |    0    |
|----------|-------------------------------|---------|---------|---------|
|   write  |    write_ln75_write_fu_112    |    0    |    0    |    0    |
|          |    write_ln76_write_fu_120    |    0    |    0    |    0    |
|----------|-------------------------------|---------|---------|---------|
|          |       trunc_ln87_fu_180       |    0    |    0    |    0    |
|   trunc  |       trunc_ln65_fu_389       |    0    |    0    |    0    |
|          |       trunc_ln66_fu_407       |    0    |    0    |    0    |
|----------|-------------------------------|---------|---------|---------|
|          |        zext_ln39_fu_188       |    0    |    0    |    0    |
|          |        zext_ln46_fu_256       |    0    |    0    |    0    |
|          |       zext_ln51_1_fu_289      |    0    |    0    |    0    |
|   zext   |        zext_ln51_fu_292       |    0    |    0    |    0    |
|          |       zext_ln55_1_fu_311      |    0    |    0    |    0    |
|          |        zext_ln55_fu_314       |    0    |    0    |    0    |
|          |        zext_ln65_fu_402       |    0    |    0    |    0    |
|----------|-------------------------------|---------|---------|---------|
|          |        sext_ln46_fu_261       |    0    |    0    |    0    |
|   sext   |        sext_ln47_fu_265       |    0    |    0    |    0    |
|          |        sext_ln52_fu_295       |    0    |    0    |    0    |
|          |        sext_ln56_fu_317       |    0    |    0    |    0    |
|----------|-------------------------------|---------|---------|---------|
|          |     feedback_from_R_fu_269    |    0    |    0    |    0    |
|partselect|     feedback_from_L_fu_279    |    0    |    0    |    0    |
|          |           tmp_fu_333          |    0    |    0    |    0    |
|          |          tmp_1_fu_349         |    0    |    0    |    0    |
|----------|-------------------------------|---------|---------|---------|
|   Total  |                               |    4    |   330   |   646   |
|----------|-------------------------------|---------|---------|---------|

Memories:
+--------------+--------+--------+--------+--------+
|              |  BRAM  |   FF   |   LUT  |  URAM  |
+--------------+--------+--------+--------+--------+
|delay_buffer_L|   96   |    0   |    0   |    0   |
|delay_buffer_R|   96   |    0   |    0   |    0   |
+--------------+--------+--------+--------+--------+
|     Total    |   192  |    0   |    0   |    0   |
+--------------+--------+--------+--------+--------+

* Register list:
+---------------------------+--------+
|                           |   FF   |
+---------------------------+--------+
|      add_ln52_reg_478     |   32   |
|      add_ln56_reg_483     |   32   |
|delay_buffer_L_addr_reg_430|   16   |
|delay_buffer_R_addr_reg_435|   16   |
|     delayed_L_reg_440     |   24   |
|     delayed_R_reg_445     |   24   |
|  feedback_from_L_reg_472  |   24   |
|  feedback_from_R_reg_466  |   24   |
| feedback_gain_read_reg_450|   32   |
|     icmp_ln59_reg_488     |    1   |
|     icmp_ln61_reg_493     |    1   |
|    read_index_2_reg_425   |   16   |
|     sext_ln46_reg_456     |   32   |
|     sext_ln47_reg_461     |   32   |
|  write_index_load_reg_420 |   16   |
+---------------------------+--------+
|           Total           |   322  |
+---------------------------+--------+

* Multiplexer (MUX) list: 
|-------------------|------|------|------|--------||---------||---------||---------|
|        Comp       |  Pin | Size |  BW  | S x BW ||  Delay  ||    FF   ||   LUT   |
|-------------------|------|------|------|--------||---------||---------||---------|
| grp_access_fu_135 |  p0  |   3  |  16  |   48   ||    0    ||    14   |
| grp_access_fu_148 |  p0  |   3  |  16  |   48   ||    0    ||    14   |
|     grp_fu_170    |  p0  |   2  |  24  |   48   ||    0    ||    9    |
|     grp_fu_170    |  p1  |   2  |  32  |   64   ||    0    ||    9    |
|     grp_fu_175    |  p0  |   2  |  24  |   48   ||    0    ||    9    |
|     grp_fu_175    |  p1  |   2  |  32  |   64   ||    0    ||    9    |
|-------------------|------|------|------|--------||---------||---------||---------|
|       Total       |      |      |      |   320  ||  9.7666 ||    0    ||    64   |
|-------------------|------|------|------|--------||---------||---------||---------|



* Summary:
+-----------+--------+--------+--------+--------+--------+--------+
|           |  BRAM  |   DSP  |  Delay |   FF   |   LUT  |  URAM  |
+-----------+--------+--------+--------+--------+--------+--------+
|  Function |    -   |    4   |    -   |   330  |   646  |    -   |
|   Memory  |   192  |    -   |    -   |    0   |    0   |    0   |
|Multiplexer|    -   |    -   |    9   |    0   |   64   |    -   |
|  Register |    -   |    -   |    -   |   322  |    -   |    -   |
+-----------+--------+--------+--------+--------+--------+--------+
|   Total   |   192  |    4   |    9   |   652  |   710  |    0   |
+-----------+--------+--------+--------+--------+--------+--------+
