/home/linux/ieng6/students/298/jjhan/fa25-cse237c-projects/guitar_pedal/guitarpedal/audio.comp/hls/.autopilot/db/audio.pp.0.cpp:2507:5: warning: Added loop label VITIS_LOOP_676_1:   [xilinx-label-all-loops]
    for (unsigned i = low; i != high+1; ++i) {
    ^~~
    VITIS_LOOP_676_1: 
/home/linux/ieng6/students/298/jjhan/fa25-cse237c-projects/guitar_pedal/guitarpedal/audio.comp/hls/.autopilot/db/audio.pp.0.cpp:2507:5: note: FIX-IT applied suggested code changes
/home/linux/ieng6/students/298/jjhan/fa25-cse237c-projects/guitar_pedal/guitarpedal/audio.comp/hls/.autopilot/db/audio.pp.0.cpp:2521:5: warning: Added loop label VITIS_LOOP_690_1:   [xilinx-label-all-loops]
    for (unsigned i = low; i != high+1; ++i) {
    ^~~
    VITIS_LOOP_690_1: 
/home/linux/ieng6/students/298/jjhan/fa25-cse237c-projects/guitar_pedal/guitarpedal/audio.comp/hls/.autopilot/db/audio.pp.0.cpp:2521:5: note: FIX-IT applied suggested code changes
/home/linux/ieng6/students/298/jjhan/fa25-cse237c-projects/guitar_pedal/guitarpedal/audio.comp/hls/.autopilot/db/audio.pp.0.cpp:2535:5: warning: Added loop label VITIS_LOOP_704_1:   [xilinx-label-all-loops]
    for (unsigned i = low; i != high+1; ++i) {
    ^~~
    VITIS_LOOP_704_1: 
/home/linux/ieng6/students/298/jjhan/fa25-cse237c-projects/guitar_pedal/guitarpedal/audio.comp/hls/.autopilot/db/audio.pp.0.cpp:2535:5: note: FIX-IT applied suggested code changes
/home/linux/ieng6/students/298/jjhan/fa25-cse237c-projects/guitar_pedal/guitarpedal/audio.comp/hls/.autopilot/db/audio.pp.0.cpp:4169:7: warning: Added loop label VITIS_LOOP_1248_1:   [xilinx-label-all-loops]
      for (i = 0; i < __N - 1; ++i) {
      ^~~
      VITIS_LOOP_1248_1: 
/home/linux/ieng6/students/298/jjhan/fa25-cse237c-projects/guitar_pedal/guitarpedal/audio.comp/hls/.autopilot/db/audio.pp.0.cpp:4169:7: note: FIX-IT applied suggested code changes
