Execute         source -notrace -encoding utf-8 /software/common/Xilinx_Vitis/Vitis/2024.2/tps/tcl/tcl8.6/clock.tcl 
Execute           source -encoding utf-8 /software/common/Xilinx_Vitis/Vitis/2024.2/tps/tcl/tcl8/8.5/msgcat-1.6.1.tm 
INFO-FLOW: Workspace /home/linux/ieng6/students/298/jjhan/fa25-cse237c-projects/guitar_pedal/guitarpedal/audio.comp/hls opened at Mon Dec 08 12:24:11 PST 2025
Execute         send_msg_by_id INFO @200-1505@%s%s default  vivado 
INFO: [HLS 200-1505] Using default flow_target 'vivado'
Execute         write_ini /home/linux/ieng6/students/298/jjhan/fa25-cse237c-projects/guitar_pedal/guitarpedal/audio.comp/hls_config.cfg -apsfile /home/linux/ieng6/students/298/jjhan/fa25-cse237c-projects/guitar_pedal/guitarpedal/audio.comp/hls/hls.aps -filepaths relative -quiet 
Command       open_solution done; 0.2 sec.
Command     open_component done; 0.21 sec.
Execute     add_files audio.cpp 
INFO: [HLS 200-1510] Running: add_files audio.cpp 
INFO: [HLS 200-10] Adding design file 'audio.cpp' to the project
Execute     add_files -tb audio.cpp 
INFO: [HLS 200-1510] Running: add_files -tb audio.cpp 
INFO: [HLS 200-10] Adding test bench file 'audio.cpp' to the project
Execute     set_top audio 
INFO: [HLS 200-1510] Running: set_top audio 
Execute     set_part xc7z020clg400-1 
INFO: [HLS 200-1510] Running: set_part xc7z020clg400-1 
Execute       create_platform xc7z020clg400-1 -board  
DBG:HLSDevice: Trying to load device library: /software/common/Xilinx_Vitis/Vitis/2024.2/lib/lnx64.o/libxv_hlsvwrap.so
DBG:HLSDevice: first parts/arch.xml in RDI_DATADIR: /software/common/Xilinx_Vitis/Vivado/2024.2/data/parts/arch.xml
DBG:HLSDevice: init success
INFO: [HLS 200-1611] Setting target device to 'xc7z020-clg400-1'
Command       create_platform done; 4.97 sec.
Execute       source /software/common/Xilinx_Vitis/Vitis/2024.2/common/technology/xilinx/common/xilinx.gen 
Execute         source /software/common/Xilinx_Vitis/Vitis/2024.2/common/technology/xilinx/interface/plb46.gen 
Execute         source /software/common/Xilinx_Vitis/Vitis/2024.2/common/technology/xilinx/interface/axi4.gen 
Execute         source /software/common/Xilinx_Vitis/Vitis/2024.2/common/technology/xilinx/interface/nativeAXI4.gen 
Execute           source /software/common/Xilinx_Vitis/Vitis/2024.2/common/technology/xilinx/interface/saxilite.gen 
Execute         source /software/common/Xilinx_Vitis/Vitis/2024.2/common/technology/xilinx/scripts/xilinxcoregen.gen 
Execute         source /software/common/Xilinx_Vitis/Vitis/2024.2/common/technology/xilinx/interface/XilEDKCoreGen.gen 
Execute         source /software/common/Xilinx_Vitis/Vitis/2024.2/common/technology/xilinx/ip/xfir.gen 
Execute         source /software/common/Xilinx_Vitis/Vitis/2024.2/common/technology/xilinx/ip/dds_compiler.gen 
Execute         source /software/common/Xilinx_Vitis/Vitis/2024.2/common/technology/xilinx/ip/util.gen 
Execute         source /software/common/Xilinx_Vitis/Vitis/2024.2/common/technology/xilinx/ip/xfft.gen 
Execute         source /software/common/Xilinx_Vitis/Vitis/2024.2/common/technology/xilinx/DSP48/dsp48.gen 
Command       ap_source done; 0.13 sec.
Execute       ap_part_info -name xc7z020-clg400-1 -data info 
Execute       config_compile -quiet -complex-mul-dsp=0 
Command     set_part done; 5.17 sec.
Execute     create_clock -period 10 
INFO: [HLS 200-1510] Running: create_clock -period 10 
Execute       ap_set_clock -name default -period 10 -unit ns -default=false 
INFO: [SYN 201-201] Setting up clock 'default' with a period of 10ns.
Execute     csynth_design 
INFO: [HLS 200-1510] Running: csynth_design 
Execute       ::AP::init_summary_file csynth 
Execute         AP::app_get_file_relativeroot [AP::app_get_root] {}
Command       AP::init_summary_file done; 2.56 sec.
Execute       write_ini /home/linux/ieng6/students/298/jjhan/fa25-cse237c-projects/guitar_pedal/guitarpedal/audio.comp/hls_config.cfg -apsfile /home/linux/ieng6/students/298/jjhan/fa25-cse237c-projects/guitar_pedal/guitarpedal/audio.comp/hls/hls.aps -filepaths relative -quiet 
INFO-FLOW: Running SLX 'csynth' proc: ::SLX::run_csynth
Execute       elaborate -effort=medium -skip_syncheck=0 -keep_printf=0 -skip_cdt=0 -skip_transform=0 -ng=0 -g=0 -opt_fp=0 -from_csynth_design=1 
INFO: [HLS 200-111] Finished File checks and directory preparation: CPU user time: 0.12 seconds. CPU system time: 0.03 seconds. Elapsed time: 2.7 seconds; current allocated memory: 658.781 MB.
Execute         set_directive_top audio -name=audio 
Execute         source /software/common/Xilinx_Vitis/Vitis/2024.2/tps/tcl/tcllib1.11.1/yaml/huddle.tcl 
Execute         source /software/common/Xilinx_Vitis/Vitis/2024.2/tps/tcl/tcllib1.11.1/yaml/json2huddle.tcl 
Execute           source /software/common/Xilinx_Vitis/Vitis/2024.2/tps/tcl/tcllib1.11.1/try/try.tcl 
INFO: [HLS 200-10] Analyzing design file 'audio.cpp' ... 
INFO-FLOW: Compiling one TU...
INFO-FLOW: Handling audio.cpp as C++
Execute         ap_part_info -name xc7z020-clg400-1 -data info 
INFO-FLOW: Running: GCC PP 39
INFO-FLOW: Source preprocessing
INFO-FLOW: run_clang exec: /software/common/Xilinx_Vitis/Vitis/2024.2/lnx64/tools/clang-3.9-csynth/bin/clang audio.cpp -foptimization-record-file=/home/linux/ieng6/students/298/jjhan/fa25-cse237c-projects/guitar_pedal/guitarpedal/audio.comp/hls/.autopilot/db/audio.cpp.clang.diag.yml -mllvm -pass-remarks-missed=reflow|pasta|unroll|inline -mllvm -pass-remarks=reflow|pasta|unroll|inline -fno-limit-debug-info --gcc-toolchain=/software/common/Xilinx_Vitis/Vitis/2024.2/tps/lnx64/gcc-8.3.0 -fhls -fno-exceptions -insert-hls-directive=/home/linux/ieng6/students/298/jjhan/fa25-cse237c-projects/guitar_pedal/guitarpedal/audio.comp/hls/.autopilot/db/all.directive.json -E -fno-math-errno -c -emit-llvm -mllvm -disable-llvm-optzns -Werror=implicit-function-declaration -Werror=implicit-hls-streams -Werror=return-type -Wpragmas -Wunused-parameter -Wdump-hls-pragmas -Wno-error=dump-hls-pragmas -hls-clock-period=10 -fno-threadsafe-statics -fno-use-cxa-atexit -std=gnu++14 -target fpga64-xilinx-linux-gnu -fno-threadsafe-statics -fno-use-cxa-atexit -D__VITIS_HLS__ -DAESL_SYN -D__SYNTHESIS__ -D__HLS_SYN__ -I /software/common/Xilinx_Vitis/Vitis/2024.2/common/technology/autopilot -I /software/common/Xilinx_Vitis/Vitis/2024.2/common/technology/autopilot/ap_sysc -include etc/autopilot_ssdm_op.h -D__DSP48E1__ -I /usr/include/x86_64-linux-gnu -o /home/linux/ieng6/students/298/jjhan/fa25-cse237c-projects/guitar_pedal/guitarpedal/audio.comp/hls/.autopilot/db/audio.pp.0.cpp -hls-platform-db-name=/software/common/Xilinx_Vitis/Vitis/2024.2/common/technology/xilinx/common/platform.db -hls-platform-name=zynq_slow -device-resource-info=BRAM_280.000000_DSP_220.000000_FF_106400.000000_LUT_53200.000000_SLICE_13300.000000_URAM_0.000000 -device-name-info=xc7z020clg400-1 > /home/linux/ieng6/students/298/jjhan/fa25-cse237c-projects/guitar_pedal/guitarpedal/audio.comp/hls/.autopilot/db/audio.cpp.clang.out.log 2> /home/linux/ieng6/students/298/jjhan/fa25-cse237c-projects/guitar_pedal/guitarpedal/audio.comp/hls/.autopilot/db/audio.cpp.clang.err.log
WARNING: [HLS 207-910] 'MAX_DELAY_SAMPLES' macro redefined (audio.cpp:11:9)
INFO: [HLS 207-71] previous definition is here (./audio.h:11:9)
INFO-FLOW: Done: GCC PP 39 time: 0.2 seconds per iteration
INFO-FLOW: Source syntax check for synthesis
INFO-FLOW: run_clang exec: /software/common/Xilinx_Vitis/Vitis/2024.2/lnx64/tools/clang-3.9-csynth/bin/clang -foptimization-record-file=/home/linux/ieng6/students/298/jjhan/fa25-cse237c-projects/guitar_pedal/guitarpedal/audio.comp/hls/.autopilot/db/clang.diag.yml -mllvm -pass-remarks-missed=reflow|pasta|unroll|inline -mllvm -pass-remarks=reflow|pasta|unroll|inline -fsyntax-only -fhls -target fpga64-xilinx-linux-gnu /home/linux/ieng6/students/298/jjhan/fa25-cse237c-projects/guitar_pedal/guitarpedal/audio.comp/hls/.autopilot/db/audio.pp.0.cpp -hls-platform-db-name=/software/common/Xilinx_Vitis/Vitis/2024.2/common/technology/xilinx/common/platform.db -hls-platform-name=zynq_slow -device-resource-info=BRAM_280.000000_DSP_220.000000_FF_106400.000000_LUT_53200.000000_SLICE_13300.000000_URAM_0.000000 -device-name-info=xc7z020clg400-1 > /home/linux/ieng6/students/298/jjhan/fa25-cse237c-projects/guitar_pedal/guitarpedal/audio.comp/hls/.autopilot/db/clang.out.log 2> /home/linux/ieng6/students/298/jjhan/fa25-cse237c-projects/guitar_pedal/guitarpedal/audio.comp/hls/.autopilot/db/clang.err.log
Execute         clang_tidy xilinx-systemc-detector -desc systemc-detector /home/linux/ieng6/students/298/jjhan/fa25-cse237c-projects/guitar_pedal/guitarpedal/audio.comp/hls/.autopilot/db/audio.pp.0.cpp std=gnu++14 -target fpga  -directive=/home/linux/ieng6/students/298/jjhan/fa25-cse237c-projects/guitar_pedal/guitarpedal/audio.comp/hls/.autopilot/db/.systemc_flag 
INFO-FLOW: exec /software/common/Xilinx_Vitis/Vitis/2024.2/lnx64/tools/clang-3.9-csynth/bin/clang-tidy -header-filter=.* --checks=-*,xilinx-systemc-detector -import-directive=/home/linux/ieng6/students/298/jjhan/fa25-cse237c-projects/guitar_pedal/guitarpedal/audio.comp/hls/.autopilot/db/.systemc_flag -fix-errors /home/linux/ieng6/students/298/jjhan/fa25-cse237c-projects/guitar_pedal/guitarpedal/audio.comp/hls/.autopilot/db/audio.pp.0.cpp -- -std=gnu++14 -target fpga -fhls -ferror-limit=0
INFO-FLOW: Running: clang-tidy CDT preprocess 39
Execute         clang_tidy xilinx-directive2pragma -desc directive2pragma /home/linux/ieng6/students/298/jjhan/fa25-cse237c-projects/guitar_pedal/guitarpedal/audio.comp/hls/.autopilot/db/audio.pp.0.cpp std=gnu++14 -target fpga  -directive=/home/linux/ieng6/students/298/jjhan/fa25-cse237c-projects/guitar_pedal/guitarpedal/audio.comp/hls/.autopilot/db/all.directive.json 
INFO-FLOW: exec /software/common/Xilinx_Vitis/Vitis/2024.2/lnx64/tools/clang-3.9-csynth/bin/clang-tidy -header-filter=.* --checks=-*,xilinx-directive2pragma -import-directive=/home/linux/ieng6/students/298/jjhan/fa25-cse237c-projects/guitar_pedal/guitarpedal/audio.comp/hls/.autopilot/db/all.directive.json -fix-errors /home/linux/ieng6/students/298/jjhan/fa25-cse237c-projects/guitar_pedal/guitarpedal/audio.comp/hls/.autopilot/db/audio.pp.0.cpp -- -std=gnu++14 -target fpga -fhls -ferror-limit=0
INFO-FLOW: Done: clang-tidy CDT preprocess 39 time: 0.1 seconds per iteration
INFO-FLOW: Calling xilinx-label-all-loops ... 
INFO-FLOW: Calling xilinx-aggregate-on-hls-vector ... 
Execute         clang_tidy -errorcheck -desc loop-label xilinx-label-all-loops,xilinx-aggregate-on-hls-vector,,xilinx-warn-mayneed-no-ctor-attribute /home/linux/ieng6/students/298/jjhan/fa25-cse237c-projects/guitar_pedal/guitarpedal/audio.comp/hls/.autopilot/db/audio.pp.0.cpp std=gnu++14 -target fpga  
INFO-FLOW: run_clang exec: /software/common/Xilinx_Vitis/Vitis/2024.2/lnx64/tools/clang-3.9-csynth/bin/clang-tidy -export-fixes=/home/linux/ieng6/students/298/jjhan/fa25-cse237c-projects/guitar_pedal/guitarpedal/audio.comp/hls/.autopilot/db/audio.pp.0.cpp.clang-tidy.loop-label.diag.yml -header-filter=.* --checks=-*,xilinx-label-all-loops,xilinx-aggregate-on-hls-vector,,xilinx-warn-mayneed-no-ctor-attribute -fix-errors /home/linux/ieng6/students/298/jjhan/fa25-cse237c-projects/guitar_pedal/guitarpedal/audio.comp/hls/.autopilot/db/audio.pp.0.cpp -- -std=gnu++14 -target fpga -fhls -ferror-limit=0 > /home/linux/ieng6/students/298/jjhan/fa25-cse237c-projects/guitar_pedal/guitarpedal/audio.comp/hls/.autopilot/db/audio.pp.0.cpp.clang-tidy.loop-label.out.log 2> /home/linux/ieng6/students/298/jjhan/fa25-cse237c-projects/guitar_pedal/guitarpedal/audio.comp/hls/.autopilot/db/audio.pp.0.cpp.clang-tidy.loop-label.err.log
INFO-FLOW: run_clang exec: /software/common/Xilinx_Vitis/Vitis/2024.2/lnx64/tools/clang-3.9-csynth/bin/xilinx-dataflow-lawyer -export-fixes=/home/linux/ieng6/students/298/jjhan/fa25-cse237c-projects/guitar_pedal/guitarpedal/audio.comp/hls/.autopilot/db/audio.pp.0.cpp.xilinx-dataflow-lawyer.diag.yml /home/linux/ieng6/students/298/jjhan/fa25-cse237c-projects/guitar_pedal/guitarpedal/audio.comp/hls/.autopilot/db/audio.pp.0.cpp -- -std=gnu++14 -target fpga -fhls -ferror-limit=0 -fstrict-dataflow > /home/linux/ieng6/students/298/jjhan/fa25-cse237c-projects/guitar_pedal/guitarpedal/audio.comp/hls/.autopilot/db/audio.pp.0.cpp.xilinx-dataflow-lawyer.out.log 2> /home/linux/ieng6/students/298/jjhan/fa25-cse237c-projects/guitar_pedal/guitarpedal/audio.comp/hls/.autopilot/db/audio.pp.0.cpp.xilinx-dataflow-lawyer.err.log
Execute         ap_part_info -name xc7z020-clg400-1 -data info 
INFO-FLOW: compiling source code to llvm bc
INFO-FLOW: run_clang exec: /software/common/Xilinx_Vitis/Vitis/2024.2/lnx64/tools/clang-3.9-csynth/bin/clang -foptimization-record-file=/home/linux/ieng6/students/298/jjhan/fa25-cse237c-projects/guitar_pedal/guitarpedal/audio.comp/hls/.autopilot/db/audio.pp.0.cpp.clang.diag.yml -mllvm -pass-remarks-missed=reflow|pasta|unroll|inline -mllvm -pass-remarks=reflow|pasta|unroll|inline -fno-limit-debug-info -fhls -flto -fno-exceptions -Wno-error=c++11-narrowing -hls-emit-hint-scope /home/linux/ieng6/students/298/jjhan/fa25-cse237c-projects/guitar_pedal/guitarpedal/audio.comp/hls/.autopilot/db/audio.pp.0.cpp -fno-math-errno -c -emit-llvm -mllvm -disable-llvm-optzns -Werror=implicit-function-declaration -Werror=implicit-hls-streams -Werror=return-type -Wpragmas -Wunused-parameter -Wdump-hls-pragmas -Wno-error=dump-hls-pragmas -hls-clock-period=10 -fno-threadsafe-statics -fno-use-cxa-atexit -std=gnu++14 -target fpga64-xilinx-linux-gnu -D__VITIS_HLS__ -DAESL_SYN -D__SYNTHESIS__ -D__HLS_SYN__ -I /software/common/Xilinx_Vitis/Vitis/2024.2/common/technology/autopilot -I /software/common/Xilinx_Vitis/Vitis/2024.2/common/technology/autopilot/ap_sysc -include etc/autopilot_ssdm_op.h -D__DSP48E1__ -g -o /home/linux/ieng6/students/298/jjhan/fa25-cse237c-projects/guitar_pedal/guitarpedal/audio.comp/hls/.autopilot/db/audio.bc -hls-platform-db-name=/software/common/Xilinx_Vitis/Vitis/2024.2/common/technology/xilinx/common/platform.db -hls-platform-name=zynq_slow -device-resource-info=BRAM_280.000000_DSP_220.000000_FF_106400.000000_LUT_53200.000000_SLICE_13300.000000_URAM_0.000000 -device-name-info=xc7z020clg400-1 > /home/linux/ieng6/students/298/jjhan/fa25-cse237c-projects/guitar_pedal/guitarpedal/audio.comp/hls/.autopilot/db/audio.pp.0.cpp.clang.out.log 2> /home/linux/ieng6/students/298/jjhan/fa25-cse237c-projects/guitar_pedal/guitarpedal/audio.comp/hls/.autopilot/db/audio.pp.0.cpp.clang.err.log
INFO: [HLS 200-111] Finished Source Code Analysis and Preprocessing: CPU user time: 0.43 seconds. CPU system time: 0.55 seconds. Elapsed time: 1.07 seconds; current allocated memory: 659.996 MB.
INFO-FLOW: Linking Debug ...
INFO-FLOW: Linking dut bc code.
Execute         run_link_or_opt -out /home/linux/ieng6/students/298/jjhan/fa25-cse237c-projects/guitar_pedal/guitarpedal/audio.comp/hls/.autopilot/db/a.g.ld.0.bc -args  "/home/linux/ieng6/students/298/jjhan/fa25-cse237c-projects/guitar_pedal/guitarpedal/audio.comp/hls/.autopilot/db/audio.g.bc"  
INFO-FLOW: run_clang exec: /software/common/Xilinx_Vitis/Vitis/2024.2/lnx64/tools/clang-3.9-csynth/bin/llvm-link /home/linux/ieng6/students/298/jjhan/fa25-cse237c-projects/guitar_pedal/guitarpedal/audio.comp/hls/.autopilot/db/audio.g.bc -o /home/linux/ieng6/students/298/jjhan/fa25-cse237c-projects/guitar_pedal/guitarpedal/audio.comp/hls/.autopilot/db/a.g.ld.0.bc > /home/linux/ieng6/students/298/jjhan/fa25-cse237c-projects/guitar_pedal/guitarpedal/audio.comp/hls/.autopilot/db/a.g.ld.0.bc.llvm-link.out.log 2> /home/linux/ieng6/students/298/jjhan/fa25-cse237c-projects/guitar_pedal/guitarpedal/audio.comp/hls/.autopilot/db/a.g.ld.0.bc.llvm-link.err.log
Execute         run_link_or_opt -opt -out /home/linux/ieng6/students/298/jjhan/fa25-cse237c-projects/guitar_pedal/guitarpedal/audio.comp/hls/.autopilot/db/a.g.ld.1.lower.bc -args /home/linux/ieng6/students/298/jjhan/fa25-cse237c-projects/guitar_pedal/guitarpedal/audio.comp/hls/.autopilot/db/a.g.ld.0.bc -reflow-lower-math-intrinsics 
INFO-FLOW: run_clang exec: /software/common/Xilinx_Vitis/Vitis/2024.2/lnx64/tools/clang-3.9-csynth/bin/opt -pass-remarks-missed=reflow|pasta|unroll|inline -pass-remarks=reflow|pasta|unroll|inline -pass-remarks-output=/home/linux/ieng6/students/298/jjhan/fa25-cse237c-projects/guitar_pedal/guitarpedal/audio.comp/hls/.autopilot/db/a.g.ld.1.lower.bc.opt.diag.yml /home/linux/ieng6/students/298/jjhan/fa25-cse237c-projects/guitar_pedal/guitarpedal/audio.comp/hls/.autopilot/db/a.g.ld.0.bc -reflow-lower-math-intrinsics -o /home/linux/ieng6/students/298/jjhan/fa25-cse237c-projects/guitar_pedal/guitarpedal/audio.comp/hls/.autopilot/db/a.g.ld.1.lower.bc > /home/linux/ieng6/students/298/jjhan/fa25-cse237c-projects/guitar_pedal/guitarpedal/audio.comp/hls/.autopilot/db/a.g.ld.1.lower.bc.opt.out.log 2> /home/linux/ieng6/students/298/jjhan/fa25-cse237c-projects/guitar_pedal/guitarpedal/audio.comp/hls/.autopilot/db/a.g.ld.1.lower.bc.opt.err.log
INFO-FLOW: Running: gen_design_size_report post-opt
INFO-FLOW: Done: gen_design_size_report post-opt time: 0 seconds per iteration
INFO-FLOW: Linking math bc lib
Execute         run_link_or_opt -out /home/linux/ieng6/students/298/jjhan/fa25-cse237c-projects/guitar_pedal/guitarpedal/audio.comp/hls/.autopilot/db/a.g.ld.2.m1.bc -args /home/linux/ieng6/students/298/jjhan/fa25-cse237c-projects/guitar_pedal/guitarpedal/audio.comp/hls/.autopilot/db/a.g.ld.1.lower.bc -only-needed /software/common/Xilinx_Vitis/Vitis/2024.2/lnx64/lib/libhlsm_39.bc /software/common/Xilinx_Vitis/Vitis/2024.2/lnx64/lib/libhlsmc++_39.bc 
INFO-FLOW: run_clang exec: /software/common/Xilinx_Vitis/Vitis/2024.2/lnx64/tools/clang-3.9-csynth/bin/llvm-link /home/linux/ieng6/students/298/jjhan/fa25-cse237c-projects/guitar_pedal/guitarpedal/audio.comp/hls/.autopilot/db/a.g.ld.1.lower.bc -only-needed /software/common/Xilinx_Vitis/Vitis/2024.2/lnx64/lib/libhlsm_39.bc /software/common/Xilinx_Vitis/Vitis/2024.2/lnx64/lib/libhlsmc++_39.bc -o /home/linux/ieng6/students/298/jjhan/fa25-cse237c-projects/guitar_pedal/guitarpedal/audio.comp/hls/.autopilot/db/a.g.ld.2.m1.bc > /home/linux/ieng6/students/298/jjhan/fa25-cse237c-projects/guitar_pedal/guitarpedal/audio.comp/hls/.autopilot/db/a.g.ld.2.m1.bc.llvm-link.out.log 2> /home/linux/ieng6/students/298/jjhan/fa25-cse237c-projects/guitar_pedal/guitarpedal/audio.comp/hls/.autopilot/db/a.g.ld.2.m1.bc.llvm-link.err.log
