

================================================================
== Vitis HLS Report for 'fir'
================================================================
* Date:           Sun Oct 12 20:24:27 2025

* Version:        2024.2 (Build 5238294 on Nov  8 2024)
* Project:        fir.comp
* Solution:       hls (Vivado IP Flow Target)
* Product family: zynq
* Target device:  xc7z020-clg400-1


================================================================
== Performance Estimates
================================================================
+ Timing: 
    * Summary: 
    +--------+----------+----------+------------+
    |  Clock |  Target  | Estimated| Uncertainty|
    +--------+----------+----------+------------+
    |ap_clk  |  10.00 ns|  7.234 ns|     2.70 ns|
    +--------+----------+----------+------------+

+ Latency: 
    * Summary: 
    +---------+---------+----------+----------+-----+-----+---------+
    |  Latency (cycles) |  Latency (absolute) |  Interval | Pipeline|
    |   min   |   max   |    min   |    max   | min | max |   Type  |
    +---------+---------+----------+----------+-----+-----+---------+
    |      130|      130|  1.300 us|  1.300 us|  131|  131|       no|
    +---------+---------+----------+----------+-----+-----+---------+

    + Detail: 
        * Instance: 
        N/A

        * Loop: 
        N/A

============================================================
+ Verbose Summary: Synthesis Manager
============================================================
InlineROM: 1
ExposeGlobal: 0
============================================================
+ Verbose Summary: CDFG Model
============================================================
IsTopModel: 1
ResetActiveHigh: 1
IsCombinational: 0
IsDatapathOnly: 0
HasWiredReturn: 1
HasMFsm: 0
HasVarLatency: 1
IsPipeline: 0
IsRtlPipelined: 0
IsInstanceOverlapped: 0
IsDontTouch: 0
HasImplIP: 0
IsGatedGlobalClock: 0


============================================================
+ Verbose Summary: Schedule
============================================================
* Number of FSM states : 6
* Pipeline : 0
* Dataflow Pipeline: 0

* FSM state transitions: 
1 --> 2 
2 --> 3 
3 --> 4 
4 --> 5 
5 --> 6 
6 --> 

* FSM state operations: 

State 1 <SV = 0> <Delay = 0.00>
ST_1 : Operation 7 [1/1] (0.00ns)   --->   "%acc_1_loc = alloca i64 1"   --->   Operation 7 'alloca' 'acc_1_loc' <Predicate = true> <Delay = 0.00>
ST_1 : Operation 8 [2/2] (0.00ns)   --->   "%call_ln0 = call void @fir_Pipeline_TDL, i32 %fir_int_int_shift_reg, i32 %fir_int_int_shift_reg_10, i32 %fir_int_int_shift_reg_11, i32 %fir_int_int_shift_reg_12, i32 %fir_int_int_shift_reg_13, i32 %fir_int_int_shift_reg_14, i32 %fir_int_int_shift_reg_15, i32 %fir_int_int_shift_reg_16, i32 %fir_int_int_shift_reg_17, i32 %fir_int_int_shift_reg_18, i32 %p_ZZ3firPiiE9shift_reg_10, i32 %p_ZZ3firPiiE9shift_reg_11, i32 %p_ZZ3firPiiE9shift_reg_12, i32 %p_ZZ3firPiiE9shift_reg_13, i32 %p_ZZ3firPiiE9shift_reg_14, i32 %p_ZZ3firPiiE9shift_reg_15, i32 %p_ZZ3firPiiE9shift_reg_16, i32 %p_ZZ3firPiiE9shift_reg_17, i32 %p_ZZ3firPiiE9shift_reg_18, i32 %p_ZZ3firPiiE9shift_reg_19"   --->   Operation 8 'call' 'call_ln0' <Predicate = true> <Delay = 0.00> <CoreType = "Generic">   --->   Generic Core

State 2 <SV = 1> <Delay = 0.00>
ST_2 : Operation 9 [1/2] (0.00ns)   --->   "%call_ln0 = call void @fir_Pipeline_TDL, i32 %fir_int_int_shift_reg, i32 %fir_int_int_shift_reg_10, i32 %fir_int_int_shift_reg_11, i32 %fir_int_int_shift_reg_12, i32 %fir_int_int_shift_reg_13, i32 %fir_int_int_shift_reg_14, i32 %fir_int_int_shift_reg_15, i32 %fir_int_int_shift_reg_16, i32 %fir_int_int_shift_reg_17, i32 %fir_int_int_shift_reg_18, i32 %p_ZZ3firPiiE9shift_reg_10, i32 %p_ZZ3firPiiE9shift_reg_11, i32 %p_ZZ3firPiiE9shift_reg_12, i32 %p_ZZ3firPiiE9shift_reg_13, i32 %p_ZZ3firPiiE9shift_reg_14, i32 %p_ZZ3firPiiE9shift_reg_15, i32 %p_ZZ3firPiiE9shift_reg_16, i32 %p_ZZ3firPiiE9shift_reg_17, i32 %p_ZZ3firPiiE9shift_reg_18, i32 %p_ZZ3firPiiE9shift_reg_19"   --->   Operation 9 'call' 'call_ln0' <Predicate = true> <Delay = 0.00> <CoreType = "Generic">   --->   Generic Core

State 3 <SV = 2> <Delay = 2.32>
ST_3 : Operation 10 [1/1] (0.00ns)   --->   "%x_read = read i32 @_ssdm_op_Read.ap_auto.i32, i32 %x"   --->   Operation 10 'read' 'x_read' <Predicate = true> <Delay = 0.00>
ST_3 : Operation 11 [1/1] ( I:2.32ns O:2.32ns )   --->   "%store_ln35 = store i32 %x_read, i32 0" [fir.cpp:35]   --->   Operation 11 'store' 'store_ln35' <Predicate = true> <Delay = 2.32> <CoreInst = "RAM">   --->   Core 81 'RAM' <Latency = 1> <II = 1> <Delay = 2.32> <Storage> <Opcode : 'load' 'store'> <Ports = 2> <Width = 32> <Depth = 7> <RAM>

State 4 <SV = 3> <Delay = 0.00>
ST_4 : Operation 12 [2/2] (0.00ns)   --->   "%call_ln0 = call void @fir_Pipeline_MAC, i32 %acc_1_loc, i32 %fir_int_int_shift_reg, i32 %fir_int_int_shift_reg_10, i32 %fir_int_int_shift_reg_11, i32 %fir_int_int_shift_reg_12, i32 %fir_int_int_shift_reg_13, i32 %fir_int_int_shift_reg_14, i32 %fir_int_int_shift_reg_15, i32 %fir_int_int_shift_reg_16, i32 %fir_int_int_shift_reg_17, i32 %fir_int_int_shift_reg_18, i32 %p_ZZ3firPiiE9shift_reg_10, i32 %p_ZZ3firPiiE9shift_reg_11, i32 %p_ZZ3firPiiE9shift_reg_12, i32 %p_ZZ3firPiiE9shift_reg_13, i32 %p_ZZ3firPiiE9shift_reg_14, i32 %p_ZZ3firPiiE9shift_reg_15, i32 %p_ZZ3firPiiE9shift_reg_16, i32 %p_ZZ3firPiiE9shift_reg_17, i32 %p_ZZ3firPiiE9shift_reg_18, i32 %p_ZZ3firPiiE9shift_reg_19, i32 %fir_int_int_c, i32 %fir_int_int_c_1, i32 %fir_int_int_c_2, i32 %fir_int_int_c_3, i32 %fir_int_int_c_4, i32 %fir_int_int_c_5, i32 %fir_int_int_c_6, i32 %fir_int_int_c_7, i32 %fir_int_int_c_8, i32 %fir_int_int_c_9, i32 %p_ZZ3firPiiE1c_10, i32 %p_ZZ3firPiiE1c_11, i32 %p_ZZ3firPiiE1c_12, i32 %p_ZZ3firPiiE1c_13, i32 %p_ZZ3firPiiE1c_14, i32 %p_ZZ3firPiiE1c_15, i32 %p_ZZ3firPiiE1c_16, i32 %p_ZZ3firPiiE1c_17, i32 %p_ZZ3firPiiE1c_18, i32 %p_ZZ3firPiiE1c_19"   --->   Operation 12 'call' 'call_ln0' <Predicate = true> <Delay = 0.00> <CoreType = "Generic">   --->   Generic Core

State 5 <SV = 4> <Delay = 4.37>
ST_5 : Operation 13 [1/2] (4.37ns)   --->   "%call_ln0 = call void @fir_Pipeline_MAC, i32 %acc_1_loc, i32 %fir_int_int_shift_reg, i32 %fir_int_int_shift_reg_10, i32 %fir_int_int_shift_reg_11, i32 %fir_int_int_shift_reg_12, i32 %fir_int_int_shift_reg_13, i32 %fir_int_int_shift_reg_14, i32 %fir_int_int_shift_reg_15, i32 %fir_int_int_shift_reg_16, i32 %fir_int_int_shift_reg_17, i32 %fir_int_int_shift_reg_18, i32 %p_ZZ3firPiiE9shift_reg_10, i32 %p_ZZ3firPiiE9shift_reg_11, i32 %p_ZZ3firPiiE9shift_reg_12, i32 %p_ZZ3firPiiE9shift_reg_13, i32 %p_ZZ3firPiiE9shift_reg_14, i32 %p_ZZ3firPiiE9shift_reg_15, i32 %p_ZZ3firPiiE9shift_reg_16, i32 %p_ZZ3firPiiE9shift_reg_17, i32 %p_ZZ3firPiiE9shift_reg_18, i32 %p_ZZ3firPiiE9shift_reg_19, i32 %fir_int_int_c, i32 %fir_int_int_c_1, i32 %fir_int_int_c_2, i32 %fir_int_int_c_3, i32 %fir_int_int_c_4, i32 %fir_int_int_c_5, i32 %fir_int_int_c_6, i32 %fir_int_int_c_7, i32 %fir_int_int_c_8, i32 %fir_int_int_c_9, i32 %p_ZZ3firPiiE1c_10, i32 %p_ZZ3firPiiE1c_11, i32 %p_ZZ3firPiiE1c_12, i32 %p_ZZ3firPiiE1c_13, i32 %p_ZZ3firPiiE1c_14, i32 %p_ZZ3firPiiE1c_15, i32 %p_ZZ3firPiiE1c_16, i32 %p_ZZ3firPiiE1c_17, i32 %p_ZZ3firPiiE1c_18, i32 %p_ZZ3firPiiE1c_19"   --->   Operation 13 'call' 'call_ln0' <Predicate = true> <Delay = 4.37> <CoreType = "Generic">   --->   Generic Core

State 6 <SV = 5> <Delay = 0.00>
ST_6 : Operation 14 [1/1] (0.00ns)   --->   "%spectopmodule_ln16 = spectopmodule void @_ssdm_op_SpecTopModule, void @empty_1" [fir.cpp:16]   --->   Operation 14 'spectopmodule' 'spectopmodule_ln16' <Predicate = true> <Delay = 0.00>
ST_6 : Operation 15 [1/1] (0.00ns)   --->   "%specbitsmap_ln0 = specbitsmap void @_ssdm_op_SpecBitsMap, i32 %y"   --->   Operation 15 'specbitsmap' 'specbitsmap_ln0' <Predicate = true> <Delay = 0.00>
ST_6 : Operation 16 [1/1] (0.00ns)   --->   "%specinterface_ln0 = specinterface void @_ssdm_op_SpecInterface, i32 %y, void @empty, i32 0, i32 0, void @empty_0, i32 0, i32 0, void @empty_0, void @empty_0, void @empty_0, i32 0, i32 0, i32 0, i32 0, void @empty_0, void @empty_0, i32 4294967295, i32 0, i32 0"   --->   Operation 16 'specinterface' 'specinterface_ln0' <Predicate = true> <Delay = 0.00>
ST_6 : Operation 17 [1/1] (0.00ns)   --->   "%specbitsmap_ln0 = specbitsmap void @_ssdm_op_SpecBitsMap, i32 %x"   --->   Operation 17 'specbitsmap' 'specbitsmap_ln0' <Predicate = true> <Delay = 0.00>
ST_6 : Operation 18 [1/1] (0.00ns)   --->   "%specinterface_ln0 = specinterface void @_ssdm_op_SpecInterface, i32 %x, void @empty, i32 0, i32 0, void @empty_0, i32 0, i32 0, void @empty_0, void @empty_0, void @empty_0, i32 0, i32 0, i32 0, i32 0, void @empty_0, void @empty_0, i32 4294967295, i32 0, i32 0"   --->   Operation 18 'specinterface' 'specinterface_ln0' <Predicate = true> <Delay = 0.00>
ST_6 : Operation 19 [1/1] (0.00ns)   --->   "%acc_1_loc_load = load i32 %acc_1_loc"   --->   Operation 19 'load' 'acc_1_loc_load' <Predicate = true> <Delay = 0.00>
ST_6 : Operation 20 [1/1] (0.00ns)   --->   "%write_ln57 = write void @_ssdm_op_Write.ap_auto.i32P0A, i32 %y, i32 %acc_1_loc_load" [fir.cpp:57]   --->   Operation 20 'write' 'write_ln57' <Predicate = true> <Delay = 0.00>
ST_6 : Operation 21 [1/1] (0.00ns)   --->   "%ret_ln58 = ret" [fir.cpp:58]   --->   Operation 21 'ret' 'ret_ln58' <Predicate = true> <Delay = 0.00>


============================================================
+ Verbose Summary: Timing violations
============================================================
Target clock period: 10.000ns, clock uncertainty: 2.700ns.

 <State 1>: 0.000ns
The critical path consists of the following:

 <State 2>: 0.000ns
The critical path consists of the following:

 <State 3>: 2.322ns
The critical path consists of the following:
	wire read operation ('x') on port 'x' [43]  (0.000 ns)
	'store' operation 0 bit ('store_ln35', fir.cpp:35) of variable 'x' on array 'fir_int_int_shift_reg' [51]  (2.322 ns)

 <State 4>: 0.000ns
The critical path consists of the following:

 <State 5>: 4.371ns
The critical path consists of the following:
	'call' operation 0 bit ('call_ln0') to 'fir_Pipeline_MAC' [52]  (4.371 ns)

 <State 6>: 0.000ns
The critical path consists of the following:


============================================================
+ Verbose Summary: Binding
============================================================
N/A
* FSMD analyzer results:
  - Output states:
 - Input state : 
  - Chain level:
	State 1
	State 2
	State 3
	State 4
	State 5
	State 6


============================================================
+ Verbose Summary: Datapath Resource usage 
============================================================
N/A
