

================================================================
== Vitis HLS Report for 'fir'
================================================================
* Date:           Sun Oct 12 20:24:35 2025

* Version:        2024.2 (Build 5238294 on Nov  8 2024)
* Project:        fir.comp
* Solution:       hls (Vivado IP Flow Target)
* Product family: zynq
* Target device:  xc7z020-clg400-1


================================================================
== Performance Estimates
================================================================
+ Timing: 
    * Summary: 
    +--------+----------+----------+------------+
    |  Clock |  Target  | Estimated| Uncertainty|
    +--------+----------+----------+------------+
    |ap_clk  |  10.00 ns|  7.234 ns|     2.70 ns|
    +--------+----------+----------+------------+

+ Latency: 
    * Summary: 
    +---------+---------+----------+----------+-----+-----+---------+
    |  Latency (cycles) |  Latency (absolute) |  Interval | Pipeline|
    |   min   |   max   |    min   |    max   | min | max |   Type  |
    +---------+---------+----------+----------+-----+-----+---------+
    |      130|      130|  1.300 us|  1.300 us|  131|  131|       no|
    +---------+---------+----------+----------+-----+-----+---------+

    + Detail: 
        * Instance: 
        +-----------------------------+------------------+---------+---------+----------+----------+-----+-----+------------------------------------------------+
        |                             |                  |  Latency (cycles) |  Latency (absolute) |  Interval |                    Pipeline                    |
        |           Instance          |      Module      |   min   |   max   |    min   |    max   | min | max |                      Type                      |
        +-----------------------------+------------------+---------+---------+----------+----------+-----+-----+------------------------------------------------+
        |grp_fir_Pipeline_TDL_fu_136  |fir_Pipeline_TDL  |       98|       98|  0.980 us|  0.980 us|   28|   28|  loop auto-rewind stp (delay=0 clock cycles(s))|
        |grp_fir_Pipeline_MAC_fu_180  |fir_Pipeline_MAC  |       27|       27|  0.270 us|  0.270 us|    8|    8|  loop auto-rewind stp (delay=0 clock cycles(s))|
        +-----------------------------+------------------+---------+---------+----------+----------+-----+-----+------------------------------------------------+

        * Loop: 
        N/A



================================================================
== Utilization Estimates
================================================================
* Summary: 
+-----------------+---------+-----+--------+-------+-----+
|       Name      | BRAM_18K| DSP |   FF   |  LUT  | URAM|
+-----------------+---------+-----+--------+-------+-----+
|DSP              |        -|    -|       -|      -|    -|
|Expression       |        -|    -|       0|      2|    -|
|FIFO             |        -|    -|       -|      -|    -|
|Instance         |        0|  176|   96015|  64728|    -|
|Memory           |        0|    -|    1280|     80|    0|
|Multiplexer      |        -|    -|       0|   1346|    -|
|Register         |        -|    -|      40|      -|    -|
+-----------------+---------+-----+--------+-------+-----+
|Total            |        0|  176|   97335|  66156|    0|
+-----------------+---------+-----+--------+-------+-----+
|Available        |      280|  220|  106400|  53200|    0|
+-----------------+---------+-----+--------+-------+-----+
|Utilization (%)  |        0|   80|      91|    124|    0|
+-----------------+---------+-----+--------+-------+-----+

+ Detail: 
    * Instance: 
    +-----------------------------+------------------+---------+----+-------+-------+-----+
    |           Instance          |      Module      | BRAM_18K| DSP|   FF  |  LUT  | URAM|
    +-----------------------------+------------------+---------+----+-------+-------+-----+
    |grp_fir_Pipeline_MAC_fu_180  |fir_Pipeline_MAC  |        0|  80|  81442|  50959|    0|
    |grp_fir_Pipeline_TDL_fu_136  |fir_Pipeline_TDL  |        0|  96|  14573|  13769|    0|
    +-----------------------------+------------------+---------+----+-------+-------+-----+
    |Total                        |                  |        0| 176|  96015|  64728|    0|
    +-----------------------------+------------------+---------+----+-------+-------+-----+

    * DSP: 
    N/A

    * Memory: 
    +-----------------------------+-------------------------------------+---------+----+----+-----+------+-----+------+-------------+
    |            Memory           |                Module               | BRAM_18K| FF | LUT| URAM| Words| Bits| Banks| W*Bits*Banks|
    +-----------------------------+-------------------------------------+---------+----+----+-----+------+-----+------+-------------+
    |fir_int_int_shift_reg_U      |fir_int_int_shift_reg_RAM_AUTO_1R1W  |        0|  64|   4|    0|     7|   32|     1|          224|
    |fir_int_int_shift_reg_10_U   |fir_int_int_shift_reg_RAM_AUTO_1R1W  |        0|  64|   4|    0|     7|   32|     1|          224|
    |fir_int_int_shift_reg_11_U   |fir_int_int_shift_reg_RAM_AUTO_1R1W  |        0|  64|   4|    0|     7|   32|     1|          224|
    |fir_int_int_shift_reg_12_U   |fir_int_int_shift_reg_RAM_AUTO_1R1W  |        0|  64|   4|    0|     7|   32|     1|          224|
    |fir_int_int_shift_reg_13_U   |fir_int_int_shift_reg_RAM_AUTO_1R1W  |        0|  64|   4|    0|     7|   32|     1|          224|
    |fir_int_int_shift_reg_14_U   |fir_int_int_shift_reg_RAM_AUTO_1R1W  |        0|  64|   4|    0|     7|   32|     1|          224|
    |fir_int_int_shift_reg_15_U   |fir_int_int_shift_reg_RAM_AUTO_1R1W  |        0|  64|   4|    0|     7|   32|     1|          224|
    |fir_int_int_shift_reg_16_U   |fir_int_int_shift_reg_RAM_AUTO_1R1W  |        0|  64|   4|    0|     7|   32|     1|          224|
    |fir_int_int_shift_reg_17_U   |fir_int_int_shift_reg_RAM_AUTO_1R1W  |        0|  64|   4|    0|     7|   32|     1|          224|
    |fir_int_int_shift_reg_18_U   |fir_int_int_shift_reg_RAM_AUTO_1R1W  |        0|  64|   4|    0|     7|   32|     1|          224|
    |p_ZZ3firPiiE9shift_reg_10_U  |fir_int_int_shift_reg_RAM_AUTO_1R1W  |        0|  64|   4|    0|     7|   32|     1|          224|
    |p_ZZ3firPiiE9shift_reg_11_U  |fir_int_int_shift_reg_RAM_AUTO_1R1W  |        0|  64|   4|    0|     7|   32|     1|          224|
    |p_ZZ3firPiiE9shift_reg_12_U  |fir_int_int_shift_reg_RAM_AUTO_1R1W  |        0|  64|   4|    0|     7|   32|     1|          224|
    |p_ZZ3firPiiE9shift_reg_13_U  |fir_int_int_shift_reg_RAM_AUTO_1R1W  |        0|  64|   4|    0|     7|   32|     1|          224|
    |p_ZZ3firPiiE9shift_reg_14_U  |fir_int_int_shift_reg_RAM_AUTO_1R1W  |        0|  64|   4|    0|     7|   32|     1|          224|
    |p_ZZ3firPiiE9shift_reg_15_U  |fir_int_int_shift_reg_RAM_AUTO_1R1W  |        0|  64|   4|    0|     7|   32|     1|          224|
    |p_ZZ3firPiiE9shift_reg_16_U  |fir_int_int_shift_reg_RAM_AUTO_1R1W  |        0|  64|   4|    0|     7|   32|     1|          224|
    |p_ZZ3firPiiE9shift_reg_17_U  |fir_int_int_shift_reg_RAM_AUTO_1R1W  |        0|  64|   4|    0|     7|   32|     1|          224|
    |p_ZZ3firPiiE9shift_reg_18_U  |fir_int_int_shift_reg_RAM_AUTO_1R1W  |        0|  64|   4|    0|     7|   32|     1|          224|
    |p_ZZ3firPiiE9shift_reg_19_U  |fir_int_int_shift_reg_RAM_AUTO_1R1W  |        0|  64|   4|    0|     7|   32|     1|          224|
    +-----------------------------+-------------------------------------+---------+----+----+-----+------+-----+------+-------------+
    |Total                        |                                     |        0|1280|  80|    0|   140|  640|    20|         4480|
    +-----------------------------+-------------------------------------+---------+----+----+-----+------+-----+------+-------------+

    * FIFO: 
    N/A

    * Expression: 
    +---------------------------+----------+----+---+----+------------+------------+
    |       Variable Name       | Operation| DSP| FF| LUT| Bitwidth P0| Bitwidth P1|
    +---------------------------+----------+----+---+----+------------+------------+
    |fir_int_int_shift_reg_we0  |        or|   0|  0|   2|           1|           1|
    +---------------------------+----------+----+---+----+------------+------------+
    |Total                      |          |   0|  0|   2|           1|           1|
    +---------------------------+----------+----+---+----+------------+------------+

    * Multiplexer: 
    +------------------------------------+----+-----------+-----+-----------+
    |                Name                | LUT| Input Size| Bits| Total Bits|
    +------------------------------------+----+-----------+-----+-----------+
    |ap_NS_fsm                           |  37|          7|    1|          7|
    |fir_int_int_shift_reg_10_address0   |  14|          3|    3|          9|
    |fir_int_int_shift_reg_10_address1   |  14|          3|    3|          9|
    |fir_int_int_shift_reg_10_ce0        |  14|          3|    1|          3|
    |fir_int_int_shift_reg_10_ce1        |  14|          3|    1|          3|
    |fir_int_int_shift_reg_10_we0        |   9|          2|    1|          2|
    |fir_int_int_shift_reg_11_address0   |  14|          3|    3|          9|
    |fir_int_int_shift_reg_11_address1   |  14|          3|    3|          9|
    |fir_int_int_shift_reg_11_ce0        |  14|          3|    1|          3|
    |fir_int_int_shift_reg_11_ce1        |  14|          3|    1|          3|
    |fir_int_int_shift_reg_11_we0        |   9|          2|    1|          2|
    |fir_int_int_shift_reg_12_address0   |  14|          3|    3|          9|
    |fir_int_int_shift_reg_12_address1   |  14|          3|    3|          9|
    |fir_int_int_shift_reg_12_ce0        |  14|          3|    1|          3|
    |fir_int_int_shift_reg_12_ce1        |  14|          3|    1|          3|
    |fir_int_int_shift_reg_12_we0        |   9|          2|    1|          2|
    |fir_int_int_shift_reg_13_address0   |  14|          3|    3|          9|
    |fir_int_int_shift_reg_13_address1   |  14|          3|    3|          9|
    |fir_int_int_shift_reg_13_ce0        |  14|          3|    1|          3|
    |fir_int_int_shift_reg_13_ce1        |  14|          3|    1|          3|
    |fir_int_int_shift_reg_13_we0        |   9|          2|    1|          2|
    |fir_int_int_shift_reg_14_address0   |  14|          3|    3|          9|
    |fir_int_int_shift_reg_14_address1   |  14|          3|    3|          9|
    |fir_int_int_shift_reg_14_ce0        |  14|          3|    1|          3|
    |fir_int_int_shift_reg_14_ce1        |  14|          3|    1|          3|
    |fir_int_int_shift_reg_14_we0        |   9|          2|    1|          2|
    |fir_int_int_shift_reg_15_address0   |  14|          3|    3|          9|
    |fir_int_int_shift_reg_15_address1   |  14|          3|    3|          9|
    |fir_int_int_shift_reg_15_ce0        |  14|          3|    1|          3|
    |fir_int_int_shift_reg_15_ce1        |  14|          3|    1|          3|
    |fir_int_int_shift_reg_15_we0        |   9|          2|    1|          2|
    |fir_int_int_shift_reg_16_address0   |  14|          3|    3|          9|
    |fir_int_int_shift_reg_16_address1   |  14|          3|    3|          9|
    |fir_int_int_shift_reg_16_ce0        |  14|          3|    1|          3|
    |fir_int_int_shift_reg_16_ce1        |  14|          3|    1|          3|
    |fir_int_int_shift_reg_16_we0        |   9|          2|    1|          2|
    |fir_int_int_shift_reg_17_address0   |  14|          3|    3|          9|
    |fir_int_int_shift_reg_17_address1   |  14|          3|    3|          9|
    |fir_int_int_shift_reg_17_ce0        |  14|          3|    1|          3|
    |fir_int_int_shift_reg_17_ce1        |  14|          3|    1|          3|
    |fir_int_int_shift_reg_17_we0        |   9|          2|    1|          2|
    |fir_int_int_shift_reg_18_address0   |  14|          3|    3|          9|
    |fir_int_int_shift_reg_18_address1   |  14|          3|    3|          9|
    |fir_int_int_shift_reg_18_ce0        |  14|          3|    1|          3|
    |fir_int_int_shift_reg_18_ce1        |  14|          3|    1|          3|
    |fir_int_int_shift_reg_18_we0        |   9|          2|    1|          2|
    |fir_int_int_shift_reg_address0      |  14|          3|    3|          9|
    |fir_int_int_shift_reg_address1      |  14|          3|    3|          9|
    |fir_int_int_shift_reg_ce0           |  14|          3|    1|          3|
    |fir_int_int_shift_reg_ce1           |  14|          3|    1|          3|
    |fir_int_int_shift_reg_d0            |   9|          2|   32|         64|
    |fir_int_int_shift_reg_we0           |   9|          2|    1|          2|
    |p_ZZ3firPiiE9shift_reg_10_address0  |  14|          3|    3|          9|
    |p_ZZ3firPiiE9shift_reg_10_address1  |  14|          3|    3|          9|
    |p_ZZ3firPiiE9shift_reg_10_ce0       |  14|          3|    1|          3|
    |p_ZZ3firPiiE9shift_reg_10_ce1       |  14|          3|    1|          3|
    |p_ZZ3firPiiE9shift_reg_10_we0       |   9|          2|    1|          2|
    |p_ZZ3firPiiE9shift_reg_11_address0  |  14|          3|    3|          9|
    |p_ZZ3firPiiE9shift_reg_11_address1  |  14|          3|    3|          9|
    |p_ZZ3firPiiE9shift_reg_11_ce0       |  14|          3|    1|          3|
    |p_ZZ3firPiiE9shift_reg_11_ce1       |  14|          3|    1|          3|
    |p_ZZ3firPiiE9shift_reg_11_we0       |   9|          2|    1|          2|
    |p_ZZ3firPiiE9shift_reg_12_address0  |  14|          3|    3|          9|
    |p_ZZ3firPiiE9shift_reg_12_address1  |  14|          3|    3|          9|
    |p_ZZ3firPiiE9shift_reg_12_ce0       |  14|          3|    1|          3|
    |p_ZZ3firPiiE9shift_reg_12_ce1       |  14|          3|    1|          3|
    |p_ZZ3firPiiE9shift_reg_12_we0       |   9|          2|    1|          2|
    |p_ZZ3firPiiE9shift_reg_13_address0  |  14|          3|    3|          9|
    |p_ZZ3firPiiE9shift_reg_13_address1  |  14|          3|    3|          9|
    |p_ZZ3firPiiE9shift_reg_13_ce0       |  14|          3|    1|          3|
    |p_ZZ3firPiiE9shift_reg_13_ce1       |  14|          3|    1|          3|
    |p_ZZ3firPiiE9shift_reg_13_we0       |   9|          2|    1|          2|
    |p_ZZ3firPiiE9shift_reg_14_address0  |  14|          3|    3|          9|
    |p_ZZ3firPiiE9shift_reg_14_address1  |  14|          3|    3|          9|
    |p_ZZ3firPiiE9shift_reg_14_ce0       |  14|          3|    1|          3|
    |p_ZZ3firPiiE9shift_reg_14_ce1       |  14|          3|    1|          3|
    |p_ZZ3firPiiE9shift_reg_14_we0       |   9|          2|    1|          2|
    |p_ZZ3firPiiE9shift_reg_15_address0  |  14|          3|    3|          9|
    |p_ZZ3firPiiE9shift_reg_15_address1  |  14|          3|    3|          9|
    |p_ZZ3firPiiE9shift_reg_15_ce0       |  14|          3|    1|          3|
    |p_ZZ3firPiiE9shift_reg_15_ce1       |  14|          3|    1|          3|
    |p_ZZ3firPiiE9shift_reg_15_we0       |   9|          2|    1|          2|
    |p_ZZ3firPiiE9shift_reg_16_address0  |  14|          3|    3|          9|
    |p_ZZ3firPiiE9shift_reg_16_address1  |  14|          3|    3|          9|
    |p_ZZ3firPiiE9shift_reg_16_ce0       |  14|          3|    1|          3|
    |p_ZZ3firPiiE9shift_reg_16_ce1       |  14|          3|    1|          3|
    |p_ZZ3firPiiE9shift_reg_16_we0       |   9|          2|    1|          2|
    |p_ZZ3firPiiE9shift_reg_17_address0  |  14|          3|    3|          9|
    |p_ZZ3firPiiE9shift_reg_17_address1  |  14|          3|    3|          9|
    |p_ZZ3firPiiE9shift_reg_17_ce0       |  14|          3|    1|          3|
    |p_ZZ3firPiiE9shift_reg_17_ce1       |  14|          3|    1|          3|
    |p_ZZ3firPiiE9shift_reg_17_we0       |   9|          2|    1|          2|
    |p_ZZ3firPiiE9shift_reg_18_address0  |  14|          3|    3|          9|
    |p_ZZ3firPiiE9shift_reg_18_address1  |  14|          3|    3|          9|
    |p_ZZ3firPiiE9shift_reg_18_ce0       |  14|          3|    1|          3|
    |p_ZZ3firPiiE9shift_reg_18_ce1       |  14|          3|    1|          3|
    |p_ZZ3firPiiE9shift_reg_18_we0       |   9|          2|    1|          2|
    |p_ZZ3firPiiE9shift_reg_19_address0  |  14|          3|    3|          9|
    |p_ZZ3firPiiE9shift_reg_19_address1  |  14|          3|    3|          9|
    |p_ZZ3firPiiE9shift_reg_19_ce0       |  14|          3|    1|          3|
    |p_ZZ3firPiiE9shift_reg_19_ce1       |  14|          3|    1|          3|
    |p_ZZ3firPiiE9shift_reg_19_we0       |   9|          2|    1|          2|
    +------------------------------------+----+-----------+-----+-----------+
    |Total                               |1346|        289|  213|        591|
    +------------------------------------+----+-----------+-----+-----------+

    * Register: 
    +------------------------------------------+----+----+-----+-----------+
    |                   Name                   | FF | LUT| Bits| Const Bits|
    +------------------------------------------+----+----+-----+-----------+
    |acc_1_loc_fu_112                          |  32|   0|   32|          0|
    |ap_CS_fsm                                 |   6|   0|    6|          0|
    |grp_fir_Pipeline_MAC_fu_180_ap_start_reg  |   1|   0|    1|          0|
    |grp_fir_Pipeline_TDL_fu_136_ap_start_reg  |   1|   0|    1|          0|
    +------------------------------------------+----+----+-----+-----------+
    |Total                                     |  40|   0|   40|          0|
    +------------------------------------------+----+----+-----+-----------+



================================================================
== Interface
================================================================
* Summary: 
+----------+-----+-----+------------+--------------+--------------+
| RTL Ports| Dir | Bits|  Protocol  | Source Object|    C Type    |
+----------+-----+-----+------------+--------------+--------------+
|ap_clk    |   in|    1|  ap_ctrl_hs|           fir|  return value|
|ap_rst    |   in|    1|  ap_ctrl_hs|           fir|  return value|
|ap_start  |   in|    1|  ap_ctrl_hs|           fir|  return value|
|ap_done   |  out|    1|  ap_ctrl_hs|           fir|  return value|
|ap_idle   |  out|    1|  ap_ctrl_hs|           fir|  return value|
|ap_ready  |  out|    1|  ap_ctrl_hs|           fir|  return value|
|y         |  out|   32|      ap_vld|             y|       pointer|
|y_ap_vld  |  out|    1|      ap_vld|             y|       pointer|
|x         |   in|   32|     ap_none|             x|        scalar|
+----------+-----+-----+------------+--------------+--------------+

============================================================
+ Verbose Summary: Synthesis Manager
============================================================
InlineROM: 1
ExposeGlobal: 0
============================================================
+ Verbose Summary: CDFG Model
============================================================
IsTopModel: 1
ResetActiveHigh: 1
IsCombinational: 2
IsDatapathOnly: 2
HasWiredReturn: 1
HasMFsm: 0
HasVarLatency: 1
IsPipeline: 0
IsRtlPipelined: 0
IsInstanceOverlapped: 0
IsDontTouch: 0
HasImplIP: 0
IsGatedGlobalClock: 0


============================================================
+ Verbose Summary: Schedule
============================================================
* Number of FSM states : 6
* Pipeline : 0
* Dataflow Pipeline: 0

* FSM state transitions: 
1 --> 2 
2 --> 3 
3 --> 4 
4 --> 5 
5 --> 6 
6 --> 

* FSM state operations: 

State 1 <SV = 0> <Delay = 0.00>
ST_1 : Operation 7 [1/1] (0.00ns)   --->   "%acc_1_loc = alloca i64 1"   --->   Operation 7 'alloca' 'acc_1_loc' <Predicate = true> <Delay = 0.00>
ST_1 : Operation 8 [2/2] (0.00ns)   --->   "%call_ln0 = call void @fir_Pipeline_TDL, i32 %fir_int_int_shift_reg, i32 %fir_int_int_shift_reg_10, i32 %fir_int_int_shift_reg_11, i32 %fir_int_int_shift_reg_12, i32 %fir_int_int_shift_reg_13, i32 %fir_int_int_shift_reg_14, i32 %fir_int_int_shift_reg_15, i32 %fir_int_int_shift_reg_16, i32 %fir_int_int_shift_reg_17, i32 %fir_int_int_shift_reg_18, i32 %p_ZZ3firPiiE9shift_reg_10, i32 %p_ZZ3firPiiE9shift_reg_11, i32 %p_ZZ3firPiiE9shift_reg_12, i32 %p_ZZ3firPiiE9shift_reg_13, i32 %p_ZZ3firPiiE9shift_reg_14, i32 %p_ZZ3firPiiE9shift_reg_15, i32 %p_ZZ3firPiiE9shift_reg_16, i32 %p_ZZ3firPiiE9shift_reg_17, i32 %p_ZZ3firPiiE9shift_reg_18, i32 %p_ZZ3firPiiE9shift_reg_19"   --->   Operation 8 'call' 'call_ln0' <Predicate = true> <Delay = 0.00> <CoreType = "Generic">   --->   Generic Core

State 2 <SV = 1> <Delay = 0.00>
ST_2 : Operation 9 [1/2] (0.00ns)   --->   "%call_ln0 = call void @fir_Pipeline_TDL, i32 %fir_int_int_shift_reg, i32 %fir_int_int_shift_reg_10, i32 %fir_int_int_shift_reg_11, i32 %fir_int_int_shift_reg_12, i32 %fir_int_int_shift_reg_13, i32 %fir_int_int_shift_reg_14, i32 %fir_int_int_shift_reg_15, i32 %fir_int_int_shift_reg_16, i32 %fir_int_int_shift_reg_17, i32 %fir_int_int_shift_reg_18, i32 %p_ZZ3firPiiE9shift_reg_10, i32 %p_ZZ3firPiiE9shift_reg_11, i32 %p_ZZ3firPiiE9shift_reg_12, i32 %p_ZZ3firPiiE9shift_reg_13, i32 %p_ZZ3firPiiE9shift_reg_14, i32 %p_ZZ3firPiiE9shift_reg_15, i32 %p_ZZ3firPiiE9shift_reg_16, i32 %p_ZZ3firPiiE9shift_reg_17, i32 %p_ZZ3firPiiE9shift_reg_18, i32 %p_ZZ3firPiiE9shift_reg_19"   --->   Operation 9 'call' 'call_ln0' <Predicate = true> <Delay = 0.00> <CoreType = "Generic">   --->   Generic Core

State 3 <SV = 2> <Delay = 2.32>
ST_3 : Operation 10 [1/1] (0.00ns)   --->   "%x_read = read i32 @_ssdm_op_Read.ap_auto.i32, i32 %x"   --->   Operation 10 'read' 'x_read' <Predicate = true> <Delay = 0.00>
ST_3 : Operation 11 [1/1] ( I:2.32ns O:2.32ns )   --->   "%store_ln35 = store i32 %x_read, i32 0" [fir.cpp:35]   --->   Operation 11 'store' 'store_ln35' <Predicate = true> <Delay = 2.32> <CoreInst = "RAM">   --->   Core 81 'RAM' <Latency = 1> <II = 1> <Delay = 2.32> <Storage> <Opcode : 'load' 'store'> <Ports = 2> <Width = 32> <Depth = 7> <RAM>

State 4 <SV = 3> <Delay = 0.00>
ST_4 : Operation 12 [2/2] (0.00ns)   --->   "%call_ln0 = call void @fir_Pipeline_MAC, i32 %acc_1_loc, i32 %fir_int_int_shift_reg, i32 %fir_int_int_shift_reg_10, i32 %fir_int_int_shift_reg_11, i32 %fir_int_int_shift_reg_12, i32 %fir_int_int_shift_reg_13, i32 %fir_int_int_shift_reg_14, i32 %fir_int_int_shift_reg_15, i32 %fir_int_int_shift_reg_16, i32 %fir_int_int_shift_reg_17, i32 %fir_int_int_shift_reg_18, i32 %p_ZZ3firPiiE9shift_reg_10, i32 %p_ZZ3firPiiE9shift_reg_11, i32 %p_ZZ3firPiiE9shift_reg_12, i32 %p_ZZ3firPiiE9shift_reg_13, i32 %p_ZZ3firPiiE9shift_reg_14, i32 %p_ZZ3firPiiE9shift_reg_15, i32 %p_ZZ3firPiiE9shift_reg_16, i32 %p_ZZ3firPiiE9shift_reg_17, i32 %p_ZZ3firPiiE9shift_reg_18, i32 %p_ZZ3firPiiE9shift_reg_19, i32 %fir_int_int_c, i32 %fir_int_int_c_1, i32 %fir_int_int_c_2, i32 %fir_int_int_c_3, i32 %fir_int_int_c_4, i32 %fir_int_int_c_5, i32 %fir_int_int_c_6, i32 %fir_int_int_c_7, i32 %fir_int_int_c_8, i32 %fir_int_int_c_9, i32 %p_ZZ3firPiiE1c_10, i32 %p_ZZ3firPiiE1c_11, i32 %p_ZZ3firPiiE1c_12, i32 %p_ZZ3firPiiE1c_13, i32 %p_ZZ3firPiiE1c_14, i32 %p_ZZ3firPiiE1c_15, i32 %p_ZZ3firPiiE1c_16, i32 %p_ZZ3firPiiE1c_17, i32 %p_ZZ3firPiiE1c_18, i32 %p_ZZ3firPiiE1c_19"   --->   Operation 12 'call' 'call_ln0' <Predicate = true> <Delay = 0.00> <CoreType = "Generic">   --->   Generic Core

State 5 <SV = 4> <Delay = 4.37>
ST_5 : Operation 13 [1/2] (4.37ns)   --->   "%call_ln0 = call void @fir_Pipeline_MAC, i32 %acc_1_loc, i32 %fir_int_int_shift_reg, i32 %fir_int_int_shift_reg_10, i32 %fir_int_int_shift_reg_11, i32 %fir_int_int_shift_reg_12, i32 %fir_int_int_shift_reg_13, i32 %fir_int_int_shift_reg_14, i32 %fir_int_int_shift_reg_15, i32 %fir_int_int_shift_reg_16, i32 %fir_int_int_shift_reg_17, i32 %fir_int_int_shift_reg_18, i32 %p_ZZ3firPiiE9shift_reg_10, i32 %p_ZZ3firPiiE9shift_reg_11, i32 %p_ZZ3firPiiE9shift_reg_12, i32 %p_ZZ3firPiiE9shift_reg_13, i32 %p_ZZ3firPiiE9shift_reg_14, i32 %p_ZZ3firPiiE9shift_reg_15, i32 %p_ZZ3firPiiE9shift_reg_16, i32 %p_ZZ3firPiiE9shift_reg_17, i32 %p_ZZ3firPiiE9shift_reg_18, i32 %p_ZZ3firPiiE9shift_reg_19, i32 %fir_int_int_c, i32 %fir_int_int_c_1, i32 %fir_int_int_c_2, i32 %fir_int_int_c_3, i32 %fir_int_int_c_4, i32 %fir_int_int_c_5, i32 %fir_int_int_c_6, i32 %fir_int_int_c_7, i32 %fir_int_int_c_8, i32 %fir_int_int_c_9, i32 %p_ZZ3firPiiE1c_10, i32 %p_ZZ3firPiiE1c_11, i32 %p_ZZ3firPiiE1c_12, i32 %p_ZZ3firPiiE1c_13, i32 %p_ZZ3firPiiE1c_14, i32 %p_ZZ3firPiiE1c_15, i32 %p_ZZ3firPiiE1c_16, i32 %p_ZZ3firPiiE1c_17, i32 %p_ZZ3firPiiE1c_18, i32 %p_ZZ3firPiiE1c_19"   --->   Operation 13 'call' 'call_ln0' <Predicate = true> <Delay = 4.37> <CoreType = "Generic">   --->   Generic Core

State 6 <SV = 5> <Delay = 0.00>
ST_6 : Operation 14 [1/1] (0.00ns)   --->   "%spectopmodule_ln16 = spectopmodule void @_ssdm_op_SpecTopModule, void @empty_1" [fir.cpp:16]   --->   Operation 14 'spectopmodule' 'spectopmodule_ln16' <Predicate = true> <Delay = 0.00>
ST_6 : Operation 15 [1/1] (0.00ns)   --->   "%specbitsmap_ln0 = specbitsmap void @_ssdm_op_SpecBitsMap, i32 %y"   --->   Operation 15 'specbitsmap' 'specbitsmap_ln0' <Predicate = true> <Delay = 0.00>
ST_6 : Operation 16 [1/1] (0.00ns)   --->   "%specinterface_ln0 = specinterface void @_ssdm_op_SpecInterface, i32 %y, void @empty, i32 0, i32 0, void @empty_0, i32 0, i32 0, void @empty_0, void @empty_0, void @empty_0, i32 0, i32 0, i32 0, i32 0, void @empty_0, void @empty_0, i32 4294967295, i32 0, i32 0"   --->   Operation 16 'specinterface' 'specinterface_ln0' <Predicate = true> <Delay = 0.00>
ST_6 : Operation 17 [1/1] (0.00ns)   --->   "%specbitsmap_ln0 = specbitsmap void @_ssdm_op_SpecBitsMap, i32 %x"   --->   Operation 17 'specbitsmap' 'specbitsmap_ln0' <Predicate = true> <Delay = 0.00>
ST_6 : Operation 18 [1/1] (0.00ns)   --->   "%specinterface_ln0 = specinterface void @_ssdm_op_SpecInterface, i32 %x, void @empty, i32 0, i32 0, void @empty_0, i32 0, i32 0, void @empty_0, void @empty_0, void @empty_0, i32 0, i32 0, i32 0, i32 0, void @empty_0, void @empty_0, i32 4294967295, i32 0, i32 0"   --->   Operation 18 'specinterface' 'specinterface_ln0' <Predicate = true> <Delay = 0.00>
ST_6 : Operation 19 [1/1] (0.00ns)   --->   "%acc_1_loc_load = load i32 %acc_1_loc"   --->   Operation 19 'load' 'acc_1_loc_load' <Predicate = true> <Delay = 0.00>
ST_6 : Operation 20 [1/1] (0.00ns)   --->   "%write_ln57 = write void @_ssdm_op_Write.ap_auto.i32P0A, i32 %y, i32 %acc_1_loc_load" [fir.cpp:57]   --->   Operation 20 'write' 'write_ln57' <Predicate = true> <Delay = 0.00>
ST_6 : Operation 21 [1/1] (0.00ns)   --->   "%ret_ln58 = ret" [fir.cpp:58]   --->   Operation 21 'ret' 'ret_ln58' <Predicate = true> <Delay = 0.00>


============================================================
+ Verbose Summary: Binding
============================================================
STG Binding: 
---------------- STG Properties BEGIN ----------------
- Is combinational: 0
- Is one-state seq: 0
- Is datapath-only: 0
- Is pipelined: 0
- Is top level: 1
Port [ Return ] is wired: 1; IO mode=ap_ctrl_hs:ce=0
Port [ y]:  wired=1; compound=0; hidden=0; nouse=0; global=0; static=0; extern=0; dir=1; type=0; pingpong=0; private_global=0; IO mode=ap_vld:ce=0
Port [ x]:  wired=1; compound=0; hidden=0; nouse=0; global=0; static=0; extern=0; dir=0; type=0; pingpong=0; private_global=0; IO mode=ap_none:ce=0
Port [ fir_int_int_shift_reg]:  wired=0; compound=1; hidden=1; nouse=0; global=1; static=1; extern=0; dir=2; type=1; pingpong=0; private_global=1; MemPort=[21]; IO mode=ap_memory:ce=0
Port [ fir_int_int_shift_reg_10]:  wired=0; compound=1; hidden=1; nouse=0; global=1; static=1; extern=0; dir=2; type=1; pingpong=0; private_global=1; MemPort=[21]; IO mode=ap_memory:ce=0
Port [ fir_int_int_shift_reg_11]:  wired=0; compound=1; hidden=1; nouse=0; global=1; static=1; extern=0; dir=2; type=1; pingpong=0; private_global=1; MemPort=[21]; IO mode=ap_memory:ce=0
Port [ fir_int_int_shift_reg_12]:  wired=0; compound=1; hidden=1; nouse=0; global=1; static=1; extern=0; dir=2; type=1; pingpong=0; private_global=1; MemPort=[21]; IO mode=ap_memory:ce=0
Port [ fir_int_int_shift_reg_13]:  wired=0; compound=1; hidden=1; nouse=0; global=1; static=1; extern=0; dir=2; type=1; pingpong=0; private_global=1; MemPort=[21]; IO mode=ap_memory:ce=0
Port [ fir_int_int_shift_reg_14]:  wired=0; compound=1; hidden=1; nouse=0; global=1; static=1; extern=0; dir=2; type=1; pingpong=0; private_global=1; MemPort=[21]; IO mode=ap_memory:ce=0
Port [ fir_int_int_shift_reg_15]:  wired=0; compound=1; hidden=1; nouse=0; global=1; static=1; extern=0; dir=2; type=1; pingpong=0; private_global=1; MemPort=[21]; IO mode=ap_memory:ce=0
Port [ fir_int_int_shift_reg_16]:  wired=0; compound=1; hidden=1; nouse=0; global=1; static=1; extern=0; dir=2; type=1; pingpong=0; private_global=1; MemPort=[21]; IO mode=ap_memory:ce=0
Port [ fir_int_int_shift_reg_17]:  wired=0; compound=1; hidden=1; nouse=0; global=1; static=1; extern=0; dir=2; type=1; pingpong=0; private_global=1; MemPort=[21]; IO mode=ap_memory:ce=0
Port [ fir_int_int_shift_reg_18]:  wired=0; compound=1; hidden=1; nouse=0; global=1; static=1; extern=0; dir=2; type=1; pingpong=0; private_global=1; MemPort=[21]; IO mode=ap_memory:ce=0
Port [ p_ZZ3firPiiE9shift_reg_10]:  wired=0; compound=1; hidden=1; nouse=0; global=1; static=1; extern=0; dir=2; type=1; pingpong=0; private_global=1; MemPort=[21]; IO mode=ap_memory:ce=0
Port [ p_ZZ3firPiiE9shift_reg_11]:  wired=0; compound=1; hidden=1; nouse=0; global=1; static=1; extern=0; dir=2; type=1; pingpong=0; private_global=1; MemPort=[21]; IO mode=ap_memory:ce=0
Port [ p_ZZ3firPiiE9shift_reg_12]:  wired=0; compound=1; hidden=1; nouse=0; global=1; static=1; extern=0; dir=2; type=1; pingpong=0; private_global=1; MemPort=[21]; IO mode=ap_memory:ce=0
Port [ p_ZZ3firPiiE9shift_reg_13]:  wired=0; compound=1; hidden=1; nouse=0; global=1; static=1; extern=0; dir=2; type=1; pingpong=0; private_global=1; MemPort=[21]; IO mode=ap_memory:ce=0
Port [ p_ZZ3firPiiE9shift_reg_14]:  wired=0; compound=1; hidden=1; nouse=0; global=1; static=1; extern=0; dir=2; type=1; pingpong=0; private_global=1; MemPort=[21]; IO mode=ap_memory:ce=0
Port [ p_ZZ3firPiiE9shift_reg_15]:  wired=0; compound=1; hidden=1; nouse=0; global=1; static=1; extern=0; dir=2; type=1; pingpong=0; private_global=1; MemPort=[21]; IO mode=ap_memory:ce=0
Port [ p_ZZ3firPiiE9shift_reg_16]:  wired=0; compound=1; hidden=1; nouse=0; global=1; static=1; extern=0; dir=2; type=1; pingpong=0; private_global=1; MemPort=[21]; IO mode=ap_memory:ce=0
Port [ p_ZZ3firPiiE9shift_reg_17]:  wired=0; compound=1; hidden=1; nouse=0; global=1; static=1; extern=0; dir=2; type=1; pingpong=0; private_global=1; MemPort=[21]; IO mode=ap_memory:ce=0
Port [ p_ZZ3firPiiE9shift_reg_18]:  wired=0; compound=1; hidden=1; nouse=0; global=1; static=1; extern=0; dir=2; type=1; pingpong=0; private_global=1; MemPort=[21]; IO mode=ap_memory:ce=0
Port [ p_ZZ3firPiiE9shift_reg_19]:  wired=0; compound=1; hidden=1; nouse=0; global=1; static=1; extern=0; dir=2; type=1; pingpong=0; private_global=1; MemPort=[21]; IO mode=ap_memory:ce=0
Port [ fir_int_int_c]:  wired=0; compound=1; hidden=1; nouse=1; global=1; static=0; extern=0; dir=0; type=1; pingpong=0; private_global=0; MemPort=[11111111111111111111]; IO mode=ap_memory:ce=0
Port [ fir_int_int_c_1]:  wired=0; compound=1; hidden=1; nouse=1; global=1; static=0; extern=0; dir=0; type=1; pingpong=0; private_global=0; MemPort=[11111111111111111111]; IO mode=ap_memory:ce=0
Port [ fir_int_int_c_2]:  wired=0; compound=1; hidden=1; nouse=1; global=1; static=0; extern=0; dir=0; type=1; pingpong=0; private_global=0; MemPort=[11111111111111111111]; IO mode=ap_memory:ce=0
Port [ fir_int_int_c_3]:  wired=0; compound=1; hidden=1; nouse=1; global=1; static=0; extern=0; dir=0; type=1; pingpong=0; private_global=0; MemPort=[11111111111111111111]; IO mode=ap_memory:ce=0
Port [ fir_int_int_c_4]:  wired=0; compound=1; hidden=1; nouse=1; global=1; static=0; extern=0; dir=0; type=1; pingpong=0; private_global=0; MemPort=[11111111111111111111]; IO mode=ap_memory:ce=0
Port [ fir_int_int_c_5]:  wired=0; compound=1; hidden=1; nouse=1; global=1; static=0; extern=0; dir=0; type=1; pingpong=0; private_global=0; MemPort=[11111111111111111111]; IO mode=ap_memory:ce=0
Port [ fir_int_int_c_6]:  wired=0; compound=1; hidden=1; nouse=1; global=1; static=0; extern=0; dir=0; type=1; pingpong=0; private_global=0; MemPort=[11111111111111111111]; IO mode=ap_memory:ce=0
Port [ fir_int_int_c_7]:  wired=0; compound=1; hidden=1; nouse=1; global=1; static=0; extern=0; dir=0; type=1; pingpong=0; private_global=0; MemPort=[11111111111111111111]; IO mode=ap_memory:ce=0
Port [ fir_int_int_c_8]:  wired=0; compound=1; hidden=1; nouse=1; global=1; static=0; extern=0; dir=0; type=1; pingpong=0; private_global=0; MemPort=[11111111111111111111]; IO mode=ap_memory:ce=0
Port [ fir_int_int_c_9]:  wired=0; compound=1; hidden=1; nouse=1; global=1; static=0; extern=0; dir=0; type=1; pingpong=0; private_global=0; MemPort=[11111111111111111111]; IO mode=ap_memory:ce=0
Port [ p_ZZ3firPiiE1c_10]:  wired=0; compound=1; hidden=1; nouse=1; global=1; static=0; extern=0; dir=0; type=1; pingpong=0; private_global=0; MemPort=[11111111111111111111]; IO mode=ap_memory:ce=0
Port [ p_ZZ3firPiiE1c_11]:  wired=0; compound=1; hidden=1; nouse=1; global=1; static=0; extern=0; dir=0; type=1; pingpong=0; private_global=0; MemPort=[11111111111111111111]; IO mode=ap_memory:ce=0
Port [ p_ZZ3firPiiE1c_12]:  wired=0; compound=1; hidden=1; nouse=1; global=1; static=0; extern=0; dir=0; type=1; pingpong=0; private_global=0; MemPort=[11111111111111111111]; IO mode=ap_memory:ce=0
Port [ p_ZZ3firPiiE1c_13]:  wired=0; compound=1; hidden=1; nouse=1; global=1; static=0; extern=0; dir=0; type=1; pingpong=0; private_global=0; MemPort=[11111111111111111111]; IO mode=ap_memory:ce=0
Port [ p_ZZ3firPiiE1c_14]:  wired=0; compound=1; hidden=1; nouse=1; global=1; static=0; extern=0; dir=0; type=1; pingpong=0; private_global=0; MemPort=[11111111111111111111]; IO mode=ap_memory:ce=0
Port [ p_ZZ3firPiiE1c_15]:  wired=0; compound=1; hidden=1; nouse=1; global=1; static=0; extern=0; dir=0; type=1; pingpong=0; private_global=0; MemPort=[11111111111111111111]; IO mode=ap_memory:ce=0
Port [ p_ZZ3firPiiE1c_16]:  wired=0; compound=1; hidden=1; nouse=1; global=1; static=0; extern=0; dir=0; type=1; pingpong=0; private_global=0; MemPort=[11111111111111111111]; IO mode=ap_memory:ce=0
Port [ p_ZZ3firPiiE1c_17]:  wired=0; compound=1; hidden=1; nouse=1; global=1; static=0; extern=0; dir=0; type=1; pingpong=0; private_global=0; MemPort=[11111111111111111111]; IO mode=ap_memory:ce=0
Port [ p_ZZ3firPiiE1c_18]:  wired=0; compound=1; hidden=1; nouse=1; global=1; static=0; extern=0; dir=0; type=1; pingpong=0; private_global=0; MemPort=[11111111111111111111]; IO mode=ap_memory:ce=0
Port [ p_ZZ3firPiiE1c_19]:  wired=0; compound=1; hidden=1; nouse=1; global=1; static=0; extern=0; dir=0; type=1; pingpong=0; private_global=0; MemPort=[11111111111111111111]; IO mode=ap_memory:ce=0
---------------- STG Properties END ------------------

---------------- Datapath Model BEGIN ----------------

<LifeTime>
<method=bitvector/>
acc_1_loc          (alloca       ) [ 0011111]
call_ln0           (call         ) [ 0000000]
x_read             (read         ) [ 0000000]
store_ln35         (store        ) [ 0000000]
call_ln0           (call         ) [ 0000000]
spectopmodule_ln16 (spectopmodule) [ 0000000]
specbitsmap_ln0    (specbitsmap  ) [ 0000000]
specinterface_ln0  (specinterface) [ 0000000]
specbitsmap_ln0    (specbitsmap  ) [ 0000000]
specinterface_ln0  (specinterface) [ 0000000]
acc_1_loc_load     (load         ) [ 0000000]
write_ln57         (write        ) [ 0000000]
ret_ln58           (ret          ) [ 0000000]
</LifeTime>

<model>

<comp_list>
<comp id="0" class="1000" name="y">
<pin_list>
<pin id="1" dir="1" index="0" bw="1" slack="0"/>
</pin_list>
<bind>
<StgValue><ssdm name="y"/></StgValue>
</bind>
</comp>

<comp id="2" class="1000" name="x">
<pin_list>
<pin id="3" dir="1" index="0" bw="1" slack="0"/>
</pin_list>
<bind>
<StgValue><ssdm name="x"/></StgValue>
</bind>
</comp>

<comp id="4" class="1000" name="fir_int_int_shift_reg">
<pin_list>
<pin id="5" dir="1" index="0" bw="1" slack="0"/>
</pin_list>
<bind>
<StgValue><ssdm name="fir_int_int_shift_reg"/><MemPortTyVec>2 1 </MemPortTyVec>
</StgValue>
</bind>
</comp>

<comp id="6" class="1000" name="fir_int_int_shift_reg_10">
<pin_list>
<pin id="7" dir="1" index="0" bw="1" slack="0"/>
</pin_list>
<bind>
<StgValue><ssdm name="fir_int_int_shift_reg_10"/><MemPortTyVec>2 1 </MemPortTyVec>
</StgValue>
</bind>
</comp>

<comp id="8" class="1000" name="fir_int_int_shift_reg_11">
<pin_list>
<pin id="9" dir="1" index="0" bw="1" slack="0"/>
</pin_list>
<bind>
<StgValue><ssdm name="fir_int_int_shift_reg_11"/><MemPortTyVec>2 1 </MemPortTyVec>
</StgValue>
</bind>
</comp>

<comp id="10" class="1000" name="fir_int_int_shift_reg_12">
<pin_list>
<pin id="11" dir="1" index="0" bw="1" slack="0"/>
</pin_list>
<bind>
<StgValue><ssdm name="fir_int_int_shift_reg_12"/><MemPortTyVec>2 1 </MemPortTyVec>
</StgValue>
</bind>
</comp>

<comp id="12" class="1000" name="fir_int_int_shift_reg_13">
<pin_list>
<pin id="13" dir="1" index="0" bw="1" slack="0"/>
</pin_list>
<bind>
<StgValue><ssdm name="fir_int_int_shift_reg_13"/><MemPortTyVec>2 1 </MemPortTyVec>
</StgValue>
</bind>
</comp>

<comp id="14" class="1000" name="fir_int_int_shift_reg_14">
<pin_list>
<pin id="15" dir="1" index="0" bw="1" slack="0"/>
</pin_list>
<bind>
<StgValue><ssdm name="fir_int_int_shift_reg_14"/><MemPortTyVec>2 1 </MemPortTyVec>
</StgValue>
</bind>
</comp>

<comp id="16" class="1000" name="fir_int_int_shift_reg_15">
<pin_list>
<pin id="17" dir="1" index="0" bw="1" slack="0"/>
</pin_list>
<bind>
<StgValue><ssdm name="fir_int_int_shift_reg_15"/><MemPortTyVec>2 1 </MemPortTyVec>
</StgValue>
</bind>
</comp>

<comp id="18" class="1000" name="fir_int_int_shift_reg_16">
<pin_list>
<pin id="19" dir="1" index="0" bw="1" slack="0"/>
</pin_list>
<bind>
<StgValue><ssdm name="fir_int_int_shift_reg_16"/><MemPortTyVec>2 1 </MemPortTyVec>
</StgValue>
</bind>
</comp>

<comp id="20" class="1000" name="fir_int_int_shift_reg_17">
<pin_list>
<pin id="21" dir="1" index="0" bw="1" slack="0"/>
</pin_list>
<bind>
<StgValue><ssdm name="fir_int_int_shift_reg_17"/><MemPortTyVec>2 1 </MemPortTyVec>
</StgValue>
</bind>
</comp>

<comp id="22" class="1000" name="fir_int_int_shift_reg_18">
<pin_list>
<pin id="23" dir="1" index="0" bw="1" slack="0"/>
</pin_list>
<bind>
<StgValue><ssdm name="fir_int_int_shift_reg_18"/><MemPortTyVec>2 1 </MemPortTyVec>
</StgValue>
</bind>
</comp>

<comp id="24" class="1000" name="p_ZZ3firPiiE9shift_reg_10">
<pin_list>
<pin id="25" dir="1" index="0" bw="1" slack="0"/>
</pin_list>
<bind>
<StgValue><ssdm name="p_ZZ3firPiiE9shift_reg_10"/><MemPortTyVec>2 1 </MemPortTyVec>
</StgValue>
</bind>
</comp>

<comp id="26" class="1000" name="p_ZZ3firPiiE9shift_reg_11">
<pin_list>
<pin id="27" dir="1" index="0" bw="1" slack="0"/>
</pin_list>
<bind>
<StgValue><ssdm name="p_ZZ3firPiiE9shift_reg_11"/><MemPortTyVec>2 1 </MemPortTyVec>
</StgValue>
</bind>
</comp>

<comp id="28" class="1000" name="p_ZZ3firPiiE9shift_reg_12">
<pin_list>
<pin id="29" dir="1" index="0" bw="1" slack="0"/>
</pin_list>
<bind>
<StgValue><ssdm name="p_ZZ3firPiiE9shift_reg_12"/><MemPortTyVec>2 1 </MemPortTyVec>
</StgValue>
</bind>
</comp>

<comp id="30" class="1000" name="p_ZZ3firPiiE9shift_reg_13">
<pin_list>
<pin id="31" dir="1" index="0" bw="1" slack="0"/>
</pin_list>
<bind>
<StgValue><ssdm name="p_ZZ3firPiiE9shift_reg_13"/><MemPortTyVec>2 1 </MemPortTyVec>
</StgValue>
</bind>
</comp>

<comp id="32" class="1000" name="p_ZZ3firPiiE9shift_reg_14">
<pin_list>
<pin id="33" dir="1" index="0" bw="1" slack="0"/>
</pin_list>
<bind>
<StgValue><ssdm name="p_ZZ3firPiiE9shift_reg_14"/><MemPortTyVec>2 1 </MemPortTyVec>
</StgValue>
</bind>
</comp>

<comp id="34" class="1000" name="p_ZZ3firPiiE9shift_reg_15">
<pin_list>
<pin id="35" dir="1" index="0" bw="1" slack="0"/>
</pin_list>
<bind>
<StgValue><ssdm name="p_ZZ3firPiiE9shift_reg_15"/><MemPortTyVec>2 1 </MemPortTyVec>
</StgValue>
</bind>
</comp>

<comp id="36" class="1000" name="p_ZZ3firPiiE9shift_reg_16">
<pin_list>
<pin id="37" dir="1" index="0" bw="1" slack="0"/>
</pin_list>
<bind>
<StgValue><ssdm name="p_ZZ3firPiiE9shift_reg_16"/><MemPortTyVec>2 1 </MemPortTyVec>
</StgValue>
</bind>
</comp>

<comp id="38" class="1000" name="p_ZZ3firPiiE9shift_reg_17">
<pin_list>
<pin id="39" dir="1" index="0" bw="1" slack="0"/>
</pin_list>
<bind>
<StgValue><ssdm name="p_ZZ3firPiiE9shift_reg_17"/><MemPortTyVec>2 1 </MemPortTyVec>
</StgValue>
</bind>
</comp>

<comp id="40" class="1000" name="p_ZZ3firPiiE9shift_reg_18">
<pin_list>
<pin id="41" dir="1" index="0" bw="1" slack="0"/>
</pin_list>
<bind>
<StgValue><ssdm name="p_ZZ3firPiiE9shift_reg_18"/><MemPortTyVec>2 1 </MemPortTyVec>
</StgValue>
</bind>
</comp>

<comp id="42" class="1000" name="p_ZZ3firPiiE9shift_reg_19">
<pin_list>
<pin id="43" dir="1" index="0" bw="1" slack="0"/>
</pin_list>
<bind>
<StgValue><ssdm name="p_ZZ3firPiiE9shift_reg_19"/><MemPortTyVec>2 1 </MemPortTyVec>
</StgValue>
</bind>
</comp>

<comp id="44" class="1000" name="fir_int_int_c">
<pin_list>
<pin id="45" dir="1" index="0" bw="1" slack="0"/>
</pin_list>
<bind>
<StgValue><ssdm name="fir_int_int_c"/><MemPortTyVec>1 1 1 1 1 1 1 1 1 1 1 1 1 1 1 1 1 1 1 1 </MemPortTyVec>
</StgValue>
</bind>
</comp>

<comp id="46" class="1000" name="fir_int_int_c_1">
<pin_list>
<pin id="47" dir="1" index="0" bw="1" slack="0"/>
</pin_list>
<bind>
<StgValue><ssdm name="fir_int_int_c_1"/><MemPortTyVec>1 1 1 1 1 1 1 1 1 1 1 1 1 1 1 1 1 1 1 1 </MemPortTyVec>
</StgValue>
</bind>
</comp>

<comp id="48" class="1000" name="fir_int_int_c_2">
<pin_list>
<pin id="49" dir="1" index="0" bw="1" slack="0"/>
</pin_list>
<bind>
<StgValue><ssdm name="fir_int_int_c_2"/><MemPortTyVec>1 1 1 1 1 1 1 1 1 1 1 1 1 1 1 1 1 1 1 1 </MemPortTyVec>
</StgValue>
</bind>
</comp>

<comp id="50" class="1000" name="fir_int_int_c_3">
<pin_list>
<pin id="51" dir="1" index="0" bw="1" slack="0"/>
</pin_list>
<bind>
<StgValue><ssdm name="fir_int_int_c_3"/><MemPortTyVec>1 1 1 1 1 1 1 1 1 1 1 1 1 1 1 1 1 1 1 1 </MemPortTyVec>
</StgValue>
</bind>
</comp>

<comp id="52" class="1000" name="fir_int_int_c_4">
<pin_list>
<pin id="53" dir="1" index="0" bw="1" slack="0"/>
</pin_list>
<bind>
<StgValue><ssdm name="fir_int_int_c_4"/><MemPortTyVec>1 1 1 1 1 1 1 1 1 1 1 1 1 1 1 1 1 1 1 1 </MemPortTyVec>
</StgValue>
</bind>
</comp>

<comp id="54" class="1000" name="fir_int_int_c_5">
<pin_list>
<pin id="55" dir="1" index="0" bw="1" slack="0"/>
</pin_list>
<bind>
<StgValue><ssdm name="fir_int_int_c_5"/><MemPortTyVec>1 1 1 1 1 1 1 1 1 1 1 1 1 1 1 1 1 1 1 1 </MemPortTyVec>
</StgValue>
</bind>
</comp>

<comp id="56" class="1000" name="fir_int_int_c_6">
<pin_list>
<pin id="57" dir="1" index="0" bw="1" slack="0"/>
</pin_list>
<bind>
<StgValue><ssdm name="fir_int_int_c_6"/><MemPortTyVec>1 1 1 1 1 1 1 1 1 1 1 1 1 1 1 1 1 1 1 1 </MemPortTyVec>
</StgValue>
</bind>
</comp>

<comp id="58" class="1000" name="fir_int_int_c_7">
<pin_list>
<pin id="59" dir="1" index="0" bw="1" slack="0"/>
</pin_list>
<bind>
<StgValue><ssdm name="fir_int_int_c_7"/><MemPortTyVec>1 1 1 1 1 1 1 1 1 1 1 1 1 1 1 1 1 1 1 1 </MemPortTyVec>
</StgValue>
</bind>
</comp>

<comp id="60" class="1000" name="fir_int_int_c_8">
<pin_list>
<pin id="61" dir="1" index="0" bw="1" slack="0"/>
</pin_list>
<bind>
<StgValue><ssdm name="fir_int_int_c_8"/><MemPortTyVec>1 1 1 1 1 1 1 1 1 1 1 1 1 1 1 1 1 1 1 1 </MemPortTyVec>
</StgValue>
</bind>
</comp>

<comp id="62" class="1000" name="fir_int_int_c_9">
<pin_list>
<pin id="63" dir="1" index="0" bw="1" slack="0"/>
</pin_list>
<bind>
<StgValue><ssdm name="fir_int_int_c_9"/><MemPortTyVec>1 1 1 1 1 1 1 1 1 1 1 1 1 1 1 1 1 1 1 1 </MemPortTyVec>
</StgValue>
</bind>
</comp>

<comp id="64" class="1000" name="p_ZZ3firPiiE1c_10">
<pin_list>
<pin id="65" dir="1" index="0" bw="1" slack="0"/>
</pin_list>
<bind>
<StgValue><ssdm name="p_ZZ3firPiiE1c_10"/><MemPortTyVec>1 1 1 1 1 1 1 1 1 1 1 1 1 1 1 1 1 1 1 1 </MemPortTyVec>
</StgValue>
</bind>
</comp>

<comp id="66" class="1000" name="p_ZZ3firPiiE1c_11">
<pin_list>
<pin id="67" dir="1" index="0" bw="1" slack="0"/>
</pin_list>
<bind>
<StgValue><ssdm name="p_ZZ3firPiiE1c_11"/><MemPortTyVec>1 1 1 1 1 1 1 1 1 1 1 1 1 1 1 1 1 1 1 1 </MemPortTyVec>
</StgValue>
</bind>
</comp>

<comp id="68" class="1000" name="p_ZZ3firPiiE1c_12">
<pin_list>
<pin id="69" dir="1" index="0" bw="1" slack="0"/>
</pin_list>
<bind>
<StgValue><ssdm name="p_ZZ3firPiiE1c_12"/><MemPortTyVec>1 1 1 1 1 1 1 1 1 1 1 1 1 1 1 1 1 1 1 1 </MemPortTyVec>
</StgValue>
</bind>
</comp>

<comp id="70" class="1000" name="p_ZZ3firPiiE1c_13">
<pin_list>
<pin id="71" dir="1" index="0" bw="1" slack="0"/>
</pin_list>
<bind>
<StgValue><ssdm name="p_ZZ3firPiiE1c_13"/><MemPortTyVec>1 1 1 1 1 1 1 1 1 1 1 1 1 1 1 1 1 1 1 1 </MemPortTyVec>
</StgValue>
</bind>
</comp>

<comp id="72" class="1000" name="p_ZZ3firPiiE1c_14">
<pin_list>
<pin id="73" dir="1" index="0" bw="1" slack="0"/>
</pin_list>
<bind>
<StgValue><ssdm name="p_ZZ3firPiiE1c_14"/><MemPortTyVec>1 1 1 1 1 1 1 1 1 1 1 1 1 1 1 1 1 1 1 1 </MemPortTyVec>
</StgValue>
</bind>
</comp>

<comp id="74" class="1000" name="p_ZZ3firPiiE1c_15">
<pin_list>
<pin id="75" dir="1" index="0" bw="1" slack="0"/>
</pin_list>
<bind>
<StgValue><ssdm name="p_ZZ3firPiiE1c_15"/><MemPortTyVec>1 1 1 1 1 1 1 1 1 1 1 1 1 1 1 1 1 1 1 1 </MemPortTyVec>
</StgValue>
</bind>
</comp>

<comp id="76" class="1000" name="p_ZZ3firPiiE1c_16">
<pin_list>
<pin id="77" dir="1" index="0" bw="1" slack="0"/>
</pin_list>
<bind>
<StgValue><ssdm name="p_ZZ3firPiiE1c_16"/><MemPortTyVec>1 1 1 1 1 1 1 1 1 1 1 1 1 1 1 1 1 1 1 1 </MemPortTyVec>
</StgValue>
</bind>
</comp>

<comp id="78" class="1000" name="p_ZZ3firPiiE1c_17">
<pin_list>
<pin id="79" dir="1" index="0" bw="1" slack="0"/>
</pin_list>
<bind>
<StgValue><ssdm name="p_ZZ3firPiiE1c_17"/><MemPortTyVec>1 1 1 1 1 1 1 1 1 1 1 1 1 1 1 1 1 1 1 1 </MemPortTyVec>
</StgValue>
</bind>
</comp>

<comp id="80" class="1000" name="p_ZZ3firPiiE1c_18">
<pin_list>
<pin id="81" dir="1" index="0" bw="1" slack="0"/>
</pin_list>
<bind>
<StgValue><ssdm name="p_ZZ3firPiiE1c_18"/><MemPortTyVec>1 1 1 1 1 1 1 1 1 1 1 1 1 1 1 1 1 1 1 1 </MemPortTyVec>
</StgValue>
</bind>
</comp>

<comp id="82" class="1000" name="p_ZZ3firPiiE1c_19">
<pin_list>
<pin id="83" dir="1" index="0" bw="1" slack="0"/>
</pin_list>
<bind>
<StgValue><ssdm name="p_ZZ3firPiiE1c_19"/><MemPortTyVec>1 1 1 1 1 1 1 1 1 1 1 1 1 1 1 1 1 1 1 1 </MemPortTyVec>
</StgValue>
</bind>
</comp>

<comp id="84" class="1001" name="const_84">
<pin_list>
<pin id="85" dir="1" index="0" bw="1" slack="0"/>
</pin_list>
<bind>
<StgValue><ssdm name=""/></StgValue>
</bind>
</comp>

<comp id="86" class="1001" name="const_86">
<pin_list>
<pin id="87" dir="1" index="0" bw="1" slack="0"/>
</pin_list>
<bind>
<StgValue><ssdm name="fir_Pipeline_TDL"/></StgValue>
</bind>
</comp>

<comp id="88" class="1001" name="const_88">
<pin_list>
<pin id="89" dir="1" index="0" bw="1" slack="0"/>
</pin_list>
<bind>
<StgValue><ssdm name="_ssdm_op_Read.ap_auto.i32"/></StgValue>
</bind>
</comp>

<comp id="90" class="1001" name="const_90">
<pin_list>
<pin id="91" dir="1" index="0" bw="1" slack="0"/>
</pin_list>
<bind>
<StgValue><ssdm name=""/></StgValue>
</bind>
</comp>

<comp id="92" class="1001" name="const_92">
<pin_list>
<pin id="93" dir="1" index="0" bw="1" slack="0"/>
</pin_list>
<bind>
<StgValue><ssdm name="fir_Pipeline_MAC"/></StgValue>
</bind>
</comp>

<comp id="94" class="1001" name="const_94">
<pin_list>
<pin id="95" dir="1" index="0" bw="1" slack="2147483647"/>
</pin_list>
<bind>
<StgValue><ssdm name="_ssdm_op_SpecTopModule"/></StgValue>
</bind>
</comp>

<comp id="96" class="1001" name="const_96">
<pin_list>
<pin id="97" dir="1" index="0" bw="1" slack="2147483647"/>
</pin_list>
<bind>
<StgValue><ssdm name="empty_1"/></StgValue>
</bind>
</comp>

<comp id="98" class="1001" name="const_98">
<pin_list>
<pin id="99" dir="1" index="0" bw="1" slack="2147483647"/>
</pin_list>
<bind>
<StgValue><ssdm name="_ssdm_op_SpecBitsMap"/></StgValue>
</bind>
</comp>

<comp id="100" class="1001" name="const_100">
<pin_list>
<pin id="101" dir="1" index="0" bw="1" slack="2147483647"/>
</pin_list>
<bind>
<StgValue><ssdm name="_ssdm_op_SpecInterface"/></StgValue>
</bind>
</comp>

<comp id="102" class="1001" name="const_102">
<pin_list>
<pin id="103" dir="1" index="0" bw="1" slack="2147483647"/>
</pin_list>
<bind>
<StgValue><ssdm name="empty"/></StgValue>
</bind>
</comp>

<comp id="104" class="1001" name="const_104">
<pin_list>
<pin id="105" dir="1" index="0" bw="1" slack="2147483647"/>
</pin_list>
<bind>
<StgValue><ssdm name=""/></StgValue>
</bind>
</comp>

<comp id="106" class="1001" name="const_106">
<pin_list>
<pin id="107" dir="1" index="0" bw="1" slack="2147483647"/>
</pin_list>
<bind>
<StgValue><ssdm name="empty_0"/></StgValue>
</bind>
</comp>

<comp id="108" class="1001" name="const_108">
<pin_list>
<pin id="109" dir="1" index="0" bw="1" slack="2147483647"/>
</pin_list>
<bind>
<StgValue><ssdm name=""/></StgValue>
</bind>
</comp>

<comp id="110" class="1001" name="const_110">
<pin_list>
<pin id="111" dir="1" index="0" bw="1" slack="0"/>
</pin_list>
<bind>
<StgValue><ssdm name="_ssdm_op_Write.ap_auto.i32P0A"/></StgValue>
</bind>
</comp>

<comp id="112" class="1004" name="acc_1_loc_fu_112">
<pin_list>
<pin id="113" dir="0" index="0" bw="1" slack="0"/>
<pin id="114" dir="1" index="1" bw="32" slack="3"/>
</pin_list>
<bind>
<opcode="alloca(26) " fcode="alloca"/>
<opset="acc_1_loc/1 "/>
</bind>
</comp>

<comp id="116" class="1004" name="x_read_read_fu_116">
<pin_list>
<pin id="117" dir="0" index="0" bw="32" slack="0"/>
<pin id="118" dir="0" index="1" bw="32" slack="0"/>
<pin id="119" dir="1" index="2" bw="32" slack="0"/>
</pin_list>
<bind>
<opcode="read(1150) " fcode="read"/>
<opset="x_read/3 "/>
</bind>
</comp>

<comp id="122" class="1004" name="write_ln57_write_fu_122">
<pin_list>
<pin id="123" dir="0" index="0" bw="0" slack="0"/>
<pin id="124" dir="0" index="1" bw="32" slack="0"/>
<pin id="125" dir="0" index="2" bw="32" slack="0"/>
<pin id="126" dir="1" index="3" bw="0" slack="2147483647"/>
</pin_list>
<bind>
<opcode="write(1151) " fcode="write"/>
<opset="write_ln57/6 "/>
</bind>
</comp>

<comp id="129" class="1004" name="store_ln35_access_fu_129">
<pin_list>
<pin id="130" dir="0" index="0" bw="32" slack="0"/>
<pin id="131" dir="0" index="1" bw="32" slack="0"/>
<pin id="132" dir="0" index="2" bw="0" slack="2147483647"/>
<pin id="133" dir="1" index="3" bw="32" slack="2147483647"/>
</pin_list>
<bind>
<opcode="store(28) " fcode="store"/>
<opset="store_ln35/3 "/>
</bind>
</comp>

<comp id="136" class="1004" name="grp_fir_Pipeline_TDL_fu_136">
<pin_list>
<pin id="137" dir="0" index="0" bw="0" slack="0"/>
<pin id="138" dir="0" index="1" bw="32" slack="0"/>
<pin id="139" dir="0" index="2" bw="32" slack="0"/>
<pin id="140" dir="0" index="3" bw="32" slack="0"/>
<pin id="141" dir="0" index="4" bw="32" slack="0"/>
<pin id="142" dir="0" index="5" bw="32" slack="0"/>
<pin id="143" dir="0" index="6" bw="32" slack="0"/>
<pin id="144" dir="0" index="7" bw="32" slack="0"/>
<pin id="145" dir="0" index="8" bw="32" slack="0"/>
<pin id="146" dir="0" index="9" bw="32" slack="0"/>
<pin id="147" dir="0" index="10" bw="32" slack="0"/>
<pin id="148" dir="0" index="11" bw="32" slack="0"/>
<pin id="149" dir="0" index="12" bw="32" slack="0"/>
<pin id="150" dir="0" index="13" bw="32" slack="0"/>
<pin id="151" dir="0" index="14" bw="32" slack="0"/>
<pin id="152" dir="0" index="15" bw="32" slack="0"/>
<pin id="153" dir="0" index="16" bw="32" slack="0"/>
<pin id="154" dir="0" index="17" bw="32" slack="0"/>
<pin id="155" dir="0" index="18" bw="32" slack="0"/>
<pin id="156" dir="0" index="19" bw="32" slack="0"/>
<pin id="157" dir="0" index="20" bw="32" slack="0"/>
<pin id="158" dir="1" index="21" bw="0" slack="2147483647"/>
</pin_list>
<bind>
<opcode="call(48) " fcode="call"/>
<opset="call_ln0/1 "/>
</bind>
</comp>

<comp id="180" class="1004" name="grp_fir_Pipeline_MAC_fu_180">
<pin_list>
<pin id="181" dir="0" index="0" bw="0" slack="0"/>
<pin id="182" dir="0" index="1" bw="32" slack="3"/>
<pin id="183" dir="0" index="2" bw="32" slack="0"/>
<pin id="184" dir="0" index="3" bw="32" slack="0"/>
<pin id="185" dir="0" index="4" bw="32" slack="0"/>
<pin id="186" dir="0" index="5" bw="32" slack="0"/>
<pin id="187" dir="0" index="6" bw="32" slack="0"/>
<pin id="188" dir="0" index="7" bw="32" slack="0"/>
<pin id="189" dir="0" index="8" bw="32" slack="0"/>
<pin id="190" dir="0" index="9" bw="32" slack="0"/>
<pin id="191" dir="0" index="10" bw="32" slack="0"/>
<pin id="192" dir="0" index="11" bw="32" slack="0"/>
<pin id="193" dir="0" index="12" bw="32" slack="0"/>
<pin id="194" dir="0" index="13" bw="32" slack="0"/>
<pin id="195" dir="0" index="14" bw="32" slack="0"/>
<pin id="196" dir="0" index="15" bw="32" slack="0"/>
<pin id="197" dir="0" index="16" bw="32" slack="0"/>
<pin id="198" dir="0" index="17" bw="32" slack="0"/>
<pin id="199" dir="0" index="18" bw="32" slack="0"/>
<pin id="200" dir="0" index="19" bw="32" slack="0"/>
<pin id="201" dir="0" index="20" bw="32" slack="0"/>
<pin id="202" dir="0" index="21" bw="32" slack="0"/>
<pin id="203" dir="0" index="22" bw="32" slack="0"/>
<pin id="204" dir="0" index="23" bw="32" slack="0"/>
<pin id="205" dir="0" index="24" bw="32" slack="0"/>
<pin id="206" dir="0" index="25" bw="32" slack="0"/>
<pin id="207" dir="0" index="26" bw="32" slack="0"/>
<pin id="208" dir="0" index="27" bw="32" slack="0"/>
<pin id="209" dir="0" index="28" bw="32" slack="0"/>
<pin id="210" dir="0" index="29" bw="32" slack="0"/>
<pin id="211" dir="0" index="30" bw="32" slack="0"/>
<pin id="212" dir="0" index="31" bw="32" slack="0"/>
<pin id="213" dir="0" index="32" bw="32" slack="0"/>
<pin id="214" dir="0" index="33" bw="32" slack="0"/>
<pin id="215" dir="0" index="34" bw="32" slack="0"/>
<pin id="216" dir="0" index="35" bw="32" slack="0"/>
<pin id="217" dir="0" index="36" bw="32" slack="0"/>
<pin id="218" dir="0" index="37" bw="32" slack="0"/>
<pin id="219" dir="0" index="38" bw="32" slack="0"/>
<pin id="220" dir="0" index="39" bw="32" slack="0"/>
<pin id="221" dir="0" index="40" bw="32" slack="0"/>
<pin id="222" dir="0" index="41" bw="32" slack="0"/>
<pin id="223" dir="1" index="42" bw="0" slack="2147483647"/>
</pin_list>
<bind>
<opcode="call(48) " fcode="call"/>
<opset="call_ln0/4 "/>
</bind>
</comp>

<comp id="265" class="1004" name="acc_1_loc_load_load_fu_265">
<pin_list>
<pin id="266" dir="0" index="0" bw="32" slack="5"/>
<pin id="267" dir="1" index="1" bw="32" slack="0"/>
</pin_list>
<bind>
<opcode="load(27) " fcode="load"/>
<opset="acc_1_loc_load/6 "/>
</bind>
</comp>

<comp id="269" class="1005" name="acc_1_loc_reg_269">
<pin_list>
<pin id="270" dir="0" index="0" bw="32" slack="3"/>
<pin id="271" dir="1" index="1" bw="32" slack="3"/>
</pin_list>
<bind>
<opset="acc_1_loc "/>
</bind>
</comp>

</comp_list>

<net_list>
<net id="115"><net_src comp="84" pin="0"/><net_sink comp="112" pin=0"/></net>

<net id="120"><net_src comp="88" pin="0"/><net_sink comp="116" pin=0"/></net>

<net id="121"><net_src comp="2" pin="0"/><net_sink comp="116" pin=1"/></net>

<net id="127"><net_src comp="110" pin="0"/><net_sink comp="122" pin=0"/></net>

<net id="128"><net_src comp="0" pin="0"/><net_sink comp="122" pin=1"/></net>

<net id="134"><net_src comp="116" pin="2"/><net_sink comp="129" pin=1"/></net>

<net id="135"><net_src comp="90" pin="0"/><net_sink comp="129" pin=0"/></net>

<net id="159"><net_src comp="86" pin="0"/><net_sink comp="136" pin=0"/></net>

<net id="160"><net_src comp="4" pin="0"/><net_sink comp="136" pin=1"/></net>

<net id="161"><net_src comp="6" pin="0"/><net_sink comp="136" pin=2"/></net>

<net id="162"><net_src comp="8" pin="0"/><net_sink comp="136" pin=3"/></net>

<net id="163"><net_src comp="10" pin="0"/><net_sink comp="136" pin=4"/></net>

<net id="164"><net_src comp="12" pin="0"/><net_sink comp="136" pin=5"/></net>

<net id="165"><net_src comp="14" pin="0"/><net_sink comp="136" pin=6"/></net>

<net id="166"><net_src comp="16" pin="0"/><net_sink comp="136" pin=7"/></net>

<net id="167"><net_src comp="18" pin="0"/><net_sink comp="136" pin=8"/></net>

<net id="168"><net_src comp="20" pin="0"/><net_sink comp="136" pin=9"/></net>

<net id="169"><net_src comp="22" pin="0"/><net_sink comp="136" pin=10"/></net>

<net id="170"><net_src comp="24" pin="0"/><net_sink comp="136" pin=11"/></net>

<net id="171"><net_src comp="26" pin="0"/><net_sink comp="136" pin=12"/></net>

<net id="172"><net_src comp="28" pin="0"/><net_sink comp="136" pin=13"/></net>

<net id="173"><net_src comp="30" pin="0"/><net_sink comp="136" pin=14"/></net>

<net id="174"><net_src comp="32" pin="0"/><net_sink comp="136" pin=15"/></net>

<net id="175"><net_src comp="34" pin="0"/><net_sink comp="136" pin=16"/></net>

<net id="176"><net_src comp="36" pin="0"/><net_sink comp="136" pin=17"/></net>

<net id="177"><net_src comp="38" pin="0"/><net_sink comp="136" pin=18"/></net>

<net id="178"><net_src comp="40" pin="0"/><net_sink comp="136" pin=19"/></net>

<net id="179"><net_src comp="42" pin="0"/><net_sink comp="136" pin=20"/></net>

<net id="224"><net_src comp="92" pin="0"/><net_sink comp="180" pin=0"/></net>

<net id="225"><net_src comp="4" pin="0"/><net_sink comp="180" pin=2"/></net>

<net id="226"><net_src comp="6" pin="0"/><net_sink comp="180" pin=3"/></net>

<net id="227"><net_src comp="8" pin="0"/><net_sink comp="180" pin=4"/></net>

<net id="228"><net_src comp="10" pin="0"/><net_sink comp="180" pin=5"/></net>

<net id="229"><net_src comp="12" pin="0"/><net_sink comp="180" pin=6"/></net>

<net id="230"><net_src comp="14" pin="0"/><net_sink comp="180" pin=7"/></net>

<net id="231"><net_src comp="16" pin="0"/><net_sink comp="180" pin=8"/></net>

<net id="232"><net_src comp="18" pin="0"/><net_sink comp="180" pin=9"/></net>

<net id="233"><net_src comp="20" pin="0"/><net_sink comp="180" pin=10"/></net>

<net id="234"><net_src comp="22" pin="0"/><net_sink comp="180" pin=11"/></net>

<net id="235"><net_src comp="24" pin="0"/><net_sink comp="180" pin=12"/></net>

<net id="236"><net_src comp="26" pin="0"/><net_sink comp="180" pin=13"/></net>

<net id="237"><net_src comp="28" pin="0"/><net_sink comp="180" pin=14"/></net>

<net id="238"><net_src comp="30" pin="0"/><net_sink comp="180" pin=15"/></net>

<net id="239"><net_src comp="32" pin="0"/><net_sink comp="180" pin=16"/></net>

<net id="240"><net_src comp="34" pin="0"/><net_sink comp="180" pin=17"/></net>

<net id="241"><net_src comp="36" pin="0"/><net_sink comp="180" pin=18"/></net>

<net id="242"><net_src comp="38" pin="0"/><net_sink comp="180" pin=19"/></net>

<net id="243"><net_src comp="40" pin="0"/><net_sink comp="180" pin=20"/></net>

<net id="244"><net_src comp="42" pin="0"/><net_sink comp="180" pin=21"/></net>

<net id="245"><net_src comp="44" pin="0"/><net_sink comp="180" pin=22"/></net>

<net id="246"><net_src comp="46" pin="0"/><net_sink comp="180" pin=23"/></net>

<net id="247"><net_src comp="48" pin="0"/><net_sink comp="180" pin=24"/></net>

<net id="248"><net_src comp="50" pin="0"/><net_sink comp="180" pin=25"/></net>

<net id="249"><net_src comp="52" pin="0"/><net_sink comp="180" pin=26"/></net>

<net id="250"><net_src comp="54" pin="0"/><net_sink comp="180" pin=27"/></net>

<net id="251"><net_src comp="56" pin="0"/><net_sink comp="180" pin=28"/></net>

<net id="252"><net_src comp="58" pin="0"/><net_sink comp="180" pin=29"/></net>

<net id="253"><net_src comp="60" pin="0"/><net_sink comp="180" pin=30"/></net>

<net id="254"><net_src comp="62" pin="0"/><net_sink comp="180" pin=31"/></net>

<net id="255"><net_src comp="64" pin="0"/><net_sink comp="180" pin=32"/></net>

<net id="256"><net_src comp="66" pin="0"/><net_sink comp="180" pin=33"/></net>

<net id="257"><net_src comp="68" pin="0"/><net_sink comp="180" pin=34"/></net>

<net id="258"><net_src comp="70" pin="0"/><net_sink comp="180" pin=35"/></net>

<net id="259"><net_src comp="72" pin="0"/><net_sink comp="180" pin=36"/></net>

<net id="260"><net_src comp="74" pin="0"/><net_sink comp="180" pin=37"/></net>

<net id="261"><net_src comp="76" pin="0"/><net_sink comp="180" pin=38"/></net>

<net id="262"><net_src comp="78" pin="0"/><net_sink comp="180" pin=39"/></net>

<net id="263"><net_src comp="80" pin="0"/><net_sink comp="180" pin=40"/></net>

<net id="264"><net_src comp="82" pin="0"/><net_sink comp="180" pin=41"/></net>

<net id="268"><net_src comp="265" pin="1"/><net_sink comp="122" pin=2"/></net>

<net id="272"><net_src comp="112" pin="1"/><net_sink comp="269" pin=0"/></net>

<net id="273"><net_src comp="269" pin="1"/><net_sink comp="180" pin=1"/></net>

<net id="274"><net_src comp="269" pin="1"/><net_sink comp="265" pin=0"/></net>

</net_list>

</model> 
---------------- Datapath Model END ------------------

* FSMD analyzer results:
  - Output states:
	Port: y | {6 }
	Port: fir_int_int_shift_reg | {1 2 3 }
	Port: fir_int_int_shift_reg_10 | {1 2 }
	Port: fir_int_int_shift_reg_11 | {1 2 }
	Port: fir_int_int_shift_reg_12 | {1 2 }
	Port: fir_int_int_shift_reg_13 | {1 2 }
	Port: fir_int_int_shift_reg_14 | {1 2 }
	Port: fir_int_int_shift_reg_15 | {1 2 }
	Port: fir_int_int_shift_reg_16 | {1 2 }
	Port: fir_int_int_shift_reg_17 | {1 2 }
	Port: fir_int_int_shift_reg_18 | {1 2 }
	Port: p_ZZ3firPiiE9shift_reg_10 | {1 2 }
	Port: p_ZZ3firPiiE9shift_reg_11 | {1 2 }
	Port: p_ZZ3firPiiE9shift_reg_12 | {1 2 }
	Port: p_ZZ3firPiiE9shift_reg_13 | {1 2 }
	Port: p_ZZ3firPiiE9shift_reg_14 | {1 2 }
	Port: p_ZZ3firPiiE9shift_reg_15 | {1 2 }
	Port: p_ZZ3firPiiE9shift_reg_16 | {1 2 }
	Port: p_ZZ3firPiiE9shift_reg_17 | {1 2 }
	Port: p_ZZ3firPiiE9shift_reg_18 | {1 2 }
	Port: p_ZZ3firPiiE9shift_reg_19 | {1 2 }
 - Input state : 
	Port: fir : x | {3 }
	Port: fir : fir_int_int_shift_reg | {1 2 4 5 }
	Port: fir : fir_int_int_shift_reg_10 | {1 2 4 5 }
	Port: fir : fir_int_int_shift_reg_11 | {1 2 4 5 }
	Port: fir : fir_int_int_shift_reg_12 | {1 2 4 5 }
	Port: fir : fir_int_int_shift_reg_13 | {1 2 4 5 }
	Port: fir : fir_int_int_shift_reg_14 | {1 2 4 5 }
	Port: fir : fir_int_int_shift_reg_15 | {1 2 4 5 }
	Port: fir : fir_int_int_shift_reg_16 | {1 2 4 5 }
	Port: fir : fir_int_int_shift_reg_17 | {1 2 4 5 }
	Port: fir : fir_int_int_shift_reg_18 | {1 2 4 5 }
	Port: fir : p_ZZ3firPiiE9shift_reg_10 | {1 2 4 5 }
	Port: fir : p_ZZ3firPiiE9shift_reg_11 | {1 2 4 5 }
	Port: fir : p_ZZ3firPiiE9shift_reg_12 | {1 2 4 5 }
	Port: fir : p_ZZ3firPiiE9shift_reg_13 | {1 2 4 5 }
	Port: fir : p_ZZ3firPiiE9shift_reg_14 | {1 2 4 5 }
	Port: fir : p_ZZ3firPiiE9shift_reg_15 | {1 2 4 5 }
	Port: fir : p_ZZ3firPiiE9shift_reg_16 | {1 2 4 5 }
	Port: fir : p_ZZ3firPiiE9shift_reg_17 | {1 2 4 5 }
	Port: fir : p_ZZ3firPiiE9shift_reg_18 | {1 2 4 5 }
	Port: fir : p_ZZ3firPiiE9shift_reg_19 | {1 2 4 5 }
	Port: fir : fir_int_int_c | {4 5 }
	Port: fir : fir_int_int_c_1 | {4 5 }
	Port: fir : fir_int_int_c_2 | {4 5 }
	Port: fir : fir_int_int_c_3 | {4 5 }
	Port: fir : fir_int_int_c_4 | {4 5 }
	Port: fir : fir_int_int_c_5 | {4 5 }
	Port: fir : fir_int_int_c_6 | {4 5 }
	Port: fir : fir_int_int_c_7 | {4 5 }
	Port: fir : fir_int_int_c_8 | {4 5 }
	Port: fir : fir_int_int_c_9 | {4 5 }
	Port: fir : p_ZZ3firPiiE1c_10 | {4 5 }
	Port: fir : p_ZZ3firPiiE1c_11 | {4 5 }
	Port: fir : p_ZZ3firPiiE1c_12 | {4 5 }
	Port: fir : p_ZZ3firPiiE1c_13 | {4 5 }
	Port: fir : p_ZZ3firPiiE1c_14 | {4 5 }
	Port: fir : p_ZZ3firPiiE1c_15 | {4 5 }
	Port: fir : p_ZZ3firPiiE1c_16 | {4 5 }
	Port: fir : p_ZZ3firPiiE1c_17 | {4 5 }
	Port: fir : p_ZZ3firPiiE1c_18 | {4 5 }
	Port: fir : p_ZZ3firPiiE1c_19 | {4 5 }
  - Chain level:
	State 1
	State 2
	State 3
	State 4
	State 5
	State 6
		write_ln57 : 1


============================================================
+ Verbose Summary: Datapath Resource usage 
============================================================

* Functional unit list:
|----------|-----------------------------|---------|---------|---------|---------|
| Operation|       Functional Unit       |   DSP   |  Delay  |    FF   |   LUT   |
|----------|-----------------------------|---------|---------|---------|---------|
|   call   | grp_fir_Pipeline_TDL_fu_136 |    96   | 174.409 |  15678  |  14162  |
|          | grp_fir_Pipeline_MAC_fu_180 |    80   | 923.948 |  22987  |  29501  |
|----------|-----------------------------|---------|---------|---------|---------|
|   read   |      x_read_read_fu_116     |    0    |    0    |    0    |    0    |
|----------|-----------------------------|---------|---------|---------|---------|
|   write  |   write_ln57_write_fu_122   |    0    |    0    |    0    |    0    |
|----------|-----------------------------|---------|---------|---------|---------|
|   Total  |                             |   176   | 1098.36 |  38665  |  43663  |
|----------|-----------------------------|---------|---------|---------|---------|

Memories:
+-------------------------+--------+--------+--------+--------+
|                         |  BRAM  |   FF   |   LUT  |  URAM  |
+-------------------------+--------+--------+--------+--------+
|      fir_int_int_c      |    0   |   640  |    4   |    -   |
|     fir_int_int_c_1     |    0   |   640  |    4   |    -   |
|     fir_int_int_c_2     |    0   |   640  |    4   |    -   |
|     fir_int_int_c_3     |    0   |   640  |    4   |    -   |
|     fir_int_int_c_4     |    0   |   640  |    4   |    -   |
|     fir_int_int_c_5     |    0   |   640  |    4   |    -   |
|     fir_int_int_c_6     |    0   |   640  |    4   |    -   |
|     fir_int_int_c_7     |    0   |   640  |    4   |    -   |
|     fir_int_int_c_8     |    0   |   640  |    4   |    -   |
|     fir_int_int_c_9     |    0   |   640  |    4   |    -   |
|  fir_int_int_shift_reg  |    0   |   64   |    4   |    0   |
| fir_int_int_shift_reg_10|    0   |   64   |    4   |    0   |
| fir_int_int_shift_reg_11|    0   |   64   |    4   |    0   |
| fir_int_int_shift_reg_12|    0   |   64   |    4   |    0   |
| fir_int_int_shift_reg_13|    0   |   64   |    4   |    0   |
| fir_int_int_shift_reg_14|    0   |   64   |    4   |    0   |
| fir_int_int_shift_reg_15|    0   |   64   |    4   |    0   |
| fir_int_int_shift_reg_16|    0   |   64   |    4   |    0   |
| fir_int_int_shift_reg_17|    0   |   64   |    4   |    0   |
| fir_int_int_shift_reg_18|    0   |   64   |    4   |    0   |
|    p_ZZ3firPiiE1c_10    |    0   |   640  |    4   |    -   |
|    p_ZZ3firPiiE1c_11    |    0   |   640  |    4   |    -   |
|    p_ZZ3firPiiE1c_12    |    0   |   640  |    4   |    -   |
|    p_ZZ3firPiiE1c_13    |    0   |   640  |    4   |    -   |
|    p_ZZ3firPiiE1c_14    |    0   |   640  |    4   |    -   |
|    p_ZZ3firPiiE1c_15    |    0   |   640  |    4   |    -   |
|    p_ZZ3firPiiE1c_16    |    0   |   640  |    4   |    -   |
|    p_ZZ3firPiiE1c_17    |    0   |   640  |    4   |    -   |
|    p_ZZ3firPiiE1c_18    |    0   |   640  |    4   |    -   |
|    p_ZZ3firPiiE1c_19    |    0   |   640  |    4   |    -   |
|p_ZZ3firPiiE9shift_reg_10|    0   |   64   |    4   |    0   |
|p_ZZ3firPiiE9shift_reg_11|    0   |   64   |    4   |    0   |
|p_ZZ3firPiiE9shift_reg_12|    0   |   64   |    4   |    0   |
|p_ZZ3firPiiE9shift_reg_13|    0   |   64   |    4   |    0   |
|p_ZZ3firPiiE9shift_reg_14|    0   |   64   |    4   |    0   |
|p_ZZ3firPiiE9shift_reg_15|    0   |   64   |    4   |    0   |
|p_ZZ3firPiiE9shift_reg_16|    0   |   64   |    4   |    0   |
|p_ZZ3firPiiE9shift_reg_17|    0   |   64   |    4   |    0   |
|p_ZZ3firPiiE9shift_reg_18|    0   |   64   |    4   |    0   |
|p_ZZ3firPiiE9shift_reg_19|    0   |   64   |    4   |    0   |
+-------------------------+--------+--------+--------+--------+
|          Total          |    0   |  14080 |   160  |    0   |
+-------------------------+--------+--------+--------+--------+

* Register list:
+-----------------+--------+
|                 |   FF   |
+-----------------+--------+
|acc_1_loc_reg_269|   32   |
+-----------------+--------+
|      Total      |   32   |
+-----------------+--------+

* Multiplexer (MUX) list: 
|--------|------|------|------|--------|
|  Comp  |  Pin | Size |  BW  | S x BW |
|--------|------|------|------|--------|
|  Total |      |      |      |    0   |
|--------|------|------|------|--------|



* Summary:
+-----------+--------+--------+--------+--------+--------+--------+
|           |  BRAM  |   DSP  |  Delay |   FF   |   LUT  |  URAM  |
+-----------+--------+--------+--------+--------+--------+--------+
|  Function |    -   |   176  |  1098  |  38665 |  43663 |    -   |
|   Memory  |    0   |    -   |    -   |  14080 |   160  |    0   |
|Multiplexer|    -   |    -   |    -   |    -   |    -   |    -   |
|  Register |    -   |    -   |    -   |   32   |    -   |    -   |
+-----------+--------+--------+--------+--------+--------+--------+
|   Total   |    0   |   176  |  1098  |  52777 |  43823 |    0   |
+-----------+--------+--------+--------+--------+--------+--------+
