#-----------------------------------------------------------
# Vivado v2024.1 (64-bit)
# SW Build 5076996 on Wed May 22 18:37:14 MDT 2024
# IP Build 5075265 on Wed May 22 21:45:21 MDT 2024
# SharedData Build 5076995 on Wed May 22 18:29:18 MDT 2024
# Start of session at: Fri Nov 21 09:54:17 2025
# Process ID: 14540
# Current directory: C:/Users/james/PYNQ/boards/Pynq-Z2/base/base/base.runs/base_m04_regslice_10_synth_1
# Command line: vivado.exe -log base_m04_regslice_10.vds -product Vivado -mode batch -messageDb vivado.pb -notrace -source base_m04_regslice_10.tcl
# Log file: C:/Users/james/PYNQ/boards/Pynq-Z2/base/base/base.runs/base_m04_regslice_10_synth_1/base_m04_regslice_10.vds
# Journal file: C:/Users/james/PYNQ/boards/Pynq-Z2/base/base/base.runs/base_m04_regslice_10_synth_1\vivado.jou
# Running On        :gt-1
# Platform          :Windows Server 2016 or Windows 10
# Operating System  :26100
# Processor Detail  :AMD Ryzen 7 7735HS with Radeon Graphics        
# CPU Frequency     :3194 MHz
# CPU Physical cores:8
# CPU Logical cores :16
# Host memory       :15941 MB
# Swap memory       :20401 MB
# Total Virtual     :36342 MB
# Available Virtual :13136 MB
#-----------------------------------------------------------
source base_m04_regslice_10.tcl -notrace
