

================================================================
== Vitis HLS Report for 'cordiccart2pol'
================================================================
* Date:           Sun Oct 19 01:00:30 2025

* Version:        2024.2 (Build 5238294 on Nov  8 2024)
* Project:        cordiccart2pol.comp
* Solution:       hls (Vivado IP Flow Target)
* Product family: zynq
* Target device:  xc7z020-clg400-1


================================================================
== Performance Estimates
================================================================
+ Timing: 
    * Summary: 
    +--------+----------+----------+------------+
    |  Clock |  Target  | Estimated| Uncertainty|
    +--------+----------+----------+------------+
    |ap_clk  |  10.00 ns|  7.290 ns|     2.70 ns|
    +--------+----------+----------+------------+

+ Latency: 
    * Summary: 
    +---------+---------+----------+----------+-----+-----+---------+
    |  Latency (cycles) |  Latency (absolute) |  Interval | Pipeline|
    |   min   |   max   |    min   |    max   | min | max |   Type  |
    +---------+---------+----------+----------+-----+-----+---------+
    |      214|      214|  2.140 us|  2.140 us|  215|  215|       no|
    +---------+---------+----------+----------+-----+-----+---------+

    + Detail: 
        * Instance: 
        N/A

        * Loop: 
        +-------------------+---------+---------+----------+-----------+-----------+------+----------+
        |                   |  Latency (cycles) | Iteration|  Initiation Interval  | Trip |          |
        |     Loop Name     |   min   |   max   |  Latency |  achieved |   target  | Count| Pipelined|
        +-------------------+---------+---------+----------+-----------+-----------+------+----------+
        |- VITIS_LOOP_14_1  |      210|      210|        16|         13|          1|    16|       yes|
        +-------------------+---------+---------+----------+-----------+-----------+------+----------+



================================================================
== Utilization Estimates
================================================================
* Summary: 
+-----------------+---------+-----+--------+-------+-----+
|       Name      | BRAM_18K| DSP |   FF   |  LUT  | URAM|
+-----------------+---------+-----+--------+-------+-----+
|DSP              |        -|    -|       -|      -|    -|
|Expression       |        -|    -|       0|    226|    -|
|FIFO             |        -|    -|       -|      -|    -|
|Instance         |        -|   10|     696|   1422|    -|
|Memory           |        0|    -|      32|      8|    -|
|Multiplexer      |        -|    -|       0|    321|    -|
|Register         |        -|    -|     574|      -|    -|
+-----------------+---------+-----+--------+-------+-----+
|Total            |        0|   10|    1302|   1977|    0|
+-----------------+---------+-----+--------+-------+-----+
|Available        |      280|  220|  106400|  53200|    0|
+-----------------+---------+-----+--------+-------+-----+
|Utilization (%)  |        0|    4|       1|      3|    0|
+-----------------+---------+-----+--------+-------+-----+

+ Detail: 
    * Instance: 
    +-----------------------------------+--------------------------------+---------+----+-----+-----+-----+
    |              Instance             |             Module             | BRAM_18K| DSP|  FF | LUT | URAM|
    +-----------------------------------+--------------------------------+---------+----+-----+-----+-----+
    |fadd_32ns_32ns_32_5_full_dsp_1_U2  |fadd_32ns_32ns_32_5_full_dsp_1  |        0|   2|  205|  390|    0|
    |fcmp_32ns_32ns_1_2_no_dsp_1_U5     |fcmp_32ns_32ns_1_2_no_dsp_1     |        0|   0|    0|    0|    0|
    |fmul_32ns_32ns_32_4_max_dsp_1_U3   |fmul_32ns_32ns_32_4_max_dsp_1   |        0|   3|  143|  321|    0|
    |fmul_32ns_32ns_32_4_max_dsp_1_U4   |fmul_32ns_32ns_32_4_max_dsp_1   |        0|   3|  143|  321|    0|
    |fsub_32ns_32ns_32_5_full_dsp_1_U1  |fsub_32ns_32ns_32_5_full_dsp_1  |        0|   2|  205|  390|    0|
    +-----------------------------------+--------------------------------+---------+----+-----+-----+-----+
    |Total                              |                                |        0|  10|  696| 1422|    0|
    +-----------------------------------+--------------------------------+---------+----+-----+-----+-----+

    * DSP: 
    N/A

    * Memory: 
    +----------+--------------------+---------+----+----+-----+------+-----+------+-------------+
    |  Memory  |       Module       | BRAM_18K| FF | LUT| URAM| Words| Bits| Banks| W*Bits*Banks|
    +----------+--------------------+---------+----+----+-----+------+-----+------+-------------+
    |angles_U  |angles_ROM_AUTO_1R  |        0|  32|   8|    0|    16|   32|     1|          512|
    +----------+--------------------+---------+----+----+-----+------+-----+------+-------------+
    |Total     |                    |        0|  32|   8|    0|    16|   32|     1|          512|
    +----------+--------------------+---------+----+----+-----+------+-----+------+-------------+

    * FIFO: 
    N/A

    * Expression: 
    +-----------------------+----------+----+---+----+------------+------------+
    |     Variable Name     | Operation| DSP| FF| LUT| Bitwidth P0| Bitwidth P1|
    +-----------------------+----------+----+---+----+------------+------------+
    |j_fu_338_p2            |         +|   0|  0|  13|           4|           1|
    |and_ln15_fu_396_p2     |       and|   0|  0|   2|           1|           1|
    |and_ln50_fu_228_p2     |       and|   0|  0|   2|           1|           1|
    |icmp_ln14_fu_344_p2    |      icmp|   0|  0|  13|           4|           2|
    |icmp_ln15_1_fu_378_p2  |      icmp|   0|  0|  30|          23|           1|
    |icmp_ln15_fu_372_p2    |      icmp|   0|  0|  15|           8|           2|
    |icmp_ln50_1_fu_216_p2  |      icmp|   0|  0|  30|          23|           1|
    |icmp_ln50_fu_210_p2    |      icmp|   0|  0|  15|           8|           2|
    |or_ln15_fu_392_p2      |        or|   0|  0|   2|           1|           1|
    |or_ln50_fu_222_p2      |        or|   0|  0|   2|           1|           1|
    |new_x_2_fu_305_p3      |    select|   0|  0|  32|           1|          32|
    |new_y_2_fu_297_p3      |    select|   0|  0|  32|           1|          32|
    |select_ln17_fu_401_p3  |    select|   0|  0|  32|           1|          32|
    |ap_enable_pp0          |       xor|   0|  0|   2|           1|           2|
    |xor_ln53_fu_245_p2     |       xor|   0|  0|   2|           1|           2|
    |xor_ln57_fu_275_p2     |       xor|   0|  0|   2|           1|           2|
    +-----------------------+----------+----+---+----+------------+------------+
    |Total                  |          |   0|  0| 226|          80|         115|
    +-----------------------+----------+----+---+----+------------+------------+

    * Multiplexer: 
    +--------------------------------------+----+-----------+-----+-----------+
    |                 Name                 | LUT| Input Size| Bits| Total Bits|
    +--------------------------------------+----+-----------+-----+-----------+
    |ap_NS_fsm                             |  87|         18|    1|         18|
    |ap_enable_reg_pp0_iter1               |   9|          2|    1|          2|
    |ap_sig_allocacmp_current_cos_19_load  |   9|          2|   32|         64|
    |ap_sig_allocacmp_current_sin_17_load  |   9|          2|   32|         64|
    |current_cos_19_fu_96                  |   9|          2|   32|         64|
    |current_sin_17_fu_92                  |   9|          2|   32|         64|
    |factor5_fu_84                         |   9|          2|   32|         64|
    |grp_fu_139_p0                         |  14|          3|   32|         96|
    |grp_fu_139_p1                         |  14|          3|   32|         96|
    |grp_fu_143_p0                         |  14|          3|   32|         96|
    |grp_fu_143_p1                         |  14|          3|   32|         96|
    |grp_fu_147_p0                         |  25|          5|   32|        160|
    |grp_fu_147_p1                         |  25|          5|   32|        160|
    |grp_fu_152_p0                         |  14|          3|   32|         96|
    |grp_fu_152_p1                         |  14|          3|   32|         96|
    |grp_fu_156_opcode                     |  14|          3|    5|         15|
    |grp_fu_156_p0                         |  14|          3|   32|         96|
    |j4_fu_76                              |   9|          2|    4|          8|
    |theta_assign6_fu_88                   |   9|          2|   32|         64|
    +--------------------------------------+----+-----------+-----+-----------+
    |Total                                 | 321|         68|  491|       1419|
    +--------------------------------------+----+-----------+-----+-----------+

    * Register: 
    +-----------------------------+----+----+-----+-----------+
    |             Name            | FF | LUT| Bits| Const Bits|
    +-----------------------------+----+----+-----+-----------+
    |angles_load_reg_538          |  32|   0|   32|          0|
    |ap_CS_fsm                    |  17|   0|   17|          0|
    |ap_enable_reg_pp0_iter0      |   1|   0|    1|          0|
    |ap_enable_reg_pp0_iter0_reg  |   1|   0|    1|          0|
    |ap_enable_reg_pp0_iter1      |   1|   0|    1|          0|
    |current_cos_19_fu_96         |  32|   0|   32|          0|
    |current_cos_19_load_reg_549  |  32|   0|   32|          0|
    |current_sin_17_fu_92         |  32|   0|   32|          0|
    |current_sin_17_load_reg_543  |  32|   0|   32|          0|
    |current_sin_reg_578          |  32|   0|   32|          0|
    |empty_fu_80                  |  32|   0|   32|          0|
    |factor5_fu_84                |  32|   0|   32|          0|
    |factor5_load_reg_500         |  32|   0|   32|          0|
    |final_angle_reg_573          |  32|   0|   32|          0|
    |icmp_ln14_reg_519            |   1|   0|    1|          0|
    |icmp_ln15_1_reg_528          |   1|   0|    1|          0|
    |icmp_ln15_reg_523            |   1|   0|    1|          0|
    |j4_fu_76                     |   4|   0|    4|          0|
    |mul7_i_reg_562               |  32|   0|   32|          0|
    |reg_162                      |  32|   0|   32|          0|
    |reg_168                      |  32|   0|   32|          0|
    |reg_174                      |  32|   0|   32|          0|
    |select_ln17_reg_555          |   1|   0|   32|         31|
    |theta_assign6_fu_88          |  32|   0|   32|          0|
    |theta_assign6_load_reg_507   |  32|   0|   32|          0|
    |tmp_1_reg_495                |   1|   0|    1|          0|
    |tmp_3_reg_533                |   1|   0|    1|          0|
    |y_read_reg_488               |  32|   0|   32|          0|
    +-----------------------------+----+----+-----+-----------+
    |Total                        | 574|   0|  605|         31|
    +-----------------------------+----+----+-----+-----------+



================================================================
== Interface
================================================================
* Summary: 
+--------------+-----+-----+------------+----------------+--------------+
|   RTL Ports  | Dir | Bits|  Protocol  |  Source Object |    C Type    |
+--------------+-----+-----+------------+----------------+--------------+
|ap_clk        |   in|    1|  ap_ctrl_hs|  cordiccart2pol|  return value|
|ap_rst        |   in|    1|  ap_ctrl_hs|  cordiccart2pol|  return value|
|ap_start      |   in|    1|  ap_ctrl_hs|  cordiccart2pol|  return value|
|ap_done       |  out|    1|  ap_ctrl_hs|  cordiccart2pol|  return value|
|ap_idle       |  out|    1|  ap_ctrl_hs|  cordiccart2pol|  return value|
|ap_ready      |  out|    1|  ap_ctrl_hs|  cordiccart2pol|  return value|
|x             |   in|   32|     ap_none|               x|        scalar|
|y             |   in|   32|     ap_none|               y|        scalar|
|r             |  out|   32|      ap_vld|               r|       pointer|
|r_ap_vld      |  out|    1|      ap_vld|               r|       pointer|
|theta         |  out|   32|      ap_vld|           theta|       pointer|
|theta_ap_vld  |  out|    1|      ap_vld|           theta|       pointer|
+--------------+-----+-----+------------+----------------+--------------+

