

================================================================
== Vitis HLS Report for 'dft'
================================================================
* Date:           Fri Nov  7 13:14:24 2025

* Version:        2024.2 (Build 5238294 on Nov  8 2024)
* Project:        dft.comp
* Solution:       hls (Vivado IP Flow Target)
* Product family: zynq
* Target device:  xc7z020-clg400-1


================================================================
== Performance Estimates
================================================================
+ Timing: 
    * Summary: 
    +--------+----------+----------+------------+
    |  Clock |  Target  | Estimated| Uncertainty|
    +--------+----------+----------+------------+
    |ap_clk  |  10.00 ns|  7.256 ns|     2.70 ns|
    +--------+----------+----------+------------+

+ Latency: 
    * Summary: 
    +---------+---------+----------+----------+--------+--------+-------------------------------------------------+
    |  Latency (cycles) |  Latency (absolute) |     Interval    |                     Pipeline                    |
    |   min   |   max   |    min   |    max   |   min  |   max  |                       Type                      |
    +---------+---------+----------+----------+--------+--------+-------------------------------------------------+
    |   131092|   131092|  1.311 ms|  1.311 ms|  131091|  131091|  loop auto-rewind stp (delay=19 clock cycles(s))|
    +---------+---------+----------+----------+--------+--------+-------------------------------------------------+

    + Detail: 
        * Instance: 
        N/A

        * Loop: 
        +-------------------------+---------+---------+----------+-----------+-----------+--------+----------+
        |                         |  Latency (cycles) | Iteration|  Initiation Interval  |  Trip  |          |
        |        Loop Name        |   min   |   max   |  Latency |  achieved |   target  |  Count | Pipelined|
        +-------------------------+---------+---------+----------+-----------+-----------+--------+----------+
        |- outer_loop_inner_loop  |   131090|   131090|        20|          1|          1|  131072|       yes|
        +-------------------------+---------+---------+----------+-----------+-----------+--------+----------+



================================================================
== Utilization Estimates
================================================================
* Summary: 
+-----------------+---------+-----+--------+-------+-----+
|       Name      | BRAM_18K| DSP |   FF   |  LUT  | URAM|
+-----------------+---------+-----+--------+-------+-----+
|DSP              |        -|    -|       -|      -|    -|
|Expression       |        -|    -|       0|    193|    -|
|FIFO             |        -|    -|       -|      -|    -|
|Instance         |        -|  160|   11136|  22815|    -|
|Memory           |       16|    -|       0|      0|    -|
|Multiplexer      |        -|    -|       0|     99|    -|
|Register         |        -|    -|    6343|   1312|    -|
+-----------------+---------+-----+--------+-------+-----+
|Total            |       16|  160|   17479|  24419|    0|
+-----------------+---------+-----+--------+-------+-----+
|Available        |      280|  220|  106400|  53200|    0|
+-----------------+---------+-----+--------+-------+-----+
|Utilization (%)  |        5|   72|      16|     45|    0|
+-----------------+---------+-----+--------+-------+-----+

+ Detail: 
    * Instance: 
    +------------------------------------+--------------------------------+---------+----+-----+-----+-----+
    |              Instance              |             Module             | BRAM_18K| DSP|  FF | LUT | URAM|
    +------------------------------------+--------------------------------+---------+----+-----+-----+-----+
    |fadd_32ns_32ns_32_5_full_dsp_1_U1   |fadd_32ns_32ns_32_5_full_dsp_1  |        0|   2|  205|  390|    0|
    |fadd_32ns_32ns_32_5_full_dsp_1_U2   |fadd_32ns_32ns_32_5_full_dsp_1  |        0|   2|  205|  390|    0|
    |fadd_32ns_32ns_32_5_full_dsp_1_U3   |fadd_32ns_32ns_32_5_full_dsp_1  |        0|   2|  205|  390|    0|
    |fadd_32ns_32ns_32_5_full_dsp_1_U4   |fadd_32ns_32ns_32_5_full_dsp_1  |        0|   2|  205|  390|    0|
    |fadd_32ns_32ns_32_5_full_dsp_1_U5   |fadd_32ns_32ns_32_5_full_dsp_1  |        0|   2|  205|  390|    0|
    |fadd_32ns_32ns_32_5_full_dsp_1_U6   |fadd_32ns_32ns_32_5_full_dsp_1  |        0|   2|  205|  390|    0|
    |fadd_32ns_32ns_32_5_full_dsp_1_U7   |fadd_32ns_32ns_32_5_full_dsp_1  |        0|   2|  205|  390|    0|
    |fadd_32ns_32ns_32_5_full_dsp_1_U8   |fadd_32ns_32ns_32_5_full_dsp_1  |        0|   2|  205|  390|    0|
    |fadd_32ns_32ns_32_5_full_dsp_1_U9   |fadd_32ns_32ns_32_5_full_dsp_1  |        0|   2|  205|  390|    0|
    |fadd_32ns_32ns_32_5_full_dsp_1_U10  |fadd_32ns_32ns_32_5_full_dsp_1  |        0|   2|  205|  390|    0|
    |fadd_32ns_32ns_32_5_full_dsp_1_U11  |fadd_32ns_32ns_32_5_full_dsp_1  |        0|   2|  205|  390|    0|
    |fadd_32ns_32ns_32_5_full_dsp_1_U12  |fadd_32ns_32ns_32_5_full_dsp_1  |        0|   2|  205|  390|    0|
    |fadd_32ns_32ns_32_5_full_dsp_1_U13  |fadd_32ns_32ns_32_5_full_dsp_1  |        0|   2|  205|  390|    0|
    |fadd_32ns_32ns_32_5_full_dsp_1_U14  |fadd_32ns_32ns_32_5_full_dsp_1  |        0|   2|  205|  390|    0|
    |fadd_32ns_32ns_32_5_full_dsp_1_U15  |fadd_32ns_32ns_32_5_full_dsp_1  |        0|   2|  205|  390|    0|
    |fadd_32ns_32ns_32_5_full_dsp_1_U16  |fadd_32ns_32ns_32_5_full_dsp_1  |        0|   2|  205|  390|    0|
    |fadd_32ns_32ns_32_5_full_dsp_1_U17  |fadd_32ns_32ns_32_5_full_dsp_1  |        0|   2|  205|  390|    0|
    |fadd_32ns_32ns_32_5_full_dsp_1_U18  |fadd_32ns_32ns_32_5_full_dsp_1  |        0|   2|  205|  390|    0|
    |fadd_32ns_32ns_32_5_full_dsp_1_U19  |fadd_32ns_32ns_32_5_full_dsp_1  |        0|   2|  205|  390|    0|
    |fadd_32ns_32ns_32_5_full_dsp_1_U20  |fadd_32ns_32ns_32_5_full_dsp_1  |        0|   2|  205|  390|    0|
    |fadd_32ns_32ns_32_5_full_dsp_1_U21  |fadd_32ns_32ns_32_5_full_dsp_1  |        0|   2|  205|  390|    0|
    |fadd_32ns_32ns_32_5_full_dsp_1_U22  |fadd_32ns_32ns_32_5_full_dsp_1  |        0|   2|  205|  390|    0|
    |fadd_32ns_32ns_32_5_full_dsp_1_U23  |fadd_32ns_32ns_32_5_full_dsp_1  |        0|   2|  205|  390|    0|
    |fadd_32ns_32ns_32_5_full_dsp_1_U24  |fadd_32ns_32ns_32_5_full_dsp_1  |        0|   2|  205|  390|    0|
    |fadd_32ns_32ns_32_5_full_dsp_1_U25  |fadd_32ns_32ns_32_5_full_dsp_1  |        0|   2|  205|  390|    0|
    |fadd_32ns_32ns_32_5_full_dsp_1_U26  |fadd_32ns_32ns_32_5_full_dsp_1  |        0|   2|  205|  390|    0|
    |fadd_32ns_32ns_32_5_full_dsp_1_U27  |fadd_32ns_32ns_32_5_full_dsp_1  |        0|   2|  205|  390|    0|
    |fadd_32ns_32ns_32_5_full_dsp_1_U28  |fadd_32ns_32ns_32_5_full_dsp_1  |        0|   2|  205|  390|    0|
    |fadd_32ns_32ns_32_5_full_dsp_1_U29  |fadd_32ns_32ns_32_5_full_dsp_1  |        0|   2|  205|  390|    0|
    |fadd_32ns_32ns_32_5_full_dsp_1_U30  |fadd_32ns_32ns_32_5_full_dsp_1  |        0|   2|  205|  390|    0|
    |fadd_32ns_32ns_32_5_full_dsp_1_U31  |fadd_32ns_32ns_32_5_full_dsp_1  |        0|   2|  205|  390|    0|
    |fadd_32ns_32ns_32_5_full_dsp_1_U32  |fadd_32ns_32ns_32_5_full_dsp_1  |        0|   2|  205|  390|    0|
    |fmul_32ns_32ns_32_4_max_dsp_1_U33   |fmul_32ns_32ns_32_4_max_dsp_1   |        0|   3|  143|  321|    0|
    |fmul_32ns_32ns_32_4_max_dsp_1_U34   |fmul_32ns_32ns_32_4_max_dsp_1   |        0|   3|  143|  321|    0|
    |fmul_32ns_32ns_32_4_max_dsp_1_U35   |fmul_32ns_32ns_32_4_max_dsp_1   |        0|   3|  143|  321|    0|
    |fmul_32ns_32ns_32_4_max_dsp_1_U36   |fmul_32ns_32ns_32_4_max_dsp_1   |        0|   3|  143|  321|    0|
    |fmul_32ns_32ns_32_4_max_dsp_1_U37   |fmul_32ns_32ns_32_4_max_dsp_1   |        0|   3|  143|  321|    0|
    |fmul_32ns_32ns_32_4_max_dsp_1_U38   |fmul_32ns_32ns_32_4_max_dsp_1   |        0|   3|  143|  321|    0|
    |fmul_32ns_32ns_32_4_max_dsp_1_U39   |fmul_32ns_32ns_32_4_max_dsp_1   |        0|   3|  143|  321|    0|
    |fmul_32ns_32ns_32_4_max_dsp_1_U40   |fmul_32ns_32ns_32_4_max_dsp_1   |        0|   3|  143|  321|    0|
    |fmul_32ns_32ns_32_4_max_dsp_1_U41   |fmul_32ns_32ns_32_4_max_dsp_1   |        0|   3|  143|  321|    0|
    |fmul_32ns_32ns_32_4_max_dsp_1_U42   |fmul_32ns_32ns_32_4_max_dsp_1   |        0|   3|  143|  321|    0|
    |fmul_32ns_32ns_32_4_max_dsp_1_U43   |fmul_32ns_32ns_32_4_max_dsp_1   |        0|   3|  143|  321|    0|
    |fmul_32ns_32ns_32_4_max_dsp_1_U44   |fmul_32ns_32ns_32_4_max_dsp_1   |        0|   3|  143|  321|    0|
    |fmul_32ns_32ns_32_4_max_dsp_1_U45   |fmul_32ns_32ns_32_4_max_dsp_1   |        0|   3|  143|  321|    0|
    |fmul_32ns_32ns_32_4_max_dsp_1_U46   |fmul_32ns_32ns_32_4_max_dsp_1   |        0|   3|  143|  321|    0|
    |fmul_32ns_32ns_32_4_max_dsp_1_U47   |fmul_32ns_32ns_32_4_max_dsp_1   |        0|   3|  143|  321|    0|
    |fmul_32ns_32ns_32_4_max_dsp_1_U48   |fmul_32ns_32ns_32_4_max_dsp_1   |        0|   3|  143|  321|    0|
    |fmul_32ns_32ns_32_4_max_dsp_1_U49   |fmul_32ns_32ns_32_4_max_dsp_1   |        0|   3|  143|  321|    0|
    |fmul_32ns_32ns_32_4_max_dsp_1_U50   |fmul_32ns_32ns_32_4_max_dsp_1   |        0|   3|  143|  321|    0|
    |fmul_32ns_32ns_32_4_max_dsp_1_U51   |fmul_32ns_32ns_32_4_max_dsp_1   |        0|   3|  143|  321|    0|
    |fmul_32ns_32ns_32_4_max_dsp_1_U52   |fmul_32ns_32ns_32_4_max_dsp_1   |        0|   3|  143|  321|    0|
    |fmul_32ns_32ns_32_4_max_dsp_1_U53   |fmul_32ns_32ns_32_4_max_dsp_1   |        0|   3|  143|  321|    0|
    |fmul_32ns_32ns_32_4_max_dsp_1_U54   |fmul_32ns_32ns_32_4_max_dsp_1   |        0|   3|  143|  321|    0|
    |fmul_32ns_32ns_32_4_max_dsp_1_U55   |fmul_32ns_32ns_32_4_max_dsp_1   |        0|   3|  143|  321|    0|
    |fmul_32ns_32ns_32_4_max_dsp_1_U56   |fmul_32ns_32ns_32_4_max_dsp_1   |        0|   3|  143|  321|    0|
    |fmul_32ns_32ns_32_4_max_dsp_1_U57   |fmul_32ns_32ns_32_4_max_dsp_1   |        0|   3|  143|  321|    0|
    |fmul_32ns_32ns_32_4_max_dsp_1_U58   |fmul_32ns_32ns_32_4_max_dsp_1   |        0|   3|  143|  321|    0|
    |fmul_32ns_32ns_32_4_max_dsp_1_U59   |fmul_32ns_32ns_32_4_max_dsp_1   |        0|   3|  143|  321|    0|
    |fmul_32ns_32ns_32_4_max_dsp_1_U60   |fmul_32ns_32ns_32_4_max_dsp_1   |        0|   3|  143|  321|    0|
    |fmul_32ns_32ns_32_4_max_dsp_1_U61   |fmul_32ns_32ns_32_4_max_dsp_1   |        0|   3|  143|  321|    0|
    |fmul_32ns_32ns_32_4_max_dsp_1_U62   |fmul_32ns_32ns_32_4_max_dsp_1   |        0|   3|  143|  321|    0|
    |fmul_32ns_32ns_32_4_max_dsp_1_U63   |fmul_32ns_32ns_32_4_max_dsp_1   |        0|   3|  143|  321|    0|
    |fmul_32ns_32ns_32_4_max_dsp_1_U64   |fmul_32ns_32ns_32_4_max_dsp_1   |        0|   3|  143|  321|    0|
    |mul_10s_10s_10_1_1_U65              |mul_10s_10s_10_1_1              |        0|   0|    0|   63|    0|
    +------------------------------------+--------------------------------+---------+----+-----+-----+-----+
    |Total                               |                                |        0| 160|11136|22815|    0|
    +------------------------------------+--------------------------------+---------+----+-----+-----+-----+

    * DSP: 
    N/A

    * Memory: 
    +--------------------------+------------------------------------+---------+---+----+-----+------+-----+------+-------------+
    |          Memory          |               Module               | BRAM_18K| FF| LUT| URAM| Words| Bits| Banks| W*Bits*Banks|
    +--------------------------+------------------------------------+---------+---+----+-----+------+-----+------+-------------+
    |cos_coefficients_table_U  |cos_coefficients_table_ROM_AUTO_1R  |        8|  0|   0|    0|  1024|   32|     1|        32768|
    |sin_coefficients_table_U  |sin_coefficients_table_ROM_AUTO_1R  |        8|  0|   0|    0|  1024|   32|     1|        32768|
    +--------------------------+------------------------------------+---------+---+----+-----+------+-----+------+-------------+
    |Total                     |                                    |       16|  0|   0|    0|  2048|   64|     2|        65536|
    +--------------------------+------------------------------------+---------+---+----+-----+------+-----+------+-------------+

    * FIFO: 
    N/A

    * Expression: 
    +-----------------------+----------+----+---+----+------------+------------+
    |     Variable Name     | Operation| DSP| FF| LUT| Bitwidth P0| Bitwidth P1|
    +-----------------------+----------+----+---+----+------------+------------+
    |add_ln30_1_fu_972_p2   |         +|   0|  0|  24|          17|           1|
    |add_ln30_fu_992_p2     |         +|   0|  0|  12|          11|           1|
    |idx_1_fu_1029_p2       |         +|   0|  0|  13|          10|          10|
    |idx_2_fu_1039_p2       |         +|   0|  0|  13|          10|          10|
    |idx_3_fu_1050_p2       |         +|   0|  0|  13|          10|          10|
    |idx_4_fu_1060_p2       |         +|   0|  0|  13|          10|          10|
    |idx_5_fu_1070_p2       |         +|   0|  0|  13|          10|          10|
    |idx_6_fu_1099_p2       |         +|   0|  0|  13|          10|          10|
    |idx_7_fu_1109_p2       |         +|   0|  0|  13|          10|          10|
    |k_fu_966_p2            |         +|   0|  0|  12|          11|           4|
    |ap_condition_2490      |       and|   0|  0|   2|           1|           1|
    |ap_condition_717       |       and|   0|  0|   2|           1|           1|
    |icmp_ln30_fu_998_p2    |      icmp|   0|  0|  24|          17|           2|
    |n_fu_908_p3            |    select|   0|  0|  11|           1|          11|
    |select_ln30_fu_900_p3  |    select|   0|  0|  11|           1|          11|
    |ap_enable_pp0          |       xor|   0|  0|   2|           1|           2|
    |xor_ln36_fu_986_p2     |       xor|   0|  0|   2|           1|           2|
    +-----------------------+----------+----+---+----+------------+------------+
    |Total                  |          |   0|  0| 193|         132|         106|
    +-----------------------+----------+----+---+----+------------+------------+

    * Multiplexer: 
    +---------------------------------------+----+-----------+-----+-----------+
    |                  Name                 | LUT| Input Size| Bits| Total Bits|
    +---------------------------------------+----+-----------+-----+-----------+
    |add_ln306_fu_106                       |   9|          2|   11|         22|
    |ap_done_int                            |   9|          2|    1|          2|
    |ap_loop_exit_ready_pp0_iter19_reg      |   9|          2|    1|          2|
    |ap_phi_mux_icmp_ln365_phi_fu_605_p4    |   9|          2|    1|          2|
    |ap_sig_allocacmp_add_ln306_load        |   9|          2|   11|         22|
    |ap_sig_allocacmp_indvar_flatten2_load  |   9|          2|   17|         34|
    |ap_sig_allocacmp_k4_load               |   9|          2|   11|         22|
    |ap_sig_allocacmp_n3_load               |   9|          2|   11|         22|
    |indvar_flatten2_fu_94                  |   9|          2|   17|         34|
    |k4_fu_102                              |   9|          2|   11|         22|
    |n3_fu_98                               |   9|          2|   11|         22|
    +---------------------------------------+----+-----------+-----+-----------+
    |Total                                  |  99|         22|  103|        206|
    +---------------------------------------+----+-----------+-----+-----------+

    * Register: 
    +---------------------------------------------------+----+----+-----+-----------+
    |                        Name                       | FF | LUT| Bits| Const Bits|
    +---------------------------------------------------+----+----+-----+-----------+
    |add15_1_reg_2055                                   |  32|   0|   32|          0|
    |add15_2_reg_2065                                   |  32|   0|   32|          0|
    |add15_3_reg_2075                                   |  32|   0|   32|          0|
    |add15_3_reg_2075_pp0_iter18_reg                    |  32|   0|   32|          0|
    |add15_4_reg_2085                                   |  32|   0|   32|          0|
    |add15_4_reg_2085_pp0_iter18_reg                    |  32|   0|   32|          0|
    |add15_5_reg_2095                                   |  32|   0|   32|          0|
    |add15_5_reg_2095_pp0_iter18_reg                    |  32|   0|   32|          0|
    |add15_6_reg_2105                                   |  32|   0|   32|          0|
    |add15_7_reg_2115                                   |  32|   0|   32|          0|
    |add1_reg_2045                                      |  32|   0|   32|          0|
    |add22_1_reg_1900                                   |  32|   0|   32|          0|
    |add22_2_reg_1910                                   |  32|   0|   32|          0|
    |add22_3_reg_1950                                   |  32|   0|   32|          0|
    |add22_4_reg_1960                                   |  32|   0|   32|          0|
    |add22_5_reg_1970                                   |  32|   0|   32|          0|
    |add22_6_reg_2010                                   |  32|   0|   32|          0|
    |add22_7_reg_2020                                   |  32|   0|   32|          0|
    |add25_1_reg_2060                                   |  32|   0|   32|          0|
    |add25_2_reg_2070                                   |  32|   0|   32|          0|
    |add25_3_reg_2080                                   |  32|   0|   32|          0|
    |add25_3_reg_2080_pp0_iter18_reg                    |  32|   0|   32|          0|
    |add25_4_reg_2090                                   |  32|   0|   32|          0|
    |add25_4_reg_2090_pp0_iter18_reg                    |  32|   0|   32|          0|
    |add25_5_reg_2100                                   |  32|   0|   32|          0|
    |add25_5_reg_2100_pp0_iter18_reg                    |  32|   0|   32|          0|
    |add25_6_reg_2110                                   |  32|   0|   32|          0|
    |add25_7_reg_2120                                   |  32|   0|   32|          0|
    |add2_reg_1890                                      |  32|   0|   32|          0|
    |add3_reg_2050                                      |  32|   0|   32|          0|
    |add_1_reg_1895                                     |  32|   0|   32|          0|
    |add_2_reg_1905                                     |  32|   0|   32|          0|
    |add_3_reg_1945                                     |  32|   0|   32|          0|
    |add_4_reg_1955                                     |  32|   0|   32|          0|
    |add_5_reg_1965                                     |  32|   0|   32|          0|
    |add_6_reg_2005                                     |  32|   0|   32|          0|
    |add_7_reg_2015                                     |  32|   0|   32|          0|
    |add_ln306_fu_106                                   |  11|   0|   11|          0|
    |add_reg_1885                                       |  32|   0|   32|          0|
    |ap_CS_fsm                                          |   1|   0|    1|          0|
    |ap_condition_exit_pp0_iter0_stage0_pp0_iter10_reg  |   1|   0|    1|          0|
    |ap_condition_exit_pp0_iter0_stage0_pp0_iter11_reg  |   1|   0|    1|          0|
    |ap_condition_exit_pp0_iter0_stage0_pp0_iter12_reg  |   1|   0|    1|          0|
    |ap_condition_exit_pp0_iter0_stage0_pp0_iter13_reg  |   1|   0|    1|          0|
    |ap_condition_exit_pp0_iter0_stage0_pp0_iter14_reg  |   1|   0|    1|          0|
    |ap_condition_exit_pp0_iter0_stage0_pp0_iter15_reg  |   1|   0|    1|          0|
    |ap_condition_exit_pp0_iter0_stage0_pp0_iter16_reg  |   1|   0|    1|          0|
    |ap_condition_exit_pp0_iter0_stage0_pp0_iter17_reg  |   1|   0|    1|          0|
    |ap_condition_exit_pp0_iter0_stage0_pp0_iter18_reg  |   1|   0|    1|          0|
    |ap_condition_exit_pp0_iter0_stage0_pp0_iter19_reg  |   1|   0|    1|          0|
    |ap_condition_exit_pp0_iter0_stage0_pp0_iter1_reg   |   1|   0|    1|          0|
    |ap_condition_exit_pp0_iter0_stage0_pp0_iter2_reg   |   1|   0|    1|          0|
    |ap_condition_exit_pp0_iter0_stage0_pp0_iter3_reg   |   1|   0|    1|          0|
    |ap_condition_exit_pp0_iter0_stage0_pp0_iter4_reg   |   1|   0|    1|          0|
    |ap_condition_exit_pp0_iter0_stage0_pp0_iter5_reg   |   1|   0|    1|          0|
    |ap_condition_exit_pp0_iter0_stage0_pp0_iter6_reg   |   1|   0|    1|          0|
    |ap_condition_exit_pp0_iter0_stage0_pp0_iter7_reg   |   1|   0|    1|          0|
    |ap_condition_exit_pp0_iter0_stage0_pp0_iter8_reg   |   1|   0|    1|          0|
    |ap_condition_exit_pp0_iter0_stage0_pp0_iter9_reg   |   1|   0|    1|          0|
    |ap_done_reg                                        |   1|   0|    1|          0|
    |ap_enable_reg_pp0_iter1                            |   1|   0|    1|          0|
    |ap_enable_reg_pp0_iter10                           |   1|   0|    1|          0|
    |ap_enable_reg_pp0_iter11                           |   1|   0|    1|          0|
    |ap_enable_reg_pp0_iter12                           |   1|   0|    1|          0|
    |ap_enable_reg_pp0_iter13                           |   1|   0|    1|          0|
    |ap_enable_reg_pp0_iter14                           |   1|   0|    1|          0|
    |ap_enable_reg_pp0_iter15                           |   1|   0|    1|          0|
    |ap_enable_reg_pp0_iter16                           |   1|   0|    1|          0|
    |ap_enable_reg_pp0_iter17                           |   1|   0|    1|          0|
    |ap_enable_reg_pp0_iter18                           |   1|   0|    1|          0|
    |ap_enable_reg_pp0_iter19                           |   1|   0|    1|          0|
    |ap_enable_reg_pp0_iter2                            |   1|   0|    1|          0|
    |ap_enable_reg_pp0_iter3                            |   1|   0|    1|          0|
    |ap_enable_reg_pp0_iter4                            |   1|   0|    1|          0|
    |ap_enable_reg_pp0_iter5                            |   1|   0|    1|          0|
    |ap_enable_reg_pp0_iter6                            |   1|   0|    1|          0|
    |ap_enable_reg_pp0_iter7                            |   1|   0|    1|          0|
    |ap_enable_reg_pp0_iter8                            |   1|   0|    1|          0|
    |ap_enable_reg_pp0_iter9                            |   1|   0|    1|          0|
    |ap_loop_exit_ready_pp0_iter10_reg                  |   1|   0|    1|          0|
    |ap_loop_exit_ready_pp0_iter11_reg                  |   1|   0|    1|          0|
    |ap_loop_exit_ready_pp0_iter12_reg                  |   1|   0|    1|          0|
    |ap_loop_exit_ready_pp0_iter13_reg                  |   1|   0|    1|          0|
    |ap_loop_exit_ready_pp0_iter14_reg                  |   1|   0|    1|          0|
    |ap_loop_exit_ready_pp0_iter15_reg                  |   1|   0|    1|          0|
    |ap_loop_exit_ready_pp0_iter16_reg                  |   1|   0|    1|          0|
    |ap_loop_exit_ready_pp0_iter17_reg                  |   1|   0|    1|          0|
    |ap_loop_exit_ready_pp0_iter18_reg                  |   1|   0|    1|          0|
    |ap_loop_exit_ready_pp0_iter19_reg                  |   1|   0|    1|          0|
    |ap_loop_exit_ready_pp0_iter1_reg                   |   1|   0|    1|          0|
    |ap_loop_exit_ready_pp0_iter2_reg                   |   1|   0|    1|          0|
    |ap_loop_exit_ready_pp0_iter3_reg                   |   1|   0|    1|          0|
    |ap_loop_exit_ready_pp0_iter4_reg                   |   1|   0|    1|          0|
    |ap_loop_exit_ready_pp0_iter5_reg                   |   1|   0|    1|          0|
    |ap_loop_exit_ready_pp0_iter6_reg                   |   1|   0|    1|          0|
    |ap_loop_exit_ready_pp0_iter7_reg                   |   1|   0|    1|          0|
    |ap_loop_exit_ready_pp0_iter8_reg                   |   1|   0|    1|          0|
    |ap_loop_exit_ready_pp0_iter9_reg                   |   1|   0|    1|          0|
    |cos_coefficients_table_load_1_reg_1546             |  32|   0|   32|          0|
    |cos_coefficients_table_load_2_reg_1558             |  32|   0|   32|          0|
    |cos_coefficients_table_load_3_reg_1645             |  32|   0|   32|          0|
    |cos_coefficients_table_load_4_reg_1657             |  32|   0|   32|          0|
    |cos_coefficients_table_load_5_reg_1669             |  32|   0|   32|          0|
    |cos_coefficients_table_load_6_reg_1701             |  32|   0|   32|          0|
    |cos_coefficients_table_load_7_reg_1713             |  32|   0|   32|          0|
    |cos_coefficients_table_load_reg_1534               |  32|   0|   32|          0|
    |icmp_ln30_reg_1404                                 |   1|   0|    1|          0|
    |idx_3_reg_1478                                     |  10|   0|   10|          0|
    |idx_5_reg_1590                                     |  10|   0|   10|          0|
    |idx_reg_1297                                       |  10|   0|   10|          0|
    |imag_op_0_addr_reg_1309                            |   7|   0|    7|          0|
    |imag_op_0_load_reg_1433                            |  32|   0|   32|          0|
    |imag_op_1_addr_reg_1321                            |   7|   0|    7|          0|
    |imag_op_1_load_reg_1453                            |  32|   0|   32|          0|
    |imag_op_2_addr_reg_1333                            |   7|   0|    7|          0|
    |imag_op_2_load_reg_1473                            |  32|   0|   32|          0|
    |imag_op_3_addr_reg_1345                            |   7|   0|    7|          0|
    |imag_op_3_load_reg_1489                            |  32|   0|   32|          0|
    |imag_op_4_addr_reg_1357                            |   7|   0|    7|          0|
    |imag_op_4_load_reg_1499                            |  32|   0|   32|          0|
    |imag_op_5_addr_reg_1369                            |   7|   0|    7|          0|
    |imag_op_5_load_reg_1509                            |  32|   0|   32|          0|
    |imag_op_6_addr_reg_1381                            |   7|   0|    7|          0|
    |imag_op_6_load_reg_1519                            |  32|   0|   32|          0|
    |imag_op_7_addr_reg_1393                            |   7|   0|    7|          0|
    |imag_op_7_load_reg_1529                            |  32|   0|   32|          0|
    |imag_reg_1625                                      |  32|   0|   32|          0|
    |imag_sample_load_reg_1413                          |  32|   0|   32|          0|
    |imag_sample_load_reg_1413_pp0_iter2_reg            |  32|   0|   32|          0|
    |indvar_flatten2_fu_94                              |  17|   0|   17|          0|
    |k4_fu_102                                          |  11|   0|   11|          0|
    |mul12_1_reg_1750                                   |  32|   0|   32|          0|
    |mul12_2_reg_1770                                   |  32|   0|   32|          0|
    |mul12_3_reg_1790                                   |  32|   0|   32|          0|
    |mul12_4_reg_1810                                   |  32|   0|   32|          0|
    |mul12_5_reg_1830                                   |  32|   0|   32|          0|
    |mul12_6_reg_1850                                   |  32|   0|   32|          0|
    |mul12_7_reg_1870                                   |  32|   0|   32|          0|
    |mul18_1_reg_1755                                   |  32|   0|   32|          0|
    |mul18_2_reg_1775                                   |  32|   0|   32|          0|
    |mul18_3_reg_1795                                   |  32|   0|   32|          0|
    |mul18_4_reg_1815                                   |  32|   0|   32|          0|
    |mul18_5_reg_1835                                   |  32|   0|   32|          0|
    |mul18_6_reg_1855                                   |  32|   0|   32|          0|
    |mul18_7_reg_1875                                   |  32|   0|   32|          0|
    |mul1_reg_1735                                      |  32|   0|   32|          0|
    |mul21_1_reg_1760                                   |  32|   0|   32|          0|
    |mul21_2_reg_1780                                   |  32|   0|   32|          0|
    |mul21_3_reg_1800                                   |  32|   0|   32|          0|
    |mul21_4_reg_1820                                   |  32|   0|   32|          0|
    |mul21_5_reg_1840                                   |  32|   0|   32|          0|
    |mul21_6_reg_1860                                   |  32|   0|   32|          0|
    |mul21_7_reg_1880                                   |  32|   0|   32|          0|
    |mul2_reg_1740                                      |  32|   0|   32|          0|
    |mul9_1_reg_1745                                    |  32|   0|   32|          0|
    |mul9_2_reg_1765                                    |  32|   0|   32|          0|
    |mul9_3_reg_1785                                    |  32|   0|   32|          0|
    |mul9_4_reg_1805                                    |  32|   0|   32|          0|
    |mul9_5_reg_1825                                    |  32|   0|   32|          0|
    |mul9_6_reg_1845                                    |  32|   0|   32|          0|
    |mul9_7_reg_1865                                    |  32|   0|   32|          0|
    |mul9_reg_1725                                      |  32|   0|   32|          0|
    |mul_reg_1730                                       |  32|   0|   32|          0|
    |n3_fu_98                                           |  11|   0|   11|          0|
    |real_op_0_addr_reg_1303                            |   7|   0|    7|          0|
    |real_op_0_load_reg_1428                            |  32|   0|   32|          0|
    |real_op_1_addr_reg_1315                            |   7|   0|    7|          0|
    |real_op_1_load_reg_1448                            |  32|   0|   32|          0|
    |real_op_2_addr_reg_1327                            |   7|   0|    7|          0|
    |real_op_2_load_reg_1468                            |  32|   0|   32|          0|
    |real_op_3_addr_reg_1339                            |   7|   0|    7|          0|
    |real_op_3_load_reg_1484                            |  32|   0|   32|          0|
    |real_op_4_addr_reg_1351                            |   7|   0|    7|          0|
    |real_op_4_load_reg_1494                            |  32|   0|   32|          0|
    |real_op_5_addr_reg_1363                            |   7|   0|    7|          0|
    |real_op_5_load_reg_1504                            |  32|   0|   32|          0|
    |real_op_6_addr_reg_1375                            |   7|   0|    7|          0|
    |real_op_6_load_reg_1514                            |  32|   0|   32|          0|
    |real_op_7_addr_reg_1387                            |   7|   0|    7|          0|
    |real_op_7_load_reg_1524                            |  32|   0|   32|          0|
    |real_reg_1605                                      |  32|   0|   32|          0|
    |real_sample_load_reg_1408                          |  32|   0|   32|          0|
    |real_sample_load_reg_1408_pp0_iter2_reg            |  32|   0|   32|          0|
    |sin_coefficients_table_load_1_reg_1552             |  32|   0|   32|          0|
    |sin_coefficients_table_load_2_reg_1564             |  32|   0|   32|          0|
    |sin_coefficients_table_load_3_reg_1651             |  32|   0|   32|          0|
    |sin_coefficients_table_load_4_reg_1663             |  32|   0|   32|          0|
    |sin_coefficients_table_load_5_reg_1675             |  32|   0|   32|          0|
    |sin_coefficients_table_load_6_reg_1707             |  32|   0|   32|          0|
    |sin_coefficients_table_load_7_reg_1719             |  32|   0|   32|          0|
    |sin_coefficients_table_load_reg_1540               |  32|   0|   32|          0|
    |trunc_ln40_reg_1276                                |  10|   0|   10|          0|
    |xor_ln36_reg_1399                                  |   1|   0|    1|          0|
    |add15_1_reg_2055                                   |  64|  32|   32|          0|
    |add15_2_reg_2065                                   |  64|  32|   32|          0|
    |add1_reg_2045                                      |  64|  32|   32|          0|
    |add25_1_reg_2060                                   |  64|  32|   32|          0|
    |add25_2_reg_2070                                   |  64|  32|   32|          0|
    |add3_reg_2050                                      |  64|  32|   32|          0|
    |imag_op_0_addr_reg_1309                            |  64|  32|    7|          0|
    |imag_op_0_load_reg_1433                            |  64|  32|   32|          0|
    |imag_op_1_addr_reg_1321                            |  64|  32|    7|          0|
    |imag_op_1_load_reg_1453                            |  64|  32|   32|          0|
    |imag_op_2_addr_reg_1333                            |  64|  32|    7|          0|
    |imag_op_2_load_reg_1473                            |  64|  32|   32|          0|
    |imag_op_3_addr_reg_1345                            |  64|  32|    7|          0|
    |imag_op_3_load_reg_1489                            |  64|  32|   32|          0|
    |imag_op_4_addr_reg_1357                            |  64|  32|    7|          0|
    |imag_op_4_load_reg_1499                            |  64|  32|   32|          0|
    |imag_op_5_addr_reg_1369                            |  64|  32|    7|          0|
    |imag_op_5_load_reg_1509                            |  64|  32|   32|          0|
    |imag_op_6_addr_reg_1381                            |  64|  32|    7|          0|
    |imag_op_6_load_reg_1519                            |  64|  32|   32|          0|
    |imag_op_7_addr_reg_1393                            |  64|  32|    7|          0|
    |imag_op_7_load_reg_1529                            |  64|  32|   32|          0|
    |imag_reg_1625                                      |  64|  32|   32|          0|
    |real_op_0_addr_reg_1303                            |  64|  32|    7|          0|
    |real_op_0_load_reg_1428                            |  64|  32|   32|          0|
    |real_op_1_addr_reg_1315                            |  64|  32|    7|          0|
    |real_op_1_load_reg_1448                            |  64|  32|   32|          0|
    |real_op_2_addr_reg_1327                            |  64|  32|    7|          0|
    |real_op_2_load_reg_1468                            |  64|  32|   32|          0|
    |real_op_3_addr_reg_1339                            |  64|  32|    7|          0|
    |real_op_3_load_reg_1484                            |  64|  32|   32|          0|
    |real_op_4_addr_reg_1351                            |  64|  32|    7|          0|
    |real_op_4_load_reg_1494                            |  64|  32|   32|          0|
    |real_op_5_addr_reg_1363                            |  64|  32|    7|          0|
    |real_op_5_load_reg_1504                            |  64|  32|   32|          0|
    |real_op_6_addr_reg_1375                            |  64|  32|    7|          0|
    |real_op_6_load_reg_1514                            |  64|  32|   32|          0|
    |real_op_7_addr_reg_1387                            |  64|  32|    7|          0|
    |real_op_7_load_reg_1524                            |  64|  32|   32|          0|
    |real_reg_1605                                      |  64|  32|   32|          0|
    |trunc_ln40_reg_1276                                |  64|  32|   10|          0|
    +---------------------------------------------------+----+----+-----+-----------+
    |Total                                              |6343|1312| 4609|          0|
    +---------------------------------------------------+----+----+-----+-----------+



================================================================
== Interface
================================================================
* Summary: 
+----------------------+-----+-----+------------+--------------+--------------+
|       RTL Ports      | Dir | Bits|  Protocol  | Source Object|    C Type    |
+----------------------+-----+-----+------------+--------------+--------------+
|ap_clk                |   in|    1|  ap_ctrl_hs|           dft|  return value|
|ap_rst                |   in|    1|  ap_ctrl_hs|           dft|  return value|
|ap_start              |   in|    1|  ap_ctrl_hs|           dft|  return value|
|ap_done               |  out|    1|  ap_ctrl_hs|           dft|  return value|
|ap_idle               |  out|    1|  ap_ctrl_hs|           dft|  return value|
|ap_ready              |  out|    1|  ap_ctrl_hs|           dft|  return value|
|real_sample_address0  |  out|   10|   ap_memory|   real_sample|         array|
|real_sample_ce0       |  out|    1|   ap_memory|   real_sample|         array|
|real_sample_q0        |   in|   32|   ap_memory|   real_sample|         array|
|imag_sample_address0  |  out|   10|   ap_memory|   imag_sample|         array|
|imag_sample_ce0       |  out|    1|   ap_memory|   imag_sample|         array|
|imag_sample_q0        |   in|   32|   ap_memory|   imag_sample|         array|
|real_op_0_address0    |  out|    7|   ap_memory|     real_op_0|         array|
|real_op_0_ce0         |  out|    1|   ap_memory|     real_op_0|         array|
|real_op_0_we0         |  out|    1|   ap_memory|     real_op_0|         array|
|real_op_0_d0          |  out|   32|   ap_memory|     real_op_0|         array|
|real_op_0_address1    |  out|    7|   ap_memory|     real_op_0|         array|
|real_op_0_ce1         |  out|    1|   ap_memory|     real_op_0|         array|
|real_op_0_q1          |   in|   32|   ap_memory|     real_op_0|         array|
|real_op_1_address0    |  out|    7|   ap_memory|     real_op_1|         array|
|real_op_1_ce0         |  out|    1|   ap_memory|     real_op_1|         array|
|real_op_1_we0         |  out|    1|   ap_memory|     real_op_1|         array|
|real_op_1_d0          |  out|   32|   ap_memory|     real_op_1|         array|
|real_op_1_address1    |  out|    7|   ap_memory|     real_op_1|         array|
|real_op_1_ce1         |  out|    1|   ap_memory|     real_op_1|         array|
|real_op_1_q1          |   in|   32|   ap_memory|     real_op_1|         array|
|real_op_2_address0    |  out|    7|   ap_memory|     real_op_2|         array|
|real_op_2_ce0         |  out|    1|   ap_memory|     real_op_2|         array|
|real_op_2_we0         |  out|    1|   ap_memory|     real_op_2|         array|
|real_op_2_d0          |  out|   32|   ap_memory|     real_op_2|         array|
|real_op_2_address1    |  out|    7|   ap_memory|     real_op_2|         array|
|real_op_2_ce1         |  out|    1|   ap_memory|     real_op_2|         array|
|real_op_2_q1          |   in|   32|   ap_memory|     real_op_2|         array|
|real_op_3_address0    |  out|    7|   ap_memory|     real_op_3|         array|
|real_op_3_ce0         |  out|    1|   ap_memory|     real_op_3|         array|
|real_op_3_we0         |  out|    1|   ap_memory|     real_op_3|         array|
|real_op_3_d0          |  out|   32|   ap_memory|     real_op_3|         array|
|real_op_3_address1    |  out|    7|   ap_memory|     real_op_3|         array|
|real_op_3_ce1         |  out|    1|   ap_memory|     real_op_3|         array|
|real_op_3_q1          |   in|   32|   ap_memory|     real_op_3|         array|
|real_op_4_address0    |  out|    7|   ap_memory|     real_op_4|         array|
|real_op_4_ce0         |  out|    1|   ap_memory|     real_op_4|         array|
|real_op_4_we0         |  out|    1|   ap_memory|     real_op_4|         array|
|real_op_4_d0          |  out|   32|   ap_memory|     real_op_4|         array|
|real_op_4_address1    |  out|    7|   ap_memory|     real_op_4|         array|
|real_op_4_ce1         |  out|    1|   ap_memory|     real_op_4|         array|
|real_op_4_q1          |   in|   32|   ap_memory|     real_op_4|         array|
|real_op_5_address0    |  out|    7|   ap_memory|     real_op_5|         array|
|real_op_5_ce0         |  out|    1|   ap_memory|     real_op_5|         array|
|real_op_5_we0         |  out|    1|   ap_memory|     real_op_5|         array|
|real_op_5_d0          |  out|   32|   ap_memory|     real_op_5|         array|
|real_op_5_address1    |  out|    7|   ap_memory|     real_op_5|         array|
|real_op_5_ce1         |  out|    1|   ap_memory|     real_op_5|         array|
|real_op_5_q1          |   in|   32|   ap_memory|     real_op_5|         array|
|real_op_6_address0    |  out|    7|   ap_memory|     real_op_6|         array|
|real_op_6_ce0         |  out|    1|   ap_memory|     real_op_6|         array|
|real_op_6_we0         |  out|    1|   ap_memory|     real_op_6|         array|
|real_op_6_d0          |  out|   32|   ap_memory|     real_op_6|         array|
|real_op_6_address1    |  out|    7|   ap_memory|     real_op_6|         array|
|real_op_6_ce1         |  out|    1|   ap_memory|     real_op_6|         array|
|real_op_6_q1          |   in|   32|   ap_memory|     real_op_6|         array|
|real_op_7_address0    |  out|    7|   ap_memory|     real_op_7|         array|
|real_op_7_ce0         |  out|    1|   ap_memory|     real_op_7|         array|
|real_op_7_we0         |  out|    1|   ap_memory|     real_op_7|         array|
|real_op_7_d0          |  out|   32|   ap_memory|     real_op_7|         array|
|real_op_7_address1    |  out|    7|   ap_memory|     real_op_7|         array|
|real_op_7_ce1         |  out|    1|   ap_memory|     real_op_7|         array|
|real_op_7_q1          |   in|   32|   ap_memory|     real_op_7|         array|
|imag_op_0_address0    |  out|    7|   ap_memory|     imag_op_0|         array|
|imag_op_0_ce0         |  out|    1|   ap_memory|     imag_op_0|         array|
|imag_op_0_we0         |  out|    1|   ap_memory|     imag_op_0|         array|
|imag_op_0_d0          |  out|   32|   ap_memory|     imag_op_0|         array|
|imag_op_0_address1    |  out|    7|   ap_memory|     imag_op_0|         array|
|imag_op_0_ce1         |  out|    1|   ap_memory|     imag_op_0|         array|
|imag_op_0_q1          |   in|   32|   ap_memory|     imag_op_0|         array|
|imag_op_1_address0    |  out|    7|   ap_memory|     imag_op_1|         array|
|imag_op_1_ce0         |  out|    1|   ap_memory|     imag_op_1|         array|
|imag_op_1_we0         |  out|    1|   ap_memory|     imag_op_1|         array|
|imag_op_1_d0          |  out|   32|   ap_memory|     imag_op_1|         array|
|imag_op_1_address1    |  out|    7|   ap_memory|     imag_op_1|         array|
|imag_op_1_ce1         |  out|    1|   ap_memory|     imag_op_1|         array|
|imag_op_1_q1          |   in|   32|   ap_memory|     imag_op_1|         array|
|imag_op_2_address0    |  out|    7|   ap_memory|     imag_op_2|         array|
|imag_op_2_ce0         |  out|    1|   ap_memory|     imag_op_2|         array|
|imag_op_2_we0         |  out|    1|   ap_memory|     imag_op_2|         array|
|imag_op_2_d0          |  out|   32|   ap_memory|     imag_op_2|         array|
|imag_op_2_address1    |  out|    7|   ap_memory|     imag_op_2|         array|
|imag_op_2_ce1         |  out|    1|   ap_memory|     imag_op_2|         array|
|imag_op_2_q1          |   in|   32|   ap_memory|     imag_op_2|         array|
|imag_op_3_address0    |  out|    7|   ap_memory|     imag_op_3|         array|
|imag_op_3_ce0         |  out|    1|   ap_memory|     imag_op_3|         array|
|imag_op_3_we0         |  out|    1|   ap_memory|     imag_op_3|         array|
|imag_op_3_d0          |  out|   32|   ap_memory|     imag_op_3|         array|
|imag_op_3_address1    |  out|    7|   ap_memory|     imag_op_3|         array|
|imag_op_3_ce1         |  out|    1|   ap_memory|     imag_op_3|         array|
|imag_op_3_q1          |   in|   32|   ap_memory|     imag_op_3|         array|
|imag_op_4_address0    |  out|    7|   ap_memory|     imag_op_4|         array|
|imag_op_4_ce0         |  out|    1|   ap_memory|     imag_op_4|         array|
|imag_op_4_we0         |  out|    1|   ap_memory|     imag_op_4|         array|
|imag_op_4_d0          |  out|   32|   ap_memory|     imag_op_4|         array|
|imag_op_4_address1    |  out|    7|   ap_memory|     imag_op_4|         array|
|imag_op_4_ce1         |  out|    1|   ap_memory|     imag_op_4|         array|
|imag_op_4_q1          |   in|   32|   ap_memory|     imag_op_4|         array|
|imag_op_5_address0    |  out|    7|   ap_memory|     imag_op_5|         array|
|imag_op_5_ce0         |  out|    1|   ap_memory|     imag_op_5|         array|
|imag_op_5_we0         |  out|    1|   ap_memory|     imag_op_5|         array|
|imag_op_5_d0          |  out|   32|   ap_memory|     imag_op_5|         array|
|imag_op_5_address1    |  out|    7|   ap_memory|     imag_op_5|         array|
|imag_op_5_ce1         |  out|    1|   ap_memory|     imag_op_5|         array|
|imag_op_5_q1          |   in|   32|   ap_memory|     imag_op_5|         array|
|imag_op_6_address0    |  out|    7|   ap_memory|     imag_op_6|         array|
|imag_op_6_ce0         |  out|    1|   ap_memory|     imag_op_6|         array|
|imag_op_6_we0         |  out|    1|   ap_memory|     imag_op_6|         array|
|imag_op_6_d0          |  out|   32|   ap_memory|     imag_op_6|         array|
|imag_op_6_address1    |  out|    7|   ap_memory|     imag_op_6|         array|
|imag_op_6_ce1         |  out|    1|   ap_memory|     imag_op_6|         array|
|imag_op_6_q1          |   in|   32|   ap_memory|     imag_op_6|         array|
|imag_op_7_address0    |  out|    7|   ap_memory|     imag_op_7|         array|
|imag_op_7_ce0         |  out|    1|   ap_memory|     imag_op_7|         array|
|imag_op_7_we0         |  out|    1|   ap_memory|     imag_op_7|         array|
|imag_op_7_d0          |  out|   32|   ap_memory|     imag_op_7|         array|
|imag_op_7_address1    |  out|    7|   ap_memory|     imag_op_7|         array|
|imag_op_7_ce1         |  out|    1|   ap_memory|     imag_op_7|         array|
|imag_op_7_q1          |   in|   32|   ap_memory|     imag_op_7|         array|
+----------------------+-----+-----+------------+--------------+--------------+

