

================================================================
== Synthesis Summary Report of 'fir'
================================================================
+ General Information: 
    * Date:           Tue Oct 14 18:11:28 2025
    * Version:        2024.2 (Build 5238294 on Nov  8 2024)
    * Project:        fir.comp
    * Solution:       hls (Vivado IP Flow Target)
    * Product family: zynq
    * Target device:  xc7z020-clg400-1
    

+ Performance & Resource Estimates: 
    
    PS: '+' for module; 'o' for loop; '*' for dataflow
    +--------+------+------+---------+---------+----------+---------+------+----------+------+---------+-------------+------------+-----+
    | Modules| Issue|      | Latency | Latency | Iteration|         | Trip |          |      |         |             |            |     |
    | & Loops| Type | Slack| (cycles)|   (ns)  |  Latency | Interval| Count| Pipelined| BRAM |   DSP   |      FF     |     LUT    | URAM|
    +--------+------+------+---------+---------+----------+---------+------+----------+------+---------+-------------+------------+-----+
    |+ fir   |     -|  0.38|       11|  110.000|         -|        1|     -|       yes|     -|  16 (7%)|  12722 (11%)|  7614 (14%)|    -|
    +--------+------+------+---------+---------+----------+---------+------+----------+------+---------+-------------+------------+-----+


================================================================
== HW Interfaces
================================================================
* Other Ports
+------+---------+-----------+----------+
| Port | Mode    | Direction | Bitwidth |
+------+---------+-----------+----------+
| x    | ap_none | in        | 32       |
| y    | ap_vld  | out       | 32       |
+------+---------+-----------+----------+

* TOP LEVEL CONTROL
+-----------+------------+-----------------------------------+
| Interface | Type       | Ports                             |
+-----------+------------+-----------------------------------+
| ap_clk    | clock      | ap_clk                            |
| ap_rst    | reset      | ap_rst                            |
| ap_ctrl   | ap_ctrl_hs | ap_done ap_idle ap_ready ap_start |
+-----------+------------+-----------------------------------+


================================================================
== SW I/O Information
================================================================
* Top Function Arguments
+----------+-----------+----------+
| Argument | Direction | Datatype |
+----------+-----------+----------+
| y        | out       | int*     |
| x        | in        | int      |
+----------+-----------+----------+

* SW-to-HW Mapping
+----------+--------------+---------+
| Argument | HW Interface | HW Type |
+----------+--------------+---------+
| y        | y            | port    |
| y        | y_ap_vld     | port    |
| x        | x            | port    |
+----------+--------------+---------+


================================================================
== Bind Op Report
================================================================
+---------------------------+-----+--------+--------------+-----+--------+---------+
| Name                      | DSP | Pragma | Variable     | Op  | Impl   | Latency |
+---------------------------+-----+--------+--------------+-----+--------+---------+
| + fir                     | 16  |        |              |     |        |         |
|   mul_32s_3s_32_2_1_U8    |     |        | mul_ln44_2   | mul | auto   | 1       |
|   sub_ln44_7_fu_2419_p2   |     |        | sub_ln44_7   | sub | fabric | 0       |
|   sub_ln44_12_fu_2434_p2  |     |        | sub_ln44_12  | sub | fabric | 0       |
|   mul_32s_3s_32_2_1_U1    |     |        | mul_ln44_4   | mul | auto   | 1       |
|   mul_32s_5s_32_2_1_U2    | 2   |        | mul_ln44_6   | mul | auto   | 1       |
|   mul_32s_5s_32_2_1_U9    | 2   |        | mul_ln44_7   | mul | auto   | 1       |
|   add_ln44_17_fu_1365_p2  |     |        | add_ln44_17  | add | fabric | 0       |
|   mul_32s_5s_32_2_1_U10   | 2   |        | mul_ln44_13  | mul | auto   | 1       |
|   sub_ln44_17_fu_2762_p2  |     |        | sub_ln44_17  | sub | fabric | 0       |
|   add_ln44_95_fu_2533_p2  |     |        | add_ln44_95  | add | fabric | 0       |
|   add_ln44_106_fu_2575_p2 |     |        | add_ln44_106 | add | fabric | 0       |
|   add_ln44_109_fu_2023_p2 |     |        | add_ln44_109 | add | fabric | 0       |
|   add_ln44_114_fu_2969_p2 |     |        | add_ln44_114 | add | fabric | 0       |
|   mul_32s_3s_32_2_1_U11   |     |        | mul_ln44_15  | mul | auto   | 1       |
|   sub_ln44_25_fu_2601_p2  |     |        | sub_ln44_25  | sub | fabric | 0       |
|   mul_32s_3s_32_2_1_U3    |     |        | mul_ln44_19  | mul | auto   | 1       |
|   add_ln44_116_fu_1461_p2 |     |        | add_ln44_116 | add | fabric | 0       |
|   add_ln44_117_fu_2991_p2 |     |        | add_ln44_117 | add | fabric | 0       |
|   add_ln44_49_fu_1473_p2  |     |        | add_ln44_49  | add | fabric | 0       |
|   add_ln44_118_fu_3012_p2 |     |        | add_ln44_118 | add | fabric | 0       |
|   add_ln44_52_fu_1485_p2  |     |        | add_ln44_52  | add | fabric | 0       |
|   add_ln44_119_fu_3034_p2 |     |        | add_ln44_119 | add | fabric | 0       |
|   add_ln44_55_fu_1497_p2  |     |        | add_ln44_55  | add | fabric | 0       |
|   add_ln44_59_fu_1509_p2  |     |        | add_ln44_59  | add | fabric | 0       |
|   mul_32s_5s_32_2_1_U12   | 2   |        | mul_ln44_20  | mul | auto   | 1       |
|   add_ln44_63_fu_1515_p2  |     |        | add_ln44_63  | add | fabric | 0       |
|   add_ln44_64_fu_1521_p2  |     |        | add_ln44_64  | add | fabric | 0       |
|   add_ln44_67_fu_1533_p2  |     |        | add_ln44_67  | add | fabric | 0       |
|   add_ln44_70_fu_1545_p2  |     |        | add_ln44_70  | add | fabric | 0       |
|   mul_32s_5s_32_2_1_U13   | 2   |        | mul_ln44_23  | mul | auto   | 1       |
|   sub_ln44_36_fu_2072_p2  |     |        | sub_ln44_36  | sub | fabric | 0       |
|   mul_32s_5s_32_2_1_U4    | 2   |        | mul_ln44_5   | mul | auto   | 1       |
|   sub_ln44_37_fu_2627_p2  |     |        | sub_ln44_37  | sub | fabric | 0       |
|   mul_32s_5s_32_2_1_U5    | 2   |        | mul_ln44_9   | mul | auto   | 1       |
|   add_ln44_121_fu_2642_p2 |     |        | add_ln44_121 | add | fabric | 0       |
|   add_ln44_124_fu_3086_p2 |     |        | add_ln44_124 | add | fabric | 0       |
|   mul_32s_3s_32_2_1_U6    |     |        | mul_ln44_21  | mul | auto   | 1       |
|   mul_32s_3s_32_2_1_U7    |     |        | mul_ln44     | mul | auto   | 1       |
|   add_ln44_125_fu_3064_p2 |     |        | add_ln44_125 | add | fabric | 0       |
|   add_ln44_7_fu_1731_p2   |     |        | add_ln44_7   | add | fabric | 0       |
|   mul_32s_5s_32_2_1_U14   | 2   |        | mul_ln44_24  | mul | auto   | 1       |
|   add_ln44_131_fu_1761_p2 |     |        | add_ln44_131 | add | fabric | 0       |
|   add_ln44_135_fu_3107_p2 |     |        | add_ln44_135 | add | fabric | 0       |
|   add_ln44_39_fu_1791_p2  |     |        | add_ln44_39  | add | fabric | 0       |
|   sub_ln44_52_fu_2698_p2  |     |        | sub_ln44_52  | sub | fabric | 0       |
|   add_ln44_80_fu_1809_p2  |     |        | add_ln44_80  | add | fabric | 0       |
+---------------------------+-----+--------+--------------+-----+--------+---------+


================================================================
== Storage Report
================================================================
  No bind storage info in design

================================================================
== Pragma Report
================================================================
* Valid Pragma Syntax
+----------+-------------+-------------------+
| Type     | Options     | Location          |
+----------+-------------+-------------------+
| unroll   |             | fir.cpp:32 in fir |
| unroll   | factor = 80 | fir.cpp:42 in fir |
| pipeline | II=1        | fir.cpp:43 in fir |
+----------+-------------+-------------------+

* Inferred Pragmas
+----------------------+-----------------+-----------------------------------------------------+------------------------------------------------------+
| Source               | Inferred Pragma | Options                                             | Location                                             |
+----------------------+-----------------+-----------------------------------------------------+------------------------------------------------------+
| pipeline  fir.cpp:43 | array_partition | dim=1 type=complete  variable=_ZZ3firPiiE9shift_reg | variable fir(int*, int)::shift_reg in fir fir.cpp:25 |
+----------------------+-----------------+-----------------------------------------------------+------------------------------------------------------+


