

================================================================
== Vitis HLS Report for 'fir'
================================================================
* Date:           Tue Oct 14 18:11:28 2025

* Version:        2024.2 (Build 5238294 on Nov  8 2024)
* Project:        fir.comp
* Solution:       hls (Vivado IP Flow Target)
* Product family: zynq
* Target device:  xc7z020-clg400-1


================================================================
== Performance Estimates
================================================================
+ Timing: 
    * Summary: 
    +--------+----------+----------+------------+
    |  Clock |  Target  | Estimated| Uncertainty|
    +--------+----------+----------+------------+
    |ap_clk  |  10.00 ns|  6.923 ns|     2.70 ns|
    +--------+----------+----------+------------+

+ Latency: 
    * Summary: 
    +---------+---------+----------+----------+-----+-----+---------+
    |  Latency (cycles) |  Latency (absolute) |  Interval | Pipeline|
    |   min   |   max   |    min   |    max   | min | max |   Type  |
    +---------+---------+----------+----------+-----+-----+---------+
    |       11|       11|  0.110 us|  0.110 us|    1|    1|      yes|
    +---------+---------+----------+----------+-----+-----+---------+

    + Detail: 
        * Instance: 
        N/A

        * Loop: 
        N/A



================================================================
== Utilization Estimates
================================================================
* Summary: 
+-----------------+---------+-----+--------+-------+-----+
|       Name      | BRAM_18K| DSP |   FF   |  LUT  | URAM|
+-----------------+---------+-----+--------+-------+-----+
|DSP              |        -|    -|       -|      -|    -|
|Expression       |        -|    -|       0|   6306|    -|
|FIFO             |        -|    -|       -|      -|    -|
|Instance         |        -|   16|    2310|    700|    -|
|Memory           |        -|    -|       -|      -|    -|
|Multiplexer      |        -|    -|       -|      -|    -|
|Register         |        -|    -|   10412|    608|    -|
+-----------------+---------+-----+--------+-------+-----+
|Total            |        0|   16|   12722|   7614|    0|
+-----------------+---------+-----+--------+-------+-----+
|Available        |      280|  220|  106400|  53200|    0|
+-----------------+---------+-----+--------+-------+-----+
|Utilization (%)  |        0|    7|      11|     14|    0|
+-----------------+---------+-----+--------+-------+-----+

+ Detail: 
    * Instance: 
    +-----------------------+-------------------+---------+----+-----+----+-----+
    |        Instance       |       Module      | BRAM_18K| DSP|  FF | LUT| URAM|
    +-----------------------+-------------------+---------+----+-----+----+-----+
    |mul_32s_3s_32_2_1_U1   |mul_32s_3s_32_2_1  |        0|   0|  165|  50|    0|
    |mul_32s_3s_32_2_1_U3   |mul_32s_3s_32_2_1  |        0|   0|  165|  50|    0|
    |mul_32s_3s_32_2_1_U6   |mul_32s_3s_32_2_1  |        0|   0|  165|  50|    0|
    |mul_32s_3s_32_2_1_U7   |mul_32s_3s_32_2_1  |        0|   0|  165|  50|    0|
    |mul_32s_3s_32_2_1_U8   |mul_32s_3s_32_2_1  |        0|   0|  165|  50|    0|
    |mul_32s_3s_32_2_1_U11  |mul_32s_3s_32_2_1  |        0|   0|  165|  50|    0|
    |mul_32s_5s_32_2_1_U2   |mul_32s_5s_32_2_1  |        0|   2|  165|  50|    0|
    |mul_32s_5s_32_2_1_U4   |mul_32s_5s_32_2_1  |        0|   2|  165|  50|    0|
    |mul_32s_5s_32_2_1_U5   |mul_32s_5s_32_2_1  |        0|   2|  165|  50|    0|
    |mul_32s_5s_32_2_1_U9   |mul_32s_5s_32_2_1  |        0|   2|  165|  50|    0|
    |mul_32s_5s_32_2_1_U10  |mul_32s_5s_32_2_1  |        0|   2|  165|  50|    0|
    |mul_32s_5s_32_2_1_U12  |mul_32s_5s_32_2_1  |        0|   2|  165|  50|    0|
    |mul_32s_5s_32_2_1_U13  |mul_32s_5s_32_2_1  |        0|   2|  165|  50|    0|
    |mul_32s_5s_32_2_1_U14  |mul_32s_5s_32_2_1  |        0|   2|  165|  50|    0|
    +-----------------------+-------------------+---------+----+-----+----+-----+
    |Total                  |                   |        0|  16| 2310| 700|    0|
    +-----------------------+-------------------+---------+----+-----+----+-----+

    * DSP: 
    N/A

    * Memory: 
    N/A

    * FIFO: 
    N/A

    * Expression: 
    +-------------------------+----------+----+---+----+------------+------------+
    |      Variable Name      | Operation| DSP| FF| LUT| Bitwidth P0| Bitwidth P1|
    +-------------------------+----------+----+---+----+------------+------------+
    |acc_fu_3050_p2           |         +|   0|  0|  32|          32|          32|
    |add_ln44_100_fu_2919_p2  |         +|   0|  0|  32|          32|          32|
    |add_ln44_101_fu_2551_p2  |         +|   0|  0|  32|          32|          32|
    |add_ln44_102_fu_2557_p2  |         +|   0|  0|  32|          32|          32|
    |add_ln44_103_fu_2563_p2  |         +|   0|  0|  32|          32|          32|
    |add_ln44_104_fu_2569_p2  |         +|   0|  0|  32|          32|          32|
    |add_ln44_105_fu_2801_p2  |         +|   0|  0|  32|          32|          32|
    |add_ln44_106_fu_2575_p2  |         +|   0|  0|  39|          32|          32|
    |add_ln44_107_fu_2580_p2  |         +|   0|  0|  32|          32|          32|
    |add_ln44_108_fu_2017_p2  |         +|   0|  0|  32|          32|          32|
    |add_ln44_109_fu_2023_p2  |         +|   0|  0|  39|          32|          32|
    |add_ln44_10_fu_2950_p2   |         +|   0|  0|  32|          32|          32|
    |add_ln44_110_fu_2028_p2  |         +|   0|  0|  32|          32|          32|
    |add_ln44_111_fu_2586_p2  |         +|   0|  0|  32|          32|          32|
    |add_ln44_112_fu_2805_p2  |         +|   0|  0|  32|          32|          32|
    |add_ln44_113_fu_2923_p2  |         +|   0|  0|  32|          32|          32|
    |add_ln44_114_fu_2969_p2  |         +|   0|  0|  39|          32|          32|
    |add_ln44_115_fu_2975_p2  |         +|   0|  0|  32|          32|          32|
    |add_ln44_116_fu_1461_p2  |         +|   0|  0|  39|          32|          32|
    |add_ln44_117_fu_2991_p2  |         +|   0|  0|  39|          32|          32|
    |add_ln44_118_fu_3012_p2  |         +|   0|  0|  39|          32|          32|
    |add_ln44_119_fu_3034_p2  |         +|   0|  0|  39|          32|          32|
    |add_ln44_11_fu_2002_p2   |         +|   0|  0|  32|          32|          32|
    |add_ln44_121_fu_2642_p2  |         +|   0|  0|  39|          32|          32|
    |add_ln44_122_fu_2087_p2  |         +|   0|  0|  32|          32|          32|
    |add_ln44_123_fu_2103_p2  |         +|   0|  0|  32|          32|          32|
    |add_ln44_124_fu_3086_p2  |         +|   0|  0|  39|          32|          32|
    |add_ln44_125_fu_3064_p2  |         +|   0|  0|  39|          32|          32|
    |add_ln44_126_fu_1737_p2  |         +|   0|  0|  32|          32|          32|
    |add_ln44_127_fu_1743_p2  |         +|   0|  0|  32|          32|          32|
    |add_ln44_128_fu_1749_p2  |         +|   0|  0|  32|          32|          32|
    |add_ln44_129_fu_1755_p2  |         +|   0|  0|  32|          32|          32|
    |add_ln44_12_fu_2007_p2   |         +|   0|  0|  32|          32|          32|
    |add_ln44_130_fu_2664_p2  |         +|   0|  0|  32|          32|          32|
    |add_ln44_131_fu_1761_p2  |         +|   0|  0|  39|          32|          32|
    |add_ln44_132_fu_2156_p2  |         +|   0|  0|  32|          32|          32|
    |add_ln44_133_fu_2160_p2  |         +|   0|  0|  32|          32|          32|
    |add_ln44_134_fu_2668_p2  |         +|   0|  0|  32|          32|          32|
    |add_ln44_135_fu_3107_p2  |         +|   0|  0|  39|          32|          32|
    |add_ln44_13_fu_2451_p2   |         +|   0|  0|  32|          32|          32|
    |add_ln44_14_fu_2901_p2   |         +|   0|  0|  32|          32|          32|
    |add_ln44_15_fu_1353_p2   |         +|   0|  0|  32|          32|          32|
    |add_ln44_16_fu_1359_p2   |         +|   0|  0|  32|          32|          32|
    |add_ln44_17_fu_1365_p2   |         +|   0|  0|  39|          32|          32|
    |add_ln44_18_fu_1767_p2   |         +|   0|  0|  32|          32|          32|
    |add_ln44_19_fu_1773_p2   |         +|   0|  0|  32|          32|          32|
    |add_ln44_1_fu_2124_p2    |         +|   0|  0|  32|          32|          32|
    |add_ln44_20_fu_2753_p2   |         +|   0|  0|  32|          32|          32|
    |add_ln44_22_fu_3150_p2   |         +|   0|  0|  32|          32|          32|
    |add_ln44_23_fu_3070_p2   |         +|   0|  0|  32|          32|          32|
    |add_ln44_24_fu_3092_p2   |         +|   0|  0|  32|          32|          32|
    |add_ln44_25_fu_1779_p2   |         +|   0|  0|  32|          32|          32|
    |add_ln44_26_fu_1785_p2   |         +|   0|  0|  32|          32|          32|
    |add_ln44_27_fu_3113_p2   |         +|   0|  0|  32|          32|          32|
    |add_ln44_28_fu_2165_p2   |         +|   0|  0|  32|          32|          32|
    |add_ln44_29_fu_2673_p2   |         +|   0|  0|  32|          32|          32|
    |add_ln44_2_fu_2653_p2    |         +|   0|  0|  32|          32|          32|
    |add_ln44_30_fu_2170_p2   |         +|   0|  0|  32|          32|          32|
    |add_ln44_31_fu_2176_p2   |         +|   0|  0|  32|          32|          32|
    |add_ln44_32_fu_2678_p2   |         +|   0|  0|  32|          32|          32|
    |add_ln44_33_fu_3141_p2   |         +|   0|  0|  32|          32|          32|
    |add_ln44_35_fu_2688_p2   |         +|   0|  0|  32|          32|          32|
    |add_ln44_36_fu_2757_p2   |         +|   0|  0|  32|          32|          32|
    |add_ln44_37_fu_2715_p2   |         +|   0|  0|  32|          32|          32|
    |add_ln44_38_fu_2892_p2   |         +|   0|  0|  32|          32|          32|
    |add_ln44_39_fu_1791_p2   |         +|   0|  0|  39|          32|          32|
    |add_ln44_40_fu_2905_p2   |         +|   0|  0|  32|          32|          32|
    |add_ln44_41_fu_2484_p2   |         +|   0|  0|  32|          32|          32|
    |add_ln44_42_fu_2203_p2   |         +|   0|  0|  32|          32|          32|
    |add_ln44_43_fu_2720_p2   |         +|   0|  0|  32|          32|          32|
    |add_ln44_44_fu_2724_p2   |         +|   0|  0|  32|          32|          32|
    |add_ln44_45_fu_2896_p2   |         +|   0|  0|  32|          32|          32|
    |add_ln44_46_fu_3145_p2   |         +|   0|  0|  32|          32|          32|
    |add_ln44_47_fu_1797_p2   |         +|   0|  0|  32|          32|          32|
    |add_ln44_48_fu_2997_p2   |         +|   0|  0|  32|          32|          32|
    |add_ln44_49_fu_1473_p2   |         +|   0|  0|  39|          32|          32|
    |add_ln44_4_fu_2946_p2    |         +|   0|  0|  32|          32|          32|
    |add_ln44_50_fu_3018_p2   |         +|   0|  0|  32|          32|          32|
    |add_ln44_51_fu_1479_p2   |         +|   0|  0|  32|          32|          32|
    |add_ln44_52_fu_1485_p2   |         +|   0|  0|  39|          32|          32|
    |add_ln44_53_fu_1491_p2   |         +|   0|  0|  32|          32|          32|
    |add_ln44_54_fu_3040_p2   |         +|   0|  0|  32|          32|          32|
    |add_ln44_55_fu_1497_p2   |         +|   0|  0|  39|          32|          32|
    |add_ln44_56_fu_1503_p2   |         +|   0|  0|  32|          32|          32|
    |add_ln44_57_fu_2928_p2   |         +|   0|  0|  32|          32|          32|
    |add_ln44_59_fu_1509_p2   |         +|   0|  0|  39|          32|          32|
    |add_ln44_5_fu_1719_p2    |         +|   0|  0|  32|          32|          32|
    |add_ln44_60_fu_2846_p2   |         +|   0|  0|  32|          32|          32|
    |add_ln44_61_fu_2932_p2   |         +|   0|  0|  32|          32|          32|
    |add_ln44_62_fu_3045_p2   |         +|   0|  0|  32|          32|          32|
    |add_ln44_63_fu_1515_p2   |         +|   0|  0|  39|          32|          32|
    |add_ln44_64_fu_1521_p2   |         +|   0|  0|  39|          32|          32|
    |add_ln44_65_fu_2044_p2   |         +|   0|  0|  32|          32|          32|
    |add_ln44_66_fu_1527_p2   |         +|   0|  0|  32|          32|          32|
    |add_ln44_67_fu_1533_p2   |         +|   0|  0|  39|          32|          32|
    |add_ln44_68_fu_1539_p2   |         +|   0|  0|  32|          32|          32|
    |add_ln44_69_fu_2048_p2   |         +|   0|  0|  32|          32|          32|
    |add_ln44_6_fu_1725_p2    |         +|   0|  0|  32|          32|          32|
    |add_ln44_70_fu_1545_p2   |         +|   0|  0|  39|          32|          32|
    |add_ln44_72_fu_2878_p2   |         +|   0|  0|  32|          32|          32|
    |add_ln44_73_fu_2606_p2   |         +|   0|  0|  32|          32|          32|
    |add_ln44_74_fu_2058_p2   |         +|   0|  0|  32|          32|          32|
    |add_ln44_75_fu_2062_p2   |         +|   0|  0|  32|          32|          32|
    |add_ln44_76_fu_2612_p2   |         +|   0|  0|  32|          32|          32|
    |add_ln44_77_fu_2937_p2   |         +|   0|  0|  32|          32|          32|
    |add_ln44_78_fu_2941_p2   |         +|   0|  0|  32|          32|          32|
    |add_ln44_79_fu_1803_p2   |         +|   0|  0|  32|          32|          32|
    |add_ln44_7_fu_1731_p2    |         +|   0|  0|  39|          32|          32|
    |add_ln44_80_fu_1809_p2   |         +|   0|  0|  39|          32|          32|
    |add_ln44_81_fu_2489_p2   |         +|   0|  0|  32|          32|          32|
    |add_ln44_82_fu_2767_p2   |         +|   0|  0|  32|          32|          32|
    |add_ln44_83_fu_2910_p2   |         +|   0|  0|  32|          32|          32|
    |add_ln44_84_fu_2494_p2   |         +|   0|  0|  32|          32|          32|
    |add_ln44_85_fu_2773_p2   |         +|   0|  0|  32|          32|          32|
    |add_ln44_86_fu_1371_p2   |         +|   0|  0|  32|          32|          32|
    |add_ln44_87_fu_1377_p2   |         +|   0|  0|  32|          32|          32|
    |add_ln44_88_fu_2777_p2   |         +|   0|  0|  32|          32|          32|
    |add_ln44_89_fu_2914_p2   |         +|   0|  0|  32|          32|          32|
    |add_ln44_8_fu_2883_p2    |         +|   0|  0|  32|          32|          32|
    |add_ln44_90_fu_2955_p2   |         +|   0|  0|  32|          32|          32|
    |add_ln44_91_fu_2782_p2   |         +|   0|  0|  32|          32|          32|
    |add_ln44_92_fu_2521_p2   |         +|   0|  0|  32|          32|          32|
    |add_ln44_93_fu_2527_p2   |         +|   0|  0|  32|          32|          32|
    |add_ln44_94_fu_2787_p2   |         +|   0|  0|  32|          32|          32|
    |add_ln44_95_fu_2533_p2   |         +|   0|  0|  39|          32|          32|
    |add_ln44_96_fu_2792_p2   |         +|   0|  0|  32|          32|          32|
    |add_ln44_97_fu_2539_p2   |         +|   0|  0|  32|          32|          32|
    |add_ln44_98_fu_2545_p2   |         +|   0|  0|  32|          32|          32|
    |add_ln44_99_fu_2796_p2   |         +|   0|  0|  32|          32|          32|
    |add_ln44_9_fu_2887_p2    |         +|   0|  0|  32|          32|          32|
    |add_ln44_fu_2119_p2      |         +|   0|  0|  32|          32|          32|
    |y                        |         +|   0|  0|  32|          32|          32|
    |sub_ln44_10_fu_1980_p2   |         -|   0|  0|  32|          32|          32|
    |sub_ln44_11_fu_1986_p2   |         -|   0|  0|  32|          32|          32|
    |sub_ln44_12_fu_2434_p2   |         -|   0|  0|  39|           1|          32|
    |sub_ln44_13_fu_2445_p2   |         -|   0|  0|  32|          32|          32|
    |sub_ln44_14_fu_2456_p2   |         -|   0|  0|  32|          32|          32|
    |sub_ln44_15_fu_2467_p2   |         -|   0|  0|  32|           1|          32|
    |sub_ln44_16_fu_2478_p2   |         -|   0|  0|  32|          32|          32|
    |sub_ln44_17_fu_2762_p2   |         -|   0|  0|  39|          32|          32|
    |sub_ln44_18_fu_2504_p2   |         -|   0|  0|  32|           1|          32|
    |sub_ln44_19_fu_2515_p2   |         -|   0|  0|  32|          32|          32|
    |sub_ln44_1_fu_2403_p2    |         -|   0|  0|  32|          32|          32|
    |sub_ln44_20_fu_1395_p2   |         -|   0|  0|  32|          32|          32|
    |sub_ln44_21_fu_1401_p2   |         -|   0|  0|  32|          32|          32|
    |sub_ln44_22_fu_1419_p2   |         -|   0|  0|  32|          32|          32|
    |sub_ln44_23_fu_1425_p2   |         -|   0|  0|  32|          32|          32|
    |sub_ln44_24_fu_1437_p2   |         -|   0|  0|  32|          32|          32|
    |sub_ln44_25_fu_2601_p2   |         -|   0|  0|  39|          32|          32|
    |sub_ln44_26_fu_2830_p2   |         -|   0|  0|  32|          32|          32|
    |sub_ln44_27_fu_2836_p2   |         -|   0|  0|  32|          32|          32|
    |sub_ln44_28_fu_2841_p2   |         -|   0|  0|  32|          32|          32|
    |sub_ln44_29_fu_2856_p2   |         -|   0|  0|  32|           1|          32|
    |sub_ln44_2_fu_1305_p2    |         -|   0|  0|  32|          32|          32|
    |sub_ln44_30_fu_2867_p2   |         -|   0|  0|  32|          32|          32|
    |sub_ln44_31_fu_2873_p2   |         -|   0|  0|  32|          32|          32|
    |sub_ln44_32_fu_1557_p2   |         -|   0|  0|  32|           1|          32|
    |sub_ln44_33_fu_1569_p2   |         -|   0|  0|  32|          32|          32|
    |sub_ln44_34_fu_1587_p2   |         -|   0|  0|  32|          32|          32|
    |sub_ln44_35_fu_1593_p2   |         -|   0|  0|  32|          32|          32|
    |sub_ln44_36_fu_2072_p2   |         -|   0|  0|  39|          32|          32|
    |sub_ln44_37_fu_2627_p2   |         -|   0|  0|  39|          32|          32|
    |sub_ln44_38_fu_1623_p2   |         -|   0|  0|  32|          32|          32|
    |sub_ln44_39_fu_1629_p2   |         -|   0|  0|  32|          32|          32|
    |sub_ln44_3_fu_1311_p2    |         -|   0|  0|  32|          32|          32|
    |sub_ln44_40_fu_1647_p2   |         -|   0|  0|  32|          32|          32|
    |sub_ln44_41_fu_1653_p2   |         -|   0|  0|  32|          32|          32|
    |sub_ln44_42_fu_1671_p2   |         -|   0|  0|  32|          32|          32|
    |sub_ln44_43_fu_1677_p2   |         -|   0|  0|  32|          32|          32|
    |sub_ln44_44_fu_1695_p2   |         -|   0|  0|  32|           1|          32|
    |sub_ln44_45_fu_1707_p2   |         -|   0|  0|  32|          32|          32|
    |sub_ln44_46_fu_2658_p2   |         -|   0|  0|  32|          32|          32|
    |sub_ln44_47_fu_2134_p2   |         -|   0|  0|  32|           1|          32|
    |sub_ln44_48_fu_2145_p2   |         -|   0|  0|  32|          32|          32|
    |sub_ln44_49_fu_3124_p2   |         -|   0|  0|  32|           1|          32|
    |sub_ln44_4_fu_1950_p2    |         -|   0|  0|  32|          32|          32|
    |sub_ln44_50_fu_3135_p2   |         -|   0|  0|  32|          32|          32|
    |sub_ln44_51_fu_2683_p2   |         -|   0|  0|  32|          32|          32|
    |sub_ln44_52_fu_2698_p2   |         -|   0|  0|  39|           1|          32|
    |sub_ln44_53_fu_2709_p2   |         -|   0|  0|  32|          32|          32|
    |sub_ln44_54_fu_2186_p2   |         -|   0|  0|  32|           1|          32|
    |sub_ln44_55_fu_2197_p2   |         -|   0|  0|  32|          32|          32|
    |sub_ln44_56_fu_1821_p2   |         -|   0|  0|  32|           1|          32|
    |sub_ln44_57_fu_1833_p2   |         -|   0|  0|  32|          32|          32|
    |sub_ln44_5_fu_1956_p2    |         -|   0|  0|  32|          32|          32|
    |sub_ln44_6_fu_2743_p2    |         -|   0|  0|  32|          32|          32|
    |sub_ln44_7_fu_2419_p2    |         -|   0|  0|  39|          32|          32|
    |sub_ln44_8_fu_1329_p2    |         -|   0|  0|  32|          32|          32|
    |sub_ln44_9_fu_1335_p2    |         -|   0|  0|  32|          32|          32|
    |sub_ln44_fu_2392_p2      |         -|   0|  0|  32|           1|          32|
    |ap_enable_pp0            |       xor|   0|  0|   2|           1|           2|
    +-------------------------+----------+----+---+----+------------+------------+
    |Total                    |          |   0|  0|6306|        5709|        6082|
    +-------------------------+----------+----+---+----+------------+------------+

    * Multiplexer: 
    N/A

    * Register: 
    +--------------------------------------------------------+-----+----+-----+-----------+
    |                          Name                          |  FF | LUT| Bits| Const Bits|
    +--------------------------------------------------------+-----+----+-----+-----------+
    |add_ln44_102_reg_3707                                   |   32|   0|   32|          0|
    |add_ln44_104_reg_3712                                   |   32|   0|   32|          0|
    |add_ln44_10_reg_3864                                    |   32|   0|   32|          0|
    |add_ln44_110_reg_3560                                   |   32|   0|   32|          0|
    |add_ln44_111_reg_3717                                   |   32|   0|   32|          0|
    |add_ln44_112_reg_3803                                   |   32|   0|   32|          0|
    |add_ln44_113_reg_3848                                   |   32|   0|   32|          0|
    |add_ln44_115_reg_3869                                   |   32|   0|   32|          0|
    |add_ln44_116_reg_3370                                   |   32|   0|   32|          0|
    |add_ln44_127_reg_3465                                   |   32|   0|   32|          0|
    |add_ln44_127_reg_3465_pp0_iter1_reg                     |   32|   0|   32|          0|
    |add_ln44_129_reg_3470                                   |   32|   0|   32|          0|
    |add_ln44_129_reg_3470_pp0_iter1_reg                     |   32|   0|   32|          0|
    |add_ln44_12_reg_3555                                    |   32|   0|   32|          0|
    |add_ln44_131_reg_3475                                   |   32|   0|   32|          0|
    |add_ln44_133_reg_3611                                   |   32|   0|   32|          0|
    |add_ln44_134_reg_3752                                   |   32|   0|   32|          0|
    |add_ln44_16_reg_3343                                    |   32|   0|   32|          0|
    |add_ln44_16_reg_3343_pp0_iter1_reg                      |   32|   0|   32|          0|
    |add_ln44_17_reg_3349                                    |   32|   0|   32|          0|
    |add_ln44_19_reg_3480                                    |   32|   0|   32|          0|
    |add_ln44_1_reg_3601                                     |   32|   0|   32|          0|
    |add_ln44_23_reg_3884                                    |   32|   0|   32|          0|
    |add_ln44_26_reg_3485                                    |   32|   0|   32|          0|
    |add_ln44_27_reg_3889                                    |   32|   0|   32|          0|
    |add_ln44_28_reg_3616                                    |   32|   0|   32|          0|
    |add_ln44_31_reg_3621                                    |   32|   0|   32|          0|
    |add_ln44_32_reg_3758                                    |   32|   0|   32|          0|
    |add_ln44_35_reg_3763                                    |   32|   0|   32|          0|
    |add_ln44_36_reg_3778                                    |   32|   0|   32|          0|
    |add_ln44_37_reg_3768                                    |   32|   0|   32|          0|
    |add_ln44_39_reg_3491                                    |   32|   0|   32|          0|
    |add_ln44_39_reg_3491_pp0_iter1_reg                      |   32|   0|   32|          0|
    |add_ln44_40_reg_3838                                    |   32|   0|   32|          0|
    |add_ln44_42_reg_3631                                    |   32|   0|   32|          0|
    |add_ln44_44_reg_3773                                    |   32|   0|   32|          0|
    |add_ln44_45_reg_3833                                    |   32|   0|   32|          0|
    |add_ln44_46_reg_3899                                    |   32|   0|   32|          0|
    |add_ln44_49_reg_3375                                    |   32|   0|   32|          0|
    |add_ln44_50_reg_3874                                    |   32|   0|   32|          0|
    |add_ln44_53_reg_3381                                    |   32|   0|   32|          0|
    |add_ln44_55_reg_3387                                    |   32|   0|   32|          0|
    |add_ln44_56_reg_3394                                    |   32|   0|   32|          0|
    |add_ln44_59_reg_3399                                    |   32|   0|   32|          0|
    |add_ln44_60_reg_3813                                    |   32|   0|   32|          0|
    |add_ln44_61_reg_3854                                    |   32|   0|   32|          0|
    |add_ln44_62_reg_3879                                    |   32|   0|   32|          0|
    |add_ln44_63_reg_3404                                    |   32|   0|   32|          0|
    |add_ln44_64_reg_3409                                    |   32|   0|   32|          0|
    |add_ln44_68_reg_3414                                    |   32|   0|   32|          0|
    |add_ln44_69_reg_3570                                    |   32|   0|   32|          0|
    |add_ln44_69_reg_3570_pp0_iter2_reg                      |   32|   0|   32|          0|
    |add_ln44_6_reg_3454                                     |   32|   0|   32|          0|
    |add_ln44_70_reg_3419                                    |   32|   0|   32|          0|
    |add_ln44_72_reg_3823                                    |   32|   0|   32|          0|
    |add_ln44_75_reg_3576                                    |   32|   0|   32|          0|
    |add_ln44_76_reg_3737                                    |   32|   0|   32|          0|
    |add_ln44_76_reg_3737_pp0_iter3_reg                      |   32|   0|   32|          0|
    |add_ln44_78_reg_3859                                    |   32|   0|   32|          0|
    |add_ln44_79_reg_3497                                    |   32|   0|   32|          0|
    |add_ln44_7_reg_3460                                     |   32|   0|   32|          0|
    |add_ln44_81_reg_3677                                    |   32|   0|   32|          0|
    |add_ln44_81_reg_3677_pp0_iter3_reg                      |   32|   0|   32|          0|
    |add_ln44_82_reg_3783                                    |   32|   0|   32|          0|
    |add_ln44_84_reg_3682                                    |   32|   0|   32|          0|
    |add_ln44_87_reg_3354                                    |   32|   0|   32|          0|
    |add_ln44_87_reg_3354_pp0_iter1_reg                      |   32|   0|   32|          0|
    |add_ln44_88_reg_3788                                    |   32|   0|   32|          0|
    |add_ln44_89_reg_3843                                    |   32|   0|   32|          0|
    |add_ln44_93_reg_3692                                    |   32|   0|   32|          0|
    |add_ln44_94_reg_3793                                    |   32|   0|   32|          0|
    |add_ln44_95_reg_3697                                    |   32|   0|   32|          0|
    |add_ln44_98_reg_3702                                    |   32|   0|   32|          0|
    |add_ln44_99_reg_3798                                    |   32|   0|   32|          0|
    |add_ln44_9_reg_3828                                     |   32|   0|   32|          0|
    |ap_CS_fsm                                               |    1|   0|    1|          0|
    |ap_enable_reg_pp0_iter1                                 |    1|   0|    1|          0|
    |ap_enable_reg_pp0_iter10                                |    1|   0|    1|          0|
    |ap_enable_reg_pp0_iter11                                |    1|   0|    1|          0|
    |ap_enable_reg_pp0_iter2                                 |    1|   0|    1|          0|
    |ap_enable_reg_pp0_iter3                                 |    1|   0|    1|          0|
    |ap_enable_reg_pp0_iter4                                 |    1|   0|    1|          0|
    |ap_enable_reg_pp0_iter5                                 |    1|   0|    1|          0|
    |ap_enable_reg_pp0_iter6                                 |    1|   0|    1|          0|
    |ap_enable_reg_pp0_iter7                                 |    1|   0|    1|          0|
    |ap_enable_reg_pp0_iter8                                 |    1|   0|    1|          0|
    |ap_enable_reg_pp0_iter9                                 |    1|   0|    1|          0|
    |fir_int_int_shift_reg                                   |   32|   0|   32|          0|
    |fir_int_int_shift_reg_1                                 |   32|   0|   32|          0|
    |fir_int_int_shift_reg_11_reg_3199                       |   32|   0|   32|          0|
    |fir_int_int_shift_reg_11_reg_3199_pp0_iter1_reg         |   32|   0|   32|          0|
    |fir_int_int_shift_reg_12_reg_3205                       |   32|   0|   32|          0|
    |fir_int_int_shift_reg_2                                 |   32|   0|   32|          0|
    |fir_int_int_shift_reg_26_reg_3231                       |   32|   0|   32|          0|
    |fir_int_int_shift_reg_28_reg_3241                       |   32|   0|   32|          0|
    |fir_int_int_shift_reg_28_reg_3241_pp0_iter1_reg         |   32|   0|   32|          0|
    |fir_int_int_shift_reg_29_reg_3258                       |   32|   0|   32|          0|
    |fir_int_int_shift_reg_2_load_reg_3328                   |   32|   0|   32|          0|
    |fir_int_int_shift_reg_3                                 |   32|   0|   32|          0|
    |fir_int_int_shift_reg_33_reg_3264                       |   32|   0|   32|          0|
    |fir_int_int_shift_reg_33_reg_3264_pp0_iter1_reg         |   32|   0|   32|          0|
    |fir_int_int_shift_reg_35_reg_3292                       |   32|   0|   32|          0|
    |fir_int_int_shift_reg_35_reg_3292_pp0_iter1_reg         |   32|   0|   32|          0|
    |fir_int_int_shift_reg_3_load_reg_3322                   |   32|   0|   32|          0|
    |fir_int_int_shift_reg_3_load_reg_3322_pp0_iter1_reg     |   32|   0|   32|          0|
    |fir_int_int_shift_reg_4                                 |   32|   0|   32|          0|
    |fir_int_int_shift_reg_5                                 |   32|   0|   32|          0|
    |fir_int_int_shift_reg_5_load_reg_3312                   |   32|   0|   32|          0|
    |fir_int_int_shift_reg_5_load_reg_3312_pp0_iter1_reg     |   32|   0|   32|          0|
    |fir_int_int_shift_reg_6                                 |   32|   0|   32|          0|
    |fir_int_int_shift_reg_7                                 |   32|   0|   32|          0|
    |fir_int_int_shift_reg_8                                 |   32|   0|   32|          0|
    |fir_int_int_shift_reg_9                                 |   32|   0|   32|          0|
    |fir_int_int_shift_reg_9_reg_3189                        |   32|   0|   32|          0|
    |fir_int_int_shift_reg_9_reg_3189_pp0_iter1_reg          |   32|   0|   32|          0|
    |fir_int_int_shift_reg_reg_3177                          |   32|   0|   32|          0|
    |fir_int_int_shift_reg_reg_3177_pp0_iter1_reg            |   32|   0|   32|          0|
    |mul_ln44_13_reg_3672                                    |   32|   0|   32|          0|
    |mul_ln44_15_reg_3722                                    |   32|   0|   32|          0|
    |mul_ln44_19_reg_3565                                    |   32|   0|   32|          0|
    |mul_ln44_19_reg_3565_pp0_iter2_reg                      |   32|   0|   32|          0|
    |mul_ln44_20_reg_3727                                    |   32|   0|   32|          0|
    |mul_ln44_21_reg_3591                                    |   32|   0|   32|          0|
    |mul_ln44_23_reg_3732                                    |   32|   0|   32|          0|
    |mul_ln44_24_reg_3747                                    |   32|   0|   32|          0|
    |mul_ln44_2_reg_3652                                     |   32|   0|   32|          0|
    |mul_ln44_4_reg_3545                                     |   32|   0|   32|          0|
    |mul_ln44_5_reg_3581                                     |   32|   0|   32|          0|
    |mul_ln44_6_reg_3550                                     |   32|   0|   32|          0|
    |mul_ln44_7_reg_3657                                     |   32|   0|   32|          0|
    |mul_ln44_9_reg_3586                                     |   32|   0|   32|          0|
    |mul_ln44_reg_3596                                       |   32|   0|   32|          0|
    |p_ZZ3firPiiE9shift_reg_10                               |   32|   0|   32|          0|
    |p_ZZ3firPiiE9shift_reg_100                              |   32|   0|   32|          0|
    |p_ZZ3firPiiE9shift_reg_100_load_reg_3519                |   32|   0|   32|          0|
    |p_ZZ3firPiiE9shift_reg_100_load_reg_3519_pp0_iter2_reg  |   32|   0|   32|          0|
    |p_ZZ3firPiiE9shift_reg_101                              |   32|   0|   32|          0|
    |p_ZZ3firPiiE9shift_reg_101_load_reg_3514                |   32|   0|   32|          0|
    |p_ZZ3firPiiE9shift_reg_102                              |   32|   0|   32|          0|
    |p_ZZ3firPiiE9shift_reg_103                              |   32|   0|   32|          0|
    |p_ZZ3firPiiE9shift_reg_104                              |   32|   0|   32|          0|
    |p_ZZ3firPiiE9shift_reg_105                              |   32|   0|   32|          0|
    |p_ZZ3firPiiE9shift_reg_106                              |   32|   0|   32|          0|
    |p_ZZ3firPiiE9shift_reg_107                              |   32|   0|   32|          0|
    |p_ZZ3firPiiE9shift_reg_107_load_reg_3508                |   32|   0|   32|          0|
    |p_ZZ3firPiiE9shift_reg_108                              |   32|   0|   32|          0|
    |p_ZZ3firPiiE9shift_reg_109                              |   32|   0|   32|          0|
    |p_ZZ3firPiiE9shift_reg_11                               |   32|   0|   32|          0|
    |p_ZZ3firPiiE9shift_reg_110                              |   32|   0|   32|          0|
    |p_ZZ3firPiiE9shift_reg_111                              |   32|   0|   32|          0|
    |p_ZZ3firPiiE9shift_reg_112                              |   32|   0|   32|          0|
    |p_ZZ3firPiiE9shift_reg_113                              |   32|   0|   32|          0|
    |p_ZZ3firPiiE9shift_reg_114                              |   32|   0|   32|          0|
    |p_ZZ3firPiiE9shift_reg_115                              |   32|   0|   32|          0|
    |p_ZZ3firPiiE9shift_reg_116                              |   32|   0|   32|          0|
    |p_ZZ3firPiiE9shift_reg_117                              |   32|   0|   32|          0|
    |p_ZZ3firPiiE9shift_reg_118                              |   32|   0|   32|          0|
    |p_ZZ3firPiiE9shift_reg_119                              |   32|   0|   32|          0|
    |p_ZZ3firPiiE9shift_reg_12                               |   32|   0|   32|          0|
    |p_ZZ3firPiiE9shift_reg_120                              |   32|   0|   32|          0|
    |p_ZZ3firPiiE9shift_reg_121                              |   32|   0|   32|          0|
    |p_ZZ3firPiiE9shift_reg_121_load_reg_3642                |   32|   0|   32|          0|
    |p_ZZ3firPiiE9shift_reg_122                              |   32|   0|   32|          0|
    |p_ZZ3firPiiE9shift_reg_123                              |   32|   0|   32|          0|
    |p_ZZ3firPiiE9shift_reg_124                              |   32|   0|   32|          0|
    |p_ZZ3firPiiE9shift_reg_125                              |   32|   0|   32|          0|
    |p_ZZ3firPiiE9shift_reg_125_load_reg_3636                |   32|   0|   32|          0|
    |p_ZZ3firPiiE9shift_reg_126                              |   32|   0|   32|          0|
    |p_ZZ3firPiiE9shift_reg_13                               |   32|   0|   32|          0|
    |p_ZZ3firPiiE9shift_reg_14                               |   32|   0|   32|          0|
    |p_ZZ3firPiiE9shift_reg_15                               |   32|   0|   32|          0|
    |p_ZZ3firPiiE9shift_reg_16                               |   32|   0|   32|          0|
    |p_ZZ3firPiiE9shift_reg_17                               |   32|   0|   32|          0|
    |p_ZZ3firPiiE9shift_reg_17_load_reg_3307                 |   32|   0|   32|          0|
    |p_ZZ3firPiiE9shift_reg_18                               |   32|   0|   32|          0|
    |p_ZZ3firPiiE9shift_reg_19                               |   32|   0|   32|          0|
    |p_ZZ3firPiiE9shift_reg_20                               |   32|   0|   32|          0|
    |p_ZZ3firPiiE9shift_reg_21                               |   32|   0|   32|          0|
    |p_ZZ3firPiiE9shift_reg_22                               |   32|   0|   32|          0|
    |p_ZZ3firPiiE9shift_reg_23                               |   32|   0|   32|          0|
    |p_ZZ3firPiiE9shift_reg_24                               |   32|   0|   32|          0|
    |p_ZZ3firPiiE9shift_reg_25                               |   32|   0|   32|          0|
    |p_ZZ3firPiiE9shift_reg_26                               |   32|   0|   32|          0|
    |p_ZZ3firPiiE9shift_reg_27                               |   32|   0|   32|          0|
    |p_ZZ3firPiiE9shift_reg_28                               |   32|   0|   32|          0|
    |p_ZZ3firPiiE9shift_reg_29                               |   32|   0|   32|          0|
    |p_ZZ3firPiiE9shift_reg_30                               |   32|   0|   32|          0|
    |p_ZZ3firPiiE9shift_reg_31                               |   32|   0|   32|          0|
    |p_ZZ3firPiiE9shift_reg_32                               |   32|   0|   32|          0|
    |p_ZZ3firPiiE9shift_reg_33                               |   32|   0|   32|          0|
    |p_ZZ3firPiiE9shift_reg_34                               |   32|   0|   32|          0|
    |p_ZZ3firPiiE9shift_reg_35                               |   32|   0|   32|          0|
    |p_ZZ3firPiiE9shift_reg_36                               |   32|   0|   32|          0|
    |p_ZZ3firPiiE9shift_reg_36_load_reg_3281                 |   32|   0|   32|          0|
    |p_ZZ3firPiiE9shift_reg_37                               |   32|   0|   32|          0|
    |p_ZZ3firPiiE9shift_reg_37_load_reg_3276                 |   32|   0|   32|          0|
    |p_ZZ3firPiiE9shift_reg_38                               |   32|   0|   32|          0|
    |p_ZZ3firPiiE9shift_reg_39                               |   32|   0|   32|          0|
    |p_ZZ3firPiiE9shift_reg_40                               |   32|   0|   32|          0|
    |p_ZZ3firPiiE9shift_reg_40_load_reg_3270                 |   32|   0|   32|          0|
    |p_ZZ3firPiiE9shift_reg_41                               |   32|   0|   32|          0|
    |p_ZZ3firPiiE9shift_reg_42                               |   32|   0|   32|          0|
    |p_ZZ3firPiiE9shift_reg_43                               |   32|   0|   32|          0|
    |p_ZZ3firPiiE9shift_reg_44                               |   32|   0|   32|          0|
    |p_ZZ3firPiiE9shift_reg_45                               |   32|   0|   32|          0|
    |p_ZZ3firPiiE9shift_reg_46                               |   32|   0|   32|          0|
    |p_ZZ3firPiiE9shift_reg_46_load_reg_3252                 |   32|   0|   32|          0|
    |p_ZZ3firPiiE9shift_reg_47                               |   32|   0|   32|          0|
    |p_ZZ3firPiiE9shift_reg_48                               |   32|   0|   32|          0|
    |p_ZZ3firPiiE9shift_reg_49                               |   32|   0|   32|          0|
    |p_ZZ3firPiiE9shift_reg_50                               |   32|   0|   32|          0|
    |p_ZZ3firPiiE9shift_reg_50_load_reg_3247                 |   32|   0|   32|          0|
    |p_ZZ3firPiiE9shift_reg_50_load_reg_3247_pp0_iter1_reg   |   32|   0|   32|          0|
    |p_ZZ3firPiiE9shift_reg_51                               |   32|   0|   32|          0|
    |p_ZZ3firPiiE9shift_reg_52                               |   32|   0|   32|          0|
    |p_ZZ3firPiiE9shift_reg_53                               |   32|   0|   32|          0|
    |p_ZZ3firPiiE9shift_reg_54                               |   32|   0|   32|          0|
    |p_ZZ3firPiiE9shift_reg_55                               |   32|   0|   32|          0|
    |p_ZZ3firPiiE9shift_reg_56                               |   32|   0|   32|          0|
    |p_ZZ3firPiiE9shift_reg_57                               |   32|   0|   32|          0|
    |p_ZZ3firPiiE9shift_reg_58                               |   32|   0|   32|          0|
    |p_ZZ3firPiiE9shift_reg_59                               |   32|   0|   32|          0|
    |p_ZZ3firPiiE9shift_reg_60                               |   32|   0|   32|          0|
    |p_ZZ3firPiiE9shift_reg_61                               |   32|   0|   32|          0|
    |p_ZZ3firPiiE9shift_reg_62                               |   32|   0|   32|          0|
    |p_ZZ3firPiiE9shift_reg_63                               |   32|   0|   32|          0|
    |p_ZZ3firPiiE9shift_reg_64                               |   32|   0|   32|          0|
    |p_ZZ3firPiiE9shift_reg_65                               |   32|   0|   32|          0|
    |p_ZZ3firPiiE9shift_reg_66                               |   32|   0|   32|          0|
    |p_ZZ3firPiiE9shift_reg_66_load_reg_3226                 |   32|   0|   32|          0|
    |p_ZZ3firPiiE9shift_reg_67                               |   32|   0|   32|          0|
    |p_ZZ3firPiiE9shift_reg_67_load_reg_3221                 |   32|   0|   32|          0|
    |p_ZZ3firPiiE9shift_reg_68                               |   32|   0|   32|          0|
    |p_ZZ3firPiiE9shift_reg_69                               |   32|   0|   32|          0|
    |p_ZZ3firPiiE9shift_reg_70                               |   32|   0|   32|          0|
    |p_ZZ3firPiiE9shift_reg_71                               |   32|   0|   32|          0|
    |p_ZZ3firPiiE9shift_reg_72                               |   32|   0|   32|          0|
    |p_ZZ3firPiiE9shift_reg_73                               |   32|   0|   32|          0|
    |p_ZZ3firPiiE9shift_reg_74                               |   32|   0|   32|          0|
    |p_ZZ3firPiiE9shift_reg_75                               |   32|   0|   32|          0|
    |p_ZZ3firPiiE9shift_reg_76                               |   32|   0|   32|          0|
    |p_ZZ3firPiiE9shift_reg_77                               |   32|   0|   32|          0|
    |p_ZZ3firPiiE9shift_reg_78                               |   32|   0|   32|          0|
    |p_ZZ3firPiiE9shift_reg_78_load_reg_3215                 |   32|   0|   32|          0|
    |p_ZZ3firPiiE9shift_reg_79                               |   32|   0|   32|          0|
    |p_ZZ3firPiiE9shift_reg_79_load_reg_3210                 |   32|   0|   32|          0|
    |p_ZZ3firPiiE9shift_reg_80                               |   32|   0|   32|          0|
    |p_ZZ3firPiiE9shift_reg_81                               |   32|   0|   32|          0|
    |p_ZZ3firPiiE9shift_reg_82                               |   32|   0|   32|          0|
    |p_ZZ3firPiiE9shift_reg_83                               |   32|   0|   32|          0|
    |p_ZZ3firPiiE9shift_reg_84                               |   32|   0|   32|          0|
    |p_ZZ3firPiiE9shift_reg_85                               |   32|   0|   32|          0|
    |p_ZZ3firPiiE9shift_reg_86                               |   32|   0|   32|          0|
    |p_ZZ3firPiiE9shift_reg_87                               |   32|   0|   32|          0|
    |p_ZZ3firPiiE9shift_reg_88                               |   32|   0|   32|          0|
    |p_ZZ3firPiiE9shift_reg_88_load_reg_3183                 |   32|   0|   32|          0|
    |p_ZZ3firPiiE9shift_reg_88_load_reg_3183_pp0_iter1_reg   |   32|   0|   32|          0|
    |p_ZZ3firPiiE9shift_reg_89                               |   32|   0|   32|          0|
    |p_ZZ3firPiiE9shift_reg_90                               |   32|   0|   32|          0|
    |p_ZZ3firPiiE9shift_reg_91                               |   32|   0|   32|          0|
    |p_ZZ3firPiiE9shift_reg_92                               |   32|   0|   32|          0|
    |p_ZZ3firPiiE9shift_reg_93                               |   32|   0|   32|          0|
    |p_ZZ3firPiiE9shift_reg_94                               |   32|   0|   32|          0|
    |p_ZZ3firPiiE9shift_reg_95                               |   32|   0|   32|          0|
    |p_ZZ3firPiiE9shift_reg_96                               |   32|   0|   32|          0|
    |p_ZZ3firPiiE9shift_reg_97                               |   32|   0|   32|          0|
    |p_ZZ3firPiiE9shift_reg_97_load_reg_3166                 |   32|   0|   32|          0|
    |p_ZZ3firPiiE9shift_reg_98                               |   32|   0|   32|          0|
    |p_ZZ3firPiiE9shift_reg_98_load_reg_3530                 |   32|   0|   32|          0|
    |p_ZZ3firPiiE9shift_reg_98_load_reg_3530_pp0_iter2_reg   |   32|   0|   32|          0|
    |p_ZZ3firPiiE9shift_reg_99                               |   32|   0|   32|          0|
    |sub_ln44_11_reg_3540                                    |   32|   0|   32|          0|
    |sub_ln44_14_reg_3662                                    |   32|   0|   32|          0|
    |sub_ln44_14_reg_3662_pp0_iter3_reg                      |   32|   0|   32|          0|
    |sub_ln44_16_reg_3667                                    |   32|   0|   32|          0|
    |sub_ln44_19_reg_3687                                    |   32|   0|   32|          0|
    |sub_ln44_1_reg_3647                                     |   32|   0|   32|          0|
    |sub_ln44_21_reg_3360                                    |   32|   0|   32|          0|
    |sub_ln44_23_reg_3365                                    |   32|   0|   32|          0|
    |sub_ln44_27_reg_3808                                    |   32|   0|   32|          0|
    |sub_ln44_30_reg_3818                                    |   32|   0|   32|          0|
    |sub_ln44_33_reg_3424                                    |   32|   0|   32|          0|
    |sub_ln44_35_reg_3429                                    |   32|   0|   32|          0|
    |sub_ln44_39_reg_3434                                    |   32|   0|   32|          0|
    |sub_ln44_3_reg_3333                                     |   32|   0|   32|          0|
    |sub_ln44_41_reg_3439                                    |   32|   0|   32|          0|
    |sub_ln44_43_reg_3444                                    |   32|   0|   32|          0|
    |sub_ln44_45_reg_3449                                    |   32|   0|   32|          0|
    |sub_ln44_46_reg_3742                                    |   32|   0|   32|          0|
    |sub_ln44_46_reg_3742_pp0_iter3_reg                      |   32|   0|   32|          0|
    |sub_ln44_48_reg_3606                                    |   32|   0|   32|          0|
    |sub_ln44_48_reg_3606_pp0_iter2_reg                      |   32|   0|   32|          0|
    |sub_ln44_50_reg_3894                                    |   32|   0|   32|          0|
    |sub_ln44_55_reg_3626                                    |   32|   0|   32|          0|
    |sub_ln44_57_reg_3503                                    |   32|   0|   32|          0|
    |sub_ln44_57_reg_3503_pp0_iter1_reg                      |   32|   0|   32|          0|
    |sub_ln44_5_reg_3535                                     |   32|   0|   32|          0|
    |sub_ln44_9_reg_3338                                     |   32|   0|   32|          0|
    |x_read_reg_3160                                         |   32|   0|   32|          0|
    |add_ln44_10_reg_3864                                    |   64|  32|   32|          0|
    |add_ln44_12_reg_3555                                    |   64|  32|   32|          0|
    |add_ln44_134_reg_3752                                   |   64|  32|   32|          0|
    |add_ln44_1_reg_3601                                     |   64|  32|   32|          0|
    |add_ln44_26_reg_3485                                    |   64|  32|   32|          0|
    |add_ln44_32_reg_3758                                    |   64|  32|   32|          0|
    |add_ln44_45_reg_3833                                    |   64|  32|   32|          0|
    |add_ln44_49_reg_3375                                    |   64|  32|   32|          0|
    |add_ln44_53_reg_3381                                    |   64|  32|   32|          0|
    |add_ln44_55_reg_3387                                    |   64|  32|   32|          0|
    |add_ln44_56_reg_3394                                    |   64|  32|   32|          0|
    |add_ln44_61_reg_3854                                    |   64|  32|   32|          0|
    |add_ln44_78_reg_3859                                    |   64|  32|   32|          0|
    |fir_int_int_shift_reg_26_reg_3231                       |   64|  32|   32|          0|
    |fir_int_int_shift_reg_29_reg_3258                       |   64|  32|   32|          0|
    |p_ZZ3firPiiE9shift_reg_46_load_reg_3252                 |   64|  32|   32|          0|
    |p_ZZ3firPiiE9shift_reg_66_load_reg_3226                 |   64|  32|   32|          0|
    |p_ZZ3firPiiE9shift_reg_78_load_reg_3215                 |   64|  32|   32|          0|
    |sub_ln44_33_reg_3424                                    |   64|  32|   32|          0|
    +--------------------------------------------------------+-----+----+-----+-----------+
    |Total                                                   |10412| 608| 9804|          0|
    +--------------------------------------------------------+-----+----+-----+-----------+



================================================================
== Interface
================================================================
* Summary: 
+----------+-----+-----+------------+--------------+--------------+
| RTL Ports| Dir | Bits|  Protocol  | Source Object|    C Type    |
+----------+-----+-----+------------+--------------+--------------+
|ap_clk    |   in|    1|  ap_ctrl_hs|           fir|  return value|
|ap_rst    |   in|    1|  ap_ctrl_hs|           fir|  return value|
|ap_start  |   in|    1|  ap_ctrl_hs|           fir|  return value|
|ap_done   |  out|    1|  ap_ctrl_hs|           fir|  return value|
|ap_idle   |  out|    1|  ap_ctrl_hs|           fir|  return value|
|ap_ready  |  out|    1|  ap_ctrl_hs|           fir|  return value|
|y         |  out|   32|      ap_vld|             y|       pointer|
|y_ap_vld  |  out|    1|      ap_vld|             y|       pointer|
|x         |   in|   32|     ap_none|             x|        scalar|
+----------+-----+-----+------------+--------------+--------------+

