

================================================================
== Vitis HLS Report for 'fir_Pipeline_TDL'
================================================================
* Date:           Sun Oct 12 20:24:28 2025

* Version:        2024.2 (Build 5238294 on Nov  8 2024)
* Project:        fir.comp
* Solution:       hls (Vivado IP Flow Target)
* Product family: zynq
* Target device:  xc7z020-clg400-1


================================================================
== Performance Estimates
================================================================
+ Timing: 
    * Summary: 
    +--------+----------+----------+------------+
    |  Clock |  Target  | Estimated| Uncertainty|
    +--------+----------+----------+------------+
    |ap_clk  |  10.00 ns|  7.052 ns|     2.70 ns|
    +--------+----------+----------+------------+

+ Latency: 
    * Summary: 
    +---------+---------+----------+----------+-----+-----+------------------------------------------------+
    |  Latency (cycles) |  Latency (absolute) |  Interval |                    Pipeline                    |
    |   min   |   max   |    min   |    max   | min | max |                      Type                      |
    +---------+---------+----------+----------+-----+-----+------------------------------------------------+
    |       98|       98|  0.980 us|  0.980 us|   28|   28|  loop auto-rewind stp (delay=0 clock cycles(s))|
    +---------+---------+----------+----------+-----+-----+------------------------------------------------+

    + Detail: 
        * Instance: 
        N/A

        * Loop: 
        +----------+---------+---------+----------+-----------+-----------+------+----------+
        |          |  Latency (cycles) | Iteration|  Initiation Interval  | Trip |          |
        | Loop Name|   min   |   max   |  Latency |  achieved |   target  | Count| Pipelined|
        +----------+---------+---------+----------+-----------+-----------+------+----------+
        |- TDL     |       96|       96|        71|          2|          1|    13|       yes|
        +----------+---------+---------+----------+-----------+-----------+------+----------+



================================================================
== Utilization Estimates
================================================================
* Summary: 
+-----------------+---------+-----+--------+-------+-----+
|       Name      | BRAM_18K| DSP |   FF   |  LUT  | URAM|
+-----------------+---------+-----+--------+-------+-----+
|DSP              |        -|    -|       -|      -|    -|
|Expression       |        -|    -|       0|    829|    -|
|FIFO             |        -|    -|       -|      -|    -|
|Instance         |        -|   96|   11297|   9143|    -|
|Memory           |        -|    -|       -|      -|    -|
|Multiplexer      |        -|    -|       0|   3669|    -|
|Register         |        -|    -|    3276|    128|    -|
+-----------------+---------+-----+--------+-------+-----+
|Total            |        0|   96|   14573|  13769|    0|
+-----------------+---------+-----+--------+-------+-----+
|Available        |      280|  220|  106400|  53200|    0|
+-----------------+---------+-----+--------+-------+-----+
|Utilization (%)  |        0|   43|      13|     25|    0|
+-----------------+---------+-----+--------+-------+-----+

+ Detail: 
    * Instance: 
    +---------------------------+-----------------------+---------+----+------+------+-----+
    |          Instance         |         Module        | BRAM_18K| DSP|  FF  |  LUT | URAM|
    +---------------------------+-----------------------+---------+----+------+------+-----+
    |mul_64ns_66ns_129_5_1_U1   |mul_64ns_66ns_129_5_1  |        0|  16|   441|   256|    0|
    |mul_64ns_66ns_129_5_1_U2   |mul_64ns_66ns_129_5_1  |        0|  16|   441|   256|    0|
    |mul_64ns_66ns_129_5_1_U3   |mul_64ns_66ns_129_5_1  |        0|  16|   441|   256|    0|
    |mul_64ns_66ns_129_5_1_U4   |mul_64ns_66ns_129_5_1  |        0|  16|   441|   256|    0|
    |mul_64ns_66ns_129_5_1_U5   |mul_64ns_66ns_129_5_1  |        0|  16|   441|   256|    0|
    |mul_64ns_66ns_129_5_1_U6   |mul_64ns_66ns_129_5_1  |        0|  16|   441|   256|    0|
    |sparsemux_41_5_32_1_1_U8   |sparsemux_41_5_32_1_1  |        0|   0|     0|   100|    0|
    |sparsemux_41_5_32_1_1_U9   |sparsemux_41_5_32_1_1  |        0|   0|     0|   100|    0|
    |sparsemux_41_5_32_1_1_U10  |sparsemux_41_5_32_1_1  |        0|   0|     0|   100|    0|
    |sparsemux_41_5_32_1_1_U11  |sparsemux_41_5_32_1_1  |        0|   0|     0|   100|    0|
    |sparsemux_41_5_32_1_1_U12  |sparsemux_41_5_32_1_1  |        0|   0|     0|   100|    0|
    |sparsemux_41_5_32_1_1_U13  |sparsemux_41_5_32_1_1  |        0|   0|     0|   100|    0|
    |sparsemux_41_5_32_1_1_U14  |sparsemux_41_5_32_1_1  |        0|   0|     0|   100|    0|
    |sparsemux_41_5_32_1_1_U15  |sparsemux_41_5_32_1_1  |        0|   0|     0|   100|    0|
    |sparsemux_41_5_32_1_1_U16  |sparsemux_41_5_32_1_1  |        0|   0|     0|   100|    0|
    |sparsemux_41_5_32_1_1_U17  |sparsemux_41_5_32_1_1  |        0|   0|     0|   100|    0|
    |urem_64ns_6ns_5_68_1_U7    |urem_64ns_6ns_5_68_1   |        0|   0|  8651|  6607|    0|
    +---------------------------+-----------------------+---------+----+------+------+-----+
    |Total                      |                       |        0|  96| 11297|  9143|    0|
    +---------------------------+-----------------------+---------+----+------+------+-----+

    * DSP: 
    N/A

    * Memory: 
    N/A

    * FIFO: 
    N/A

    * Expression: 
    +-------------------------------+----------+----+---+----+------------+------------+
    |         Variable Name         | Operation| DSP| FF| LUT| Bitwidth P0| Bitwidth P1|
    +-------------------------------+----------+----+---+----+------------+------------+
    |add_ln33_1_fu_2194_p2          |         +|   0|  0|  71|          64|           3|
    |add_ln33_2_fu_2199_p2          |         +|   0|  0|  71|          64|           3|
    |add_ln33_3_fu_2204_p2          |         +|   0|  0|  71|          64|           4|
    |add_ln33_4_fu_2209_p2          |         +|   0|  0|  71|          64|           4|
    |add_ln33_5_fu_2214_p2          |         +|   0|  0|  71|          64|           4|
    |add_ln33_6_fu_2158_p2          |         +|   0|  0|  71|          64|           4|
    |add_ln33_7_fu_2179_p2          |         +|   0|  0|  71|          64|           5|
    |add_ln33_8_fu_2184_p2          |         +|   0|  0|  71|          64|           5|
    |add_ln33_9_fu_2169_p2          |         +|   0|  0|  71|          64|           5|
    |add_ln33_fu_2189_p2            |         +|   0|  0|  71|          64|           2|
    |ap_condition_1095              |       and|   0|  0|   2|           1|           1|
    |ap_condition_1248              |       and|   0|  0|   2|           1|           1|
    |ap_predicate_pred1110_state72  |       and|   0|  0|   2|           1|           1|
    |ap_predicate_pred1114_state72  |       and|   0|  0|   2|           1|           1|
    |ap_predicate_pred1118_state72  |       and|   0|  0|   2|           1|           1|
    |ap_predicate_pred1122_state72  |       and|   0|  0|   2|           1|           1|
    |ap_predicate_pred1126_state72  |       and|   0|  0|   2|           1|           1|
    |ap_predicate_pred1130_state72  |       and|   0|  0|   2|           1|           1|
    |ap_predicate_pred1134_state72  |       and|   0|  0|   2|           1|           1|
    |ap_predicate_pred1138_state72  |       and|   0|  0|   2|           1|           1|
    |ap_predicate_pred1142_state72  |       and|   0|  0|   2|           1|           1|
    |ap_predicate_pred1151_state72  |       and|   0|  0|   2|           1|           1|
    |ap_predicate_pred1155_state72  |       and|   0|  0|   2|           1|           1|
    |ap_predicate_pred1159_state72  |       and|   0|  0|   2|           1|           1|
    |ap_predicate_pred1163_state72  |       and|   0|  0|   2|           1|           1|
    |ap_predicate_pred1167_state72  |       and|   0|  0|   2|           1|           1|
    |ap_predicate_pred1171_state72  |       and|   0|  0|   2|           1|           1|
    |ap_predicate_pred1175_state72  |       and|   0|  0|   2|           1|           1|
    |ap_predicate_pred1179_state72  |       and|   0|  0|   2|           1|           1|
    |ap_predicate_pred1183_state72  |       and|   0|  0|   2|           1|           1|
    |ap_predicate_pred1187_state72  |       and|   0|  0|   2|           1|           1|
    |ap_predicate_pred1752_state72  |       and|   0|  0|   2|           1|           1|
    |ap_predicate_pred1753_state72  |       and|   0|  0|   2|           1|           1|
    |icmp_ln31_fu_2164_p2           |      icmp|   0|  0|  71|          64|           1|
    |ap_enable_pp0                  |       xor|   0|  0|   2|           1|           2|
    +-------------------------------+----------+----+---+----+------------+------------+
    |Total                          |          |   0|  0| 829|         728|          65|
    +-------------------------------+----------+----+---+----+------------+------------+

    * Multiplexer: 
    +------------------------------------------+----+-----------+-----+-----------+
    |                   Name                   | LUT| Input Size| Bits| Total Bits|
    +------------------------------------------+----+-----------+-----+-----------+
    |ap_NS_fsm                                 |  14|          3|    1|          3|
    |ap_done_int                               |   9|          2|    1|          2|
    |ap_enable_reg_pp0_iter0                   |   9|          2|    1|          2|
    |ap_enable_reg_pp0_iter1                   |   9|          2|    1|          2|
    |ap_loop_exit_ready_pp0_iter35_reg         |   9|          2|    1|          2|
    |fir_int_int_shift_reg_10_address0_local   |  59|         11|    3|         33|
    |fir_int_int_shift_reg_10_address1_local   |  59|         11|    3|         33|
    |fir_int_int_shift_reg_10_d0_local         |  59|         11|   32|        352|
    |fir_int_int_shift_reg_11_address0_local   |  59|         11|    3|         33|
    |fir_int_int_shift_reg_11_address1_local   |  59|         11|    3|         33|
    |fir_int_int_shift_reg_11_d0_local         |  59|         11|   32|        352|
    |fir_int_int_shift_reg_12_address0_local   |  59|         11|    3|         33|
    |fir_int_int_shift_reg_12_address1_local   |  59|         11|    3|         33|
    |fir_int_int_shift_reg_12_d0_local         |  59|         11|   32|        352|
    |fir_int_int_shift_reg_13_address0_local   |  59|         11|    3|         33|
    |fir_int_int_shift_reg_13_address1_local   |  59|         11|    3|         33|
    |fir_int_int_shift_reg_13_d0_local         |  59|         11|   32|        352|
    |fir_int_int_shift_reg_14_address0_local   |  59|         11|    3|         33|
    |fir_int_int_shift_reg_14_address1_local   |  59|         11|    3|         33|
    |fir_int_int_shift_reg_14_d0_local         |  59|         11|   32|        352|
    |fir_int_int_shift_reg_15_address0_local   |  59|         11|    3|         33|
    |fir_int_int_shift_reg_15_address1_local   |  59|         11|    3|         33|
    |fir_int_int_shift_reg_15_d0_local         |  59|         11|   32|        352|
    |fir_int_int_shift_reg_16_address0_local   |  59|         11|    3|         33|
    |fir_int_int_shift_reg_16_address1_local   |  59|         11|    3|         33|
    |fir_int_int_shift_reg_16_d0_local         |  59|         11|   32|        352|
    |fir_int_int_shift_reg_17_address0_local   |  59|         11|    3|         33|
    |fir_int_int_shift_reg_17_address1_local   |  59|         11|    3|         33|
    |fir_int_int_shift_reg_17_d0_local         |  59|         11|   32|        352|
    |fir_int_int_shift_reg_18_address0_local   |  59|         11|    3|         33|
    |fir_int_int_shift_reg_18_address1_local   |  59|         11|    3|         33|
    |fir_int_int_shift_reg_18_d0_local         |  59|         11|   32|        352|
    |fir_int_int_shift_reg_address0_local      |  59|         11|    3|         33|
    |fir_int_int_shift_reg_address1_local      |  59|         11|    3|         33|
    |fir_int_int_shift_reg_d0_local            |  59|         11|   32|        352|
    |grp_fu_2060_p0                            |  14|          3|   64|        192|
    |grp_fu_2065_p0                            |  14|          3|   64|        192|
    |grp_fu_2070_p0                            |  14|          3|   64|        192|
    |grp_fu_2075_p0                            |  14|          3|   64|        192|
    |grp_fu_2080_p0                            |  14|          3|   64|        192|
    |i_fu_136                                  |   9|          2|   64|        128|
    |p_ZZ3firPiiE9shift_reg_10_address0_local  |  59|         11|    3|         33|
    |p_ZZ3firPiiE9shift_reg_10_address1_local  |  59|         11|    3|         33|
    |p_ZZ3firPiiE9shift_reg_10_d0_local        |  59|         11|   32|        352|
    |p_ZZ3firPiiE9shift_reg_11_address0_local  |  59|         11|    3|         33|
    |p_ZZ3firPiiE9shift_reg_11_address1_local  |  59|         11|    3|         33|
    |p_ZZ3firPiiE9shift_reg_11_d0_local        |  59|         11|   32|        352|
    |p_ZZ3firPiiE9shift_reg_12_address0_local  |  59|         11|    3|         33|
    |p_ZZ3firPiiE9shift_reg_12_address1_local  |  59|         11|    3|         33|
    |p_ZZ3firPiiE9shift_reg_12_d0_local        |  59|         11|   32|        352|
    |p_ZZ3firPiiE9shift_reg_13_address0_local  |  59|         11|    3|         33|
    |p_ZZ3firPiiE9shift_reg_13_address1_local  |  59|         11|    3|         33|
    |p_ZZ3firPiiE9shift_reg_13_d0_local        |  59|         11|   32|        352|
    |p_ZZ3firPiiE9shift_reg_14_address0_local  |  59|         11|    3|         33|
    |p_ZZ3firPiiE9shift_reg_14_address1_local  |  59|         11|    3|         33|
    |p_ZZ3firPiiE9shift_reg_14_d0_local        |  59|         11|   32|        352|
    |p_ZZ3firPiiE9shift_reg_15_address0_local  |  59|         11|    3|         33|
    |p_ZZ3firPiiE9shift_reg_15_address1_local  |  59|         11|    3|         33|
    |p_ZZ3firPiiE9shift_reg_15_d0_local        |  59|         11|   32|        352|
    |p_ZZ3firPiiE9shift_reg_16_address0_local  |  59|         11|    3|         33|
    |p_ZZ3firPiiE9shift_reg_16_address1_local  |  59|         11|    3|         33|
    |p_ZZ3firPiiE9shift_reg_16_d0_local        |  59|         11|   32|        352|
    |p_ZZ3firPiiE9shift_reg_17_address0_local  |  59|         11|    3|         33|
    |p_ZZ3firPiiE9shift_reg_17_address1_local  |  59|         11|    3|         33|
    |p_ZZ3firPiiE9shift_reg_17_d0_local        |  59|         11|   32|        352|
    |p_ZZ3firPiiE9shift_reg_18_address0_local  |  59|         11|    3|         33|
    |p_ZZ3firPiiE9shift_reg_18_address1_local  |  59|         11|    3|         33|
    |p_ZZ3firPiiE9shift_reg_18_d0_local        |  59|         11|   32|        352|
    |p_ZZ3firPiiE9shift_reg_19_address0_local  |  59|         11|    3|         33|
    |p_ZZ3firPiiE9shift_reg_19_address1_local  |  59|         11|    3|         33|
    |p_ZZ3firPiiE9shift_reg_19_d0_local        |  59|         11|   32|        352|
    +------------------------------------------+----+-----------+-----+-----------+
    |Total                                     |3669|        688| 1149|       9459|
    +------------------------------------------+----+-----------+-----+-----------+

    * Register: 
    +-----------------------------------------------------------------------------+----+----+-----+-----------+
    |                                     Name                                    | FF | LUT| Bits| Const Bits|
    +-----------------------------------------------------------------------------+----+----+-----+-----------+
    |add_ln33_1_reg_3454                                                          |  64|   0|   64|          0|
    |add_ln33_2_reg_3459                                                          |  64|   0|   64|          0|
    |add_ln33_3_reg_3464                                                          |  64|   0|   64|          0|
    |add_ln33_4_reg_3469                                                          |  64|   0|   64|          0|
    |add_ln33_5_reg_3474                                                          |  64|   0|   64|          0|
    |add_ln33_6_reg_3424                                                          |  64|   0|   64|          0|
    |add_ln33_7_reg_3439                                                          |  64|   0|   64|          0|
    |add_ln33_8_reg_3444                                                          |  64|   0|   64|          0|
    |add_ln33_9_reg_3434                                                          |  64|   0|   64|          0|
    |add_ln33_reg_3449                                                            |  64|   0|   64|          0|
    |ap_CS_fsm                                                                    |   2|   0|    2|          0|
    |ap_done_reg                                                                  |   1|   0|    1|          0|
    |ap_enable_reg_pp0_iter0_reg                                                  |   1|   0|    1|          0|
    |ap_enable_reg_pp0_iter1                                                      |   1|   0|    1|          0|
    |ap_enable_reg_pp0_iter10                                                     |   1|   0|    1|          0|
    |ap_enable_reg_pp0_iter11                                                     |   1|   0|    1|          0|
    |ap_enable_reg_pp0_iter12                                                     |   1|   0|    1|          0|
    |ap_enable_reg_pp0_iter13                                                     |   1|   0|    1|          0|
    |ap_enable_reg_pp0_iter14                                                     |   1|   0|    1|          0|
    |ap_enable_reg_pp0_iter15                                                     |   1|   0|    1|          0|
    |ap_enable_reg_pp0_iter16                                                     |   1|   0|    1|          0|
    |ap_enable_reg_pp0_iter17                                                     |   1|   0|    1|          0|
    |ap_enable_reg_pp0_iter18                                                     |   1|   0|    1|          0|
    |ap_enable_reg_pp0_iter19                                                     |   1|   0|    1|          0|
    |ap_enable_reg_pp0_iter2                                                      |   1|   0|    1|          0|
    |ap_enable_reg_pp0_iter20                                                     |   1|   0|    1|          0|
    |ap_enable_reg_pp0_iter21                                                     |   1|   0|    1|          0|
    |ap_enable_reg_pp0_iter22                                                     |   1|   0|    1|          0|
    |ap_enable_reg_pp0_iter23                                                     |   1|   0|    1|          0|
    |ap_enable_reg_pp0_iter24                                                     |   1|   0|    1|          0|
    |ap_enable_reg_pp0_iter25                                                     |   1|   0|    1|          0|
    |ap_enable_reg_pp0_iter26                                                     |   1|   0|    1|          0|
    |ap_enable_reg_pp0_iter27                                                     |   1|   0|    1|          0|
    |ap_enable_reg_pp0_iter28                                                     |   1|   0|    1|          0|
    |ap_enable_reg_pp0_iter29                                                     |   1|   0|    1|          0|
    |ap_enable_reg_pp0_iter3                                                      |   1|   0|    1|          0|
    |ap_enable_reg_pp0_iter30                                                     |   1|   0|    1|          0|
    |ap_enable_reg_pp0_iter31                                                     |   1|   0|    1|          0|
    |ap_enable_reg_pp0_iter32                                                     |   1|   0|    1|          0|
    |ap_enable_reg_pp0_iter33                                                     |   1|   0|    1|          0|
    |ap_enable_reg_pp0_iter34                                                     |   1|   0|    1|          0|
    |ap_enable_reg_pp0_iter35                                                     |   1|   0|    1|          0|
    |ap_enable_reg_pp0_iter4                                                      |   1|   0|    1|          0|
    |ap_enable_reg_pp0_iter5                                                      |   1|   0|    1|          0|
    |ap_enable_reg_pp0_iter6                                                      |   1|   0|    1|          0|
    |ap_enable_reg_pp0_iter7                                                      |   1|   0|    1|          0|
    |ap_enable_reg_pp0_iter8                                                      |   1|   0|    1|          0|
    |ap_enable_reg_pp0_iter9                                                      |   1|   0|    1|          0|
    |ap_loop_exit_ready_pp0_iter10_reg                                            |   1|   0|    1|          0|
    |ap_loop_exit_ready_pp0_iter11_reg                                            |   1|   0|    1|          0|
    |ap_loop_exit_ready_pp0_iter12_reg                                            |   1|   0|    1|          0|
    |ap_loop_exit_ready_pp0_iter13_reg                                            |   1|   0|    1|          0|
    |ap_loop_exit_ready_pp0_iter14_reg                                            |   1|   0|    1|          0|
    |ap_loop_exit_ready_pp0_iter15_reg                                            |   1|   0|    1|          0|
    |ap_loop_exit_ready_pp0_iter16_reg                                            |   1|   0|    1|          0|
    |ap_loop_exit_ready_pp0_iter17_reg                                            |   1|   0|    1|          0|
    |ap_loop_exit_ready_pp0_iter18_reg                                            |   1|   0|    1|          0|
    |ap_loop_exit_ready_pp0_iter19_reg                                            |   1|   0|    1|          0|
    |ap_loop_exit_ready_pp0_iter20_reg                                            |   1|   0|    1|          0|
    |ap_loop_exit_ready_pp0_iter21_reg                                            |   1|   0|    1|          0|
    |ap_loop_exit_ready_pp0_iter22_reg                                            |   1|   0|    1|          0|
    |ap_loop_exit_ready_pp0_iter23_reg                                            |   1|   0|    1|          0|
    |ap_loop_exit_ready_pp0_iter24_reg                                            |   1|   0|    1|          0|
    |ap_loop_exit_ready_pp0_iter25_reg                                            |   1|   0|    1|          0|
    |ap_loop_exit_ready_pp0_iter26_reg                                            |   1|   0|    1|          0|
    |ap_loop_exit_ready_pp0_iter27_reg                                            |   1|   0|    1|          0|
    |ap_loop_exit_ready_pp0_iter28_reg                                            |   1|   0|    1|          0|
    |ap_loop_exit_ready_pp0_iter29_reg                                            |   1|   0|    1|          0|
    |ap_loop_exit_ready_pp0_iter2_reg                                             |   1|   0|    1|          0|
    |ap_loop_exit_ready_pp0_iter30_reg                                            |   1|   0|    1|          0|
    |ap_loop_exit_ready_pp0_iter31_reg                                            |   1|   0|    1|          0|
    |ap_loop_exit_ready_pp0_iter32_reg                                            |   1|   0|    1|          0|
    |ap_loop_exit_ready_pp0_iter33_reg                                            |   1|   0|    1|          0|
    |ap_loop_exit_ready_pp0_iter34_reg                                            |   1|   0|    1|          0|
    |ap_loop_exit_ready_pp0_iter35_reg                                            |   1|   0|    1|          0|
    |ap_loop_exit_ready_pp0_iter3_reg                                             |   1|   0|    1|          0|
    |ap_loop_exit_ready_pp0_iter4_reg                                             |   1|   0|    1|          0|
    |ap_loop_exit_ready_pp0_iter5_reg                                             |   1|   0|    1|          0|
    |ap_loop_exit_ready_pp0_iter6_reg                                             |   1|   0|    1|          0|
    |ap_loop_exit_ready_pp0_iter7_reg                                             |   1|   0|    1|          0|
    |ap_loop_exit_ready_pp0_iter8_reg                                             |   1|   0|    1|          0|
    |ap_loop_exit_ready_pp0_iter9_reg                                             |   1|   0|    1|          0|
    |ap_predicate_pred1109_state72                                                |   1|   0|    1|          0|
    |ap_predicate_pred1110_state72                                                |   1|   0|    1|          0|
    |ap_predicate_pred1113_state72                                                |   1|   0|    1|          0|
    |ap_predicate_pred1114_state72                                                |   1|   0|    1|          0|
    |ap_predicate_pred1117_state72                                                |   1|   0|    1|          0|
    |ap_predicate_pred1118_state72                                                |   1|   0|    1|          0|
    |ap_predicate_pred1121_state72                                                |   1|   0|    1|          0|
    |ap_predicate_pred1122_state72                                                |   1|   0|    1|          0|
    |ap_predicate_pred1125_state72                                                |   1|   0|    1|          0|
    |ap_predicate_pred1126_state72                                                |   1|   0|    1|          0|
    |ap_predicate_pred1129_state72                                                |   1|   0|    1|          0|
    |ap_predicate_pred1130_state72                                                |   1|   0|    1|          0|
    |ap_predicate_pred1133_state72                                                |   1|   0|    1|          0|
    |ap_predicate_pred1134_state72                                                |   1|   0|    1|          0|
    |ap_predicate_pred1137_state72                                                |   1|   0|    1|          0|
    |ap_predicate_pred1138_state72                                                |   1|   0|    1|          0|
    |ap_predicate_pred1141_state72                                                |   1|   0|    1|          0|
    |ap_predicate_pred1142_state72                                                |   1|   0|    1|          0|
    |ap_predicate_pred1150_state72                                                |   1|   0|    1|          0|
    |ap_predicate_pred1151_state72                                                |   1|   0|    1|          0|
    |ap_predicate_pred1154_state72                                                |   1|   0|    1|          0|
    |ap_predicate_pred1155_state72                                                |   1|   0|    1|          0|
    |ap_predicate_pred1158_state72                                                |   1|   0|    1|          0|
    |ap_predicate_pred1159_state72                                                |   1|   0|    1|          0|
    |ap_predicate_pred1162_state72                                                |   1|   0|    1|          0|
    |ap_predicate_pred1163_state72                                                |   1|   0|    1|          0|
    |ap_predicate_pred1166_state72                                                |   1|   0|    1|          0|
    |ap_predicate_pred1167_state72                                                |   1|   0|    1|          0|
    |ap_predicate_pred1170_state72                                                |   1|   0|    1|          0|
    |ap_predicate_pred1171_state72                                                |   1|   0|    1|          0|
    |ap_predicate_pred1174_state72                                                |   1|   0|    1|          0|
    |ap_predicate_pred1175_state72                                                |   1|   0|    1|          0|
    |ap_predicate_pred1178_state72                                                |   1|   0|    1|          0|
    |ap_predicate_pred1179_state72                                                |   1|   0|    1|          0|
    |ap_predicate_pred1182_state72                                                |   1|   0|    1|          0|
    |ap_predicate_pred1183_state72                                                |   1|   0|    1|          0|
    |ap_predicate_pred1186_state72                                                |   1|   0|    1|          0|
    |ap_predicate_pred1187_state72                                                |   1|   0|    1|          0|
    |ap_predicate_pred1752_state72                                                |   1|   0|    1|          0|
    |ap_predicate_pred1753_state72                                                |   1|   0|    1|          0|
    |fir_int_int_shift_reg_10_addr_1_reg_4802                                     |   3|   0|    3|          0|
    |fir_int_int_shift_reg_10_addr_2_reg_3719                                     |   3|   0|    3|          0|
    |fir_int_int_shift_reg_10_addr_3_reg_3839                                     |   3|   0|    3|          0|
    |fir_int_int_shift_reg_10_addr_4_reg_3959                                     |   3|   0|    3|          0|
    |fir_int_int_shift_reg_10_addr_5_reg_4079                                     |   3|   0|    3|          0|
    |fir_int_int_shift_reg_10_addr_6_reg_4199                                     |   3|   0|    3|          0|
    |fir_int_int_shift_reg_10_addr_7_reg_4319                                     |   3|   0|    3|          0|
    |fir_int_int_shift_reg_10_addr_8_reg_4439                                     |   3|   0|    3|          0|
    |fir_int_int_shift_reg_10_addr_9_reg_4559                                     |   3|   0|    3|          0|
    |fir_int_int_shift_reg_10_addr_reg_3599                                       |   3|   0|    3|          0|
    |fir_int_int_shift_reg_10_load_9_reg_5094                                     |  32|   0|   32|          0|
    |fir_int_int_shift_reg_11_addr_1_reg_4807                                     |   3|   0|    3|          0|
    |fir_int_int_shift_reg_11_addr_2_reg_3725                                     |   3|   0|    3|          0|
    |fir_int_int_shift_reg_11_addr_3_reg_3845                                     |   3|   0|    3|          0|
    |fir_int_int_shift_reg_11_addr_4_reg_3965                                     |   3|   0|    3|          0|
    |fir_int_int_shift_reg_11_addr_5_reg_4085                                     |   3|   0|    3|          0|
    |fir_int_int_shift_reg_11_addr_6_reg_4205                                     |   3|   0|    3|          0|
    |fir_int_int_shift_reg_11_addr_7_reg_4325                                     |   3|   0|    3|          0|
    |fir_int_int_shift_reg_11_addr_8_reg_4445                                     |   3|   0|    3|          0|
    |fir_int_int_shift_reg_11_addr_9_reg_4565                                     |   3|   0|    3|          0|
    |fir_int_int_shift_reg_11_addr_reg_3605                                       |   3|   0|    3|          0|
    |fir_int_int_shift_reg_11_load_9_reg_5099                                     |  32|   0|   32|          0|
    |fir_int_int_shift_reg_12_addr_1_reg_4812                                     |   3|   0|    3|          0|
    |fir_int_int_shift_reg_12_addr_2_reg_3731                                     |   3|   0|    3|          0|
    |fir_int_int_shift_reg_12_addr_3_reg_3851                                     |   3|   0|    3|          0|
    |fir_int_int_shift_reg_12_addr_4_reg_3971                                     |   3|   0|    3|          0|
    |fir_int_int_shift_reg_12_addr_5_reg_4091                                     |   3|   0|    3|          0|
    |fir_int_int_shift_reg_12_addr_6_reg_4211                                     |   3|   0|    3|          0|
    |fir_int_int_shift_reg_12_addr_7_reg_4331                                     |   3|   0|    3|          0|
    |fir_int_int_shift_reg_12_addr_8_reg_4451                                     |   3|   0|    3|          0|
    |fir_int_int_shift_reg_12_addr_9_reg_4571                                     |   3|   0|    3|          0|
    |fir_int_int_shift_reg_12_addr_reg_3611                                       |   3|   0|    3|          0|
    |fir_int_int_shift_reg_12_load_9_reg_5104                                     |  32|   0|   32|          0|
    |fir_int_int_shift_reg_13_addr_1_reg_4817                                     |   3|   0|    3|          0|
    |fir_int_int_shift_reg_13_addr_2_reg_3737                                     |   3|   0|    3|          0|
    |fir_int_int_shift_reg_13_addr_3_reg_3857                                     |   3|   0|    3|          0|
    |fir_int_int_shift_reg_13_addr_4_reg_3977                                     |   3|   0|    3|          0|
    |fir_int_int_shift_reg_13_addr_5_reg_4097                                     |   3|   0|    3|          0|
    |fir_int_int_shift_reg_13_addr_6_reg_4217                                     |   3|   0|    3|          0|
    |fir_int_int_shift_reg_13_addr_7_reg_4337                                     |   3|   0|    3|          0|
    |fir_int_int_shift_reg_13_addr_8_reg_4457                                     |   3|   0|    3|          0|
    |fir_int_int_shift_reg_13_addr_9_reg_4577                                     |   3|   0|    3|          0|
    |fir_int_int_shift_reg_13_addr_reg_3617                                       |   3|   0|    3|          0|
    |fir_int_int_shift_reg_13_load_9_reg_5109                                     |  32|   0|   32|          0|
    |fir_int_int_shift_reg_14_addr_1_reg_4822                                     |   3|   0|    3|          0|
    |fir_int_int_shift_reg_14_addr_2_reg_3743                                     |   3|   0|    3|          0|
    |fir_int_int_shift_reg_14_addr_3_reg_3863                                     |   3|   0|    3|          0|
    |fir_int_int_shift_reg_14_addr_4_reg_3983                                     |   3|   0|    3|          0|
    |fir_int_int_shift_reg_14_addr_5_reg_4103                                     |   3|   0|    3|          0|
    |fir_int_int_shift_reg_14_addr_6_reg_4223                                     |   3|   0|    3|          0|
    |fir_int_int_shift_reg_14_addr_7_reg_4343                                     |   3|   0|    3|          0|
    |fir_int_int_shift_reg_14_addr_8_reg_4463                                     |   3|   0|    3|          0|
    |fir_int_int_shift_reg_14_addr_9_reg_4583                                     |   3|   0|    3|          0|
    |fir_int_int_shift_reg_14_addr_reg_3623                                       |   3|   0|    3|          0|
    |fir_int_int_shift_reg_14_load_9_reg_5114                                     |  32|   0|   32|          0|
    |fir_int_int_shift_reg_15_addr_1_reg_4827                                     |   3|   0|    3|          0|
    |fir_int_int_shift_reg_15_addr_2_reg_3749                                     |   3|   0|    3|          0|
    |fir_int_int_shift_reg_15_addr_3_reg_3869                                     |   3|   0|    3|          0|
    |fir_int_int_shift_reg_15_addr_4_reg_3989                                     |   3|   0|    3|          0|
    |fir_int_int_shift_reg_15_addr_5_reg_4109                                     |   3|   0|    3|          0|
    |fir_int_int_shift_reg_15_addr_6_reg_4229                                     |   3|   0|    3|          0|
    |fir_int_int_shift_reg_15_addr_7_reg_4349                                     |   3|   0|    3|          0|
    |fir_int_int_shift_reg_15_addr_8_reg_4469                                     |   3|   0|    3|          0|
    |fir_int_int_shift_reg_15_addr_9_reg_4589                                     |   3|   0|    3|          0|
    |fir_int_int_shift_reg_15_addr_reg_3629                                       |   3|   0|    3|          0|
    |fir_int_int_shift_reg_15_load_9_reg_5119                                     |  32|   0|   32|          0|
    |fir_int_int_shift_reg_16_addr_1_reg_4832                                     |   3|   0|    3|          0|
    |fir_int_int_shift_reg_16_addr_2_reg_3755                                     |   3|   0|    3|          0|
    |fir_int_int_shift_reg_16_addr_3_reg_3875                                     |   3|   0|    3|          0|
    |fir_int_int_shift_reg_16_addr_4_reg_3995                                     |   3|   0|    3|          0|
    |fir_int_int_shift_reg_16_addr_5_reg_4115                                     |   3|   0|    3|          0|
    |fir_int_int_shift_reg_16_addr_6_reg_4235                                     |   3|   0|    3|          0|
    |fir_int_int_shift_reg_16_addr_7_reg_4355                                     |   3|   0|    3|          0|
    |fir_int_int_shift_reg_16_addr_8_reg_4475                                     |   3|   0|    3|          0|
    |fir_int_int_shift_reg_16_addr_9_reg_4595                                     |   3|   0|    3|          0|
    |fir_int_int_shift_reg_16_addr_reg_3635                                       |   3|   0|    3|          0|
    |fir_int_int_shift_reg_16_load_9_reg_5124                                     |  32|   0|   32|          0|
    |fir_int_int_shift_reg_16_reg_4882                                            |   3|   0|    3|          0|
    |fir_int_int_shift_reg_17_addr_1_reg_4837                                     |   3|   0|    3|          0|
    |fir_int_int_shift_reg_17_addr_2_reg_3761                                     |   3|   0|    3|          0|
    |fir_int_int_shift_reg_17_addr_3_reg_3881                                     |   3|   0|    3|          0|
    |fir_int_int_shift_reg_17_addr_4_reg_4001                                     |   3|   0|    3|          0|
    |fir_int_int_shift_reg_17_addr_5_reg_4121                                     |   3|   0|    3|          0|
    |fir_int_int_shift_reg_17_addr_6_reg_4241                                     |   3|   0|    3|          0|
    |fir_int_int_shift_reg_17_addr_7_reg_4361                                     |   3|   0|    3|          0|
    |fir_int_int_shift_reg_17_addr_8_reg_4481                                     |   3|   0|    3|          0|
    |fir_int_int_shift_reg_17_addr_9_reg_4601                                     |   3|   0|    3|          0|
    |fir_int_int_shift_reg_17_addr_reg_3641                                       |   3|   0|    3|          0|
    |fir_int_int_shift_reg_17_load_9_reg_5129                                     |  32|   0|   32|          0|
    |fir_int_int_shift_reg_17_reg_3815                                            |   3|   0|    3|          0|
    |fir_int_int_shift_reg_18_addr_1_reg_4842                                     |   3|   0|    3|          0|
    |fir_int_int_shift_reg_18_addr_2_reg_3767                                     |   3|   0|    3|          0|
    |fir_int_int_shift_reg_18_addr_3_reg_3887                                     |   3|   0|    3|          0|
    |fir_int_int_shift_reg_18_addr_4_reg_4007                                     |   3|   0|    3|          0|
    |fir_int_int_shift_reg_18_addr_5_reg_4127                                     |   3|   0|    3|          0|
    |fir_int_int_shift_reg_18_addr_6_reg_4247                                     |   3|   0|    3|          0|
    |fir_int_int_shift_reg_18_addr_7_reg_4367                                     |   3|   0|    3|          0|
    |fir_int_int_shift_reg_18_addr_8_reg_4487                                     |   3|   0|    3|          0|
    |fir_int_int_shift_reg_18_addr_9_reg_4607                                     |   3|   0|    3|          0|
    |fir_int_int_shift_reg_18_addr_reg_3647                                       |   3|   0|    3|          0|
    |fir_int_int_shift_reg_18_load_9_reg_5134                                     |  32|   0|   32|          0|
    |fir_int_int_shift_reg_18_reg_3935                                            |   3|   0|    3|          0|
    |fir_int_int_shift_reg_19_reg_4055                                            |   3|   0|    3|          0|
    |fir_int_int_shift_reg_20_reg_4175                                            |   3|   0|    3|          0|
    |fir_int_int_shift_reg_21_reg_4295                                            |   3|   0|    3|          0|
    |fir_int_int_shift_reg_22_reg_4415                                            |   3|   0|    3|          0|
    |fir_int_int_shift_reg_29_reg_4535                                            |   3|   0|    3|          0|
    |fir_int_int_shift_reg_31_reg_4655                                            |   3|   0|    3|          0|
    |fir_int_int_shift_reg_34_reg_5174                                            |  32|   0|   32|          0|
    |fir_int_int_shift_reg_addr_1_reg_4797                                        |   3|   0|    3|          0|
    |fir_int_int_shift_reg_addr_2_reg_3713                                        |   3|   0|    3|          0|
    |fir_int_int_shift_reg_addr_3_reg_3833                                        |   3|   0|    3|          0|
    |fir_int_int_shift_reg_addr_4_reg_3953                                        |   3|   0|    3|          0|
    |fir_int_int_shift_reg_addr_5_reg_4073                                        |   3|   0|    3|          0|
    |fir_int_int_shift_reg_addr_6_reg_4193                                        |   3|   0|    3|          0|
    |fir_int_int_shift_reg_addr_7_reg_4313                                        |   3|   0|    3|          0|
    |fir_int_int_shift_reg_addr_8_reg_4433                                        |   3|   0|    3|          0|
    |fir_int_int_shift_reg_addr_9_reg_4553                                        |   3|   0|    3|          0|
    |fir_int_int_shift_reg_addr_reg_3593                                          |   3|   0|    3|          0|
    |fir_int_int_shift_reg_load_9_reg_5089                                        |  32|   0|   32|          0|
    |fir_int_int_shift_reg_reg_3683                                               |   3|   0|    3|          0|
    |fir_mulint_int_shift_reg_addr_1_reg_4872                                     |   3|   0|    3|          0|
    |fir_mulint_int_shift_reg_addr_2_reg_3803                                     |   3|   0|    3|          0|
    |fir_mulint_int_shift_reg_addr_3_reg_3923                                     |   3|   0|    3|          0|
    |fir_mulint_int_shift_reg_addr_4_reg_4043                                     |   3|   0|    3|          0|
    |fir_mulint_int_shift_reg_addr_5_reg_4163                                     |   3|   0|    3|          0|
    |fir_mulint_int_shift_reg_addr_6_reg_4283                                     |   3|   0|    3|          0|
    |fir_mulint_int_shift_reg_addr_7_reg_4403                                     |   3|   0|    3|          0|
    |fir_mulint_int_shift_reg_addr_8_reg_4523                                     |   3|   0|    3|          0|
    |fir_mulint_int_shift_reg_addr_9_reg_4643                                     |   3|   0|    3|          0|
    |fir_mulint_int_shift_reg_l_unsigned_int128_signed_char_double_9_reg_5149     |  32|   0|   32|          0|
    |fir_mulint_int_shift_reg_lo_signed_char_double_9_reg_5154                    |  32|   0|   32|          0|
    |fir_mulint_int_shift_reg_loa_double_9_reg_5159                               |  32|   0|   32|          0|
    |fir_mulint_int_shift_reg_load_9_reg_5164                                     |  32|   0|   32|          0|
    |fir_mulint_int_shift_reg_long_unsigned_int128_signed_char_double_9_reg_5144  |  32|   0|   32|          0|
    |i_1_reg_3409                                                                 |  64|   0|   64|          0|
    |i_fu_136                                                                     |  64|   0|   64|          0|
    |icmp_ln31_reg_3430                                                           |   1|   0|    1|          0|
    |p_ZZ3firPiiE9shift_reg_10_addr_1_reg_4847                                    |   3|   0|    3|          0|
    |p_ZZ3firPiiE9shift_reg_10_addr_2_reg_3773                                    |   3|   0|    3|          0|
    |p_ZZ3firPiiE9shift_reg_10_addr_3_reg_3893                                    |   3|   0|    3|          0|
    |p_ZZ3firPiiE9shift_reg_10_addr_4_reg_4013                                    |   3|   0|    3|          0|
    |p_ZZ3firPiiE9shift_reg_10_addr_5_reg_4133                                    |   3|   0|    3|          0|
    |p_ZZ3firPiiE9shift_reg_10_addr_6_reg_4253                                    |   3|   0|    3|          0|
    |p_ZZ3firPiiE9shift_reg_10_addr_7_reg_4373                                    |   3|   0|    3|          0|
    |p_ZZ3firPiiE9shift_reg_10_addr_8_reg_4493                                    |   3|   0|    3|          0|
    |p_ZZ3firPiiE9shift_reg_10_addr_9_reg_4613                                    |   3|   0|    3|          0|
    |p_ZZ3firPiiE9shift_reg_10_addr_reg_3653                                      |   3|   0|    3|          0|
    |p_ZZ3firPiiE9shift_reg_10_load_9_reg_5139                                    |  32|   0|   32|          0|
    |p_ZZ3firPiiE9shift_reg_11_addr_1_reg_4852                                    |   3|   0|    3|          0|
    |p_ZZ3firPiiE9shift_reg_11_addr_2_reg_3779                                    |   3|   0|    3|          0|
    |p_ZZ3firPiiE9shift_reg_11_addr_3_reg_3899                                    |   3|   0|    3|          0|
    |p_ZZ3firPiiE9shift_reg_11_addr_4_reg_4019                                    |   3|   0|    3|          0|
    |p_ZZ3firPiiE9shift_reg_11_addr_5_reg_4139                                    |   3|   0|    3|          0|
    |p_ZZ3firPiiE9shift_reg_11_addr_6_reg_4259                                    |   3|   0|    3|          0|
    |p_ZZ3firPiiE9shift_reg_11_addr_7_reg_4379                                    |   3|   0|    3|          0|
    |p_ZZ3firPiiE9shift_reg_11_addr_8_reg_4499                                    |   3|   0|    3|          0|
    |p_ZZ3firPiiE9shift_reg_11_addr_9_reg_4619                                    |   3|   0|    3|          0|
    |p_ZZ3firPiiE9shift_reg_11_addr_reg_3659                                      |   3|   0|    3|          0|
    |p_ZZ3firPiiE9shift_reg_12_addr_1_reg_4857                                    |   3|   0|    3|          0|
    |p_ZZ3firPiiE9shift_reg_12_addr_2_reg_3785                                    |   3|   0|    3|          0|
    |p_ZZ3firPiiE9shift_reg_12_addr_3_reg_3905                                    |   3|   0|    3|          0|
    |p_ZZ3firPiiE9shift_reg_12_addr_4_reg_4025                                    |   3|   0|    3|          0|
    |p_ZZ3firPiiE9shift_reg_12_addr_5_reg_4145                                    |   3|   0|    3|          0|
    |p_ZZ3firPiiE9shift_reg_12_addr_6_reg_4265                                    |   3|   0|    3|          0|
    |p_ZZ3firPiiE9shift_reg_12_addr_7_reg_4385                                    |   3|   0|    3|          0|
    |p_ZZ3firPiiE9shift_reg_12_addr_8_reg_4505                                    |   3|   0|    3|          0|
    |p_ZZ3firPiiE9shift_reg_12_addr_9_reg_4625                                    |   3|   0|    3|          0|
    |p_ZZ3firPiiE9shift_reg_12_addr_reg_3665                                      |   3|   0|    3|          0|
    |p_ZZ3firPiiE9shift_reg_13_addr_1_reg_4862                                    |   3|   0|    3|          0|
    |p_ZZ3firPiiE9shift_reg_13_addr_2_reg_3791                                    |   3|   0|    3|          0|
    |p_ZZ3firPiiE9shift_reg_13_addr_3_reg_3911                                    |   3|   0|    3|          0|
    |p_ZZ3firPiiE9shift_reg_13_addr_4_reg_4031                                    |   3|   0|    3|          0|
    |p_ZZ3firPiiE9shift_reg_13_addr_5_reg_4151                                    |   3|   0|    3|          0|
    |p_ZZ3firPiiE9shift_reg_13_addr_6_reg_4271                                    |   3|   0|    3|          0|
    |p_ZZ3firPiiE9shift_reg_13_addr_7_reg_4391                                    |   3|   0|    3|          0|
    |p_ZZ3firPiiE9shift_reg_13_addr_8_reg_4511                                    |   3|   0|    3|          0|
    |p_ZZ3firPiiE9shift_reg_13_addr_9_reg_4631                                    |   3|   0|    3|          0|
    |p_ZZ3firPiiE9shift_reg_13_addr_reg_3671                                      |   3|   0|    3|          0|
    |p_ZZ3firPiiE9shift_reg_14_addr_1_reg_4867                                    |   3|   0|    3|          0|
    |p_ZZ3firPiiE9shift_reg_14_addr_2_reg_3797                                    |   3|   0|    3|          0|
    |p_ZZ3firPiiE9shift_reg_14_addr_3_reg_3917                                    |   3|   0|    3|          0|
    |p_ZZ3firPiiE9shift_reg_14_addr_4_reg_4037                                    |   3|   0|    3|          0|
    |p_ZZ3firPiiE9shift_reg_14_addr_5_reg_4157                                    |   3|   0|    3|          0|
    |p_ZZ3firPiiE9shift_reg_14_addr_6_reg_4277                                    |   3|   0|    3|          0|
    |p_ZZ3firPiiE9shift_reg_14_addr_7_reg_4397                                    |   3|   0|    3|          0|
    |p_ZZ3firPiiE9shift_reg_14_addr_8_reg_4517                                    |   3|   0|    3|          0|
    |p_ZZ3firPiiE9shift_reg_14_addr_9_reg_4637                                    |   3|   0|    3|          0|
    |p_ZZ3firPiiE9shift_reg_14_addr_reg_3677                                      |   3|   0|    3|          0|
    |p_ZZ3firPiiE9shift_reg_16_addr_1_reg_4877                                    |   3|   0|    3|          0|
    |p_ZZ3firPiiE9shift_reg_16_addr_2_reg_3809                                    |   3|   0|    3|          0|
    |p_ZZ3firPiiE9shift_reg_16_addr_3_reg_3929                                    |   3|   0|    3|          0|
    |p_ZZ3firPiiE9shift_reg_16_addr_4_reg_4049                                    |   3|   0|    3|          0|
    |p_ZZ3firPiiE9shift_reg_16_addr_5_reg_4169                                    |   3|   0|    3|          0|
    |p_ZZ3firPiiE9shift_reg_16_addr_6_reg_4289                                    |   3|   0|    3|          0|
    |p_ZZ3firPiiE9shift_reg_16_addr_7_reg_4409                                    |   3|   0|    3|          0|
    |p_ZZ3firPiiE9shift_reg_16_addr_8_reg_4529                                    |   3|   0|    3|          0|
    |p_ZZ3firPiiE9shift_reg_16_addr_9_reg_4649                                    |   3|   0|    3|          0|
    |p_ZZ3firPiiE9shift_reg_16_addr_reg_3689                                      |   3|   0|    3|          0|
    |p_ZZ3firPiiE9shift_reg_16_load_9_reg_5169                                    |  32|   0|   32|          0|
    |p_ZZ3firPiiE9shift_reg_17_addr_reg_3695                                      |   3|   0|    3|          0|
    |p_ZZ3firPiiE9shift_reg_18_addr_1_reg_4887                                    |   3|   0|    3|          0|
    |p_ZZ3firPiiE9shift_reg_18_addr_2_reg_3821                                    |   3|   0|    3|          0|
    |p_ZZ3firPiiE9shift_reg_18_addr_3_reg_3941                                    |   3|   0|    3|          0|
    |p_ZZ3firPiiE9shift_reg_18_addr_4_reg_4061                                    |   3|   0|    3|          0|
    |p_ZZ3firPiiE9shift_reg_18_addr_5_reg_4181                                    |   3|   0|    3|          0|
    |p_ZZ3firPiiE9shift_reg_18_addr_6_reg_4301                                    |   3|   0|    3|          0|
    |p_ZZ3firPiiE9shift_reg_18_addr_7_reg_4421                                    |   3|   0|    3|          0|
    |p_ZZ3firPiiE9shift_reg_18_addr_8_reg_4541                                    |   3|   0|    3|          0|
    |p_ZZ3firPiiE9shift_reg_18_addr_9_reg_4661                                    |   3|   0|    3|          0|
    |p_ZZ3firPiiE9shift_reg_18_addr_reg_3701                                      |   3|   0|    3|          0|
    |p_ZZ3firPiiE9shift_reg_18_load_9_reg_5179                                    |  32|   0|   32|          0|
    |p_ZZ3firPiiE9shift_reg_19_addr_1_reg_4892                                    |   3|   0|    3|          0|
    |p_ZZ3firPiiE9shift_reg_19_addr_2_reg_3827                                    |   3|   0|    3|          0|
    |p_ZZ3firPiiE9shift_reg_19_addr_3_reg_3947                                    |   3|   0|    3|          0|
    |p_ZZ3firPiiE9shift_reg_19_addr_4_reg_4067                                    |   3|   0|    3|          0|
    |p_ZZ3firPiiE9shift_reg_19_addr_5_reg_4187                                    |   3|   0|    3|          0|
    |p_ZZ3firPiiE9shift_reg_19_addr_6_reg_4307                                    |   3|   0|    3|          0|
    |p_ZZ3firPiiE9shift_reg_19_addr_7_reg_4427                                    |   3|   0|    3|          0|
    |p_ZZ3firPiiE9shift_reg_19_addr_8_reg_4547                                    |   3|   0|    3|          0|
    |p_ZZ3firPiiE9shift_reg_19_addr_9_reg_4667                                    |   3|   0|    3|          0|
    |p_ZZ3firPiiE9shift_reg_19_addr_reg_3707                                      |   3|   0|    3|          0|
    |p_ZZ3firPiiE9shift_reg_19_load_9_reg_5184                                    |  32|   0|   32|          0|
    |reg_2140                                                                     |  60|   0|   60|          0|
    |tmp_11_reg_3568                                                              |  60|   0|   60|          0|
    |tmp_12_reg_3573                                                              |  60|   0|   60|          0|
    |tmp_13_reg_3578                                                              |  60|   0|   60|          0|
    |tmp_14_reg_3583                                                              |  60|   0|   60|          0|
    |tmp_16_reg_3588                                                              |  60|   0|   60|          0|
    |tmp_17_reg_3534                                                              |  60|   0|   60|          0|
    |tmp_18_reg_3539                                                              |  60|   0|   60|          0|
    |tmp_19_reg_3544                                                              |  60|   0|   60|          0|
    |tmp_1_reg_4897                                                               |  32|   0|   32|          0|
    |tmp_20_reg_3549                                                              |  60|   0|   60|          0|
    |tmp_2_reg_4921                                                               |  32|   0|   32|          0|
    |tmp_3_reg_4945                                                               |  32|   0|   32|          0|
    |tmp_4_reg_4969                                                               |  32|   0|   32|          0|
    |tmp_5_reg_4993                                                               |  32|   0|   32|          0|
    |tmp_6_reg_5017                                                               |  32|   0|   32|          0|
    |tmp_7_reg_5041                                                               |  32|   0|   32|          0|
    |tmp_8_reg_5065                                                               |  32|   0|   32|          0|
    |tmp_reg_4773                                                                 |  32|   0|   32|          0|
    |trunc_ln27_reg_3554                                                          |   5|   0|    5|          0|
    |trunc_ln27_reg_3554_pp0_iter35_reg                                           |   5|   0|    5|          0|
    |add_ln33_6_reg_3424                                                          |  64|  32|   64|          0|
    |add_ln33_9_reg_3434                                                          |  64|  32|   64|          0|
    |i_1_reg_3409                                                                 |  64|  32|   64|          0|
    |icmp_ln31_reg_3430                                                           |  64|  32|    1|          0|
    +-----------------------------------------------------------------------------+----+----+-----+-----------+
    |Total                                                                        |3276| 128| 3213|          0|
    +-----------------------------------------------------------------------------+----+----+-----+-----------+



================================================================
== Interface
================================================================
* Summary: 
+------------------------------------+-----+-----+------------+---------------------------+--------------+
|              RTL Ports             | Dir | Bits|  Protocol  |       Source Object       |    C Type    |
+------------------------------------+-----+-----+------------+---------------------------+--------------+
|ap_clk                              |   in|    1|  ap_ctrl_hs|           fir_Pipeline_TDL|  return value|
|ap_rst                              |   in|    1|  ap_ctrl_hs|           fir_Pipeline_TDL|  return value|
|ap_start                            |   in|    1|  ap_ctrl_hs|           fir_Pipeline_TDL|  return value|
|ap_done                             |  out|    1|  ap_ctrl_hs|           fir_Pipeline_TDL|  return value|
|ap_idle                             |  out|    1|  ap_ctrl_hs|           fir_Pipeline_TDL|  return value|
|ap_ready                            |  out|    1|  ap_ctrl_hs|           fir_Pipeline_TDL|  return value|
|fir_int_int_shift_reg_address0      |  out|    3|   ap_memory|      fir_int_int_shift_reg|         array|
|fir_int_int_shift_reg_ce0           |  out|    1|   ap_memory|      fir_int_int_shift_reg|         array|
|fir_int_int_shift_reg_we0           |  out|    1|   ap_memory|      fir_int_int_shift_reg|         array|
|fir_int_int_shift_reg_d0            |  out|   32|   ap_memory|      fir_int_int_shift_reg|         array|
|fir_int_int_shift_reg_address1      |  out|    3|   ap_memory|      fir_int_int_shift_reg|         array|
|fir_int_int_shift_reg_ce1           |  out|    1|   ap_memory|      fir_int_int_shift_reg|         array|
|fir_int_int_shift_reg_q1            |   in|   32|   ap_memory|      fir_int_int_shift_reg|         array|
|fir_int_int_shift_reg_10_address0   |  out|    3|   ap_memory|   fir_int_int_shift_reg_10|         array|
|fir_int_int_shift_reg_10_ce0        |  out|    1|   ap_memory|   fir_int_int_shift_reg_10|         array|
|fir_int_int_shift_reg_10_we0        |  out|    1|   ap_memory|   fir_int_int_shift_reg_10|         array|
|fir_int_int_shift_reg_10_d0         |  out|   32|   ap_memory|   fir_int_int_shift_reg_10|         array|
|fir_int_int_shift_reg_10_address1   |  out|    3|   ap_memory|   fir_int_int_shift_reg_10|         array|
|fir_int_int_shift_reg_10_ce1        |  out|    1|   ap_memory|   fir_int_int_shift_reg_10|         array|
|fir_int_int_shift_reg_10_q1         |   in|   32|   ap_memory|   fir_int_int_shift_reg_10|         array|
|fir_int_int_shift_reg_11_address0   |  out|    3|   ap_memory|   fir_int_int_shift_reg_11|         array|
|fir_int_int_shift_reg_11_ce0        |  out|    1|   ap_memory|   fir_int_int_shift_reg_11|         array|
|fir_int_int_shift_reg_11_we0        |  out|    1|   ap_memory|   fir_int_int_shift_reg_11|         array|
|fir_int_int_shift_reg_11_d0         |  out|   32|   ap_memory|   fir_int_int_shift_reg_11|         array|
|fir_int_int_shift_reg_11_address1   |  out|    3|   ap_memory|   fir_int_int_shift_reg_11|         array|
|fir_int_int_shift_reg_11_ce1        |  out|    1|   ap_memory|   fir_int_int_shift_reg_11|         array|
|fir_int_int_shift_reg_11_q1         |   in|   32|   ap_memory|   fir_int_int_shift_reg_11|         array|
|fir_int_int_shift_reg_12_address0   |  out|    3|   ap_memory|   fir_int_int_shift_reg_12|         array|
|fir_int_int_shift_reg_12_ce0        |  out|    1|   ap_memory|   fir_int_int_shift_reg_12|         array|
|fir_int_int_shift_reg_12_we0        |  out|    1|   ap_memory|   fir_int_int_shift_reg_12|         array|
|fir_int_int_shift_reg_12_d0         |  out|   32|   ap_memory|   fir_int_int_shift_reg_12|         array|
|fir_int_int_shift_reg_12_address1   |  out|    3|   ap_memory|   fir_int_int_shift_reg_12|         array|
|fir_int_int_shift_reg_12_ce1        |  out|    1|   ap_memory|   fir_int_int_shift_reg_12|         array|
|fir_int_int_shift_reg_12_q1         |   in|   32|   ap_memory|   fir_int_int_shift_reg_12|         array|
|fir_int_int_shift_reg_13_address0   |  out|    3|   ap_memory|   fir_int_int_shift_reg_13|         array|
|fir_int_int_shift_reg_13_ce0        |  out|    1|   ap_memory|   fir_int_int_shift_reg_13|         array|
|fir_int_int_shift_reg_13_we0        |  out|    1|   ap_memory|   fir_int_int_shift_reg_13|         array|
|fir_int_int_shift_reg_13_d0         |  out|   32|   ap_memory|   fir_int_int_shift_reg_13|         array|
|fir_int_int_shift_reg_13_address1   |  out|    3|   ap_memory|   fir_int_int_shift_reg_13|         array|
|fir_int_int_shift_reg_13_ce1        |  out|    1|   ap_memory|   fir_int_int_shift_reg_13|         array|
|fir_int_int_shift_reg_13_q1         |   in|   32|   ap_memory|   fir_int_int_shift_reg_13|         array|
|fir_int_int_shift_reg_14_address0   |  out|    3|   ap_memory|   fir_int_int_shift_reg_14|         array|
|fir_int_int_shift_reg_14_ce0        |  out|    1|   ap_memory|   fir_int_int_shift_reg_14|         array|
|fir_int_int_shift_reg_14_we0        |  out|    1|   ap_memory|   fir_int_int_shift_reg_14|         array|
|fir_int_int_shift_reg_14_d0         |  out|   32|   ap_memory|   fir_int_int_shift_reg_14|         array|
|fir_int_int_shift_reg_14_address1   |  out|    3|   ap_memory|   fir_int_int_shift_reg_14|         array|
|fir_int_int_shift_reg_14_ce1        |  out|    1|   ap_memory|   fir_int_int_shift_reg_14|         array|
|fir_int_int_shift_reg_14_q1         |   in|   32|   ap_memory|   fir_int_int_shift_reg_14|         array|
|fir_int_int_shift_reg_15_address0   |  out|    3|   ap_memory|   fir_int_int_shift_reg_15|         array|
|fir_int_int_shift_reg_15_ce0        |  out|    1|   ap_memory|   fir_int_int_shift_reg_15|         array|
|fir_int_int_shift_reg_15_we0        |  out|    1|   ap_memory|   fir_int_int_shift_reg_15|         array|
|fir_int_int_shift_reg_15_d0         |  out|   32|   ap_memory|   fir_int_int_shift_reg_15|         array|
|fir_int_int_shift_reg_15_address1   |  out|    3|   ap_memory|   fir_int_int_shift_reg_15|         array|
|fir_int_int_shift_reg_15_ce1        |  out|    1|   ap_memory|   fir_int_int_shift_reg_15|         array|
|fir_int_int_shift_reg_15_q1         |   in|   32|   ap_memory|   fir_int_int_shift_reg_15|         array|
|fir_int_int_shift_reg_16_address0   |  out|    3|   ap_memory|   fir_int_int_shift_reg_16|         array|
|fir_int_int_shift_reg_16_ce0        |  out|    1|   ap_memory|   fir_int_int_shift_reg_16|         array|
|fir_int_int_shift_reg_16_we0        |  out|    1|   ap_memory|   fir_int_int_shift_reg_16|         array|
|fir_int_int_shift_reg_16_d0         |  out|   32|   ap_memory|   fir_int_int_shift_reg_16|         array|
|fir_int_int_shift_reg_16_address1   |  out|    3|   ap_memory|   fir_int_int_shift_reg_16|         array|
|fir_int_int_shift_reg_16_ce1        |  out|    1|   ap_memory|   fir_int_int_shift_reg_16|         array|
|fir_int_int_shift_reg_16_q1         |   in|   32|   ap_memory|   fir_int_int_shift_reg_16|         array|
|fir_int_int_shift_reg_17_address0   |  out|    3|   ap_memory|   fir_int_int_shift_reg_17|         array|
|fir_int_int_shift_reg_17_ce0        |  out|    1|   ap_memory|   fir_int_int_shift_reg_17|         array|
|fir_int_int_shift_reg_17_we0        |  out|    1|   ap_memory|   fir_int_int_shift_reg_17|         array|
|fir_int_int_shift_reg_17_d0         |  out|   32|   ap_memory|   fir_int_int_shift_reg_17|         array|
|fir_int_int_shift_reg_17_address1   |  out|    3|   ap_memory|   fir_int_int_shift_reg_17|         array|
|fir_int_int_shift_reg_17_ce1        |  out|    1|   ap_memory|   fir_int_int_shift_reg_17|         array|
|fir_int_int_shift_reg_17_q1         |   in|   32|   ap_memory|   fir_int_int_shift_reg_17|         array|
|fir_int_int_shift_reg_18_address0   |  out|    3|   ap_memory|   fir_int_int_shift_reg_18|         array|
|fir_int_int_shift_reg_18_ce0        |  out|    1|   ap_memory|   fir_int_int_shift_reg_18|         array|
|fir_int_int_shift_reg_18_we0        |  out|    1|   ap_memory|   fir_int_int_shift_reg_18|         array|
|fir_int_int_shift_reg_18_d0         |  out|   32|   ap_memory|   fir_int_int_shift_reg_18|         array|
|fir_int_int_shift_reg_18_address1   |  out|    3|   ap_memory|   fir_int_int_shift_reg_18|         array|
|fir_int_int_shift_reg_18_ce1        |  out|    1|   ap_memory|   fir_int_int_shift_reg_18|         array|
|fir_int_int_shift_reg_18_q1         |   in|   32|   ap_memory|   fir_int_int_shift_reg_18|         array|
|p_ZZ3firPiiE9shift_reg_10_address0  |  out|    3|   ap_memory|  p_ZZ3firPiiE9shift_reg_10|         array|
|p_ZZ3firPiiE9shift_reg_10_ce0       |  out|    1|   ap_memory|  p_ZZ3firPiiE9shift_reg_10|         array|
|p_ZZ3firPiiE9shift_reg_10_we0       |  out|    1|   ap_memory|  p_ZZ3firPiiE9shift_reg_10|         array|
|p_ZZ3firPiiE9shift_reg_10_d0        |  out|   32|   ap_memory|  p_ZZ3firPiiE9shift_reg_10|         array|
|p_ZZ3firPiiE9shift_reg_10_address1  |  out|    3|   ap_memory|  p_ZZ3firPiiE9shift_reg_10|         array|
|p_ZZ3firPiiE9shift_reg_10_ce1       |  out|    1|   ap_memory|  p_ZZ3firPiiE9shift_reg_10|         array|
|p_ZZ3firPiiE9shift_reg_10_q1        |   in|   32|   ap_memory|  p_ZZ3firPiiE9shift_reg_10|         array|
|p_ZZ3firPiiE9shift_reg_11_address0  |  out|    3|   ap_memory|  p_ZZ3firPiiE9shift_reg_11|         array|
|p_ZZ3firPiiE9shift_reg_11_ce0       |  out|    1|   ap_memory|  p_ZZ3firPiiE9shift_reg_11|         array|
|p_ZZ3firPiiE9shift_reg_11_we0       |  out|    1|   ap_memory|  p_ZZ3firPiiE9shift_reg_11|         array|
|p_ZZ3firPiiE9shift_reg_11_d0        |  out|   32|   ap_memory|  p_ZZ3firPiiE9shift_reg_11|         array|
|p_ZZ3firPiiE9shift_reg_11_address1  |  out|    3|   ap_memory|  p_ZZ3firPiiE9shift_reg_11|         array|
|p_ZZ3firPiiE9shift_reg_11_ce1       |  out|    1|   ap_memory|  p_ZZ3firPiiE9shift_reg_11|         array|
|p_ZZ3firPiiE9shift_reg_11_q1        |   in|   32|   ap_memory|  p_ZZ3firPiiE9shift_reg_11|         array|
|p_ZZ3firPiiE9shift_reg_12_address0  |  out|    3|   ap_memory|  p_ZZ3firPiiE9shift_reg_12|         array|
|p_ZZ3firPiiE9shift_reg_12_ce0       |  out|    1|   ap_memory|  p_ZZ3firPiiE9shift_reg_12|         array|
|p_ZZ3firPiiE9shift_reg_12_we0       |  out|    1|   ap_memory|  p_ZZ3firPiiE9shift_reg_12|         array|
|p_ZZ3firPiiE9shift_reg_12_d0        |  out|   32|   ap_memory|  p_ZZ3firPiiE9shift_reg_12|         array|
|p_ZZ3firPiiE9shift_reg_12_address1  |  out|    3|   ap_memory|  p_ZZ3firPiiE9shift_reg_12|         array|
|p_ZZ3firPiiE9shift_reg_12_ce1       |  out|    1|   ap_memory|  p_ZZ3firPiiE9shift_reg_12|         array|
|p_ZZ3firPiiE9shift_reg_12_q1        |   in|   32|   ap_memory|  p_ZZ3firPiiE9shift_reg_12|         array|
|p_ZZ3firPiiE9shift_reg_13_address0  |  out|    3|   ap_memory|  p_ZZ3firPiiE9shift_reg_13|         array|
|p_ZZ3firPiiE9shift_reg_13_ce0       |  out|    1|   ap_memory|  p_ZZ3firPiiE9shift_reg_13|         array|
|p_ZZ3firPiiE9shift_reg_13_we0       |  out|    1|   ap_memory|  p_ZZ3firPiiE9shift_reg_13|         array|
|p_ZZ3firPiiE9shift_reg_13_d0        |  out|   32|   ap_memory|  p_ZZ3firPiiE9shift_reg_13|         array|
|p_ZZ3firPiiE9shift_reg_13_address1  |  out|    3|   ap_memory|  p_ZZ3firPiiE9shift_reg_13|         array|
|p_ZZ3firPiiE9shift_reg_13_ce1       |  out|    1|   ap_memory|  p_ZZ3firPiiE9shift_reg_13|         array|
|p_ZZ3firPiiE9shift_reg_13_q1        |   in|   32|   ap_memory|  p_ZZ3firPiiE9shift_reg_13|         array|
|p_ZZ3firPiiE9shift_reg_14_address0  |  out|    3|   ap_memory|  p_ZZ3firPiiE9shift_reg_14|         array|
|p_ZZ3firPiiE9shift_reg_14_ce0       |  out|    1|   ap_memory|  p_ZZ3firPiiE9shift_reg_14|         array|
|p_ZZ3firPiiE9shift_reg_14_we0       |  out|    1|   ap_memory|  p_ZZ3firPiiE9shift_reg_14|         array|
|p_ZZ3firPiiE9shift_reg_14_d0        |  out|   32|   ap_memory|  p_ZZ3firPiiE9shift_reg_14|         array|
|p_ZZ3firPiiE9shift_reg_14_address1  |  out|    3|   ap_memory|  p_ZZ3firPiiE9shift_reg_14|         array|
|p_ZZ3firPiiE9shift_reg_14_ce1       |  out|    1|   ap_memory|  p_ZZ3firPiiE9shift_reg_14|         array|
|p_ZZ3firPiiE9shift_reg_14_q1        |   in|   32|   ap_memory|  p_ZZ3firPiiE9shift_reg_14|         array|
|p_ZZ3firPiiE9shift_reg_15_address0  |  out|    3|   ap_memory|  p_ZZ3firPiiE9shift_reg_15|         array|
|p_ZZ3firPiiE9shift_reg_15_ce0       |  out|    1|   ap_memory|  p_ZZ3firPiiE9shift_reg_15|         array|
|p_ZZ3firPiiE9shift_reg_15_we0       |  out|    1|   ap_memory|  p_ZZ3firPiiE9shift_reg_15|         array|
|p_ZZ3firPiiE9shift_reg_15_d0        |  out|   32|   ap_memory|  p_ZZ3firPiiE9shift_reg_15|         array|
|p_ZZ3firPiiE9shift_reg_15_address1  |  out|    3|   ap_memory|  p_ZZ3firPiiE9shift_reg_15|         array|
|p_ZZ3firPiiE9shift_reg_15_ce1       |  out|    1|   ap_memory|  p_ZZ3firPiiE9shift_reg_15|         array|
|p_ZZ3firPiiE9shift_reg_15_q1        |   in|   32|   ap_memory|  p_ZZ3firPiiE9shift_reg_15|         array|
|p_ZZ3firPiiE9shift_reg_16_address0  |  out|    3|   ap_memory|  p_ZZ3firPiiE9shift_reg_16|         array|
|p_ZZ3firPiiE9shift_reg_16_ce0       |  out|    1|   ap_memory|  p_ZZ3firPiiE9shift_reg_16|         array|
|p_ZZ3firPiiE9shift_reg_16_we0       |  out|    1|   ap_memory|  p_ZZ3firPiiE9shift_reg_16|         array|
|p_ZZ3firPiiE9shift_reg_16_d0        |  out|   32|   ap_memory|  p_ZZ3firPiiE9shift_reg_16|         array|
|p_ZZ3firPiiE9shift_reg_16_address1  |  out|    3|   ap_memory|  p_ZZ3firPiiE9shift_reg_16|         array|
|p_ZZ3firPiiE9shift_reg_16_ce1       |  out|    1|   ap_memory|  p_ZZ3firPiiE9shift_reg_16|         array|
|p_ZZ3firPiiE9shift_reg_16_q1        |   in|   32|   ap_memory|  p_ZZ3firPiiE9shift_reg_16|         array|
|p_ZZ3firPiiE9shift_reg_17_address0  |  out|    3|   ap_memory|  p_ZZ3firPiiE9shift_reg_17|         array|
|p_ZZ3firPiiE9shift_reg_17_ce0       |  out|    1|   ap_memory|  p_ZZ3firPiiE9shift_reg_17|         array|
|p_ZZ3firPiiE9shift_reg_17_we0       |  out|    1|   ap_memory|  p_ZZ3firPiiE9shift_reg_17|         array|
|p_ZZ3firPiiE9shift_reg_17_d0        |  out|   32|   ap_memory|  p_ZZ3firPiiE9shift_reg_17|         array|
|p_ZZ3firPiiE9shift_reg_17_address1  |  out|    3|   ap_memory|  p_ZZ3firPiiE9shift_reg_17|         array|
|p_ZZ3firPiiE9shift_reg_17_ce1       |  out|    1|   ap_memory|  p_ZZ3firPiiE9shift_reg_17|         array|
|p_ZZ3firPiiE9shift_reg_17_q1        |   in|   32|   ap_memory|  p_ZZ3firPiiE9shift_reg_17|         array|
|p_ZZ3firPiiE9shift_reg_18_address0  |  out|    3|   ap_memory|  p_ZZ3firPiiE9shift_reg_18|         array|
|p_ZZ3firPiiE9shift_reg_18_ce0       |  out|    1|   ap_memory|  p_ZZ3firPiiE9shift_reg_18|         array|
|p_ZZ3firPiiE9shift_reg_18_we0       |  out|    1|   ap_memory|  p_ZZ3firPiiE9shift_reg_18|         array|
|p_ZZ3firPiiE9shift_reg_18_d0        |  out|   32|   ap_memory|  p_ZZ3firPiiE9shift_reg_18|         array|
|p_ZZ3firPiiE9shift_reg_18_address1  |  out|    3|   ap_memory|  p_ZZ3firPiiE9shift_reg_18|         array|
|p_ZZ3firPiiE9shift_reg_18_ce1       |  out|    1|   ap_memory|  p_ZZ3firPiiE9shift_reg_18|         array|
|p_ZZ3firPiiE9shift_reg_18_q1        |   in|   32|   ap_memory|  p_ZZ3firPiiE9shift_reg_18|         array|
|p_ZZ3firPiiE9shift_reg_19_address0  |  out|    3|   ap_memory|  p_ZZ3firPiiE9shift_reg_19|         array|
|p_ZZ3firPiiE9shift_reg_19_ce0       |  out|    1|   ap_memory|  p_ZZ3firPiiE9shift_reg_19|         array|
|p_ZZ3firPiiE9shift_reg_19_we0       |  out|    1|   ap_memory|  p_ZZ3firPiiE9shift_reg_19|         array|
|p_ZZ3firPiiE9shift_reg_19_d0        |  out|   32|   ap_memory|  p_ZZ3firPiiE9shift_reg_19|         array|
|p_ZZ3firPiiE9shift_reg_19_address1  |  out|    3|   ap_memory|  p_ZZ3firPiiE9shift_reg_19|         array|
|p_ZZ3firPiiE9shift_reg_19_ce1       |  out|    1|   ap_memory|  p_ZZ3firPiiE9shift_reg_19|         array|
|p_ZZ3firPiiE9shift_reg_19_q1        |   in|   32|   ap_memory|  p_ZZ3firPiiE9shift_reg_19|         array|
+------------------------------------+-----+-----+------------+---------------------------+--------------+

