
*** Running vivado
    with args -log base_spi_1.vds -m64 -product Vivado -mode batch -messageDb vivado.pb -notrace -source base_spi_1.tcl



****** Vivado v2024.1 (64-bit)
  **** SW Build 5076996 on Wed May 22 18:37:14 MDT 2024
  **** IP Build 5075265 on Wed May 22 21:45:21 MDT 2024
  **** SharedData Build 5076995 on Wed May 22 18:29:18 MDT 2024
  **** Start of session at: Fri Nov 21 10:09:42 2025
    ** Copyright 1986-2022 Xilinx, Inc. All Rights Reserved.
    ** Copyright 2022-2024 Advanced Micro Devices, Inc. All Rights Reserved.

source base_spi_1.tcl -notrace
create_project: Time (s): cpu = 00:00:11 ; elapsed = 00:00:12 . Memory (MB): peak = 530.438 ; gain = 200.051
INFO: [IP_Flow 19-234] Refreshing IP repositories
INFO: [IP_Flow 19-1700] Loaded user IP repository 'c:/Users/james/PYNQ/boards/ip'.
INFO: [IP_Flow 19-2313] Loaded Vivado IP repository 'C:/Xilinx/Vivado/2024.1/data/ip'.
INFO: [IP_Flow 19-6924] IPCACHE: Running cache check for IP inst: base_spi_1
INFO: [IP_Flow 19-6922] IPCACHE: Exporting cached entry c64f16968939e563 to dir: C:/Users/james/PYNQ/boards/Pynq-Z2/base/base/base.runs/base_spi_1_synth_1
INFO: [IP_Flow 19-6928] IPCACHE: copied cached file c:/Users/james/PYNQ/boards/Pynq-Z2/base/base/base.cache/ip/2024.1/c/6/c64f16968939e563/base_spi_direct_0.dcp to C:/Users/james/PYNQ/boards/Pynq-Z2/base/base/base.runs/base_spi_1_synth_1/base_spi_1.dcp.
INFO: [IP_Flow 19-6928] IPCACHE: copied cached file c:/Users/james/PYNQ/boards/Pynq-Z2/base/base/base.cache/ip/2024.1/c/6/c64f16968939e563/base_spi_direct_0_sim_netlist.v to C:/Users/james/PYNQ/boards/Pynq-Z2/base/base/base.runs/base_spi_1_synth_1/base_spi_1_sim_netlist.v.
INFO: [IP_Flow 19-6928] IPCACHE: copied cached file c:/Users/james/PYNQ/boards/Pynq-Z2/base/base/base.cache/ip/2024.1/c/6/c64f16968939e563/base_spi_direct_0_sim_netlist.vhdl to C:/Users/james/PYNQ/boards/Pynq-Z2/base/base/base.runs/base_spi_1_synth_1/base_spi_1_sim_netlist.vhdl.
INFO: [IP_Flow 19-6928] IPCACHE: copied cached file c:/Users/james/PYNQ/boards/Pynq-Z2/base/base/base.cache/ip/2024.1/c/6/c64f16968939e563/base_spi_direct_0_stub.v to C:/Users/james/PYNQ/boards/Pynq-Z2/base/base/base.runs/base_spi_1_synth_1/base_spi_1_stub.v.
INFO: [IP_Flow 19-6928] IPCACHE: copied cached file c:/Users/james/PYNQ/boards/Pynq-Z2/base/base/base.cache/ip/2024.1/c/6/c64f16968939e563/base_spi_direct_0_stub.vhdl to C:/Users/james/PYNQ/boards/Pynq-Z2/base/base/base.runs/base_spi_1_synth_1/base_spi_1_stub.vhdl.
INFO: [IP_Flow 19-4838] Using cached IP synthesis design for IP base_spi_1, cache-ID = c64f16968939e563.
INFO: [Common 17-206] Exiting Vivado at Fri Nov 21 10:09:59 2025...
