

================================================================
== Vitis HLS Report for 'dft'
================================================================
* Date:           Wed Nov  5 13:24:40 2025

* Version:        2024.2 (Build 5238294 on Nov  8 2024)
* Project:        dft.comp
* Solution:       hls (Vivado IP Flow Target)
* Product family: zynq
* Target device:  xc7z020-clg400-1


================================================================
== Performance Estimates
================================================================
+ Timing: 
    * Summary: 
    +--------+----------+----------+------------+
    |  Clock |  Target  | Estimated| Uncertainty|
    +--------+----------+----------+------------+
    |ap_clk  |  10.00 ns|  7.297 ns|     2.70 ns|
    +--------+----------+----------+------------+

+ Latency: 
    * Summary: 
    +----------+----------+-----------+-----------+----------+----------+---------+
    |   Latency (cycles)  |   Latency (absolute)  |       Interval      | Pipeline|
    |    min   |    max   |    min    |    max    |    min   |    max   |   Type  |
    +----------+----------+-----------+-----------+----------+----------+---------+
    |  69218308|  70266884|  0.692 sec|  0.703 sec|  69218309|  70266885|       no|
    +----------+----------+-----------+-----------+----------+----------+---------+

    + Detail: 
        * Instance: 
        +-----------------------------------------+------------------------------+---------+---------+-----------+-----------+------+------+------------------------------------------------+
        |                                         |                              |  Latency (cycles) |   Latency (absolute)  |   Interval  |                    Pipeline                    |
        |                 Instance                |            Module            |   min   |   max   |    min    |    max    |  min |  max |                      Type                      |
        +-----------------------------------------+------------------------------+---------+---------+-----------+-----------+------+------+------------------------------------------------+
        |grp_dft_Pipeline_VITIS_LOOP_25_1_fu_174  |dft_Pipeline_VITIS_LOOP_25_1  |     1026|     1026|  10.260 us|  10.260 us|  1025|  1025|  loop auto-rewind stp (delay=0 clock cycles(s))|
        |grp_sin_or_cos_float_s_fu_184            |sin_or_cos_float_s            |       27|       28|   0.270 us|   0.280 us|    27|    28|                                              no|
        |grp_sin_or_cos_float_s_fu_199            |sin_or_cos_float_s            |       27|       28|   0.270 us|   0.280 us|    27|    28|                                              no|
        +-----------------------------------------+------------------------------+---------+---------+-----------+-----------+------+------+------------------------------------------------+

        * Loop: 
        +---------------------+----------+----------+---------------+-----------+-----------+------+----------+
        |                     |   Latency (cycles)  |   Iteration   |  Initiation Interval  | Trip |          |
        |      Loop Name      |    min   |    max   |    Latency    |  achieved |   target  | Count| Pipelined|
        +---------------------+----------+----------+---------------+-----------+-----------+------+----------+
        |- data_loop          |  69217280|  70265856|  67595 ~ 68619|          -|          -|  1024|        no|
        | + dot_product_loop  |     67584|     68608|        66 ~ 67|          -|          -|  1024|        no|
        +---------------------+----------+----------+---------------+-----------+-----------+------+----------+



================================================================
== Utilization Estimates
================================================================
* Summary: 
+-----------------+---------+-----+--------+-------+-----+
|       Name      | BRAM_18K| DSP |   FF   |  LUT  | URAM|
+-----------------+---------+-----+--------+-------+-----+
|DSP              |        -|    -|       -|      -|    -|
|Expression       |        -|    -|       0|     52|    -|
|FIFO             |        -|    -|       -|      -|    -|
|Instance         |        -|   79|    6078|  10905|    -|
|Memory           |        8|    -|       0|      0|    0|
|Multiplexer      |        -|    -|       0|    407|    -|
|Register         |        -|    -|    1101|      -|    -|
+-----------------+---------+-----+--------+-------+-----+
|Total            |        8|   79|    7179|  11364|    0|
+-----------------+---------+-----+--------+-------+-----+
|Available        |      280|  220|  106400|  53200|    0|
+-----------------+---------+-----+--------+-------+-----+
|Utilization (%)  |        2|   35|       6|     21|    0|
+-----------------+---------+-----+--------+-------+-----+

+ Detail: 
    * Instance: 
    +-----------------------------------------+--------------------------------+---------+----+------+------+-----+
    |                 Instance                |             Module             | BRAM_18K| DSP|  FF  |  LUT | URAM|
    +-----------------------------------------+--------------------------------+---------+----+------+------+-----+
    |dadd_64ns_64ns_64_7_full_dsp_1_U44       |dadd_64ns_64ns_64_7_full_dsp_1  |        0|   3|   630|  1141|    0|
    |dadd_64ns_64ns_64_7_full_dsp_1_U45       |dadd_64ns_64ns_64_7_full_dsp_1  |        0|   3|   630|  1141|    0|
    |grp_dft_Pipeline_VITIS_LOOP_25_1_fu_174  |dft_Pipeline_VITIS_LOOP_25_1    |        0|   0|    25|    62|    0|
    |dmul_64ns_64ns_64_7_max_dsp_1_U46        |dmul_64ns_64ns_64_7_max_dsp_1   |        0|  11|   342|   586|    0|
    |dmul_64ns_64ns_64_7_max_dsp_1_U47        |dmul_64ns_64ns_64_7_max_dsp_1   |        0|  11|   342|   586|    0|
    |dmul_64ns_64ns_64_7_max_dsp_1_U48        |dmul_64ns_64ns_64_7_max_dsp_1   |        0|  11|   342|   586|    0|
    |dmul_64ns_64ns_64_7_max_dsp_1_U49        |dmul_64ns_64ns_64_7_max_dsp_1   |        0|  11|   342|   586|    0|
    |fmul_32ns_32ns_32_4_max_dsp_1_U40        |fmul_32ns_32ns_32_4_max_dsp_1   |        0|   3|   143|   321|    0|
    |fpext_32ns_64_2_no_dsp_1_U42             |fpext_32ns_64_2_no_dsp_1        |        0|   0|     0|     0|    0|
    |fpext_32ns_64_2_no_dsp_1_U43             |fpext_32ns_64_2_no_dsp_1        |        0|   0|     0|     0|    0|
    |grp_sin_or_cos_float_s_fu_184            |sin_or_cos_float_s              |        0|  13|  1641|  2948|    0|
    |grp_sin_or_cos_float_s_fu_199            |sin_or_cos_float_s              |        0|  13|  1641|  2948|    0|
    |sitofp_32ns_32_6_no_dsp_1_U41            |sitofp_32ns_32_6_no_dsp_1       |        0|   0|     0|     0|    0|
    +-----------------------------------------+--------------------------------+---------+----+------+------+-----+
    |Total                                    |                                |        0|  79|  6078| 10905|    0|
    +-----------------------------------------+--------------------------------+---------+----+------+------+-----+

    * DSP: 
    N/A

    * Memory: 
    +-------------+-------------------------+---------+---+----+-----+------+-----+------+-------------+
    |    Memory   |          Module         | BRAM_18K| FF| LUT| URAM| Words| Bits| Banks| W*Bits*Banks|
    +-------------+-------------------------+---------+---+----+-----+------+-----+------+-------------+
    |temp_real_U  |temp_real_RAM_AUTO_1R1W  |        4|  0|   0|    0|  1024|   64|     1|        65536|
    |temp_imag_U  |temp_real_RAM_AUTO_1R1W  |        4|  0|   0|    0|  1024|   64|     1|        65536|
    +-------------+-------------------------+---------+---+----+-----+------+-----+------+-------------+
    |Total        |                         |        8|  0|   0|    0|  2048|  128|     2|       131072|
    +-------------+-------------------------+---------+---+----+-----+------+-----+------+-------------+

    * FIFO: 
    N/A

    * Expression: 
    +----------------------------------+----------+----+---+----+------------+------------+
    |           Variable Name          | Operation| DSP| FF| LUT| Bitwidth P0| Bitwidth P1|
    +----------------------------------+----------+----+---+----+------------+------------+
    |add_ln13_fu_282_p2                |         +|   0|  0|  12|          11|           1|
    |add_ln17_fu_306_p2                |         +|   0|  0|  12|          11|           1|
    |icmp_ln13_fu_276_p2               |      icmp|   0|  0|  12|          11|          12|
    |icmp_ln17_fu_300_p2               |      icmp|   0|  0|  12|          11|          12|
    |ap_block_state27_on_subcall_done  |        or|   0|  0|   2|           1|           1|
    |xor_ln19_fu_339_p2                |       xor|   0|  0|   2|           1|           2|
    +----------------------------------+----------+----+---+----+------------+------------+
    |Total                             |          |   0|  0|  52|          46|          29|
    +----------------------------------+----------+----+---+----+------------+------------+

    * Multiplexer: 
    +--------------------+-----+-----------+-----+-----------+
    |        Name        | LUT | Input Size| Bits| Total Bits|
    +--------------------+-----+-----------+-----+-----------+
    |ap_NS_fsm           |  225|         52|    1|         52|
    |grp_fu_214_p0       |   20|          4|   32|        128|
    |grp_fu_214_p1       |   20|          4|   32|        128|
    |grp_fu_220_p0       |   14|          3|   32|         96|
    |grp_fu_229_p0       |   14|          3|   64|        192|
    |grp_fu_229_p1       |   14|          3|   64|        192|
    |grp_fu_233_p0       |   14|          3|   64|        192|
    |grp_fu_233_p1       |   14|          3|   64|        192|
    |k_fu_74             |    9|          2|   11|         22|
    |n_reg_136           |    9|          2|   11|         22|
    |sum_imag_reg_148    |    9|          2|   64|        128|
    |sum_real_reg_161    |    9|          2|   64|        128|
    |temp_imag_address0  |    9|          2|   10|         20|
    |temp_imag_ce0       |    9|          2|    1|          2|
    |temp_real_address0  |    9|          2|   10|         20|
    |temp_real_ce0       |    9|          2|    1|          2|
    +--------------------+-----+-----------+-----+-----------+
    |Total               |  407|         91|  525|       1516|
    +--------------------+-----+-----------+-----+-----------+

    * Register: 
    +------------------------------------------------------+----+----+-----+-----------+
    |                         Name                         | FF | LUT| Bits| Const Bits|
    +------------------------------------------------------+----+----+-----+-----------+
    |add2_reg_509                                          |  64|   0|   64|          0|
    |add_ln13_reg_382                                      |  11|   0|   11|          0|
    |add_ln17_reg_406                                      |  11|   0|   11|          0|
    |add_reg_504                                           |  64|   0|   64|          0|
    |ap_CS_fsm                                             |  51|   0|   51|          0|
    |conv1_reg_452                                         |  64|   0|   64|          0|
    |conv7_reg_441                                         |  64|   0|   64|          0|
    |grp_dft_Pipeline_VITIS_LOOP_25_1_fu_174_ap_start_reg  |   1|   0|    1|          0|
    |grp_sin_or_cos_float_s_fu_184_ap_start_reg            |   1|   0|    1|          0|
    |grp_sin_or_cos_float_s_fu_199_ap_start_reg            |   1|   0|    1|          0|
    |imag_sample_load_reg_447                              |  64|   0|   64|          0|
    |k_fu_74                                               |  11|   0|   11|          0|
    |mul1_reg_489                                          |  64|   0|   64|          0|
    |mul3_reg_494                                          |  64|   0|   64|          0|
    |mul4_reg_499                                          |  64|   0|   64|          0|
    |mul8_reg_484                                          |  64|   0|   64|          0|
    |mul_reg_398                                           |  32|   0|   32|          0|
    |n_reg_136                                             |  11|   0|   11|          0|
    |real_sample_load_reg_436                              |  64|   0|   64|          0|
    |reg_255                                               |  32|   0|   32|          0|
    |reg_261                                               |  32|   0|   32|          0|
    |sum_imag_reg_148                                      |  64|   0|   64|          0|
    |sum_real_reg_161                                      |  64|   0|   64|          0|
    |tmp_reg_416                                           |  32|   0|   32|          0|
    |tmp_s_reg_421                                         |  32|   0|   32|          0|
    |trunc_ln19_reg_463                                    |  63|   0|   63|          0|
    |xor_ln19_reg_458                                      |   1|   0|    1|          0|
    |zext_ln13_reg_392                                     |  11|   0|   64|         53|
    +------------------------------------------------------+----+----+-----+-----------+
    |Total                                                 |1101|   0| 1154|         53|
    +------------------------------------------------------+----+----+-----+-----------+



================================================================
== Interface
================================================================
* Summary: 
+----------------------+-----+-----+------------+--------------+--------------+
|       RTL Ports      | Dir | Bits|  Protocol  | Source Object|    C Type    |
+----------------------+-----+-----+------------+--------------+--------------+
|ap_clk                |   in|    1|  ap_ctrl_hs|           dft|  return value|
|ap_rst                |   in|    1|  ap_ctrl_hs|           dft|  return value|
|ap_start              |   in|    1|  ap_ctrl_hs|           dft|  return value|
|ap_done               |  out|    1|  ap_ctrl_hs|           dft|  return value|
|ap_idle               |  out|    1|  ap_ctrl_hs|           dft|  return value|
|ap_ready              |  out|    1|  ap_ctrl_hs|           dft|  return value|
|real_sample_address0  |  out|   10|   ap_memory|   real_sample|         array|
|real_sample_ce0       |  out|    1|   ap_memory|   real_sample|         array|
|real_sample_q0        |   in|   64|   ap_memory|   real_sample|         array|
|imag_sample_address0  |  out|   10|   ap_memory|   imag_sample|         array|
|imag_sample_ce0       |  out|    1|   ap_memory|   imag_sample|         array|
|imag_sample_q0        |   in|   64|   ap_memory|   imag_sample|         array|
|real_op_address0      |  out|   10|   ap_memory|       real_op|         array|
|real_op_ce0           |  out|    1|   ap_memory|       real_op|         array|
|real_op_we0           |  out|    1|   ap_memory|       real_op|         array|
|real_op_d0            |  out|   64|   ap_memory|       real_op|         array|
|imag_op_address0      |  out|   10|   ap_memory|       imag_op|         array|
|imag_op_ce0           |  out|    1|   ap_memory|       imag_op|         array|
|imag_op_we0           |  out|    1|   ap_memory|       imag_op|         array|
|imag_op_d0            |  out|   64|   ap_memory|       imag_op|         array|
+----------------------+-----+-----+------------+--------------+--------------+

