

================================================================
== Vitis HLS Report for 'dft'
================================================================
* Date:           Wed Nov  5 14:03:11 2025

* Version:        2024.2 (Build 5238294 on Nov  8 2024)
* Project:        dft.comp
* Solution:       hls (Vivado IP Flow Target)
* Product family: zynq
* Target device:  xc7z020-clg400-1


================================================================
== Performance Estimates
================================================================
+ Timing: 
    * Summary: 
    +--------+----------+----------+------------+
    |  Clock |  Target  | Estimated| Uncertainty|
    +--------+----------+----------+------------+
    |ap_clk  |  10.00 ns|  7.297 ns|     2.70 ns|
    +--------+----------+----------+------------+

+ Latency: 
    * Summary: 
    +---------+---------+-----------+-----------+---------+---------+-------------------------------------------------+
    |  Latency (cycles) |   Latency (absolute)  |      Interval     |                     Pipeline                    |
    |   min   |   max   |    min    |    max    |   min   |   max   |                       Type                      |
    +---------+---------+-----------+-----------+---------+---------+-------------------------------------------------+
    |  8388631|  8388631|  83.886 ms|  83.886 ms|  8388637|  8388637|  loop auto-rewind stp (delay=29 clock cycles(s))|
    +---------+---------+-----------+-----------+---------+---------+-------------------------------------------------+

    + Detail: 
        * Instance: 
        N/A

        * Loop: 
        +------------------------------+---------+---------+----------+-----------+-----------+---------+----------+
        |                              |  Latency (cycles) | Iteration|  Initiation Interval  |   Trip  |          |
        |           Loop Name          |   min   |   max   |  Latency |  achieved |   target  |  Count  | Pipelined|
        +------------------------------+---------+---------+----------+-----------+-----------+---------+----------+
        |- data_loop_dot_product_loop  |  8388629|  8388629|        30|          8|          1|  1048576|       yes|
        +------------------------------+---------+---------+----------+-----------+-----------+---------+----------+



================================================================
== Utilization Estimates
================================================================
* Summary: 
+-----------------+---------+-----+--------+-------+-----+
|       Name      | BRAM_18K| DSP |   FF   |  LUT  | URAM|
+-----------------+---------+-----+--------+-------+-----+
|DSP              |        -|    -|       -|      -|    -|
|Expression       |        -|    -|       0|    246|    -|
|FIFO             |        -|    -|       -|      -|    -|
|Instance         |        -|   14|     972|   1790|    -|
|Memory           |        4|    -|       0|      0|    -|
|Multiplexer      |        -|    -|       0|    349|    -|
|Register         |        -|    -|    1461|    128|    -|
+-----------------+---------+-----+--------+-------+-----+
|Total            |        4|   14|    2433|   2513|    0|
+-----------------+---------+-----+--------+-------+-----+
|Available        |      280|  220|  106400|  53200|    0|
+-----------------+---------+-----+--------+-------+-----+
|Utilization (%)  |        1|    6|       2|      4|    0|
+-----------------+---------+-----+--------+-------+-----+

+ Detail: 
    * Instance: 
    +-----------------------------------+--------------------------------+---------+----+-----+------+-----+
    |              Instance             |             Module             | BRAM_18K| DSP|  FF |  LUT | URAM|
    +-----------------------------------+--------------------------------+---------+----+-----+------+-----+
    |dadd_64ns_64ns_64_7_full_dsp_1_U2  |dadd_64ns_64ns_64_7_full_dsp_1  |        0|   3|  630|  1141|    0|
    |dmul_64ns_64ns_64_7_max_dsp_1_U3   |dmul_64ns_64ns_64_7_max_dsp_1   |        0|  11|  342|   586|    0|
    |fpext_32ns_64_2_no_dsp_1_U1        |fpext_32ns_64_2_no_dsp_1        |        0|   0|    0|     0|    0|
    |mul_10s_10s_10_1_1_U4              |mul_10s_10s_10_1_1              |        0|   0|    0|    63|    0|
    +-----------------------------------+--------------------------------+---------+----+-----+------+-----+
    |Total                              |                                |        0|  14|  972|  1790|    0|
    +-----------------------------------+--------------------------------+---------+----+-----+------+-----+

    * DSP: 
    N/A

    * Memory: 
    +--------------------------+------------------------------------+---------+---+----+-----+------+-----+------+-------------+
    |          Memory          |               Module               | BRAM_18K| FF| LUT| URAM| Words| Bits| Banks| W*Bits*Banks|
    +--------------------------+------------------------------------+---------+---+----+-----+------+-----+------+-------------+
    |cos_coefficients_table_U  |cos_coefficients_table_ROM_AUTO_1R  |        2|  0|   0|    0|  1024|   32|     1|        32768|
    |sin_coefficients_table_U  |sin_coefficients_table_ROM_AUTO_1R  |        2|  0|   0|    0|  1024|   32|     1|        32768|
    +--------------------------+------------------------------------+---------+---+----+-----+------+-----+------+-------------+
    |Total                     |                                    |        4|  0|   0|    0|  2048|   64|     2|        65536|
    +--------------------------+------------------------------------+---------+---+----+-----+------+-----+------+-------------+

    * FIFO: 
    N/A

    * Expression: 
    +------------------------+----------+----+---+----+------------+------------+
    |      Variable Name     | Operation| DSP| FF| LUT| Bitwidth P0| Bitwidth P1|
    +------------------------+----------+----+---+----+------------+------------+
    |add_ln8_1_fu_293_p2     |         +|   0|  0|  27|          20|           1|
    |add_ln8_fu_299_p2       |         +|   0|  0|  12|          11|           1|
    |n_fu_282_p2             |         +|   0|  0|  12|          11|           1|
    |ap_condition_561        |       and|   0|  0|   2|           1|           1|
    |ap_condition_568        |       and|   0|  0|   2|           1|           1|
    |icmp_ln13_fu_287_p2     |      icmp|   0|  0|  12|          11|          12|
    |icmp_ln8_fu_304_p2      |      icmp|   0|  0|  27|          20|           2|
    |k_fu_238_p3             |    select|   0|  0|  11|           1|          11|
    |select_ln8_1_fu_343_p3  |    select|   0|  0|  64|           1|           1|
    |select_ln8_2_fu_332_p3  |    select|   0|  0|  64|           1|           1|
    |select_ln8_fu_230_p3    |    select|   0|  0|  11|           1|           1|
    |ap_enable_pp0           |       xor|   0|  0|   2|           1|           2|
    +------------------------+----------+----+---+----+------------+------------+
    |Total                   |          |   0|  0| 246|          80|          35|
    +------------------------+----------+----+---+----+------------+------------+

    * Multiplexer: 
    +--------------------------------------------------+----+-----------+-----+-----------+
    |                       Name                       | LUT| Input Size| Bits| Total Bits|
    +--------------------------------------------------+----+-----------+-----+-----------+
    |add_ln88_fu_78                                    |   9|          2|   11|         22|
    |ap_NS_fsm                                         |  48|          9|    1|          9|
    |ap_condition_exit_pp0_iter0_stage7_pp0_iter1_reg  |   9|          2|    1|          2|
    |ap_condition_exit_pp0_iter0_stage7_pp0_iter2_reg  |   9|          2|    1|          2|
    |ap_condition_exit_pp0_iter0_stage7_pp0_iter3_reg  |   9|          2|    1|          2|
    |ap_done_int                                       |   9|          2|    1|          2|
    |ap_enable_reg_pp0_iter0                           |   9|          2|    1|          2|
    |ap_enable_reg_pp0_iter3                           |   9|          2|    1|          2|
    |ap_loop_exit_ready_pp0_iter1_reg                  |   9|          2|    1|          2|
    |ap_loop_exit_ready_pp0_iter2_reg                  |   9|          2|    1|          2|
    |ap_loop_exit_ready_pp0_iter3_reg                  |   9|          2|    1|          2|
    |ap_phi_mux_icmp_ln137_phi_fu_162_p4               |   9|          2|    1|          2|
    |ap_sig_allocacmp_add_ln88_load                    |   9|          2|   11|         22|
    |ap_sig_allocacmp_k3_load                          |   9|          2|   11|         22|
    |ap_sig_allocacmp_n4_load                          |   9|          2|   11|         22|
    |ap_sig_allocacmp_sum_imag5_load                   |   9|          2|   64|        128|
    |ap_sig_allocacmp_sum_real6_load                   |   9|          2|   64|        128|
    |grp_fu_170_p0                                     |  14|          3|   32|         96|
    |grp_fu_173_p0                                     |  25|          5|   64|        320|
    |grp_fu_173_p1                                     |  25|          5|   64|        320|
    |grp_fu_177_p0                                     |  25|          5|   64|        320|
    |grp_fu_177_p1                                     |  14|          3|   64|        192|
    |icmp_ln137_reg_159                                |   9|          2|    1|          2|
    |indvar_flatten2_fu_58                             |   9|          2|   20|         40|
    |k3_fu_62                                          |   9|          2|   11|         22|
    |n4_fu_66                                          |   9|          2|   11|         22|
    |sum_imag5_fu_70                                   |   9|          2|   64|        128|
    |sum_real6_fu_74                                   |   9|          2|   64|        128|
    +--------------------------------------------------+----+-----------+-----+-----------+
    |Total                                             | 349|         74|  642|       1963|
    +--------------------------------------------------+----+-----------+-----+-----------+

    * Register: 
    +--------------------------------------------------+----+----+-----+-----------+
    |                       Name                       | FF | LUT| Bits| Const Bits|
    +--------------------------------------------------+----+----+-----+-----------+
    |add_ln88_fu_78                                    |  11|   0|   11|          0|
    |ap_CS_fsm                                         |   8|   0|    8|          0|
    |ap_condition_exit_pp0_iter0_stage7_pp0_iter1_reg  |   1|   0|    1|          0|
    |ap_condition_exit_pp0_iter0_stage7_pp0_iter2_reg  |   1|   0|    1|          0|
    |ap_condition_exit_pp0_iter0_stage7_pp0_iter3_reg  |   1|   0|    1|          0|
    |ap_done_reg                                       |   1|   0|    1|          0|
    |ap_enable_reg_pp0_iter0_reg                       |   1|   0|    1|          0|
    |ap_enable_reg_pp0_iter1                           |   1|   0|    1|          0|
    |ap_enable_reg_pp0_iter2                           |   1|   0|    1|          0|
    |ap_enable_reg_pp0_iter3                           |   1|   0|    1|          0|
    |ap_loop_exit_ready_pp0_iter1_reg                  |   1|   0|    1|          0|
    |ap_loop_exit_ready_pp0_iter2_reg                  |   1|   0|    1|          0|
    |ap_loop_exit_ready_pp0_iter3_reg                  |   1|   0|    1|          0|
    |bitcast_ln20_1_reg_490                            |  64|   0|   64|          0|
    |bitcast_ln20_reg_485                              |  64|   0|   64|          0|
    |cos_coefficients_table_load_reg_465               |  32|   0|   32|          0|
    |cos_val_reg_475                                   |  64|   0|   64|          0|
    |icmp_ln137_reg_159                                |   1|   0|    1|          0|
    |icmp_ln13_reg_495                                 |   1|   0|    1|          0|
    |icmp_ln8_reg_500                                  |   1|   0|    1|          0|
    |idx_reg_430                                       |  10|   0|   10|          0|
    |imag_op_addr_reg_534                              |  10|   0|   10|          0|
    |imag_sample_load_reg_460                          |  64|   0|   64|          0|
    |indvar_flatten2_fu_58                             |  20|   0|   20|          0|
    |k3_fu_62                                          |  11|   0|   11|          0|
    |k_reg_423                                         |  11|   0|   11|          0|
    |mul1_reg_509                                      |  64|   0|   64|          0|
    |mul2_reg_514                                      |  64|   0|   64|          0|
    |mul3_reg_519                                      |  64|   0|   64|          0|
    |mul_reg_504                                       |  64|   0|   64|          0|
    |n4_fu_66                                          |  11|   0|   11|          0|
    |real_sample_load_reg_455                          |  64|   0|   64|          0|
    |reg_181                                           |  64|   0|   64|          0|
    |reg_186                                           |  64|   0|   64|          0|
    |select_ln8_1_reg_529                              |  64|   0|   64|          0|
    |select_ln8_2_reg_524                              |  64|   0|   64|          0|
    |select_ln8_reg_418                                |  11|   0|   11|          0|
    |sin_coefficients_table_load_reg_470               |  32|   0|   32|          0|
    |sin_val_reg_480                                   |  64|   0|   64|          0|
    |sum_imag5_fu_70                                   |  64|   0|   64|          0|
    |sum_real6_fu_74                                   |  64|   0|   64|          0|
    |icmp_ln137_reg_159                                |  64|  32|    1|          0|
    |icmp_ln13_reg_495                                 |  64|  32|    1|          0|
    |icmp_ln8_reg_500                                  |  64|  32|    1|          0|
    |k_reg_423                                         |  64|  32|   11|          0|
    +--------------------------------------------------+----+----+-----+-----------+
    |Total                                             |1461| 128| 1219|          0|
    +--------------------------------------------------+----+----+-----+-----------+



================================================================
== Interface
================================================================
* Summary: 
+----------------------+-----+-----+------------+--------------+--------------+
|       RTL Ports      | Dir | Bits|  Protocol  | Source Object|    C Type    |
+----------------------+-----+-----+------------+--------------+--------------+
|ap_clk                |   in|    1|  ap_ctrl_hs|           dft|  return value|
|ap_rst                |   in|    1|  ap_ctrl_hs|           dft|  return value|
|ap_start              |   in|    1|  ap_ctrl_hs|           dft|  return value|
|ap_done               |  out|    1|  ap_ctrl_hs|           dft|  return value|
|ap_idle               |  out|    1|  ap_ctrl_hs|           dft|  return value|
|ap_ready              |  out|    1|  ap_ctrl_hs|           dft|  return value|
|real_sample_address0  |  out|   10|   ap_memory|   real_sample|         array|
|real_sample_ce0       |  out|    1|   ap_memory|   real_sample|         array|
|real_sample_q0        |   in|   64|   ap_memory|   real_sample|         array|
|imag_sample_address0  |  out|   10|   ap_memory|   imag_sample|         array|
|imag_sample_ce0       |  out|    1|   ap_memory|   imag_sample|         array|
|imag_sample_q0        |   in|   64|   ap_memory|   imag_sample|         array|
|real_op_address0      |  out|   10|   ap_memory|       real_op|         array|
|real_op_ce0           |  out|    1|   ap_memory|       real_op|         array|
|real_op_we0           |  out|    1|   ap_memory|       real_op|         array|
|real_op_d0            |  out|   64|   ap_memory|       real_op|         array|
|imag_op_address0      |  out|   10|   ap_memory|       imag_op|         array|
|imag_op_ce0           |  out|    1|   ap_memory|       imag_op|         array|
|imag_op_we0           |  out|    1|   ap_memory|       imag_op|         array|
|imag_op_d0            |  out|   64|   ap_memory|       imag_op|         array|
+----------------------+-----+-----+------------+--------------+--------------+

