==============================================================
Vitis HLS - High-Level Synthesis from C, C++ and OpenCL v2024.2 (64-bit)
Tool Version Limit: 2024.11
Copyright 1986-2022 Xilinx, Inc. All Rights Reserved.
Copyright 2022-2024 Advanced Micro Devices, Inc. All Rights Reserved.

==============================================================
INFO: [HLS 200-1505] Using default flow_target 'vivado'
INFO: [HLS 200-1510] Running: add_files fir.cpp 
INFO: [HLS 200-10] Adding design file 'fir.cpp' to the project
INFO: [HLS 200-1510] Running: add_files -tb fir_test.cpp 
INFO: [HLS 200-10] Adding test bench file 'fir_test.cpp' to the project
INFO: [HLS 200-1510] Running: set_top fir 
INFO: [HLS 200-1510] Running: set_part xc7z020-clg400-1 
INFO: [HLS 200-1611] Setting target device to 'xc7z020-clg400-1'
INFO: [HLS 200-1510] Running: create_clock -period 10 
INFO: [SYN 201-201] Setting up clock 'default' with a period of 10ns.
INFO: [HLS 200-1510] Running: csynth_design 
INFO: [HLS 200-111] Finished File checks and directory preparation: CPU user time: 0.12 seconds. CPU system time: 0.04 seconds. Elapsed time: 2.7 seconds; current allocated memory: 658.988 MB.
INFO: [HLS 200-10] Analyzing design file 'fir.cpp' ... 
ERROR: [HLS 207-3776] use of undeclared identifier 'x_new' (fir.cpp:33:17)
ERROR: [HLS 207-3776] use of undeclared identifier 'coeff' (fir.cpp:38:10)
INFO: [HLS 200-2161] Finished Command csynth_design Elapsed time: 00:00:03; Allocated memory: 16.938 MB.
