Sun Oct 12 14:51:11 2025: Running xcd server. This server was built by gradle.
Sun Oct 12 14:51:11 2025: Server was asked to start on port: '36005'
Sun Oct 12 14:51:11 2025: Server is using token UUID: '2f5e7c3a-7c8b-4e46-af3a-db8f8ddcc5c8'
Sun Oct 12 14:51:11 2025: SESSION_MGR: creating session with session uuid: '6d04a3e9-ade5-4ab9-8d63-1f78fcd2ec76' and name 'default'
Sun Oct 12 14:51:11 2025: Attempting to start server on port '36005'
Sun Oct 12 14:51:11 2025: XCD main fifo: created main fifo '/tmp/xcdmain2f5e7c3a-7c8b-4e46-af3a-db8f8ddcc5c8', fd read = 15
Sun Oct 12 14:51:11 2025: Running Dispatch Server
Sun Oct 12 14:51:11 2025: Version 2.2.0
Sun Oct 12 14:51:11 2025: Dispatch Server: Accepted socket connection from client
Sun Oct 12 14:51:11 2025: Starting Socket connection
Sun Oct 12 14:51:11 2025: EXCHANGE_TOKEN received, server token: 2f5e7c3a-7c8b-4e46-af3a-db8f8ddcc5c8, passed token: 2f5e7c3a-7c8b-4e46-af3a-db8f8ddcc5c8
Sun Oct 12 14:51:11 2025: SESSION_MGR: creating session with session uuid: 'c32ec1c8-5e54-4c66-aefe-128194444f80' and name 'vitis_hls'
Sun Oct 12 14:51:11 2025: KERNEL_SVC: creating session with uuid: 'c32ec1c8-5e54-4c66-aefe-128194444f80' and name 'vitis_hls'
Sun Oct 12 14:51:11 2025: GUIDANCE_SMGR: creating guidance session with uuid: 'c32ec1c8-5e54-4c66-aefe-128194444f80' and name 'vitis_hls'
Sun Oct 12 14:51:13 2025: STOP_SERVER received, server token: 2f5e7c3a-7c8b-4e46-af3a-db8f8ddcc5c8, passed token: 2f5e7c3a-7c8b-4e46-af3a-db8f8ddcc5c8
Sun Oct 12 14:51:13 2025: Socket received request to stop server.
Sun Oct 12 14:51:13 2025: Dispatch Server: do_await_stop
Sun Oct 12 14:51:13 2025: Dispatch Server: stopping mainFifo_
Sun Oct 12 14:51:13 2025: XCD main fifo: Stopping
Sun Oct 12 14:51:13 2025: XCD main fifo: do_read error code: Operation canceled
Sun Oct 12 14:51:13 2025: XCD main fifo: bytes_transferred: 0
Sun Oct 12 14:51:13 2025: SERVER: destructor for server bound to port 36005
Sun Oct 12 14:51:13 2025: XCD main fifo: Good unlink of /tmp/xcdmain2f5e7c3a-7c8b-4e46-af3a-db8f8ddcc5c8
Sun Oct 12 14:51:13 2025: Server exiting with status 0.
Sun Oct 12 14:51:13 2025: Closing log file.
