#-----------------------------------------------------------
# Vivado v2024.2 (64-bit)
# SW Build 5239630 on Fri Nov 08 22:34:34 MST 2024
# IP Build 5239520 on Sun Nov 10 16:12:51 MST 2024
# SharedData Build 5239561 on Fri Nov 08 14:39:27 MST 2024
# Start of session at: Sun Nov 16 21:06:07 2025
# Process ID         : 29457
# Current directory  : /home/linux/ieng6/students/298/jjhan/fa25-cse237c-projects/guitar_pedal
# Command line       : vivado
# Log file           : /home/linux/ieng6/students/298/jjhan/fa25-cse237c-projects/guitar_pedal/vivado.log
# Journal file       : /home/linux/ieng6/students/298/jjhan/fa25-cse237c-projects/guitar_pedal/vivado.jou
# Running On         : ieng6-248.ucsd.edu
# Platform           : Linuxmint
# Operating System   : Linux Mint 22.1
# Processor Detail   : Intel(R) Xeon(R) Gold 5220 CPU @ 2.20GHz
# CPU Frequency      : 2194.843 MHz
# CPU Physical cores : 4
# CPU Logical cores  : 4
# Host memory        : 33655 MB
# Swap memory        : 1023 MB
# Total Virtual      : 34679 MB
# Available Virtual  : 23622 MB
#-----------------------------------------------------------
start_gui
WARNING: [Board 49-26] cannot add Board Part xilinx.com:zcu208ld:part0:2.0 available at /software/common/Xilinx_Vitis/Vivado/2024.2/data/xhub/boards/XilinxBoardStore/boards/Xilinx/zcu208ld/production/2.0/board.xml as part xczu58dr-fsvg1517-2-i specified in board_part file is either invalid or not available
WARNING: [Board 49-26] cannot add Board Part xilinx.com:zcu216ld:part0:2.0 available at /software/common/Xilinx_Vitis/Vivado/2024.2/data/xhub/boards/XilinxBoardStore/boards/Xilinx/zcu216ld/production/2.0/board.xml as part xczu59dr-ffvf1760-2-i specified in board_part file is either invalid or not available
WARNING: [Board 49-26] cannot add Board Part xilinx.com:zcu670ld:part0:1.0 available at /software/common/Xilinx_Vitis/Vivado/2024.2/data/xhub/boards/XilinxBoardStore/boards/Xilinx/zcu670ld/1.0/board.xml as part xczu57dr-fsve1156-2-i specified in board_part file is either invalid or not available
open_project /home/linux/ieng6/students/298/jjhan/guitar_pedal/guitar_pedal.xpr
WARNING: [filemgmt 56-3] IP Repository Path: Could not find the directory '/home/linux/ieng6/students/298/jjhan/fa25-cse237c-projects/dft/guitarpedal/dft.comp/hls/impl/ip'.
Scanning sources...
Finished scanning sources
INFO: [IP_Flow 19-234] Refreshing IP repositories
WARNING: [IP_Flow 19-2248] Failed to load user IP repository '/home/linux/ieng6/students/298/jjhan/fa25-cse237c-projects/dft/guitarpedal/dft.comp/hls/impl/ip'; Can't find the specified path.
If this directory should no longer be in your list of user repositories, go to the IP Settings dialog and remove it.
INFO: [IP_Flow 19-2313] Loaded Vivado IP repository '/software/common/Xilinx_Vitis/Vivado/2024.2/data/ip'.
INFO: [Project 1-5579] Found utility IPs instantiated in one or more block designs which have equivalent inline hdl with improved performance and reduced diskspace. It is recommended to migrate these utility IPs to inline hdl using the command upgrade_project -migrate_to_inline_hdl. The utility IPs may be deprecated in future releases. More information on inline hdl is available in UG994.
open_project: Time (s): cpu = 00:00:14 ; elapsed = 00:00:09 . Memory (MB): peak = 8039.656 ; gain = 398.531 ; free physical = 13229 ; free virtual = 21732
open_bd_design {/home/linux/ieng6/students/298/jjhan/guitar_pedal/guitar_pedal.srcs/sources_1/bd/design_1/design_1.bd}
Reading block design file </home/linux/ieng6/students/298/jjhan/guitar_pedal/guitar_pedal.srcs/sources_1/bd/design_1/design_1.bd>...
Adding component instance block -- xilinx.com:ip:i2s_receiver:1.0 - i2s_receiver_0
Adding component instance block -- xilinx.com:ip:i2s_transmitter:1.0 - i2s_transmitter_0
Adding component instance block -- xilinx.com:ip:processing_system7:5.5 - processing_system7_0
Adding component instance block -- xilinx.com:ip:proc_sys_reset:5.0 - rst_ps7_0_50M
Adding component instance block -- xilinx.com:ip:smartconnect:1.0 - axi_smc
Successfully read diagram <design_1> from block design file </home/linux/ieng6/students/298/jjhan/guitar_pedal/guitar_pedal.srcs/sources_1/bd/design_1/design_1.bd>
update_compile_order -fileset sources_1
WARNING: [IP_Flow 19-474] Invalid Parameter 'Component_Name'
startgroup
set_property CONFIG.PCW_USE_S_AXI_HP0 {1} [get_bd_cells processing_system7_0]
endgroup
delete_bd_objs [get_bd_intf_nets processing_system7_0_DDR] [get_bd_intf_nets processing_system7_0_FIXED_IO] [get_bd_intf_nets processing_system7_0_M_AXI_GP0] [get_bd_nets processing_system7_0_FCLK_RESET0_N] [get_bd_cells processing_system7_0]
delete_bd_objs [get_bd_cells rst_ps7_0_50M]
delete_bd_objs [get_bd_intf_nets axi_smc_M00_AXI] [get_bd_intf_nets axi_smc_M01_AXI] [get_bd_cells axi_smc]
delete_bd_objs [get_bd_intf_nets i2s_receiver_0_m_axis_aud] [get_bd_nets rst_ps7_0_50M_peripheral_reset] [get_bd_cells i2s_transmitter_0]
delete_bd_objs [get_bd_nets processing_system7_0_FCLK_CLK0] [get_bd_nets rst_ps7_0_50M_peripheral_aresetn] [get_bd_cells i2s_receiver_0]
delete_bd_objs [get_bd_intf_ports DDR]
delete_bd_objs [get_bd_intf_ports FIXED_IO]
startgroup
create_bd_cell -type ip -vlnv xilinx.com:ip:processing_system7:5.5 processing_system7_0
endgroup
startgroup
create_bd_cell -type ip -vlnv xilinx.com:ip:i2s_receiver:1.0 i2s_receiver_0
endgroup
startgroup
create_bd_cell -type ip -vlnv xilinx.com:ip:i2s_transmitter:1.0 i2s_transmitter_0
endgroup
set_property location {1 108 -277} [get_bd_cells i2s_transmitter_0]
set_property location {2 451 -273} [get_bd_cells i2s_receiver_0]
set_property location {2 426 -468} [get_bd_cells i2s_transmitter_0]
set_property location {0.5 143 -418} [get_bd_cells i2s_receiver_0]
set_property location {1 128 -460} [get_bd_cells i2s_receiver_0]
set_property  ip_repo_paths  {} [current_project]
update_ip_catalog
INFO: [IP_Flow 19-234] Refreshing IP repositories
INFO: [IP_Flow 19-1704] No user IP repositories specified
set_property  ip_repo_paths  /home/linux/ieng6/students/298/jjhan/fa25-cse237c-projects/guitar_pedal/guitarpedal/dft.comp/hls/impl/ip [current_project]
update_ip_catalog
INFO: [IP_Flow 19-234] Refreshing IP repositories
INFO: [IP_Flow 19-1700] Loaded user IP repository '/home/linux/ieng6/students/298/jjhan/fa25-cse237c-projects/guitar_pedal/guitarpedal/dft.comp/hls/impl/ip'.
startgroup
create_bd_cell -type ip -vlnv xilinx.com:hls:dft:1.0 dft_0
endgroup
WARNING: [IP_Flow 19-474] Invalid Parameter 'Component_Name'
connect_bd_intf_net [get_bd_intf_pins dft_0/A] [get_bd_intf_pins i2s_receiver_0/m_axis_aud]
set_property location {1 120 -387} [get_bd_cells i2s_receiver_0]
set_property location {1.5 431 -440} [get_bd_cells dft_0]
connect_bd_intf_net [get_bd_intf_pins dft_0/C] [get_bd_intf_pins i2s_transmitter_0/s_axis_aud]
WARNING: [Boardtcl 53-1] No current board_part set.
apply_bd_automation -rule xilinx.com:bd_rule:processing_system7 -config {make_external "FIXED_IO, DDR" Master "Disable" Slave "Disable" }  [get_bd_cells processing_system7_0]
startgroup
apply_bd_automation -rule xilinx.com:bd_rule:axi4 -config { Clk_master {Auto} Clk_slave {Auto} Clk_xbar {Auto} Master {/processing_system7_0/M_AXI_GP0} Slave {/dft_0/s_axi_control} ddr_seg {Auto} intc_ip {New AXI SmartConnect} master_apm {0}}  [get_bd_intf_pins dft_0/s_axi_control]
Slave segment '/dft_0/s_axi_control/Reg' is being assigned into address space '/processing_system7_0/Data' at <0x4000_0000 [ 64K ]>.
apply_bd_automation -rule xilinx.com:bd_rule:clkrst -config { Clk {/processing_system7_0/FCLK_CLK0 (50 MHz)} Freq {50} Ref_Clk0 {} Ref_Clk1 {} Ref_Clk2 {}}  [get_bd_pins i2s_receiver_0/aud_mclk]
apply_bd_automation -rule xilinx.com:bd_rule:clkrst -config { Clk {/processing_system7_0/FCLK_CLK0 (50 MHz)} Freq {50} Ref_Clk0 {} Ref_Clk1 {} Ref_Clk2 {}}  [get_bd_pins i2s_receiver_0/m_axis_aud_aclk]
apply_bd_automation -rule xilinx.com:bd_rule:axi4 -config { Clk_master {Auto} Clk_slave {Auto} Clk_xbar {Auto} Master {/processing_system7_0/M_AXI_GP0} Slave {/i2s_receiver_0/s_axi_ctrl} ddr_seg {Auto} intc_ip {New AXI SmartConnect} master_apm {0}}  [get_bd_intf_pins i2s_receiver_0/s_axi_ctrl]
Slave segment '/i2s_receiver_0/s_axi_ctrl/Reg' is being assigned into address space '/processing_system7_0/Data' at <0x44A0_0000 [ 64K ]>.
apply_bd_automation -rule xilinx.com:bd_rule:clkrst -config { Clk {/processing_system7_0/FCLK_CLK0 (50 MHz)} Freq {50} Ref_Clk0 {} Ref_Clk1 {} Ref_Clk2 {}}  [get_bd_pins i2s_transmitter_0/aud_mclk]
apply_bd_automation -rule xilinx.com:bd_rule:axi4 -config { Clk_master {Auto} Clk_slave {Auto} Clk_xbar {Auto} Master {/processing_system7_0/M_AXI_GP0} Slave {/i2s_transmitter_0/s_axi_ctrl} ddr_seg {Auto} intc_ip {New AXI SmartConnect} master_apm {0}}  [get_bd_intf_pins i2s_transmitter_0/s_axi_ctrl]
Slave segment '/i2s_transmitter_0/s_axi_ctrl/Reg' is being assigned into address space '/processing_system7_0/Data' at <0x44A1_0000 [ 64K ]>.
apply_bd_automation -rule xilinx.com:bd_rule:clkrst -config { Clk {/processing_system7_0/FCLK_CLK0 (50 MHz)} Freq {50} Ref_Clk0 {} Ref_Clk1 {} Ref_Clk2 {}}  [get_bd_pins i2s_transmitter_0/s_axis_aud_aclk]
endgroup
save_bd_design
Wrote  : </home/linux/ieng6/students/298/jjhan/guitar_pedal/guitar_pedal.srcs/sources_1/bd/design_1/design_1.bd> 
Wrote  : </home/linux/ieng6/students/298/jjhan/guitar_pedal/guitar_pedal.srcs/sources_1/bd/design_1/ui/bd_1f5defd0.ui> 
validate_bd_design
INFO: [BD 5-943] Reserving offset range <0x4000_0000 [ 64K ]> from slave interface '/axi_smc/S00_AXI' to master interface '/axi_smc/M00_AXI'. This will be used by smartconnect on path for routing.
INFO: [BD 5-943] Reserving offset range <0x44A0_0000 [ 64K ]> from slave interface '/axi_smc/S00_AXI' to master interface '/axi_smc/M01_AXI'. This will be used by smartconnect on path for routing.
INFO: [BD 5-943] Reserving offset range <0x44A1_0000 [ 64K ]> from slave interface '/axi_smc/S00_AXI' to master interface '/axi_smc/M02_AXI'. This will be used by smartconnect on path for routing.
INFO: [xilinx.com:ip:smartconnect:1.0-1] design_1_axi_smc_1: SmartConnect design_1_axi_smc_1 is in Low-Area Mode.
WARNING: [xilinx.com:ip:smartconnect:1.0-1] design_1_axi_smc_1: IP design_1_axi_smc_1 is configured in Low-area mode as all propagated traffic is low-bandwidth (AXI4LITE). SI S00_AXI has property HAS_BURST == 1. WRAP bursts are not supported in Low-area mode and will result in DECERR if received.
WARNING: [xilinx.com:ip:smartconnect:1.0-1] design_1_axi_smc_1: If WRAP transactions are required then turn off Low-area mode using ADVANCED_PROPERTIES. Execute following: set_property CONFIG.ADVANCED_PROPERTIES {__experimental_features__ {disable_low_area_mode 1}} [get_bd_cells /design_1_axi_smc_1]
validate_bd_design: Time (s): cpu = 00:00:09 ; elapsed = 00:00:09 . Memory (MB): peak = 8390.840 ; gain = 70.438 ; free physical = 11371 ; free virtual = 20026
save_bd_design
Wrote  : </home/linux/ieng6/students/298/jjhan/guitar_pedal/guitar_pedal.srcs/sources_1/bd/design_1/design_1.bd> 
Wrote  : </home/linux/ieng6/students/298/jjhan/guitar_pedal/guitar_pedal.srcs/sources_1/bd/design_1/ui/bd_1f5defd0.ui> 
validate_bd_design -force
INFO: [BD 5-943] Reserving offset range <0x4000_0000 [ 64K ]> from slave interface '/axi_smc/S00_AXI' to master interface '/axi_smc/M00_AXI'. This will be used by smartconnect on path for routing.
INFO: [BD 5-943] Reserving offset range <0x44A0_0000 [ 64K ]> from slave interface '/axi_smc/S00_AXI' to master interface '/axi_smc/M01_AXI'. This will be used by smartconnect on path for routing.
INFO: [BD 5-943] Reserving offset range <0x44A1_0000 [ 64K ]> from slave interface '/axi_smc/S00_AXI' to master interface '/axi_smc/M02_AXI'. This will be used by smartconnect on path for routing.
INFO: [xilinx.com:ip:smartconnect:1.0-1] design_1_axi_smc_1: SmartConnect design_1_axi_smc_1 is in Low-Area Mode.
WARNING: [xilinx.com:ip:smartconnect:1.0-1] design_1_axi_smc_1: IP design_1_axi_smc_1 is configured in Low-area mode as all propagated traffic is low-bandwidth (AXI4LITE). SI S00_AXI has property HAS_BURST == 1. WRAP bursts are not supported in Low-area mode and will result in DECERR if received.
WARNING: [xilinx.com:ip:smartconnect:1.0-1] design_1_axi_smc_1: If WRAP transactions are required then turn off Low-area mode using ADVANCED_PROPERTIES. Execute following: set_property CONFIG.ADVANCED_PROPERTIES {__experimental_features__ {disable_low_area_mode 1}} [get_bd_cells /design_1_axi_smc_1]
validate_bd_design: Time (s): cpu = 00:00:06 ; elapsed = 00:00:05 . Memory (MB): peak = 8417.949 ; gain = 21.875 ; free physical = 11323 ; free virtual = 19978
save_bd_design
Wrote  : </home/linux/ieng6/students/298/jjhan/guitar_pedal/guitar_pedal.srcs/sources_1/bd/design_1/design_1.bd> 
reset_run synth_1
INFO: [Project 1-1160] Copying file /home/linux/ieng6/students/298/jjhan/guitar_pedal/guitar_pedal.runs/synth_1/design_1_wrapper.dcp to /home/linux/ieng6/students/298/jjhan/guitar_pedal/guitar_pedal.srcs/utils_1/imports/synth_1 and adding it to utils fileset
launch_runs impl_1 -to_step write_bitstream -jobs 4
INFO: [BD 41-1662] The design 'design_1.bd' is already validated. Therefore parameter propagation will not be re-run.
Verilog Output written to : /home/linux/ieng6/students/298/jjhan/guitar_pedal/guitar_pedal.gen/sources_1/bd/design_1/synth/design_1.v
Verilog Output written to : /home/linux/ieng6/students/298/jjhan/guitar_pedal/guitar_pedal.gen/sources_1/bd/design_1/sim/design_1.v
Verilog Output written to : /home/linux/ieng6/students/298/jjhan/guitar_pedal/guitar_pedal.gen/sources_1/bd/design_1/hdl/design_1_wrapper.v
INFO: [IP_Flow 19-5611] Unable to find an associated reset port for the interface 'M_AXI_GP0'. A default connection has been created.
INFO: [BD 41-1029] Generation completed for the IP Integrator block processing_system7_0 .
INFO: [BD 41-1029] Generation completed for the IP Integrator block i2s_receiver_0 .
INFO: [BD 41-1029] Generation completed for the IP Integrator block i2s_transmitter_0 .
INFO: [BD 41-1029] Generation completed for the IP Integrator block dft_0 .
WARNING: [BD 41-2384] Width mismatch when connecting pin: '/s00_nodes/s00_ar_node/s_sc_payld'(146) to pin: '/s00_nodes/S_SC_AR_payld'(142) - Only lower order bits will be connected.
WARNING: [BD 41-2384] Width mismatch when connecting pin: '/s00_nodes/s00_aw_node/s_sc_payld'(146) to pin: '/s00_nodes/S_SC_AW_payld'(142) - Only lower order bits will be connected.
WARNING: [BD 41-2384] Width mismatch when connecting pin: '/m00_nodes/m00_r_node/s_sc_payld'(55) to pin: '/m00_nodes/S_SC_R_payld'(53) - Only lower order bits will be connected.
WARNING: [BD 41-2384] Width mismatch when connecting pin: '/m00_nodes/m00_b_node/s_sc_payld'(9) to pin: '/m00_nodes/S_SC_B_payld'(7) - Only lower order bits will be connected.
WARNING: [BD 41-2384] Width mismatch when connecting pin: '/m01_nodes/m01_r_node/s_sc_payld'(55) to pin: '/m01_nodes/S_SC_R_payld'(53) - Only lower order bits will be connected.
WARNING: [BD 41-2384] Width mismatch when connecting pin: '/m01_nodes/m01_b_node/s_sc_payld'(9) to pin: '/m01_nodes/S_SC_B_payld'(7) - Only lower order bits will be connected.
WARNING: [BD 41-2384] Width mismatch when connecting pin: '/m02_nodes/m02_r_node/s_sc_payld'(55) to pin: '/m02_nodes/S_SC_R_payld'(53) - Only lower order bits will be connected.
WARNING: [BD 41-2384] Width mismatch when connecting pin: '/m02_nodes/m02_b_node/s_sc_payld'(9) to pin: '/m02_nodes/S_SC_B_payld'(7) - Only lower order bits will be connected.
WARNING: [BD 41-2384] Width mismatch when connecting pin: '/s00_axi2sc/s_sc_r_payld'(53) to pin: '/s00_nodes/M_SC_R_payld'(55) - Only lower order bits will be connected.
WARNING: [BD 41-2384] Width mismatch when connecting pin: '/s00_axi2sc/s_sc_b_payld'(7) to pin: '/s00_nodes/M_SC_B_payld'(9) - Only lower order bits will be connected.
WARNING: [BD 41-2384] Width mismatch when connecting pin: '/m00_sc2axi/s_sc_ar_payld'(142) to pin: '/m00_nodes/M_SC_AR_payld'(146) - Only lower order bits will be connected.
WARNING: [BD 41-2384] Width mismatch when connecting pin: '/m00_sc2axi/s_sc_aw_payld'(142) to pin: '/m00_nodes/M_SC_AW_payld'(146) - Only lower order bits will be connected.
WARNING: [BD 41-2384] Width mismatch when connecting pin: '/m01_sc2axi/s_sc_ar_payld'(142) to pin: '/m01_nodes/M_SC_AR_payld'(146) - Only lower order bits will be connected.
WARNING: [BD 41-2384] Width mismatch when connecting pin: '/m01_sc2axi/s_sc_aw_payld'(142) to pin: '/m01_nodes/M_SC_AW_payld'(146) - Only lower order bits will be connected.
WARNING: [BD 41-2384] Width mismatch when connecting pin: '/m02_sc2axi/s_sc_ar_payld'(142) to pin: '/m02_nodes/M_SC_AR_payld'(146) - Only lower order bits will be connected.
WARNING: [BD 41-2384] Width mismatch when connecting pin: '/m02_sc2axi/s_sc_aw_payld'(142) to pin: '/m02_nodes/M_SC_AW_payld'(146) - Only lower order bits will be connected.
WARNING: [BD 41-2384] Width mismatch when connecting pin: '/s00_nodes/s00_ar_node/s_sc_payld'(146) to pin: '/s00_nodes/S_SC_AR_payld'(142) - Only lower order bits will be connected.
WARNING: [BD 41-2384] Width mismatch when connecting pin: '/s00_nodes/s00_aw_node/s_sc_payld'(146) to pin: '/s00_nodes/S_SC_AW_payld'(142) - Only lower order bits will be connected.
WARNING: [BD 41-2384] Width mismatch when connecting pin: '/m00_nodes/m00_r_node/s_sc_payld'(55) to pin: '/m00_nodes/S_SC_R_payld'(53) - Only lower order bits will be connected.
WARNING: [BD 41-2384] Width mismatch when connecting pin: '/m00_nodes/m00_b_node/s_sc_payld'(9) to pin: '/m00_nodes/S_SC_B_payld'(7) - Only lower order bits will be connected.
WARNING: [BD 41-2384] Width mismatch when connecting pin: '/m01_nodes/m01_r_node/s_sc_payld'(55) to pin: '/m01_nodes/S_SC_R_payld'(53) - Only lower order bits will be connected.
WARNING: [BD 41-2384] Width mismatch when connecting pin: '/m01_nodes/m01_b_node/s_sc_payld'(9) to pin: '/m01_nodes/S_SC_B_payld'(7) - Only lower order bits will be connected.
WARNING: [BD 41-2384] Width mismatch when connecting pin: '/m02_nodes/m02_r_node/s_sc_payld'(55) to pin: '/m02_nodes/S_SC_R_payld'(53) - Only lower order bits will be connected.
WARNING: [BD 41-2384] Width mismatch when connecting pin: '/m02_nodes/m02_b_node/s_sc_payld'(9) to pin: '/m02_nodes/S_SC_B_payld'(7) - Only lower order bits will be connected.
WARNING: [BD 41-2384] Width mismatch when connecting pin: '/s00_axi2sc/s_sc_r_payld'(53) to pin: '/s00_nodes/M_SC_R_payld'(55) - Only lower order bits will be connected.
WARNING: [BD 41-2384] Width mismatch when connecting pin: '/s00_axi2sc/s_sc_b_payld'(7) to pin: '/s00_nodes/M_SC_B_payld'(9) - Only lower order bits will be connected.
WARNING: [BD 41-2384] Width mismatch when connecting pin: '/m00_sc2axi/s_sc_ar_payld'(142) to pin: '/m00_nodes/M_SC_AR_payld'(146) - Only lower order bits will be connected.
WARNING: [BD 41-2384] Width mismatch when connecting pin: '/m00_sc2axi/s_sc_aw_payld'(142) to pin: '/m00_nodes/M_SC_AW_payld'(146) - Only lower order bits will be connected.
WARNING: [BD 41-2384] Width mismatch when connecting pin: '/m01_sc2axi/s_sc_ar_payld'(142) to pin: '/m01_nodes/M_SC_AR_payld'(146) - Only lower order bits will be connected.
WARNING: [BD 41-2384] Width mismatch when connecting pin: '/m01_sc2axi/s_sc_aw_payld'(142) to pin: '/m01_nodes/M_SC_AW_payld'(146) - Only lower order bits will be connected.
WARNING: [BD 41-2384] Width mismatch when connecting pin: '/m02_sc2axi/s_sc_ar_payld'(142) to pin: '/m02_nodes/M_SC_AR_payld'(146) - Only lower order bits will be connected.
WARNING: [BD 41-2384] Width mismatch when connecting pin: '/m02_sc2axi/s_sc_aw_payld'(142) to pin: '/m02_nodes/M_SC_AW_payld'(146) - Only lower order bits will be connected.
Exporting to file /home/linux/ieng6/students/298/jjhan/guitar_pedal/guitar_pedal.gen/sources_1/bd/design_1/ip/design_1_axi_smc_1/bd_0/hw_handoff/design_1_axi_smc_1.hwh
Generated Hardware Definition File /home/linux/ieng6/students/298/jjhan/guitar_pedal/guitar_pedal.gen/sources_1/bd/design_1/ip/design_1_axi_smc_1/bd_0/synth/design_1_axi_smc_1.hwdef
INFO: [BD 41-1029] Generation completed for the IP Integrator block axi_smc .
INFO: [BD 41-1029] Generation completed for the IP Integrator block rst_ps7_0_50M .
Exporting to file /home/linux/ieng6/students/298/jjhan/guitar_pedal/guitar_pedal.gen/sources_1/bd/design_1/hw_handoff/design_1.hwh
Generated Hardware Definition File /home/linux/ieng6/students/298/jjhan/guitar_pedal/guitar_pedal.gen/sources_1/bd/design_1/synth/design_1.hwdef
INFO: [IP_Flow 19-6930] IPCACHE: runCacheChecks() number of threads = 8
INFO: [IP_Flow 19-6921] IPCACHE: Adding cache check func to thread queue for IP design_1_axi_smc_1
INFO: [IP_Flow 19-6921] IPCACHE: Adding cache check func to thread queue for IP design_1_dft_0_0
INFO: [IP_Flow 19-6921] IPCACHE: Adding cache check func to thread queue for IP design_1_i2s_receiver_0_1
INFO: [IP_Flow 19-6921] IPCACHE: Adding cache check func to thread queue for IP design_1_i2s_transmitter_0_1
INFO: [IP_Flow 19-6921] IPCACHE: Adding cache check func to thread queue for IP design_1_rst_ps7_0_50M_1
INFO: [IP_Flow 19-8020] IPCACHE: runCacheChecks() calling threadPool finishWork()
INFO: [IP_Flow 19-6924] IPCACHE: Running cache check for IP inst: design_1_axi_smc_1
INFO: [IP_Flow 19-6924] IPCACHE: Running cache check for IP inst: design_1_dft_0_0
INFO: [IP_Flow 19-6924] IPCACHE: Running cache check for IP inst: design_1_i2s_receiver_0_1
INFO: [IP_Flow 19-6922] IPCACHE: Exporting cached entry 103411c2f3f57344 to dir: /home/linux/ieng6/students/298/jjhan/guitar_pedal/guitar_pedal.gen/sources_1/bd/design_1/ip/design_1_i2s_receiver_0_1
INFO: [IP_Flow 19-6928] IPCACHE: copied cached file /home/linux/ieng6/students/298/jjhan/guitar_pedal/guitar_pedal.cache/ip/2024.2/1/0/103411c2f3f57344/design_1_i2s_receiver_0_0.dcp to /home/linux/ieng6/students/298/jjhan/guitar_pedal/guitar_pedal.gen/sources_1/bd/design_1/ip/design_1_i2s_receiver_0_1/design_1_i2s_receiver_0_1.dcp.
INFO: [IP_Flow 19-6926] IPCACHE: added file to list for BOM: /home/linux/ieng6/students/298/jjhan/guitar_pedal/guitar_pedal.gen/sources_1/bd/design_1/ip/design_1_i2s_receiver_0_1/design_1_i2s_receiver_0_1.dcp
INFO: [IP_Flow 19-6928] IPCACHE: copied cached file /home/linux/ieng6/students/298/jjhan/guitar_pedal/guitar_pedal.cache/ip/2024.2/1/0/103411c2f3f57344/design_1_i2s_receiver_0_0_stub.v to /home/linux/ieng6/students/298/jjhan/guitar_pedal/guitar_pedal.gen/sources_1/bd/design_1/ip/design_1_i2s_receiver_0_1/design_1_i2s_receiver_0_1_stub.v.
INFO: [IP_Flow 19-6926] IPCACHE: added file to list for BOM: /home/linux/ieng6/students/298/jjhan/guitar_pedal/guitar_pedal.gen/sources_1/bd/design_1/ip/design_1_i2s_receiver_0_1/design_1_i2s_receiver_0_1_stub.v
INFO: [IP_Flow 19-6928] IPCACHE: copied cached file /home/linux/ieng6/students/298/jjhan/guitar_pedal/guitar_pedal.cache/ip/2024.2/1/0/103411c2f3f57344/design_1_i2s_receiver_0_0_stub.vhdl to /home/linux/ieng6/students/298/jjhan/guitar_pedal/guitar_pedal.gen/sources_1/bd/design_1/ip/design_1_i2s_receiver_0_1/design_1_i2s_receiver_0_1_stub.vhdl.
INFO: [IP_Flow 19-6926] IPCACHE: added file to list for BOM: /home/linux/ieng6/students/298/jjhan/guitar_pedal/guitar_pedal.gen/sources_1/bd/design_1/ip/design_1_i2s_receiver_0_1/design_1_i2s_receiver_0_1_stub.vhdl
INFO: [IP_Flow 19-6928] IPCACHE: copied cached file /home/linux/ieng6/students/298/jjhan/guitar_pedal/guitar_pedal.cache/ip/2024.2/1/0/103411c2f3f57344/design_1_i2s_receiver_0_0_sim_netlist.v to /home/linux/ieng6/students/298/jjhan/guitar_pedal/guitar_pedal.gen/sources_1/bd/design_1/ip/design_1_i2s_receiver_0_1/design_1_i2s_receiver_0_1_sim_netlist.v.
INFO: [IP_Flow 19-6926] IPCACHE: added file to list for BOM: /home/linux/ieng6/students/298/jjhan/guitar_pedal/guitar_pedal.gen/sources_1/bd/design_1/ip/design_1_i2s_receiver_0_1/design_1_i2s_receiver_0_1_sim_netlist.v
INFO: [IP_Flow 19-6928] IPCACHE: copied cached file /home/linux/ieng6/students/298/jjhan/guitar_pedal/guitar_pedal.cache/ip/2024.2/1/0/103411c2f3f57344/design_1_i2s_receiver_0_0_sim_netlist.vhdl to /home/linux/ieng6/students/298/jjhan/guitar_pedal/guitar_pedal.gen/sources_1/bd/design_1/ip/design_1_i2s_receiver_0_1/design_1_i2s_receiver_0_1_sim_netlist.vhdl.
INFO: [IP_Flow 19-6926] IPCACHE: added file to list for BOM: /home/linux/ieng6/students/298/jjhan/guitar_pedal/guitar_pedal.gen/sources_1/bd/design_1/ip/design_1_i2s_receiver_0_1/design_1_i2s_receiver_0_1_sim_netlist.vhdl
INFO: [IP_Flow 19-4993] Using cached IP synthesis design for IP design_1_i2s_receiver_0_1, cache-ID = 103411c2f3f57344; cache size = 11.346 MB.
INFO: [IP_Flow 19-6924] IPCACHE: Running cache check for IP inst: design_1_i2s_transmitter_0_1
INFO: [IP_Flow 19-6922] IPCACHE: Exporting cached entry c3697466bd484854 to dir: /home/linux/ieng6/students/298/jjhan/guitar_pedal/guitar_pedal.gen/sources_1/bd/design_1/ip/design_1_i2s_transmitter_0_1
INFO: [IP_Flow 19-6928] IPCACHE: copied cached file /home/linux/ieng6/students/298/jjhan/guitar_pedal/guitar_pedal.cache/ip/2024.2/c/3/c3697466bd484854/design_1_i2s_transmitter_0_0.dcp to /home/linux/ieng6/students/298/jjhan/guitar_pedal/guitar_pedal.gen/sources_1/bd/design_1/ip/design_1_i2s_transmitter_0_1/design_1_i2s_transmitter_0_1.dcp.
INFO: [IP_Flow 19-6926] IPCACHE: added file to list for BOM: /home/linux/ieng6/students/298/jjhan/guitar_pedal/guitar_pedal.gen/sources_1/bd/design_1/ip/design_1_i2s_transmitter_0_1/design_1_i2s_transmitter_0_1.dcp
INFO: [IP_Flow 19-6928] IPCACHE: copied cached file /home/linux/ieng6/students/298/jjhan/guitar_pedal/guitar_pedal.cache/ip/2024.2/c/3/c3697466bd484854/design_1_i2s_transmitter_0_0_stub.v to /home/linux/ieng6/students/298/jjhan/guitar_pedal/guitar_pedal.gen/sources_1/bd/design_1/ip/design_1_i2s_transmitter_0_1/design_1_i2s_transmitter_0_1_stub.v.
INFO: [IP_Flow 19-6926] IPCACHE: added file to list for BOM: /home/linux/ieng6/students/298/jjhan/guitar_pedal/guitar_pedal.gen/sources_1/bd/design_1/ip/design_1_i2s_transmitter_0_1/design_1_i2s_transmitter_0_1_stub.v
INFO: [IP_Flow 19-6928] IPCACHE: copied cached file /home/linux/ieng6/students/298/jjhan/guitar_pedal/guitar_pedal.cache/ip/2024.2/c/3/c3697466bd484854/design_1_i2s_transmitter_0_0_stub.vhdl to /home/linux/ieng6/students/298/jjhan/guitar_pedal/guitar_pedal.gen/sources_1/bd/design_1/ip/design_1_i2s_transmitter_0_1/design_1_i2s_transmitter_0_1_stub.vhdl.
INFO: [IP_Flow 19-6926] IPCACHE: added file to list for BOM: /home/linux/ieng6/students/298/jjhan/guitar_pedal/guitar_pedal.gen/sources_1/bd/design_1/ip/design_1_i2s_transmitter_0_1/design_1_i2s_transmitter_0_1_stub.vhdl
INFO: [IP_Flow 19-6928] IPCACHE: copied cached file /home/linux/ieng6/students/298/jjhan/guitar_pedal/guitar_pedal.cache/ip/2024.2/c/3/c3697466bd484854/design_1_i2s_transmitter_0_0_sim_netlist.v to /home/linux/ieng6/students/298/jjhan/guitar_pedal/guitar_pedal.gen/sources_1/bd/design_1/ip/design_1_i2s_transmitter_0_1/design_1_i2s_transmitter_0_1_sim_netlist.v.
INFO: [IP_Flow 19-6926] IPCACHE: added file to list for BOM: /home/linux/ieng6/students/298/jjhan/guitar_pedal/guitar_pedal.gen/sources_1/bd/design_1/ip/design_1_i2s_transmitter_0_1/design_1_i2s_transmitter_0_1_sim_netlist.v
INFO: [IP_Flow 19-6928] IPCACHE: copied cached file /home/linux/ieng6/students/298/jjhan/guitar_pedal/guitar_pedal.cache/ip/2024.2/c/3/c3697466bd484854/design_1_i2s_transmitter_0_0_sim_netlist.vhdl to /home/linux/ieng6/students/298/jjhan/guitar_pedal/guitar_pedal.gen/sources_1/bd/design_1/ip/design_1_i2s_transmitter_0_1/design_1_i2s_transmitter_0_1_sim_netlist.vhdl.
INFO: [IP_Flow 19-6926] IPCACHE: added file to list for BOM: /home/linux/ieng6/students/298/jjhan/guitar_pedal/guitar_pedal.gen/sources_1/bd/design_1/ip/design_1_i2s_transmitter_0_1/design_1_i2s_transmitter_0_1_sim_netlist.vhdl
INFO: [IP_Flow 19-4993] Using cached IP synthesis design for IP design_1_i2s_transmitter_0_1, cache-ID = c3697466bd484854; cache size = 11.346 MB.
INFO: [IP_Flow 19-6924] IPCACHE: Running cache check for IP inst: design_1_rst_ps7_0_50M_1
INFO: [IP_Flow 19-6922] IPCACHE: Exporting cached entry e19286a56cb9e182 to dir: /home/linux/ieng6/students/298/jjhan/guitar_pedal/guitar_pedal.gen/sources_1/bd/design_1/ip/design_1_rst_ps7_0_50M_1
INFO: [IP_Flow 19-6928] IPCACHE: copied cached file /home/linux/ieng6/students/298/jjhan/guitar_pedal/guitar_pedal.cache/ip/2024.2/e/1/e19286a56cb9e182/design_1_rst_ps7_0_50M_0.dcp to /home/linux/ieng6/students/298/jjhan/guitar_pedal/guitar_pedal.gen/sources_1/bd/design_1/ip/design_1_rst_ps7_0_50M_1/design_1_rst_ps7_0_50M_1.dcp.
INFO: [IP_Flow 19-6926] IPCACHE: added file to list for BOM: /home/linux/ieng6/students/298/jjhan/guitar_pedal/guitar_pedal.gen/sources_1/bd/design_1/ip/design_1_rst_ps7_0_50M_1/design_1_rst_ps7_0_50M_1.dcp
INFO: [IP_Flow 19-6928] IPCACHE: copied cached file /home/linux/ieng6/students/298/jjhan/guitar_pedal/guitar_pedal.cache/ip/2024.2/e/1/e19286a56cb9e182/design_1_rst_ps7_0_50M_0_stub.v to /home/linux/ieng6/students/298/jjhan/guitar_pedal/guitar_pedal.gen/sources_1/bd/design_1/ip/design_1_rst_ps7_0_50M_1/design_1_rst_ps7_0_50M_1_stub.v.
INFO: [IP_Flow 19-6926] IPCACHE: added file to list for BOM: /home/linux/ieng6/students/298/jjhan/guitar_pedal/guitar_pedal.gen/sources_1/bd/design_1/ip/design_1_rst_ps7_0_50M_1/design_1_rst_ps7_0_50M_1_stub.v
INFO: [IP_Flow 19-6928] IPCACHE: copied cached file /home/linux/ieng6/students/298/jjhan/guitar_pedal/guitar_pedal.cache/ip/2024.2/e/1/e19286a56cb9e182/design_1_rst_ps7_0_50M_0_stub.vhdl to /home/linux/ieng6/students/298/jjhan/guitar_pedal/guitar_pedal.gen/sources_1/bd/design_1/ip/design_1_rst_ps7_0_50M_1/design_1_rst_ps7_0_50M_1_stub.vhdl.
INFO: [IP_Flow 19-6926] IPCACHE: added file to list for BOM: /home/linux/ieng6/students/298/jjhan/guitar_pedal/guitar_pedal.gen/sources_1/bd/design_1/ip/design_1_rst_ps7_0_50M_1/design_1_rst_ps7_0_50M_1_stub.vhdl
INFO: [IP_Flow 19-6928] IPCACHE: copied cached file /home/linux/ieng6/students/298/jjhan/guitar_pedal/guitar_pedal.cache/ip/2024.2/e/1/e19286a56cb9e182/design_1_rst_ps7_0_50M_0_sim_netlist.v to /home/linux/ieng6/students/298/jjhan/guitar_pedal/guitar_pedal.gen/sources_1/bd/design_1/ip/design_1_rst_ps7_0_50M_1/design_1_rst_ps7_0_50M_1_sim_netlist.v.
INFO: [IP_Flow 19-6926] IPCACHE: added file to list for BOM: /home/linux/ieng6/students/298/jjhan/guitar_pedal/guitar_pedal.gen/sources_1/bd/design_1/ip/design_1_rst_ps7_0_50M_1/design_1_rst_ps7_0_50M_1_sim_netlist.v
INFO: [IP_Flow 19-6928] IPCACHE: copied cached file /home/linux/ieng6/students/298/jjhan/guitar_pedal/guitar_pedal.cache/ip/2024.2/e/1/e19286a56cb9e182/design_1_rst_ps7_0_50M_0_sim_netlist.vhdl to /home/linux/ieng6/students/298/jjhan/guitar_pedal/guitar_pedal.gen/sources_1/bd/design_1/ip/design_1_rst_ps7_0_50M_1/design_1_rst_ps7_0_50M_1_sim_netlist.vhdl.
INFO: [IP_Flow 19-6926] IPCACHE: added file to list for BOM: /home/linux/ieng6/students/298/jjhan/guitar_pedal/guitar_pedal.gen/sources_1/bd/design_1/ip/design_1_rst_ps7_0_50M_1/design_1_rst_ps7_0_50M_1_sim_netlist.vhdl
INFO: [IP_Flow 19-4993] Using cached IP synthesis design for IP design_1_rst_ps7_0_50M_1, cache-ID = e19286a56cb9e182; cache size = 11.346 MB.
[Sun Nov 16 21:33:13 2025] Launched design_1_processing_system7_0_1_synth_1, design_1_axi_smc_1_synth_1, design_1_dft_0_0_synth_1, synth_1...
Run output will be captured here:
design_1_processing_system7_0_1_synth_1: /home/linux/ieng6/students/298/jjhan/guitar_pedal/guitar_pedal.runs/design_1_processing_system7_0_1_synth_1/runme.log
design_1_axi_smc_1_synth_1: /home/linux/ieng6/students/298/jjhan/guitar_pedal/guitar_pedal.runs/design_1_axi_smc_1_synth_1/runme.log
design_1_dft_0_0_synth_1: /home/linux/ieng6/students/298/jjhan/guitar_pedal/guitar_pedal.runs/design_1_dft_0_0_synth_1/runme.log
synth_1: /home/linux/ieng6/students/298/jjhan/guitar_pedal/guitar_pedal.runs/synth_1/runme.log
[Sun Nov 16 21:33:13 2025] Launched impl_1...
Run output will be captured here: /home/linux/ieng6/students/298/jjhan/guitar_pedal/guitar_pedal.runs/impl_1/runme.log
launch_runs: Time (s): cpu = 00:00:37 ; elapsed = 00:00:37 . Memory (MB): peak = 8729.531 ; gain = 293.578 ; free physical = 11260 ; free virtual = 19922
open_run impl_1
INFO: [Device 21-403] Loading part xc7z020clg400-1
Netlist sorting complete. Time (s): cpu = 00:00:00.15 ; elapsed = 00:00:00.14 . Memory (MB): peak = 8855.867 ; gain = 0.000 ; free physical = 11058 ; free virtual = 19762
INFO: [Netlist 29-17] Analyzing 89 Unisim elements for replacement
INFO: [Netlist 29-28] Unisim Transformation completed in 0 CPU seconds
INFO: [Project 1-479] Netlist was created with Vivado 2024.2
INFO: [Project 1-570] Preparing netlist for logic optimization
Read ShapeDB Complete: Time (s): cpu = 00:00:00.02 ; elapsed = 00:00:00.02 . Memory (MB): peak = 8963.430 ; gain = 2.000 ; free physical = 10930 ; free virtual = 19635
INFO: [Timing 38-478] Restoring timing data from binary archive.
INFO: [Timing 38-479] Binary timing data restore complete.
INFO: [Project 1-856] Restoring constraints from binary archive.
INFO: [Project 1-853] Binary constraint restore complete.
INFO: [Designutils 20-5722] Start Reading Physical Databases.
Reading placement.
Read Netlist Cache: Time (s): cpu = 00:00:00.01 ; elapsed = 00:00:00 . Memory (MB): peak = 9558.746 ; gain = 0.000 ; free physical = 10389 ; free virtual = 19094
Reading placer database...
Read Device Cache: Time (s): cpu = 00:00:00.01 ; elapsed = 00:00:00.02 . Memory (MB): peak = 9558.746 ; gain = 0.000 ; free physical = 10389 ; free virtual = 19094
Read PlaceDB: Time (s): cpu = 00:00:00.34 ; elapsed = 00:00:00.32 . Memory (MB): peak = 9568.746 ; gain = 10.000 ; free physical = 10389 ; free virtual = 19094
Read PulsedLatchDB: Time (s): cpu = 00:00:00 ; elapsed = 00:00:00 . Memory (MB): peak = 9568.746 ; gain = 0.000 ; free physical = 10389 ; free virtual = 19094
Reading routing.
Read RouteStorage: Time (s): cpu = 00:00:00.13 ; elapsed = 00:00:00.07 . Memory (MB): peak = 9568.746 ; gain = 0.000 ; free physical = 10389 ; free virtual = 19094
Read Physdb Files: Time (s): cpu = 00:00:00.5 ; elapsed = 00:00:00.43 . Memory (MB): peak = 9568.746 ; gain = 10.000 ; free physical = 10389 ; free virtual = 19094
Restored from archive | CPU: 0.510000 secs | Memory: 6.055603 MB |
Finished XDEF File Restore: Time (s): cpu = 00:00:00.5 ; elapsed = 00:00:00.43 . Memory (MB): peak = 9568.746 ; gain = 10.000 ; free physical = 10389 ; free virtual = 19094
Netlist sorting complete. Time (s): cpu = 00:00:00 ; elapsed = 00:00:00 . Memory (MB): peak = 9568.746 ; gain = 0.000 ; free physical = 10392 ; free virtual = 19096
INFO: [Project 1-111] Unisim Transformation Summary:
No Unisim elements were transformed.

open_run: Time (s): cpu = 00:00:30 ; elapsed = 00:00:24 . Memory (MB): peak = 9848.617 ; gain = 1119.086 ; free physical = 10108 ; free virtual = 18813
open_bd_design {/home/linux/ieng6/students/298/jjhan/guitar_pedal/guitar_pedal.srcs/sources_1/bd/design_1/design_1.bd}
