

================================================================
== Vitis HLS Report for 'audio'
================================================================
* Date:           Sat Nov 29 16:12:07 2025

* Version:        2024.2 (Build 5238294 on Nov  8 2024)
* Project:        audio.comp
* Solution:       hls (Vivado IP Flow Target)
* Product family: zynq
* Target device:  xc7z020-clg400-1


================================================================
== Performance Estimates
================================================================
+ Timing: 
    * Summary: 
    +--------+----------+----------+------------+
    |  Clock |  Target  | Estimated| Uncertainty|
    +--------+----------+----------+------------+
    |ap_clk  |  10.00 ns|  7.198 ns|     2.70 ns|
    +--------+----------+----------+------------+

+ Latency: 
    * Summary: 
    +---------+---------+-----------+-----------+-----+-----+---------+
    |  Latency (cycles) |   Latency (absolute)  |  Interval | Pipeline|
    |   min   |   max   |    min    |    max    | min | max |   Type  |
    +---------+---------+-----------+-----------+-----+-----+---------+
    |        6|        6|  60.000 ns|  60.000 ns|    7|    7|       no|
    +---------+---------+-----------+-----------+-----+-----+---------+

    + Detail: 
        * Instance: 
        N/A

        * Loop: 
        N/A



================================================================
== Utilization Estimates
================================================================
* Summary: 
+-----------------+---------+-----+--------+-------+-----+
|       Name      | BRAM_18K| DSP |   FF   |  LUT  | URAM|
+-----------------+---------+-----+--------+-------+-----+
|DSP              |        -|    -|       -|      -|    -|
|Expression       |        -|    -|       0|    653|    -|
|FIFO             |        -|    -|       -|      -|    -|
|Instance         |        -|   14|     990|    300|    -|
|Memory           |      192|    -|       0|      0|    0|
|Multiplexer      |        -|    -|       0|     70|    -|
|Register         |        -|    -|     409|      -|    -|
+-----------------+---------+-----+--------+-------+-----+
|Total            |      192|   14|    1399|   1023|    0|
+-----------------+---------+-----+--------+-------+-----+
|Available        |      280|  220|  106400|  53200|    0|
+-----------------+---------+-----+--------+-------+-----+
|Utilization (%)  |       68|    6|       1|      1|    0|
+-----------------+---------+-----+--------+-------+-----+

+ Detail: 
    * Instance: 
    +-----------------------+--------------------+---------+----+-----+----+-----+
    |        Instance       |       Module       | BRAM_18K| DSP|  FF | LUT| URAM|
    +-----------------------+--------------------+---------+----+-----+----+-----+
    |mul_24s_32s_32_2_1_U1  |mul_24s_32s_32_2_1  |        0|   2|  165|  50|    0|
    |mul_24s_32s_32_2_1_U2  |mul_24s_32s_32_2_1  |        0|   2|  165|  50|    0|
    |mul_24s_32s_32_2_1_U3  |mul_24s_32s_32_2_1  |        0|   2|  165|  50|    0|
    |mul_24s_32s_32_2_1_U4  |mul_24s_32s_32_2_1  |        0|   2|  165|  50|    0|
    |mul_32s_32s_32_2_1_U5  |mul_32s_32s_32_2_1  |        0|   3|  165|  50|    0|
    |mul_32s_32s_32_2_1_U6  |mul_32s_32s_32_2_1  |        0|   3|  165|  50|    0|
    +-----------------------+--------------------+---------+----+-----+----+-----+
    |Total                  |                    |        0|  14|  990| 300|    0|
    +-----------------------+--------------------+---------+----+-----+----+-----+

    * DSP: 
    N/A

    * Memory: 
    +------------------+------------------------------+---------+---+----+-----+-------+-----+------+-------------+
    |      Memory      |            Module            | BRAM_18K| FF| LUT| URAM| Words | Bits| Banks| W*Bits*Banks|
    +------------------+------------------------------+---------+---+----+-----+-------+-----+------+-------------+
    |delay_buffer_L_U  |delay_buffer_L_RAM_AUTO_1R1W  |       96|  0|   0|    0|  48000|   24|     1|      1152000|
    |delay_buffer_R_U  |delay_buffer_L_RAM_AUTO_1R1W  |       96|  0|   0|    0|  48000|   24|     1|      1152000|
    +------------------+------------------------------+---------+---+----+-----+-------+-----+------+-------------+
    |Total             |                              |      192|  0|   0|    0|  96000|   48|     2|      2304000|
    +------------------+------------------------------+---------+---+----+-----+-------+-----+------+-------------+

    * FIFO: 
    N/A

    * Expression: 
    +------------------------+----------+----+---+----+------------+------------+
    |      Variable Name     | Operation| DSP| FF| LUT| Bitwidth P0| Bitwidth P1|
    +------------------------+----------+----+---+----+------------+------------+
    |add_ln52_fu_336_p2      |         +|   0|  0|  39|          32|          32|
    |add_ln56_fu_356_p2      |         +|   0|  0|  39|          32|          32|
    |add_ln75_fu_486_p2      |         +|   0|  0|  32|          25|          25|
    |add_ln76_fu_497_p2      |         +|   0|  0|  32|          25|          25|
    |add_ln79_fu_240_p2      |         +|   0|  0|  23|          16|           1|
    |new_L_fu_341_p2         |         +|   0|  0|  40|          33|          33|
    |new_R_fu_361_p2         |         +|   0|  0|  40|          33|          33|
    |read_index_1_fu_226_p2  |         +|   0|  0|  16|          16|          16|
    |read_index_fu_214_p2    |         -|   0|  0|  23|          16|          16|
    |sub_ln42_fu_220_p2      |         -|   0|  0|  16|          16|          16|
    |sub_ln70_fu_281_p2      |         -|   0|  0|  39|           9|          32|
    |icmp_ln39_fu_202_p2     |      icmp|   0|  0|  39|          32|          32|
    |icmp_ln59_fu_377_p2     |      icmp|   0|  0|  13|          10|           1|
    |icmp_ln60_fu_425_p2     |      icmp|   0|  0|  39|          32|          25|
    |icmp_ln61_fu_393_p2     |      icmp|   0|  0|  13|          10|           1|
    |icmp_ln62_fu_437_p2     |      icmp|   0|  0|  39|          32|          25|
    |icmp_ln80_fu_246_p2     |      icmp|   0|  0|  23|          16|          16|
    |new_L_1_fu_419_p3       |    select|   0|  0|  32|           1|          23|
    |new_R_1_fu_431_p3       |    select|   0|  0|  32|           1|          23|
    |read_index_2_fu_232_p3  |    select|   0|  0|  16|           1|          16|
    |select_ln65_fu_447_p3   |    select|   0|  0|  25|           1|          25|
    |select_ln66_fu_465_p3   |    select|   0|  0|  25|           1|          25|
    |select_ln80_fu_252_p3   |    select|   0|  0|  16|           1|           1|
    |xor_ln39_fu_208_p2      |       xor|   0|  0|   2|           1|           2|
    +------------------------+----------+----+---+----+------------+------------+
    |Total                   |          |   0|  0| 653|         392|         476|
    +------------------------+----------+----+---+----+------------+------------+

    * Multiplexer: 
    +-------------------------------+----+-----------+-----+-----------+
    |              Name             | LUT| Input Size| Bits| Total Bits|
    +-------------------------------+----+-----------+-----+-----------+
    |ap_NS_fsm                      |  42|          8|    1|          8|
    |delay_buffer_L_address0_local  |  14|          3|   16|         48|
    |delay_buffer_R_address0_local  |  14|          3|   16|         48|
    +-------------------------------+----+-----------+-----+-----------+
    |Total                          |  70|         14|   33|        104|
    +-------------------------------+----+-----------+-----+-----------+

    * Register: 
    +--------------------------+----+----+-----+-----------+
    |           Name           | FF | LUT| Bits| Const Bits|
    +--------------------------+----+----+-----+-----------+
    |add_ln52_reg_604          |  32|   0|   32|          0|
    |add_ln56_reg_609          |  32|   0|   32|          0|
    |ap_CS_fsm                 |   7|   0|    7|          0|
    |delayed_L_reg_528         |  24|   0|   24|          0|
    |delayed_R_reg_533         |  24|   0|   24|          0|
    |feedback_from_L_reg_588   |  24|   0|   24|          0|
    |feedback_from_R_reg_582   |  24|   0|   24|          0|
    |icmp_ln59_reg_614         |   1|   0|    1|          0|
    |icmp_ln61_reg_619         |   1|   0|    1|          0|
    |in_L_read_reg_575         |  32|   0|   32|          0|
    |in_R_read_reg_568         |  32|   0|   32|          0|
    |read_index_2_reg_513      |  16|   0|   16|          0|
    |sub_ln70_reg_562          |  32|   0|   32|          0|
    |tmp_1_reg_624             |  24|   0|   24|          0|
    |tmp_2_reg_599             |  24|   0|   24|          0|
    |tmp_3_reg_629             |  24|   0|   24|          0|
    |tmp_reg_594               |  24|   0|   24|          0|
    |write_index               |  16|   0|   16|          0|
    |write_index_load_reg_508  |  16|   0|   16|          0|
    +--------------------------+----+----+-----+-----------+
    |Total                     | 409|   0|  409|          0|
    +--------------------------+----+----+-----+-----------+



================================================================
== Interface
================================================================
* Summary: 
+---------------+-----+-----+------------+---------------+--------------+
|   RTL Ports   | Dir | Bits|  Protocol  | Source Object |    C Type    |
+---------------+-----+-----+------------+---------------+--------------+
|ap_clk         |   in|    1|  ap_ctrl_hs|          audio|  return value|
|ap_rst         |   in|    1|  ap_ctrl_hs|          audio|  return value|
|ap_start       |   in|    1|  ap_ctrl_hs|          audio|  return value|
|ap_done        |  out|    1|  ap_ctrl_hs|          audio|  return value|
|ap_idle        |  out|    1|  ap_ctrl_hs|          audio|  return value|
|ap_ready       |  out|    1|  ap_ctrl_hs|          audio|  return value|
|out_L          |  out|   32|      ap_vld|          out_L|       pointer|
|out_L_ap_vld   |  out|    1|      ap_vld|          out_L|       pointer|
|out_R          |  out|   32|      ap_vld|          out_R|       pointer|
|out_R_ap_vld   |  out|    1|      ap_vld|          out_R|       pointer|
|in_L           |   in|   32|     ap_none|           in_L|        scalar|
|in_R           |   in|   32|     ap_none|           in_R|        scalar|
|delay_samples  |   in|   32|     ap_none|  delay_samples|        scalar|
|feedback_gain  |   in|   32|     ap_none|  feedback_gain|        scalar|
|wet_mix        |   in|   32|     ap_none|        wet_mix|        scalar|
+---------------+-----+-----+------------+---------------+--------------+

