==============================================================
Vitis HLS - High-Level Synthesis from C, C++ and OpenCL v2024.2 (64-bit)
Tool Version Limit: 2024.11
Copyright 1986-2022 Xilinx, Inc. All Rights Reserved.
Copyright 2022-2024 Advanced Micro Devices, Inc. All Rights Reserved.

==============================================================
INFO: [HLS 200-1505] Using default flow_target 'vivado'
INFO: [HLS 200-1510] Running: add_files audio.cpp 
INFO: [HLS 200-10] Adding design file 'audio.cpp' to the project
INFO: [HLS 200-1510] Running: add_files -tb audio.cpp 
INFO: [HLS 200-10] Adding test bench file 'audio.cpp' to the project
INFO: [HLS 200-1510] Running: set_top audio 
INFO: [HLS 200-1510] Running: set_part xc7z020clg400-1 
INFO: [HLS 200-1611] Setting target device to 'xc7z020-clg400-1'
INFO: [HLS 200-1510] Running: create_clock -period 10 
INFO: [SYN 201-201] Setting up clock 'default' with a period of 10ns.
INFO: [HLS 200-1510] Running: csynth_design 
INFO: [HLS 200-111] Finished File checks and directory preparation: CPU user time: 0.11 seconds. CPU system time: 0.03 seconds. Elapsed time: 2.7 seconds; current allocated memory: 659.250 MB.
INFO: [HLS 200-10] Analyzing design file 'audio.cpp' ... 
INFO: [HLS 200-111] Finished Source Code Analysis and Preprocessing: CPU user time: 3.65 seconds. CPU system time: 0.84 seconds. Elapsed time: 4.6 seconds; current allocated memory: 660.586 MB.
INFO: [HLS 200-777] Using interface defaults for 'Vivado' flow target.
INFO: [HLS 200-1995] There were 89 instructions in the design after the 'Compile/Link' phase of compilation. See the Design Size Report for more details: /home/linux/ieng6/students/401/bmscott/fa25-cse237c-projects/guitar_pedal/guitarpedal/audio.comp/hls/syn/report/csynth_design_size.rpt
INFO: [HLS 200-1995] There were 82 instructions in the design after the 'Unroll/Inline (step 1)' phase of compilation. See the Design Size Report for more details: /home/linux/ieng6/students/401/bmscott/fa25-cse237c-projects/guitar_pedal/guitarpedal/audio.comp/hls/syn/report/csynth_design_size.rpt
INFO: [HLS 200-1995] There were 61 instructions in the design after the 'Unroll/Inline (step 2)' phase of compilation. See the Design Size Report for more details: /home/linux/ieng6/students/401/bmscott/fa25-cse237c-projects/guitar_pedal/guitarpedal/audio.comp/hls/syn/report/csynth_design_size.rpt
INFO: [HLS 200-1995] There were 59 instructions in the design after the 'Unroll/Inline (step 3)' phase of compilation. See the Design Size Report for more details: /home/linux/ieng6/students/401/bmscott/fa25-cse237c-projects/guitar_pedal/guitarpedal/audio.comp/hls/syn/report/csynth_design_size.rpt
INFO: [HLS 200-1995] There were 59 instructions in the design after the 'Unroll/Inline (step 4)' phase of compilation. See the Design Size Report for more details: /home/linux/ieng6/students/401/bmscott/fa25-cse237c-projects/guitar_pedal/guitarpedal/audio.comp/hls/syn/report/csynth_design_size.rpt
INFO: [HLS 200-1995] There were 59 instructions in the design after the 'Array/Struct (step 1)' phase of compilation. See the Design Size Report for more details: /home/linux/ieng6/students/401/bmscott/fa25-cse237c-projects/guitar_pedal/guitarpedal/audio.comp/hls/syn/report/csynth_design_size.rpt
INFO: [HLS 200-1995] There were 59 instructions in the design after the 'Array/Struct (step 2)' phase of compilation. See the Design Size Report for more details: /home/linux/ieng6/students/401/bmscott/fa25-cse237c-projects/guitar_pedal/guitarpedal/audio.comp/hls/syn/report/csynth_design_size.rpt
INFO: [HLS 200-1995] There were 59 instructions in the design after the 'Array/Struct (step 3)' phase of compilation. See the Design Size Report for more details: /home/linux/ieng6/students/401/bmscott/fa25-cse237c-projects/guitar_pedal/guitarpedal/audio.comp/hls/syn/report/csynth_design_size.rpt
INFO: [HLS 200-1995] There were 59 instructions in the design after the 'Array/Struct (step 4)' phase of compilation. See the Design Size Report for more details: /home/linux/ieng6/students/401/bmscott/fa25-cse237c-projects/guitar_pedal/guitarpedal/audio.comp/hls/syn/report/csynth_design_size.rpt
INFO: [HLS 200-1995] There were 59 instructions in the design after the 'Array/Struct (step 5)' phase of compilation. See the Design Size Report for more details: /home/linux/ieng6/students/401/bmscott/fa25-cse237c-projects/guitar_pedal/guitarpedal/audio.comp/hls/syn/report/csynth_design_size.rpt
INFO: [HLS 200-1995] There were 59 instructions in the design after the 'Performance (step 1)' phase of compilation. See the Design Size Report for more details: /home/linux/ieng6/students/401/bmscott/fa25-cse237c-projects/guitar_pedal/guitarpedal/audio.comp/hls/syn/report/csynth_design_size.rpt
INFO: [HLS 200-1995] There were 59 instructions in the design after the 'Performance (step 2)' phase of compilation. See the Design Size Report for more details: /home/linux/ieng6/students/401/bmscott/fa25-cse237c-projects/guitar_pedal/guitarpedal/audio.comp/hls/syn/report/csynth_design_size.rpt
INFO: [HLS 200-1995] There were 59 instructions in the design after the 'Performance (step 3)' phase of compilation. See the Design Size Report for more details: /home/linux/ieng6/students/401/bmscott/fa25-cse237c-projects/guitar_pedal/guitarpedal/audio.comp/hls/syn/report/csynth_design_size.rpt
INFO: [HLS 200-1995] There were 59 instructions in the design after the 'Performance (step 4)' phase of compilation. See the Design Size Report for more details: /home/linux/ieng6/students/401/bmscott/fa25-cse237c-projects/guitar_pedal/guitarpedal/audio.comp/hls/syn/report/csynth_design_size.rpt
INFO: [HLS 200-1995] There were 73 instructions in the design after the 'HW Transforms (step 1)' phase of compilation. See the Design Size Report for more details: /home/linux/ieng6/students/401/bmscott/fa25-cse237c-projects/guitar_pedal/guitarpedal/audio.comp/hls/syn/report/csynth_design_size.rpt
INFO: [HLS 200-1995] There were 74 instructions in the design after the 'HW Transforms (step 2)' phase of compilation. See the Design Size Report for more details: /home/linux/ieng6/students/401/bmscott/fa25-cse237c-projects/guitar_pedal/guitarpedal/audio.comp/hls/syn/report/csynth_design_size.rpt
INFO: [HLS 214-178] Inlining function 'ping_pong_delay(int*, int*, int, int, unsigned int, unsigned int, unsigned int)' into 'audio(int*, int*, int, int, unsigned int, unsigned int, unsigned int)' (audio.cpp:92:0)
INFO: [HLS 200-111] Finished Compiling Optimization and Transform: CPU user time: 3.23 seconds. CPU system time: 0.7 seconds. Elapsed time: 8.73 seconds; current allocated memory: 670.234 MB.
INFO: [HLS 200-111] Finished Checking Pragmas: CPU user time: 0 seconds. CPU system time: 0 seconds. Elapsed time: 0 seconds; current allocated memory: 670.234 MB.
INFO: [HLS 200-10] Starting code transformations ...
INFO: [HLS 200-111] Finished Standard Transforms: CPU user time: 0.01 seconds. CPU system time: 0.01 seconds. Elapsed time: 0.02 seconds; current allocated memory: 670.344 MB.
INFO: [HLS 200-10] Checking synthesizability ...
INFO: [HLS 200-111] Finished Checking Synthesizability: CPU user time: 0.01 seconds. CPU system time: 0 seconds. Elapsed time: 0.02 seconds; current allocated memory: 670.344 MB.
INFO: [HLS 200-111] Finished Loop, function and other optimizations: CPU user time: 0.03 seconds. CPU system time: 0.01 seconds. Elapsed time: 0.05 seconds; current allocated memory: 690.684 MB.
INFO: [HLS 200-111] Finished Architecture Synthesis: CPU user time: 0.03 seconds. CPU system time: 0 seconds. Elapsed time: 0.04 seconds; current allocated memory: 690.684 MB.
INFO: [HLS 200-10] Starting hardware synthesis ...
INFO: [HLS 200-10] Synthesizing 'audio' ...
INFO: [HLS 200-10] ----------------------------------------------------------------
INFO: [HLS 200-42] -- Implementing module 'audio' 
INFO: [HLS 200-10] ----------------------------------------------------------------
INFO: [SCHED 204-11] Starting scheduling ...
INFO: [SCHED 204-11] Finished scheduling.
INFO: [HLS 200-111] Finished Scheduling: CPU user time: 0.09 seconds. CPU system time: 0.05 seconds. Elapsed time: 0.17 seconds; current allocated memory: 690.684 MB.
INFO: [BIND 205-100] Starting micro-architecture generation ...
INFO: [BIND 205-101] Performing variable lifetime analysis.
INFO: [BIND 205-101] Exploring resource sharing.
INFO: [BIND 205-101] Binding ...
INFO: [BIND 205-100] Finished micro-architecture generation.
INFO: [HLS 200-111] Finished Binding: CPU user time: 0.03 seconds. CPU system time: 0.01 seconds. Elapsed time: 0.06 seconds; current allocated memory: 690.684 MB.
INFO: [HLS 200-10] ----------------------------------------------------------------
INFO: [HLS 200-10] -- Generating RTL for module 'audio' 
INFO: [HLS 200-10] ----------------------------------------------------------------
WARNING: [RTGEN 206-101] Design contains AXI ports. Reset is fixed to synchronous and active low.
INFO: [RTGEN 206-500] Setting interface mode on port 'audio/out_L' to 's_axilite & ap_vld'.
INFO: [RTGEN 206-500] Setting interface mode on port 'audio/out_R' to 's_axilite & ap_vld'.
INFO: [RTGEN 206-500] Setting interface mode on port 'audio/in_L' to 's_axilite & ap_none'.
INFO: [RTGEN 206-500] Setting interface mode on port 'audio/in_R' to 's_axilite & ap_none'.
INFO: [RTGEN 206-500] Setting interface mode on port 'audio/delay_samples' to 'ap_none'.
INFO: [RTGEN 206-500] Setting interface mode on port 'audio/feedback_gain' to 'ap_none'.
INFO: [RTGEN 206-500] Setting interface mode on port 'audio/wet_mix' to 'ap_none'.
INFO: [RTGEN 206-500] Setting interface mode on function 'audio' to 's_axilite & ap_ctrl_hs'.
WARNING: [RTGEN 206-101] Register 'write_index' is power-on initialization.
INFO: [RTGEN 206-100] Bundling port 'out_L', 'out_R', 'in_L', 'in_R' to AXI-Lite port control.
INFO: [RTGEN 206-100] Generating core module 'mul_24s_32s_32_2_1': 4 instance(s).
INFO: [RTGEN 206-100] Generating core module 'mul_32s_32s_32_2_1': 2 instance(s).
INFO: [RTGEN 206-100] Finished creating RTL model for 'audio'.
INFO: [RTMG 210-278] Implementing memory 'audio_delay_buffer_L_RAM_AUTO_1R1W' using auto RAMs.
INFO: [HLS 200-111] Finished Creating RTL model: CPU user time: 0.08 seconds. CPU system time: 0.01 seconds. Elapsed time: 0.16 seconds; current allocated memory: 690.684 MB.
INFO: [HLS 200-111] Finished Generating all RTL models: CPU user time: 0.42 seconds. CPU system time: 0.05 seconds. Elapsed time: 0.99 seconds; current allocated memory: 690.684 MB.
INFO: [HLS 200-111] Finished Updating report files: CPU user time: 0.47 seconds. CPU system time: 0.05 seconds. Elapsed time: 0.64 seconds; current allocated memory: 690.684 MB.
INFO: [VHDL 208-304] Generating VHDL RTL for audio.
INFO: [VLOG 209-307] Generating Verilog RTL for audio.
INFO: [HLS 200-789] **** Estimated Fmax: 138.93 MHz
INFO: [HLS 200-2161] Finished Command csynth_design Elapsed time: 00:00:18; Allocated memory: 47.434 MB.
==============================================================
Vitis HLS - High-Level Synthesis from C, C++ and OpenCL v2024.2 (64-bit)
Tool Version Limit: 2024.11
Copyright 1986-2022 Xilinx, Inc. All Rights Reserved.
Copyright 2022-2024 Advanced Micro Devices, Inc. All Rights Reserved.

==============================================================
INFO: [SYN 201-201] Setting up clock 'default' with a period of 10ns.
INFO: [HLS 200-1611] Setting target device to 'xc7z020-clg400-1'
INFO: [HLS 200-1505] Using flow_target 'vivado'
INFO: [HLS 200-1465] Applying ini 'syn.file=../audio.cpp' from /home/linux/ieng6/students/401/bmscott/fa25-cse237c-projects/guitar_pedal/guitarpedal/audio.comp/hls_config.cfg(6)
INFO: [HLS 200-10] Adding design file 'audio.cpp' to the project
INFO: [HLS 200-1465] Applying ini 'tb.file=../audio.cpp' from /home/linux/ieng6/students/401/bmscott/fa25-cse237c-projects/guitar_pedal/guitarpedal/audio.comp/hls_config.cfg(8)
INFO: [HLS 200-10] Adding test bench file 'audio.cpp' to the project
INFO: [HLS 200-1465] Applying ini 'syn.top=audio' from /home/linux/ieng6/students/401/bmscott/fa25-cse237c-projects/guitar_pedal/guitarpedal/audio.comp/hls_config.cfg(7)
INFO: [HLS 200-1465] Applying ini 'flow_target=vivado' from /home/linux/ieng6/students/401/bmscott/fa25-cse237c-projects/guitar_pedal/guitarpedal/audio.comp/hls_config.cfg(5)
INFO: [HLS 200-1505] Using flow_target 'vivado'
INFO: [HLS 200-1465] Applying ini 'part=xc7z020-clg400-1' from /home/linux/ieng6/students/401/bmscott/fa25-cse237c-projects/guitar_pedal/guitarpedal/audio.comp/hls_config.cfg(1)
INFO: [HLS 200-1465] Applying ini 'clock=10ns' from /home/linux/ieng6/students/401/bmscott/fa25-cse237c-projects/guitar_pedal/guitarpedal/audio.comp/hls_config.cfg(4)
INFO: [SYN 201-201] Setting up clock 'default' with a period of 10ns.
INFO: [HLS 200-1510] Running: export_design -format ip_catalog -rtl verilog -version 1.0 -ipname audio 
INFO: [IMPL 213-8] Exporting RTL as a Vivado IP.
INFO: [HLS 200-802] Generated output file audio.comp/hls/impl/export.zip
INFO: [HLS 200-2161] Finished Command export_design Elapsed time: 00:00:39; Allocated memory: 21.070 MB.
