
*** Running vivado
    with args -log base_color_convert_0.vds -m64 -product Vivado -mode batch -messageDb vivado.pb -notrace -source base_color_convert_0.tcl



****** Vivado v2024.1 (64-bit)
  **** SW Build 5076996 on Wed May 22 18:37:14 MDT 2024
  **** IP Build 5075265 on Wed May 22 21:45:21 MDT 2024
  **** SharedData Build 5076995 on Wed May 22 18:29:18 MDT 2024
  **** Start of session at: Fri Nov 21 09:56:33 2025
    ** Copyright 1986-2022 Xilinx, Inc. All Rights Reserved.
    ** Copyright 2022-2024 Advanced Micro Devices, Inc. All Rights Reserved.

source base_color_convert_0.tcl -notrace
create_project: Time (s): cpu = 00:00:15 ; elapsed = 00:00:15 . Memory (MB): peak = 530.711 ; gain = 199.785
INFO: [IP_Flow 19-234] Refreshing IP repositories
INFO: [IP_Flow 19-1700] Loaded user IP repository 'c:/Users/james/PYNQ/boards/ip'.
INFO: [IP_Flow 19-2313] Loaded Vivado IP repository 'C:/Xilinx/Vivado/2024.1/data/ip'.
INFO: [IP_Flow 19-6924] IPCACHE: Running cache check for IP inst: base_color_convert_0
Command: synth_design -top base_color_convert_0 -part xc7z020clg400-1 -incremental_mode off -mode out_of_context
Starting synth_design
Attempting to get a license for feature 'Synthesis' and/or device 'xc7z020'
INFO: [Common 17-349] Got license for feature 'Synthesis' and/or device 'xc7z020'
INFO: [Device 21-403] Loading part xc7z020clg400-1
INFO: [Device 21-9227] Part: xc7z020clg400-1 does not have CEAM library.
INFO: [Synth 8-7079] Multithreading enabled for synth_design using a maximum of 2 processes.
INFO: [Synth 8-7078] Launching helper process for spawning children vivado processes
INFO: [Synth 8-7075] Helper process launched with PID 7912
---------------------------------------------------------------------------------
Starting RTL Elaboration : Time (s): cpu = 00:00:09 ; elapsed = 00:00:10 . Memory (MB): peak = 1421.500 ; gain = 448.215
---------------------------------------------------------------------------------
INFO: [Synth 8-6157] synthesizing module 'base_color_convert_0' [c:/Users/james/PYNQ/boards/Pynq-Z2/base/base/base.gen/sources_1/bd/base/ip/base_color_convert_0/synth/base_color_convert_0.v:53]
INFO: [Synth 8-6157] synthesizing module 'color_convert' [c:/Users/james/PYNQ/boards/Pynq-Z2/base/base/base.gen/sources_1/bd/base/ipshared/e553/hdl/verilog/color_convert.v:9]
WARNING: [Synth 8-5974] attribute "use_dsp48" has been deprecated, please use "use_dsp" instead 
WARNING: [Synth 8-5974] attribute "use_dsp48" has been deprecated, please use "use_dsp" instead 
WARNING: [Synth 8-5974] attribute "use_dsp48" has been deprecated, please use "use_dsp" instead 
INFO: [Synth 8-6157] synthesizing module 'color_convert_control_s_axi' [c:/Users/james/PYNQ/boards/Pynq-Z2/base/base/base.gen/sources_1/bd/base/ipshared/e553/hdl/verilog/color_convert_control_s_axi.v:9]
INFO: [Synth 8-155] case statement is not full and has no default [c:/Users/james/PYNQ/boards/Pynq-Z2/base/base/base.gen/sources_1/bd/base/ipshared/e553/hdl/verilog/color_convert_control_s_axi.v:255]
INFO: [Synth 8-6155] done synthesizing module 'color_convert_control_s_axi' (0#1) [c:/Users/james/PYNQ/boards/Pynq-Z2/base/base/base.gen/sources_1/bd/base/ipshared/e553/hdl/verilog/color_convert_control_s_axi.v:9]
INFO: [Synth 8-6157] synthesizing module 'color_convert_mul_10s_8ns_18_1_1' [c:/Users/james/PYNQ/boards/Pynq-Z2/base/base/base.gen/sources_1/bd/base/ipshared/e553/hdl/verilog/color_convert_mul_10s_8ns_18_1_1.v:5]
INFO: [Synth 8-6155] done synthesizing module 'color_convert_mul_10s_8ns_18_1_1' (0#1) [c:/Users/james/PYNQ/boards/Pynq-Z2/base/base/base.gen/sources_1/bd/base/ipshared/e553/hdl/verilog/color_convert_mul_10s_8ns_18_1_1.v:5]
INFO: [Synth 8-6157] synthesizing module 'color_convert_mac_muladd_10s_8ns_18s_19_4_1' [c:/Users/james/PYNQ/boards/Pynq-Z2/base/base/base.gen/sources_1/bd/base/ipshared/e553/hdl/verilog/color_convert_mac_muladd_10s_8ns_18s_19_4_1.v:55]
INFO: [Synth 8-6157] synthesizing module 'color_convert_mac_muladd_10s_8ns_18s_19_4_1_DSP48_0' [c:/Users/james/PYNQ/boards/Pynq-Z2/base/base/base.gen/sources_1/bd/base/ipshared/e553/hdl/verilog/color_convert_mac_muladd_10s_8ns_18s_19_4_1.v:12]
INFO: [Synth 8-6155] done synthesizing module 'color_convert_mac_muladd_10s_8ns_18s_19_4_1_DSP48_0' (0#1) [c:/Users/james/PYNQ/boards/Pynq-Z2/base/base/base.gen/sources_1/bd/base/ipshared/e553/hdl/verilog/color_convert_mac_muladd_10s_8ns_18s_19_4_1.v:12]
INFO: [Synth 8-6155] done synthesizing module 'color_convert_mac_muladd_10s_8ns_18s_19_4_1' (0#1) [c:/Users/james/PYNQ/boards/Pynq-Z2/base/base/base.gen/sources_1/bd/base/ipshared/e553/hdl/verilog/color_convert_mac_muladd_10s_8ns_18s_19_4_1.v:55]
INFO: [Synth 8-6157] synthesizing module 'color_convert_mac_muladd_10s_8ns_19s_20_4_1' [c:/Users/james/PYNQ/boards/Pynq-Z2/base/base/base.gen/sources_1/bd/base/ipshared/e553/hdl/verilog/color_convert_mac_muladd_10s_8ns_19s_20_4_1.v:55]
INFO: [Synth 8-6157] synthesizing module 'color_convert_mac_muladd_10s_8ns_19s_20_4_1_DSP48_0' [c:/Users/james/PYNQ/boards/Pynq-Z2/base/base/base.gen/sources_1/bd/base/ipshared/e553/hdl/verilog/color_convert_mac_muladd_10s_8ns_19s_20_4_1.v:12]
INFO: [Synth 8-6155] done synthesizing module 'color_convert_mac_muladd_10s_8ns_19s_20_4_1_DSP48_0' (0#1) [c:/Users/james/PYNQ/boards/Pynq-Z2/base/base/base.gen/sources_1/bd/base/ipshared/e553/hdl/verilog/color_convert_mac_muladd_10s_8ns_19s_20_4_1.v:12]
INFO: [Synth 8-6155] done synthesizing module 'color_convert_mac_muladd_10s_8ns_19s_20_4_1' (0#1) [c:/Users/james/PYNQ/boards/Pynq-Z2/base/base/base.gen/sources_1/bd/base/ipshared/e553/hdl/verilog/color_convert_mac_muladd_10s_8ns_19s_20_4_1.v:55]
INFO: [Synth 8-6157] synthesizing module 'color_convert_regslice_both' [c:/Users/james/PYNQ/boards/Pynq-Z2/base/base/base.gen/sources_1/bd/base/ipshared/e553/hdl/verilog/color_convert_regslice_both.v:9]
INFO: [Synth 8-6155] done synthesizing module 'color_convert_regslice_both' (0#1) [c:/Users/james/PYNQ/boards/Pynq-Z2/base/base/base.gen/sources_1/bd/base/ipshared/e553/hdl/verilog/color_convert_regslice_both.v:9]
INFO: [Synth 8-6157] synthesizing module 'color_convert_regslice_both__parameterized0' [c:/Users/james/PYNQ/boards/Pynq-Z2/base/base/base.gen/sources_1/bd/base/ipshared/e553/hdl/verilog/color_convert_regslice_both.v:9]
INFO: [Synth 8-6155] done synthesizing module 'color_convert_regslice_both__parameterized0' (0#1) [c:/Users/james/PYNQ/boards/Pynq-Z2/base/base/base.gen/sources_1/bd/base/ipshared/e553/hdl/verilog/color_convert_regslice_both.v:9]
INFO: [Synth 8-6157] synthesizing module 'color_convert_regslice_both__parameterized1' [c:/Users/james/PYNQ/boards/Pynq-Z2/base/base/base.gen/sources_1/bd/base/ipshared/e553/hdl/verilog/color_convert_regslice_both.v:9]
INFO: [Synth 8-6155] done synthesizing module 'color_convert_regslice_both__parameterized1' (0#1) [c:/Users/james/PYNQ/boards/Pynq-Z2/base/base/base.gen/sources_1/bd/base/ipshared/e553/hdl/verilog/color_convert_regslice_both.v:9]
INFO: [Synth 8-6155] done synthesizing module 'color_convert' (0#1) [c:/Users/james/PYNQ/boards/Pynq-Z2/base/base/base.gen/sources_1/bd/base/ipshared/e553/hdl/verilog/color_convert.v:9]
INFO: [Synth 8-6155] done synthesizing module 'base_color_convert_0' (0#1) [c:/Users/james/PYNQ/boards/Pynq-Z2/base/base/base.gen/sources_1/bd/base/ip/base_color_convert_0/synth/base_color_convert_0.v:53]
WARNING: [Synth 8-7129] Port rst in module color_convert_mac_muladd_10s_8ns_19s_20_4_1_DSP48_0 is either unconnected or has no load
WARNING: [Synth 8-7129] Port rst in module color_convert_mac_muladd_10s_8ns_18s_19_4_1_DSP48_0 is either unconnected or has no load
WARNING: [Synth 8-7129] Port AWADDR[1] in module color_convert_control_s_axi is either unconnected or has no load
WARNING: [Synth 8-7129] Port AWADDR[0] in module color_convert_control_s_axi is either unconnected or has no load
WARNING: [Synth 8-7129] Port WDATA[31] in module color_convert_control_s_axi is either unconnected or has no load
WARNING: [Synth 8-7129] Port WDATA[30] in module color_convert_control_s_axi is either unconnected or has no load
WARNING: [Synth 8-7129] Port WDATA[29] in module color_convert_control_s_axi is either unconnected or has no load
WARNING: [Synth 8-7129] Port WDATA[28] in module color_convert_control_s_axi is either unconnected or has no load
WARNING: [Synth 8-7129] Port WDATA[27] in module color_convert_control_s_axi is either unconnected or has no load
WARNING: [Synth 8-7129] Port WDATA[26] in module color_convert_control_s_axi is either unconnected or has no load
WARNING: [Synth 8-7129] Port WDATA[25] in module color_convert_control_s_axi is either unconnected or has no load
WARNING: [Synth 8-7129] Port WDATA[24] in module color_convert_control_s_axi is either unconnected or has no load
WARNING: [Synth 8-7129] Port WDATA[23] in module color_convert_control_s_axi is either unconnected or has no load
WARNING: [Synth 8-7129] Port WDATA[22] in module color_convert_control_s_axi is either unconnected or has no load
WARNING: [Synth 8-7129] Port WDATA[21] in module color_convert_control_s_axi is either unconnected or has no load
WARNING: [Synth 8-7129] Port WDATA[20] in module color_convert_control_s_axi is either unconnected or has no load
WARNING: [Synth 8-7129] Port WDATA[19] in module color_convert_control_s_axi is either unconnected or has no load
WARNING: [Synth 8-7129] Port WDATA[18] in module color_convert_control_s_axi is either unconnected or has no load
WARNING: [Synth 8-7129] Port WDATA[17] in module color_convert_control_s_axi is either unconnected or has no load
WARNING: [Synth 8-7129] Port WDATA[16] in module color_convert_control_s_axi is either unconnected or has no load
WARNING: [Synth 8-7129] Port WDATA[15] in module color_convert_control_s_axi is either unconnected or has no load
WARNING: [Synth 8-7129] Port WDATA[14] in module color_convert_control_s_axi is either unconnected or has no load
WARNING: [Synth 8-7129] Port WDATA[13] in module color_convert_control_s_axi is either unconnected or has no load
WARNING: [Synth 8-7129] Port WDATA[12] in module color_convert_control_s_axi is either unconnected or has no load
WARNING: [Synth 8-7129] Port WDATA[11] in module color_convert_control_s_axi is either unconnected or has no load
WARNING: [Synth 8-7129] Port WDATA[10] in module color_convert_control_s_axi is either unconnected or has no load
---------------------------------------------------------------------------------
Finished RTL Elaboration : Time (s): cpu = 00:00:13 ; elapsed = 00:00:14 . Memory (MB): peak = 1546.047 ; gain = 572.762
---------------------------------------------------------------------------------
---------------------------------------------------------------------------------
Start Handling Custom Attributes
---------------------------------------------------------------------------------
---------------------------------------------------------------------------------
Finished Handling Custom Attributes : Time (s): cpu = 00:00:13 ; elapsed = 00:00:14 . Memory (MB): peak = 1546.047 ; gain = 572.762
---------------------------------------------------------------------------------
---------------------------------------------------------------------------------
Finished RTL Optimization Phase 1 : Time (s): cpu = 00:00:13 ; elapsed = 00:00:14 . Memory (MB): peak = 1546.047 ; gain = 572.762
---------------------------------------------------------------------------------
Netlist sorting complete. Time (s): cpu = 00:00:00 ; elapsed = 00:00:00.052 . Memory (MB): peak = 1546.047 ; gain = 0.000
INFO: [Project 1-570] Preparing netlist for logic optimization

Processing XDC Constraints
Initializing timing engine
Parsing XDC File [c:/Users/james/PYNQ/boards/Pynq-Z2/base/base/base.gen/sources_1/bd/base/ip/base_color_convert_0/constraints/color_convert_ooc.xdc] for cell 'inst'
Finished Parsing XDC File [c:/Users/james/PYNQ/boards/Pynq-Z2/base/base/base.gen/sources_1/bd/base/ip/base_color_convert_0/constraints/color_convert_ooc.xdc] for cell 'inst'
Parsing XDC File [C:/Users/james/PYNQ/boards/Pynq-Z2/base/base/base.runs/base_color_convert_0_synth_1/dont_touch.xdc]
Finished Parsing XDC File [C:/Users/james/PYNQ/boards/Pynq-Z2/base/base/base.runs/base_color_convert_0_synth_1/dont_touch.xdc]
Completed Processing XDC Constraints

Netlist sorting complete. Time (s): cpu = 00:00:00 ; elapsed = 00:00:00.001 . Memory (MB): peak = 1642.223 ; gain = 0.000
INFO: [Project 1-111] Unisim Transformation Summary:
No Unisim elements were transformed.

Constraint Validation Runtime : Time (s): cpu = 00:00:00 ; elapsed = 00:00:00.078 . Memory (MB): peak = 1642.223 ; gain = 0.000
INFO: [Designutils 20-5008] Incremental synthesis strategy off
---------------------------------------------------------------------------------
Finished Constraint Validation : Time (s): cpu = 00:00:28 ; elapsed = 00:00:29 . Memory (MB): peak = 1642.223 ; gain = 668.938
---------------------------------------------------------------------------------
---------------------------------------------------------------------------------
Start Loading Part and Timing Information
---------------------------------------------------------------------------------
Loading part: xc7z020clg400-1
---------------------------------------------------------------------------------
Finished Loading Part and Timing Information : Time (s): cpu = 00:00:28 ; elapsed = 00:00:29 . Memory (MB): peak = 1642.223 ; gain = 668.938
---------------------------------------------------------------------------------
---------------------------------------------------------------------------------
Start Applying 'set_property' XDC Constraints
---------------------------------------------------------------------------------
Applied set_property KEEP_HIERARCHY = SOFT for inst. (constraint file  C:/Users/james/PYNQ/boards/Pynq-Z2/base/base/base.runs/base_color_convert_0_synth_1/dont_touch.xdc, line 9).
---------------------------------------------------------------------------------
Finished applying 'set_property' XDC Constraints : Time (s): cpu = 00:00:28 ; elapsed = 00:00:29 . Memory (MB): peak = 1642.223 ; gain = 668.938
---------------------------------------------------------------------------------
INFO: [Synth 8-802] inferred FSM for state register 'wstate_reg' in module 'color_convert_control_s_axi'
INFO: [Synth 8-802] inferred FSM for state register 'rstate_reg' in module 'color_convert_control_s_axi'
INFO: [Synth 8-802] inferred FSM for state register 'state_reg' in module 'color_convert_regslice_both'
INFO: [Synth 8-802] inferred FSM for state register 'state_reg' in module 'color_convert_regslice_both__parameterized0'
INFO: [Synth 8-802] inferred FSM for state register 'state_reg' in module 'color_convert_regslice_both__parameterized1'
---------------------------------------------------------------------------------------------------
                   State |                     New Encoding |                Previous Encoding 
---------------------------------------------------------------------------------------------------
                  iSTATE |                             0001 |                               11
*
                  WRIDLE |                             0010 |                               00
                  WRDATA |                             0100 |                               01
                  WRRESP |                             1000 |                               10
---------------------------------------------------------------------------------------------------
INFO: [Synth 8-3354] encoded FSM with state register 'wstate_reg' using encoding 'one-hot' in module 'color_convert_control_s_axi'
---------------------------------------------------------------------------------------------------
                   State |                     New Encoding |                Previous Encoding 
---------------------------------------------------------------------------------------------------
                  iSTATE |                              001 |                               10
*
                  RDIDLE |                              010 |                               00
                  RDDATA |                              100 |                               01
---------------------------------------------------------------------------------------------------
INFO: [Synth 8-3354] encoded FSM with state register 'rstate_reg' using encoding 'one-hot' in module 'color_convert_control_s_axi'
---------------------------------------------------------------------------------------------------
                   State |                     New Encoding |                Previous Encoding 
---------------------------------------------------------------------------------------------------
                    ZERO |                               00 |                               10
                     ONE |                               10 |                               11
                     TWO |                               01 |                               01
---------------------------------------------------------------------------------------------------
INFO: [Synth 8-3354] encoded FSM with state register 'state_reg' using encoding 'sequential' in module 'color_convert_regslice_both'
---------------------------------------------------------------------------------------------------
                   State |                     New Encoding |                Previous Encoding 
---------------------------------------------------------------------------------------------------
                    ZERO |                               00 |                               10
                     ONE |                               10 |                               11
                     TWO |                               01 |                               01
---------------------------------------------------------------------------------------------------
INFO: [Synth 8-3354] encoded FSM with state register 'state_reg' using encoding 'sequential' in module 'color_convert_regslice_both__parameterized0'
---------------------------------------------------------------------------------------------------
                   State |                     New Encoding |                Previous Encoding 
---------------------------------------------------------------------------------------------------
                    ZERO |                               00 |                               10
                     ONE |                               10 |                               11
                     TWO |                               01 |                               01
---------------------------------------------------------------------------------------------------
INFO: [Synth 8-3354] encoded FSM with state register 'state_reg' using encoding 'sequential' in module 'color_convert_regslice_both__parameterized1'
---------------------------------------------------------------------------------
Finished RTL Optimization Phase 2 : Time (s): cpu = 00:00:29 ; elapsed = 00:00:30 . Memory (MB): peak = 1642.223 ; gain = 668.938
---------------------------------------------------------------------------------
---------------------------------------------------------------------------------
Start RTL Component Statistics 
---------------------------------------------------------------------------------
Detailed RTL Component Info : 
+---Adders : 
	   2 Input   20 Bit       Adders := 3     
	   2 Input    8 Bit       Adders := 3     
+---XORs : 
	   2 Input      1 Bit         XORs := 9     
+---Registers : 
	               32 Bit    Registers := 1     
	               24 Bit    Registers := 4     
	               18 Bit    Registers := 9     
	               10 Bit    Registers := 30    
	                8 Bit    Registers := 8     
	                7 Bit    Registers := 1     
	                4 Bit    Registers := 3     
	                3 Bit    Registers := 20    
	                2 Bit    Registers := 10    
	                1 Bit    Registers := 56    
+---Muxes : 
	   2 Input   24 Bit        Muxes := 2     
	   2 Input    8 Bit        Muxes := 12    
	   4 Input    4 Bit        Muxes := 1     
	   2 Input    4 Bit        Muxes := 3     
	   3 Input    3 Bit        Muxes := 1     
	   2 Input    3 Bit        Muxes := 6     
	   2 Input    2 Bit        Muxes := 100   
	   3 Input    2 Bit        Muxes := 30    
	   4 Input    2 Bit        Muxes := 10    
	   2 Input    1 Bit        Muxes := 49    
---------------------------------------------------------------------------------
Finished RTL Component Statistics 
---------------------------------------------------------------------------------
---------------------------------------------------------------------------------
Start Part Resource Summary
---------------------------------------------------------------------------------
Part Resources:
DSPs: 220 (col length:60)
BRAMs: 280 (col length: RAMB18 60 RAMB36 30)
---------------------------------------------------------------------------------
Finished Part Resource Summary
---------------------------------------------------------------------------------
---------------------------------------------------------------------------------
Start Cross Boundary and Area Optimization
---------------------------------------------------------------------------------
WARNING: [Synth 8-7080] Parallel synthesis criteria is not met
WARNING: [Synth 8-3936] Found unconnected internal register 'mac_muladd_10s_8ns_19s_20_4_1_U7/color_convert_mac_muladd_10s_8ns_19s_20_4_1_DSP48_0_U/p_reg_reg' and it is trimmed from '44' to '20' bits. [c:/Users/james/PYNQ/boards/Pynq-Z2/base/base/base.gen/sources_1/bd/base/ipshared/e553/hdl/verilog/color_convert_mac_muladd_10s_8ns_19s_20_4_1.v:45]
WARNING: [Synth 8-3936] Found unconnected internal register 'mac_muladd_10s_8ns_18s_19_4_1_U4/color_convert_mac_muladd_10s_8ns_18s_19_4_1_DSP48_0_U/p_reg_reg' and it is trimmed from '44' to '19' bits. [c:/Users/james/PYNQ/boards/Pynq-Z2/base/base/base.gen/sources_1/bd/base/ipshared/e553/hdl/verilog/color_convert_mac_muladd_10s_8ns_18s_19_4_1.v:45]
WARNING: [Synth 8-3936] Found unconnected internal register 'mac_muladd_10s_8ns_18s_19_4_1_U4/color_convert_mac_muladd_10s_8ns_18s_19_4_1_DSP48_0_U/m_reg_reg' and it is trimmed from '43' to '19' bits. [c:/Users/james/PYNQ/boards/Pynq-Z2/base/base/base.gen/sources_1/bd/base/ipshared/e553/hdl/verilog/color_convert_mac_muladd_10s_8ns_18s_19_4_1.v:37]
WARNING: [Synth 8-3936] Found unconnected internal register 'mac_muladd_10s_8ns_18s_19_4_1_U4/color_convert_mac_muladd_10s_8ns_18s_19_4_1_DSP48_0_U/a_reg_reg' and it is trimmed from '25' to '19' bits. [c:/Users/james/PYNQ/boards/Pynq-Z2/base/base/base.gen/sources_1/bd/base/ipshared/e553/hdl/verilog/color_convert_mac_muladd_10s_8ns_18s_19_4_1.v:35]
WARNING: [Synth 8-3936] Found unconnected internal register 'mac_muladd_10s_8ns_19s_20_4_1_U7/color_convert_mac_muladd_10s_8ns_19s_20_4_1_DSP48_0_U/m_reg_reg' and it is trimmed from '43' to '20' bits. [c:/Users/james/PYNQ/boards/Pynq-Z2/base/base/base.gen/sources_1/bd/base/ipshared/e553/hdl/verilog/color_convert_mac_muladd_10s_8ns_19s_20_4_1.v:37]
WARNING: [Synth 8-3936] Found unconnected internal register 'mac_muladd_10s_8ns_19s_20_4_1_U7/color_convert_mac_muladd_10s_8ns_19s_20_4_1_DSP48_0_U/a_reg_reg' and it is trimmed from '25' to '20' bits. [c:/Users/james/PYNQ/boards/Pynq-Z2/base/base/base.gen/sources_1/bd/base/ipshared/e553/hdl/verilog/color_convert_mac_muladd_10s_8ns_19s_20_4_1.v:35]
WARNING: [Synth 8-3936] Found unconnected internal register 'mac_muladd_10s_8ns_19s_20_4_1_U8/color_convert_mac_muladd_10s_8ns_19s_20_4_1_DSP48_0_U/p_reg_reg' and it is trimmed from '44' to '20' bits. [c:/Users/james/PYNQ/boards/Pynq-Z2/base/base/base.gen/sources_1/bd/base/ipshared/e553/hdl/verilog/color_convert_mac_muladd_10s_8ns_19s_20_4_1.v:45]
WARNING: [Synth 8-3936] Found unconnected internal register 'mac_muladd_10s_8ns_18s_19_4_1_U5/color_convert_mac_muladd_10s_8ns_18s_19_4_1_DSP48_0_U/p_reg_reg' and it is trimmed from '44' to '19' bits. [c:/Users/james/PYNQ/boards/Pynq-Z2/base/base/base.gen/sources_1/bd/base/ipshared/e553/hdl/verilog/color_convert_mac_muladd_10s_8ns_18s_19_4_1.v:45]
WARNING: [Synth 8-3936] Found unconnected internal register 'mac_muladd_10s_8ns_18s_19_4_1_U5/color_convert_mac_muladd_10s_8ns_18s_19_4_1_DSP48_0_U/m_reg_reg' and it is trimmed from '43' to '19' bits. [c:/Users/james/PYNQ/boards/Pynq-Z2/base/base/base.gen/sources_1/bd/base/ipshared/e553/hdl/verilog/color_convert_mac_muladd_10s_8ns_18s_19_4_1.v:37]
WARNING: [Synth 8-3936] Found unconnected internal register 'mac_muladd_10s_8ns_18s_19_4_1_U5/color_convert_mac_muladd_10s_8ns_18s_19_4_1_DSP48_0_U/a_reg_reg' and it is trimmed from '25' to '19' bits. [c:/Users/james/PYNQ/boards/Pynq-Z2/base/base/base.gen/sources_1/bd/base/ipshared/e553/hdl/verilog/color_convert_mac_muladd_10s_8ns_18s_19_4_1.v:35]
WARNING: [Synth 8-3936] Found unconnected internal register 'mac_muladd_10s_8ns_19s_20_4_1_U8/color_convert_mac_muladd_10s_8ns_19s_20_4_1_DSP48_0_U/m_reg_reg' and it is trimmed from '43' to '20' bits. [c:/Users/james/PYNQ/boards/Pynq-Z2/base/base/base.gen/sources_1/bd/base/ipshared/e553/hdl/verilog/color_convert_mac_muladd_10s_8ns_19s_20_4_1.v:37]
WARNING: [Synth 8-3936] Found unconnected internal register 'mac_muladd_10s_8ns_19s_20_4_1_U8/color_convert_mac_muladd_10s_8ns_19s_20_4_1_DSP48_0_U/a_reg_reg' and it is trimmed from '25' to '20' bits. [c:/Users/james/PYNQ/boards/Pynq-Z2/base/base/base.gen/sources_1/bd/base/ipshared/e553/hdl/verilog/color_convert_mac_muladd_10s_8ns_19s_20_4_1.v:35]
WARNING: [Synth 8-3936] Found unconnected internal register 'mac_muladd_10s_8ns_19s_20_4_1_U9/color_convert_mac_muladd_10s_8ns_19s_20_4_1_DSP48_0_U/p_reg_reg' and it is trimmed from '44' to '20' bits. [c:/Users/james/PYNQ/boards/Pynq-Z2/base/base/base.gen/sources_1/bd/base/ipshared/e553/hdl/verilog/color_convert_mac_muladd_10s_8ns_19s_20_4_1.v:45]
WARNING: [Synth 8-3936] Found unconnected internal register 'mac_muladd_10s_8ns_18s_19_4_1_U6/color_convert_mac_muladd_10s_8ns_18s_19_4_1_DSP48_0_U/p_reg_reg' and it is trimmed from '44' to '19' bits. [c:/Users/james/PYNQ/boards/Pynq-Z2/base/base/base.gen/sources_1/bd/base/ipshared/e553/hdl/verilog/color_convert_mac_muladd_10s_8ns_18s_19_4_1.v:45]
WARNING: [Synth 8-3936] Found unconnected internal register 'mac_muladd_10s_8ns_18s_19_4_1_U6/color_convert_mac_muladd_10s_8ns_18s_19_4_1_DSP48_0_U/m_reg_reg' and it is trimmed from '43' to '19' bits. [c:/Users/james/PYNQ/boards/Pynq-Z2/base/base/base.gen/sources_1/bd/base/ipshared/e553/hdl/verilog/color_convert_mac_muladd_10s_8ns_18s_19_4_1.v:37]
WARNING: [Synth 8-3936] Found unconnected internal register 'mac_muladd_10s_8ns_18s_19_4_1_U6/color_convert_mac_muladd_10s_8ns_18s_19_4_1_DSP48_0_U/a_reg_reg' and it is trimmed from '25' to '19' bits. [c:/Users/james/PYNQ/boards/Pynq-Z2/base/base/base.gen/sources_1/bd/base/ipshared/e553/hdl/verilog/color_convert_mac_muladd_10s_8ns_18s_19_4_1.v:35]
WARNING: [Synth 8-3936] Found unconnected internal register 'mac_muladd_10s_8ns_19s_20_4_1_U9/color_convert_mac_muladd_10s_8ns_19s_20_4_1_DSP48_0_U/m_reg_reg' and it is trimmed from '43' to '20' bits. [c:/Users/james/PYNQ/boards/Pynq-Z2/base/base/base.gen/sources_1/bd/base/ipshared/e553/hdl/verilog/color_convert_mac_muladd_10s_8ns_19s_20_4_1.v:37]
WARNING: [Synth 8-3936] Found unconnected internal register 'mac_muladd_10s_8ns_19s_20_4_1_U9/color_convert_mac_muladd_10s_8ns_19s_20_4_1_DSP48_0_U/a_reg_reg' and it is trimmed from '25' to '20' bits. [c:/Users/james/PYNQ/boards/Pynq-Z2/base/base/base.gen/sources_1/bd/base/ipshared/e553/hdl/verilog/color_convert_mac_muladd_10s_8ns_19s_20_4_1.v:35]
DSP Report: Generating DSP mul_ln32_1_reg_1045_reg, operation Mode is: (A2*B'')'.
DSP Report: register mul_ln32_1_reg_1045_reg is absorbed into DSP mul_ln32_1_reg_1045_reg.
DSP Report: register mul_ln32_1_reg_1045_reg is absorbed into DSP mul_ln32_1_reg_1045_reg.
DSP Report: register c1_c2_read_reg_990_reg is absorbed into DSP mul_ln32_1_reg_1045_reg.
DSP Report: register mul_ln32_1_reg_1045_reg is absorbed into DSP mul_ln32_1_reg_1045_reg.
DSP Report: operator mul_10s_8ns_18_1_1_U1/tmp_product is absorbed into DSP mul_ln32_1_reg_1045_reg.
DSP Report: Generating DSP mac_muladd_10s_8ns_18s_19_4_1_U4/color_convert_mac_muladd_10s_8ns_18s_19_4_1_DSP48_0_U/p_reg_reg, operation Mode is: (C+(A2*B'')')'.
DSP Report: register mac_muladd_10s_8ns_18s_19_4_1_U4/color_convert_mac_muladd_10s_8ns_18s_19_4_1_DSP48_0_U/p_reg_reg is absorbed into DSP mac_muladd_10s_8ns_18s_19_4_1_U4/color_convert_mac_muladd_10s_8ns_18s_19_4_1_DSP48_0_U/p_reg_reg.
DSP Report: register mac_muladd_10s_8ns_18s_19_4_1_U4/color_convert_mac_muladd_10s_8ns_18s_19_4_1_DSP48_0_U/p_reg_reg is absorbed into DSP mac_muladd_10s_8ns_18s_19_4_1_U4/color_convert_mac_muladd_10s_8ns_18s_19_4_1_DSP48_0_U/p_reg_reg.
DSP Report: register mac_muladd_10s_8ns_18s_19_4_1_U4/color_convert_mac_muladd_10s_8ns_18s_19_4_1_DSP48_0_U/p_reg_reg is absorbed into DSP mac_muladd_10s_8ns_18s_19_4_1_U4/color_convert_mac_muladd_10s_8ns_18s_19_4_1_DSP48_0_U/p_reg_reg.
DSP Report: register mac_muladd_10s_8ns_18s_19_4_1_U4/color_convert_mac_muladd_10s_8ns_18s_19_4_1_DSP48_0_U/p_reg_reg is absorbed into DSP mac_muladd_10s_8ns_18s_19_4_1_U4/color_convert_mac_muladd_10s_8ns_18s_19_4_1_DSP48_0_U/p_reg_reg.
DSP Report: register mac_muladd_10s_8ns_18s_19_4_1_U4/color_convert_mac_muladd_10s_8ns_18s_19_4_1_DSP48_0_U/m_reg_reg is absorbed into DSP mac_muladd_10s_8ns_18s_19_4_1_U4/color_convert_mac_muladd_10s_8ns_18s_19_4_1_DSP48_0_U/p_reg_reg.
DSP Report: operator mac_muladd_10s_8ns_18s_19_4_1_U4/color_convert_mac_muladd_10s_8ns_18s_19_4_1_DSP48_0_U/p is absorbed into DSP mac_muladd_10s_8ns_18s_19_4_1_U4/color_convert_mac_muladd_10s_8ns_18s_19_4_1_DSP48_0_U/p_reg_reg.
DSP Report: operator mac_muladd_10s_8ns_18s_19_4_1_U4/color_convert_mac_muladd_10s_8ns_18s_19_4_1_DSP48_0_U/m is absorbed into DSP mac_muladd_10s_8ns_18s_19_4_1_U4/color_convert_mac_muladd_10s_8ns_18s_19_4_1_DSP48_0_U/p_reg_reg.
DSP Report: Generating DSP mac_muladd_10s_8ns_19s_20_4_1_U7/color_convert_mac_muladd_10s_8ns_19s_20_4_1_DSP48_0_U/p_reg_reg, operation Mode is: (C+(A''*B'')')'.
DSP Report: register mac_muladd_10s_8ns_19s_20_4_1_U7/color_convert_mac_muladd_10s_8ns_19s_20_4_1_DSP48_0_U/p_reg_reg is absorbed into DSP mac_muladd_10s_8ns_19s_20_4_1_U7/color_convert_mac_muladd_10s_8ns_19s_20_4_1_DSP48_0_U/p_reg_reg.
DSP Report: register mac_muladd_10s_8ns_19s_20_4_1_U7/color_convert_mac_muladd_10s_8ns_19s_20_4_1_DSP48_0_U/p_reg_reg is absorbed into DSP mac_muladd_10s_8ns_19s_20_4_1_U7/color_convert_mac_muladd_10s_8ns_19s_20_4_1_DSP48_0_U/p_reg_reg.
DSP Report: register mac_muladd_10s_8ns_19s_20_4_1_U7/color_convert_mac_muladd_10s_8ns_19s_20_4_1_DSP48_0_U/p_reg_reg is absorbed into DSP mac_muladd_10s_8ns_19s_20_4_1_U7/color_convert_mac_muladd_10s_8ns_19s_20_4_1_DSP48_0_U/p_reg_reg.
DSP Report: register mac_muladd_10s_8ns_19s_20_4_1_U7/color_convert_mac_muladd_10s_8ns_19s_20_4_1_DSP48_0_U/p_reg_reg is absorbed into DSP mac_muladd_10s_8ns_19s_20_4_1_U7/color_convert_mac_muladd_10s_8ns_19s_20_4_1_DSP48_0_U/p_reg_reg.
DSP Report: register mac_muladd_10s_8ns_19s_20_4_1_U7/color_convert_mac_muladd_10s_8ns_19s_20_4_1_DSP48_0_U/p_reg_reg is absorbed into DSP mac_muladd_10s_8ns_19s_20_4_1_U7/color_convert_mac_muladd_10s_8ns_19s_20_4_1_DSP48_0_U/p_reg_reg.
DSP Report: register mac_muladd_10s_8ns_19s_20_4_1_U7/color_convert_mac_muladd_10s_8ns_19s_20_4_1_DSP48_0_U/m_reg_reg is absorbed into DSP mac_muladd_10s_8ns_19s_20_4_1_U7/color_convert_mac_muladd_10s_8ns_19s_20_4_1_DSP48_0_U/p_reg_reg.
DSP Report: operator mac_muladd_10s_8ns_19s_20_4_1_U7/color_convert_mac_muladd_10s_8ns_19s_20_4_1_DSP48_0_U/p is absorbed into DSP mac_muladd_10s_8ns_19s_20_4_1_U7/color_convert_mac_muladd_10s_8ns_19s_20_4_1_DSP48_0_U/p_reg_reg.
DSP Report: operator mac_muladd_10s_8ns_19s_20_4_1_U7/color_convert_mac_muladd_10s_8ns_19s_20_4_1_DSP48_0_U/m is absorbed into DSP mac_muladd_10s_8ns_19s_20_4_1_U7/color_convert_mac_muladd_10s_8ns_19s_20_4_1_DSP48_0_U/p_reg_reg.
DSP Report: Generating DSP mul_ln33_1_reg_1062_reg, operation Mode is: (A2*B'')'.
DSP Report: register mul_ln33_1_reg_1062_reg is absorbed into DSP mul_ln33_1_reg_1062_reg.
DSP Report: register mul_ln33_1_reg_1062_reg is absorbed into DSP mul_ln33_1_reg_1062_reg.
DSP Report: register c2_c2_read_reg_1010_reg is absorbed into DSP mul_ln33_1_reg_1062_reg.
DSP Report: register mul_ln33_1_reg_1062_reg is absorbed into DSP mul_ln33_1_reg_1062_reg.
DSP Report: operator mul_10s_8ns_18_1_1_U2/tmp_product is absorbed into DSP mul_ln33_1_reg_1062_reg.
DSP Report: Generating DSP mac_muladd_10s_8ns_18s_19_4_1_U5/color_convert_mac_muladd_10s_8ns_18s_19_4_1_DSP48_0_U/p_reg_reg, operation Mode is: (C+(A2*B'')')'.
DSP Report: register mac_muladd_10s_8ns_18s_19_4_1_U5/color_convert_mac_muladd_10s_8ns_18s_19_4_1_DSP48_0_U/p_reg_reg is absorbed into DSP mac_muladd_10s_8ns_18s_19_4_1_U5/color_convert_mac_muladd_10s_8ns_18s_19_4_1_DSP48_0_U/p_reg_reg.
DSP Report: register mac_muladd_10s_8ns_18s_19_4_1_U5/color_convert_mac_muladd_10s_8ns_18s_19_4_1_DSP48_0_U/p_reg_reg is absorbed into DSP mac_muladd_10s_8ns_18s_19_4_1_U5/color_convert_mac_muladd_10s_8ns_18s_19_4_1_DSP48_0_U/p_reg_reg.
DSP Report: register mac_muladd_10s_8ns_18s_19_4_1_U5/color_convert_mac_muladd_10s_8ns_18s_19_4_1_DSP48_0_U/p_reg_reg is absorbed into DSP mac_muladd_10s_8ns_18s_19_4_1_U5/color_convert_mac_muladd_10s_8ns_18s_19_4_1_DSP48_0_U/p_reg_reg.
DSP Report: register mac_muladd_10s_8ns_18s_19_4_1_U5/color_convert_mac_muladd_10s_8ns_18s_19_4_1_DSP48_0_U/p_reg_reg is absorbed into DSP mac_muladd_10s_8ns_18s_19_4_1_U5/color_convert_mac_muladd_10s_8ns_18s_19_4_1_DSP48_0_U/p_reg_reg.
DSP Report: register mac_muladd_10s_8ns_18s_19_4_1_U5/color_convert_mac_muladd_10s_8ns_18s_19_4_1_DSP48_0_U/m_reg_reg is absorbed into DSP mac_muladd_10s_8ns_18s_19_4_1_U5/color_convert_mac_muladd_10s_8ns_18s_19_4_1_DSP48_0_U/p_reg_reg.
DSP Report: operator mac_muladd_10s_8ns_18s_19_4_1_U5/color_convert_mac_muladd_10s_8ns_18s_19_4_1_DSP48_0_U/p is absorbed into DSP mac_muladd_10s_8ns_18s_19_4_1_U5/color_convert_mac_muladd_10s_8ns_18s_19_4_1_DSP48_0_U/p_reg_reg.
DSP Report: operator mac_muladd_10s_8ns_18s_19_4_1_U5/color_convert_mac_muladd_10s_8ns_18s_19_4_1_DSP48_0_U/m is absorbed into DSP mac_muladd_10s_8ns_18s_19_4_1_U5/color_convert_mac_muladd_10s_8ns_18s_19_4_1_DSP48_0_U/p_reg_reg.
DSP Report: Generating DSP mac_muladd_10s_8ns_19s_20_4_1_U8/color_convert_mac_muladd_10s_8ns_19s_20_4_1_DSP48_0_U/p_reg_reg, operation Mode is: (C+(A''*B'')')'.
DSP Report: register mac_muladd_10s_8ns_19s_20_4_1_U8/color_convert_mac_muladd_10s_8ns_19s_20_4_1_DSP48_0_U/p_reg_reg is absorbed into DSP mac_muladd_10s_8ns_19s_20_4_1_U8/color_convert_mac_muladd_10s_8ns_19s_20_4_1_DSP48_0_U/p_reg_reg.
DSP Report: register mac_muladd_10s_8ns_19s_20_4_1_U8/color_convert_mac_muladd_10s_8ns_19s_20_4_1_DSP48_0_U/p_reg_reg is absorbed into DSP mac_muladd_10s_8ns_19s_20_4_1_U8/color_convert_mac_muladd_10s_8ns_19s_20_4_1_DSP48_0_U/p_reg_reg.
DSP Report: register mac_muladd_10s_8ns_19s_20_4_1_U8/color_convert_mac_muladd_10s_8ns_19s_20_4_1_DSP48_0_U/p_reg_reg is absorbed into DSP mac_muladd_10s_8ns_19s_20_4_1_U8/color_convert_mac_muladd_10s_8ns_19s_20_4_1_DSP48_0_U/p_reg_reg.
DSP Report: register mac_muladd_10s_8ns_19s_20_4_1_U8/color_convert_mac_muladd_10s_8ns_19s_20_4_1_DSP48_0_U/p_reg_reg is absorbed into DSP mac_muladd_10s_8ns_19s_20_4_1_U8/color_convert_mac_muladd_10s_8ns_19s_20_4_1_DSP48_0_U/p_reg_reg.
DSP Report: register mac_muladd_10s_8ns_19s_20_4_1_U8/color_convert_mac_muladd_10s_8ns_19s_20_4_1_DSP48_0_U/p_reg_reg is absorbed into DSP mac_muladd_10s_8ns_19s_20_4_1_U8/color_convert_mac_muladd_10s_8ns_19s_20_4_1_DSP48_0_U/p_reg_reg.
DSP Report: register mac_muladd_10s_8ns_19s_20_4_1_U8/color_convert_mac_muladd_10s_8ns_19s_20_4_1_DSP48_0_U/m_reg_reg is absorbed into DSP mac_muladd_10s_8ns_19s_20_4_1_U8/color_convert_mac_muladd_10s_8ns_19s_20_4_1_DSP48_0_U/p_reg_reg.
DSP Report: operator mac_muladd_10s_8ns_19s_20_4_1_U8/color_convert_mac_muladd_10s_8ns_19s_20_4_1_DSP48_0_U/p is absorbed into DSP mac_muladd_10s_8ns_19s_20_4_1_U8/color_convert_mac_muladd_10s_8ns_19s_20_4_1_DSP48_0_U/p_reg_reg.
DSP Report: operator mac_muladd_10s_8ns_19s_20_4_1_U8/color_convert_mac_muladd_10s_8ns_19s_20_4_1_DSP48_0_U/m is absorbed into DSP mac_muladd_10s_8ns_19s_20_4_1_U8/color_convert_mac_muladd_10s_8ns_19s_20_4_1_DSP48_0_U/p_reg_reg.
DSP Report: Generating DSP mul_ln34_1_reg_1072_reg, operation Mode is: (A2*B'')'.
DSP Report: register mul_ln34_1_reg_1072_reg is absorbed into DSP mul_ln34_1_reg_1072_reg.
DSP Report: register mul_ln34_1_reg_1072_reg is absorbed into DSP mul_ln34_1_reg_1072_reg.
DSP Report: register c3_c2_read_reg_1030_reg is absorbed into DSP mul_ln34_1_reg_1072_reg.
DSP Report: register mul_ln34_1_reg_1072_reg is absorbed into DSP mul_ln34_1_reg_1072_reg.
DSP Report: operator mul_10s_8ns_18_1_1_U3/tmp_product is absorbed into DSP mul_ln34_1_reg_1072_reg.
DSP Report: Generating DSP mac_muladd_10s_8ns_18s_19_4_1_U6/color_convert_mac_muladd_10s_8ns_18s_19_4_1_DSP48_0_U/p_reg_reg, operation Mode is: (C+(A2*B'')')'.
DSP Report: register mac_muladd_10s_8ns_18s_19_4_1_U6/color_convert_mac_muladd_10s_8ns_18s_19_4_1_DSP48_0_U/p_reg_reg is absorbed into DSP mac_muladd_10s_8ns_18s_19_4_1_U6/color_convert_mac_muladd_10s_8ns_18s_19_4_1_DSP48_0_U/p_reg_reg.
DSP Report: register mac_muladd_10s_8ns_18s_19_4_1_U6/color_convert_mac_muladd_10s_8ns_18s_19_4_1_DSP48_0_U/p_reg_reg is absorbed into DSP mac_muladd_10s_8ns_18s_19_4_1_U6/color_convert_mac_muladd_10s_8ns_18s_19_4_1_DSP48_0_U/p_reg_reg.
DSP Report: register mac_muladd_10s_8ns_18s_19_4_1_U6/color_convert_mac_muladd_10s_8ns_18s_19_4_1_DSP48_0_U/p_reg_reg is absorbed into DSP mac_muladd_10s_8ns_18s_19_4_1_U6/color_convert_mac_muladd_10s_8ns_18s_19_4_1_DSP48_0_U/p_reg_reg.
DSP Report: register mac_muladd_10s_8ns_18s_19_4_1_U6/color_convert_mac_muladd_10s_8ns_18s_19_4_1_DSP48_0_U/p_reg_reg is absorbed into DSP mac_muladd_10s_8ns_18s_19_4_1_U6/color_convert_mac_muladd_10s_8ns_18s_19_4_1_DSP48_0_U/p_reg_reg.
DSP Report: register mac_muladd_10s_8ns_18s_19_4_1_U6/color_convert_mac_muladd_10s_8ns_18s_19_4_1_DSP48_0_U/m_reg_reg is absorbed into DSP mac_muladd_10s_8ns_18s_19_4_1_U6/color_convert_mac_muladd_10s_8ns_18s_19_4_1_DSP48_0_U/p_reg_reg.
DSP Report: operator mac_muladd_10s_8ns_18s_19_4_1_U6/color_convert_mac_muladd_10s_8ns_18s_19_4_1_DSP48_0_U/p is absorbed into DSP mac_muladd_10s_8ns_18s_19_4_1_U6/color_convert_mac_muladd_10s_8ns_18s_19_4_1_DSP48_0_U/p_reg_reg.
DSP Report: operator mac_muladd_10s_8ns_18s_19_4_1_U6/color_convert_mac_muladd_10s_8ns_18s_19_4_1_DSP48_0_U/m is absorbed into DSP mac_muladd_10s_8ns_18s_19_4_1_U6/color_convert_mac_muladd_10s_8ns_18s_19_4_1_DSP48_0_U/p_reg_reg.
DSP Report: Generating DSP mac_muladd_10s_8ns_19s_20_4_1_U9/color_convert_mac_muladd_10s_8ns_19s_20_4_1_DSP48_0_U/p_reg_reg, operation Mode is: (C+(A''*B'')')'.
DSP Report: register mac_muladd_10s_8ns_19s_20_4_1_U9/color_convert_mac_muladd_10s_8ns_19s_20_4_1_DSP48_0_U/p_reg_reg is absorbed into DSP mac_muladd_10s_8ns_19s_20_4_1_U9/color_convert_mac_muladd_10s_8ns_19s_20_4_1_DSP48_0_U/p_reg_reg.
DSP Report: register mac_muladd_10s_8ns_19s_20_4_1_U9/color_convert_mac_muladd_10s_8ns_19s_20_4_1_DSP48_0_U/p_reg_reg is absorbed into DSP mac_muladd_10s_8ns_19s_20_4_1_U9/color_convert_mac_muladd_10s_8ns_19s_20_4_1_DSP48_0_U/p_reg_reg.
DSP Report: register mac_muladd_10s_8ns_19s_20_4_1_U9/color_convert_mac_muladd_10s_8ns_19s_20_4_1_DSP48_0_U/p_reg_reg is absorbed into DSP mac_muladd_10s_8ns_19s_20_4_1_U9/color_convert_mac_muladd_10s_8ns_19s_20_4_1_DSP48_0_U/p_reg_reg.
DSP Report: register mac_muladd_10s_8ns_19s_20_4_1_U9/color_convert_mac_muladd_10s_8ns_19s_20_4_1_DSP48_0_U/p_reg_reg is absorbed into DSP mac_muladd_10s_8ns_19s_20_4_1_U9/color_convert_mac_muladd_10s_8ns_19s_20_4_1_DSP48_0_U/p_reg_reg.
DSP Report: register mac_muladd_10s_8ns_19s_20_4_1_U9/color_convert_mac_muladd_10s_8ns_19s_20_4_1_DSP48_0_U/p_reg_reg is absorbed into DSP mac_muladd_10s_8ns_19s_20_4_1_U9/color_convert_mac_muladd_10s_8ns_19s_20_4_1_DSP48_0_U/p_reg_reg.
DSP Report: register mac_muladd_10s_8ns_19s_20_4_1_U9/color_convert_mac_muladd_10s_8ns_19s_20_4_1_DSP48_0_U/m_reg_reg is absorbed into DSP mac_muladd_10s_8ns_19s_20_4_1_U9/color_convert_mac_muladd_10s_8ns_19s_20_4_1_DSP48_0_U/p_reg_reg.
DSP Report: operator mac_muladd_10s_8ns_19s_20_4_1_U9/color_convert_mac_muladd_10s_8ns_19s_20_4_1_DSP48_0_U/p is absorbed into DSP mac_muladd_10s_8ns_19s_20_4_1_U9/color_convert_mac_muladd_10s_8ns_19s_20_4_1_DSP48_0_U/p_reg_reg.
DSP Report: operator mac_muladd_10s_8ns_19s_20_4_1_U9/color_convert_mac_muladd_10s_8ns_19s_20_4_1_DSP48_0_U/m is absorbed into DSP mac_muladd_10s_8ns_19s_20_4_1_U9/color_convert_mac_muladd_10s_8ns_19s_20_4_1_DSP48_0_U/p_reg_reg.
WARNING: [Synth 8-7129] Port s_axi_control_AWADDR[1] in module color_convert is either unconnected or has no load
WARNING: [Synth 8-7129] Port s_axi_control_AWADDR[0] in module color_convert is either unconnected or has no load
WARNING: [Synth 8-7129] Port s_axi_control_WDATA[31] in module color_convert is either unconnected or has no load
WARNING: [Synth 8-7129] Port s_axi_control_WDATA[30] in module color_convert is either unconnected or has no load
WARNING: [Synth 8-7129] Port s_axi_control_WDATA[29] in module color_convert is either unconnected or has no load
WARNING: [Synth 8-7129] Port s_axi_control_WDATA[28] in module color_convert is either unconnected or has no load
WARNING: [Synth 8-7129] Port s_axi_control_WDATA[27] in module color_convert is either unconnected or has no load
WARNING: [Synth 8-7129] Port s_axi_control_WDATA[26] in module color_convert is either unconnected or has no load
WARNING: [Synth 8-7129] Port s_axi_control_WDATA[25] in module color_convert is either unconnected or has no load
WARNING: [Synth 8-7129] Port s_axi_control_WDATA[24] in module color_convert is either unconnected or has no load
WARNING: [Synth 8-7129] Port s_axi_control_WDATA[23] in module color_convert is either unconnected or has no load
WARNING: [Synth 8-7129] Port s_axi_control_WDATA[22] in module color_convert is either unconnected or has no load
WARNING: [Synth 8-7129] Port s_axi_control_WDATA[21] in module color_convert is either unconnected or has no load
WARNING: [Synth 8-7129] Port s_axi_control_WDATA[20] in module color_convert is either unconnected or has no load
WARNING: [Synth 8-7129] Port s_axi_control_WDATA[19] in module color_convert is either unconnected or has no load
WARNING: [Synth 8-7129] Port s_axi_control_WDATA[18] in module color_convert is either unconnected or has no load
WARNING: [Synth 8-7129] Port s_axi_control_WDATA[17] in module color_convert is either unconnected or has no load
WARNING: [Synth 8-7129] Port s_axi_control_WDATA[16] in module color_convert is either unconnected or has no load
WARNING: [Synth 8-7129] Port s_axi_control_WDATA[15] in module color_convert is either unconnected or has no load
WARNING: [Synth 8-7129] Port s_axi_control_WDATA[14] in module color_convert is either unconnected or has no load
WARNING: [Synth 8-7129] Port s_axi_control_WDATA[13] in module color_convert is either unconnected or has no load
WARNING: [Synth 8-7129] Port s_axi_control_WDATA[12] in module color_convert is either unconnected or has no load
WARNING: [Synth 8-7129] Port s_axi_control_WDATA[11] in module color_convert is either unconnected or has no load
WARNING: [Synth 8-7129] Port s_axi_control_WDATA[10] in module color_convert is either unconnected or has no load
WARNING: [Synth 8-7129] Port s_axi_control_WSTRB[3] in module color_convert is either unconnected or has no load
WARNING: [Synth 8-7129] Port s_axi_control_WSTRB[2] in module color_convert is either unconnected or has no load
WARNING: [Synth 8-3332] Sequential element (control_s_axi_U/FSM_onehot_wstate_reg[0]) is unused and will be removed from module color_convert.
WARNING: [Synth 8-3332] Sequential element (control_s_axi_U/FSM_onehot_rstate_reg[0]) is unused and will be removed from module color_convert.
---------------------------------------------------------------------------------
Finished Cross Boundary and Area Optimization : Time (s): cpu = 00:00:36 ; elapsed = 00:00:38 . Memory (MB): peak = 1642.223 ; gain = 668.938
---------------------------------------------------------------------------------
 Sort Area is  mac_muladd_10s_8ns_19s_20_4_1_U7/color_convert_mac_muladd_10s_8ns_19s_20_4_1_DSP48_0_U/p_reg_reg_4 : 0 0 : 1522 1522 : Used 1 time 0
 Sort Area is  mac_muladd_10s_8ns_19s_20_4_1_U8/color_convert_mac_muladd_10s_8ns_19s_20_4_1_DSP48_0_U/p_reg_reg_8 : 0 0 : 1522 1522 : Used 1 time 0
 Sort Area is  mac_muladd_10s_8ns_19s_20_4_1_U9/color_convert_mac_muladd_10s_8ns_19s_20_4_1_DSP48_0_U/p_reg_reg_b : 0 0 : 1522 1522 : Used 1 time 0
 Sort Area is  mac_muladd_10s_8ns_18s_19_4_1_U4/color_convert_mac_muladd_10s_8ns_18s_19_4_1_DSP48_0_U/p_reg_reg_2 : 0 0 : 994 994 : Used 1 time 0
 Sort Area is  mac_muladd_10s_8ns_18s_19_4_1_U5/color_convert_mac_muladd_10s_8ns_18s_19_4_1_DSP48_0_U/p_reg_reg_7 : 0 0 : 994 994 : Used 1 time 0
 Sort Area is  mac_muladd_10s_8ns_18s_19_4_1_U6/color_convert_mac_muladd_10s_8ns_18s_19_4_1_DSP48_0_U/p_reg_reg_a : 0 0 : 994 994 : Used 1 time 0
 Sort Area is  mul_ln32_1_reg_1045_reg_0 : 0 0 : 682 682 : Used 1 time 0
 Sort Area is  mul_ln33_1_reg_1062_reg_6 : 0 0 : 682 682 : Used 1 time 0
 Sort Area is  mul_ln34_1_reg_1072_reg_9 : 0 0 : 682 682 : Used 1 time 0
---------------------------------------------------------------------------------
Start ROM, RAM, DSP, Shift Register and Retiming Reporting
---------------------------------------------------------------------------------

DSP: Preliminary Mapping Report (see note below. The ' indicates corresponding REG is set)
+--------------+-----------------+--------+--------+--------+--------+--------+------+------+------+------+-------+------+------+
|Module Name   | DSP Mapping     | A Size | B Size | C Size | D Size | P Size | AREG | BREG | CREG | DREG | ADREG | MREG | PREG | 
+--------------+-----------------+--------+--------+--------+--------+--------+------+------+------+------+-------+------+------+
|color_convert | (A2*B'')'       | 10     | 9      | -      | -      | 19     | 1    | 2    | -    | -    | -     | 1    | 0    | 
|color_convert | (C+(A2*B'')')'  | 11     | 9      | 18     | -      | 19     | 1    | 2    | 0    | -    | -     | 1    | 1    | 
|color_convert | (C+(A''*B'')')' | 18     | 11     | 19     | -      | 20     | 2    | 2    | 0    | -    | -     | 1    | 1    | 
|color_convert | (A2*B'')'       | 10     | 9      | -      | -      | 19     | 1    | 2    | -    | -    | -     | 1    | 0    | 
|color_convert | (C+(A2*B'')')'  | 11     | 9      | 18     | -      | 19     | 1    | 2    | 0    | -    | -     | 1    | 1    | 
|color_convert | (C+(A''*B'')')' | 18     | 11     | 19     | -      | 20     | 2    | 2    | 0    | -    | -     | 1    | 1    | 
|color_convert | (A2*B'')'       | 10     | 9      | -      | -      | 19     | 1    | 2    | -    | -    | -     | 1    | 0    | 
|color_convert | (C+(A2*B'')')'  | 11     | 9      | 18     | -      | 19     | 1    | 2    | 0    | -    | -     | 1    | 1    | 
|color_convert | (C+(A''*B'')')' | 18     | 11     | 19     | -      | 20     | 2    | 2    | 0    | -    | -     | 1    | 1    | 
+--------------+-----------------+--------+--------+--------+--------+--------+------+------+------+------+-------+------+------+

Note: The table above is a preliminary report that shows the DSPs inferred at the current stage of the synthesis flow. Some DSP may be reimplemented as non DSP primitives later in the synthesis flow. Multiple instantiated DSPs are reported only once.
---------------------------------------------------------------------------------
Finished ROM, RAM, DSP, Shift Register and Retiming Reporting
---------------------------------------------------------------------------------
---------------------------------------------------------------------------------
Start Applying XDC Timing Constraints
---------------------------------------------------------------------------------
---------------------------------------------------------------------------------
Finished Applying XDC Timing Constraints : Time (s): cpu = 00:00:53 ; elapsed = 00:00:55 . Memory (MB): peak = 1642.223 ; gain = 668.938
---------------------------------------------------------------------------------
---------------------------------------------------------------------------------
Start Timing Optimization
---------------------------------------------------------------------------------
---------------------------------------------------------------------------------
Finished Timing Optimization : Time (s): cpu = 00:00:54 ; elapsed = 00:00:57 . Memory (MB): peak = 1642.223 ; gain = 668.938
---------------------------------------------------------------------------------
---------------------------------------------------------------------------------
Start Technology Mapping
---------------------------------------------------------------------------------
---------------------------------------------------------------------------------
Finished Technology Mapping : Time (s): cpu = 00:00:55 ; elapsed = 00:00:58 . Memory (MB): peak = 1642.223 ; gain = 668.938
---------------------------------------------------------------------------------
---------------------------------------------------------------------------------
Start IO Insertion
---------------------------------------------------------------------------------
---------------------------------------------------------------------------------
Start Flattening Before IO Insertion
---------------------------------------------------------------------------------
---------------------------------------------------------------------------------
Finished Flattening Before IO Insertion
---------------------------------------------------------------------------------
---------------------------------------------------------------------------------
Start Final Netlist Cleanup
---------------------------------------------------------------------------------
---------------------------------------------------------------------------------
Finished Final Netlist Cleanup
---------------------------------------------------------------------------------
---------------------------------------------------------------------------------
Finished IO Insertion : Time (s): cpu = 00:01:08 ; elapsed = 00:01:11 . Memory (MB): peak = 1642.223 ; gain = 668.938
---------------------------------------------------------------------------------
---------------------------------------------------------------------------------
Start Renaming Generated Instances
---------------------------------------------------------------------------------
---------------------------------------------------------------------------------
Finished Renaming Generated Instances : Time (s): cpu = 00:01:08 ; elapsed = 00:01:11 . Memory (MB): peak = 1642.223 ; gain = 668.938
---------------------------------------------------------------------------------
---------------------------------------------------------------------------------
Start Rebuilding User Hierarchy
---------------------------------------------------------------------------------
---------------------------------------------------------------------------------
Finished Rebuilding User Hierarchy : Time (s): cpu = 00:01:08 ; elapsed = 00:01:11 . Memory (MB): peak = 1642.223 ; gain = 668.938
---------------------------------------------------------------------------------
---------------------------------------------------------------------------------
Start Renaming Generated Ports
---------------------------------------------------------------------------------
---------------------------------------------------------------------------------
Finished Renaming Generated Ports : Time (s): cpu = 00:01:08 ; elapsed = 00:01:11 . Memory (MB): peak = 1642.223 ; gain = 668.938
---------------------------------------------------------------------------------
---------------------------------------------------------------------------------
Start Handling Custom Attributes
---------------------------------------------------------------------------------
---------------------------------------------------------------------------------
Finished Handling Custom Attributes : Time (s): cpu = 00:01:08 ; elapsed = 00:01:11 . Memory (MB): peak = 1642.223 ; gain = 668.938
---------------------------------------------------------------------------------
---------------------------------------------------------------------------------
Start Renaming Generated Nets
---------------------------------------------------------------------------------
---------------------------------------------------------------------------------
Finished Renaming Generated Nets : Time (s): cpu = 00:01:08 ; elapsed = 00:01:11 . Memory (MB): peak = 1642.223 ; gain = 668.938
---------------------------------------------------------------------------------
---------------------------------------------------------------------------------
Start ROM, RAM, DSP, Shift Register and Retiming Reporting
---------------------------------------------------------------------------------

Static Shift Register Report:
+--------------+----------------------------------------------+--------+-------+--------------+--------------------+-------------------+--------+---------+
|Module Name   | RTL Name                                     | Length | Width | Reset Signal | Pull out first Reg | Pull out last Reg | SRL16E | SRLC32E | 
+--------------+----------------------------------------------+--------+-------+--------------+--------------------+-------------------+--------+---------+
|color_convert | bias_c1_read_reg_1000_pp0_iter3_reg_reg[9]   | 4      | 10    | NO           | NO                 | YES               | 10     | 0       | 
|color_convert | bias_c2_read_reg_1020_pp0_iter3_reg_reg[9]   | 4      | 10    | NO           | NO                 | YES               | 10     | 0       | 
|color_convert | bias_c3_read_reg_1040_pp0_iter3_reg_reg[9]   | 4      | 10    | NO           | NO                 | YES               | 10     | 0       | 
|color_convert | curr_pixel_keep_reg_948_pp0_iter5_reg_reg[2] | 6      | 3     | NO           | NO                 | YES               | 3      | 0       | 
|color_convert | curr_pixel_strb_reg_953_pp0_iter5_reg_reg[2] | 6      | 3     | NO           | NO                 | YES               | 3      | 0       | 
|color_convert | curr_pixel_user_reg_958_pp0_iter5_reg_reg[0] | 6      | 1     | NO           | NO                 | YES               | 1      | 0       | 
|color_convert | curr_pixel_last_reg_963_pp0_iter5_reg_reg[0] | 6      | 1     | NO           | NO                 | YES               | 1      | 0       | 
+--------------+----------------------------------------------+--------+-------+--------------+--------------------+-------------------+--------+---------+

---------------------------------------------------------------------------------
Finished ROM, RAM, DSP, Shift Register and Retiming Reporting
---------------------------------------------------------------------------------
---------------------------------------------------------------------------------
Start Writing Synthesis Report
---------------------------------------------------------------------------------

DSP Final Report (the ' indicates corresponding REG is set)
+--------------+-----------------+--------+--------+--------+--------+--------+------+------+------+------+-------+------+------+
|Module Name   | DSP Mapping     | A Size | B Size | C Size | D Size | P Size | AREG | BREG | CREG | DREG | ADREG | MREG | PREG | 
+--------------+-----------------+--------+--------+--------+--------+--------+------+------+------+------+-------+------+------+
|color_convert | (A'*B'')'       | 30     | 8      | -      | -      | 18     | 1    | 2    | -    | -    | -     | 0    | 1    | 
|color_convert | (A'*B'')'       | 30     | 8      | -      | -      | 18     | 1    | 2    | -    | -    | -     | 0    | 1    | 
|color_convert | (A'*B'')'       | 30     | 8      | -      | -      | 18     | 1    | 2    | -    | -    | -     | 0    | 1    | 
|color_convert | (C+(A'*B'')')'  | 30     | 8      | 48     | -      | 19     | 1    | 2    | 2    | -    | -     | 1    | 1    | 
|color_convert | (C+(A'*B'')')'  | 30     | 8      | 48     | -      | 19     | 1    | 2    | 2    | -    | -     | 1    | 1    | 
|color_convert | (C+(A'*B'')')'  | 30     | 8      | 48     | -      | 19     | 1    | 2    | 2    | -    | -     | 1    | 1    | 
|color_convert | (C+(A''*B'')')' | 8      | 18     | 48     | -      | 20     | 2    | 2    | 2    | -    | -     | 1    | 1    | 
|color_convert | (C+(A''*B'')')' | 8      | 18     | 48     | -      | 20     | 2    | 2    | 2    | -    | -     | 1    | 1    | 
|color_convert | (C+(A''*B'')')' | 8      | 18     | 48     | -      | 20     | 2    | 2    | 2    | -    | -     | 1    | 1    | 
+--------------+-----------------+--------+--------+--------+--------+--------+------+------+------+------+-------+------+------+


Report BlackBoxes: 
+-+--------------+----------+
| |BlackBox name |Instances |
+-+--------------+----------+
+-+--------------+----------+

Report Cell Usage: 
+------+--------+------+
|      |Cell    |Count |
+------+--------+------+
|1     |CARRY4  |    12|
|2     |DSP48E1 |     9|
|5     |LUT1    |     5|
|6     |LUT2    |    48|
|7     |LUT3    |   154|
|8     |LUT4    |    71|
|9     |LUT5    |    45|
|10    |LUT6    |   103|
|11    |SRL16E  |    38|
|12    |FDRE    |   407|
|13    |FDSE    |    26|
+------+--------+------+
---------------------------------------------------------------------------------
Finished Writing Synthesis Report : Time (s): cpu = 00:01:08 ; elapsed = 00:01:11 . Memory (MB): peak = 1642.223 ; gain = 668.938
---------------------------------------------------------------------------------
Synthesis finished with 0 errors, 0 critical warnings and 47 warnings.
Synthesis Optimization Runtime : Time (s): cpu = 00:00:52 ; elapsed = 00:01:07 . Memory (MB): peak = 1642.223 ; gain = 572.762
Synthesis Optimization Complete : Time (s): cpu = 00:01:09 ; elapsed = 00:01:11 . Memory (MB): peak = 1642.223 ; gain = 668.938
INFO: [Project 1-571] Translating synthesized netlist
Netlist sorting complete. Time (s): cpu = 00:00:00 ; elapsed = 00:00:00.024 . Memory (MB): peak = 1642.223 ; gain = 0.000
INFO: [Netlist 29-17] Analyzing 21 Unisim elements for replacement
INFO: [Netlist 29-28] Unisim Transformation completed in 0 CPU seconds
INFO: [Project 1-570] Preparing netlist for logic optimization
INFO: [Opt 31-138] Pushed 0 inverter(s) to 0 load pin(s).
Netlist sorting complete. Time (s): cpu = 00:00:00 ; elapsed = 00:00:00.001 . Memory (MB): peak = 1642.223 ; gain = 0.000
INFO: [Project 1-111] Unisim Transformation Summary:
No Unisim elements were transformed.

Synth Design complete | Checksum: 62b5c659
INFO: [Common 17-83] Releasing license: Synthesis
53 Infos, 76 Warnings, 0 Critical Warnings and 0 Errors encountered.
synth_design completed successfully
synth_design: Time (s): cpu = 00:01:18 ; elapsed = 00:01:23 . Memory (MB): peak = 1642.223 ; gain = 1096.906
Write ShapeDB Complete: Time (s): cpu = 00:00:00 ; elapsed = 00:00:00.003 . Memory (MB): peak = 1642.223 ; gain = 0.000
INFO: [Common 17-1381] The checkpoint 'C:/Users/james/PYNQ/boards/Pynq-Z2/base/base/base.runs/base_color_convert_0_synth_1/base_color_convert_0.dcp' has been generated.
INFO: [Coretcl 2-1648] Added synthesis output to IP cache for IP base_color_convert_0, cache-ID = f27aafa71ae2fe08
INFO: [Coretcl 2-1174] Renamed 24 cell refs.
Write ShapeDB Complete: Time (s): cpu = 00:00:00 ; elapsed = 00:00:00.004 . Memory (MB): peak = 1642.223 ; gain = 0.000
INFO: [Common 17-1381] The checkpoint 'C:/Users/james/PYNQ/boards/Pynq-Z2/base/base/base.runs/base_color_convert_0_synth_1/base_color_convert_0.dcp' has been generated.
INFO: [Vivado 12-24828] Executing command : report_utilization -file base_color_convert_0_utilization_synth.rpt -pb base_color_convert_0_utilization_synth.pb
INFO: [Common 17-206] Exiting Vivado at Fri Nov 21 09:58:19 2025...
