/home/linux/ieng6/students/079/ablal/fa25-cse237c-projects/fir/Q4/fir.comp/hls/.autopilot/db/fir.pp.0.cpp:2259:5: warning: Added loop label VITIS_LOOP_676_1:   [xilinx-label-all-loops]
    for (unsigned i = low; i != high+1; ++i) {
    ^~~
    VITIS_LOOP_676_1: 
/home/linux/ieng6/students/079/ablal/fa25-cse237c-projects/fir/Q4/fir.comp/hls/.autopilot/db/fir.pp.0.cpp:2259:5: note: FIX-IT applied suggested code changes
/home/linux/ieng6/students/079/ablal/fa25-cse237c-projects/fir/Q4/fir.comp/hls/.autopilot/db/fir.pp.0.cpp:2273:5: warning: Added loop label VITIS_LOOP_690_1:   [xilinx-label-all-loops]
    for (unsigned i = low; i != high+1; ++i) {
    ^~~
    VITIS_LOOP_690_1: 
/home/linux/ieng6/students/079/ablal/fa25-cse237c-projects/fir/Q4/fir.comp/hls/.autopilot/db/fir.pp.0.cpp:2273:5: note: FIX-IT applied suggested code changes
/home/linux/ieng6/students/079/ablal/fa25-cse237c-projects/fir/Q4/fir.comp/hls/.autopilot/db/fir.pp.0.cpp:2287:5: warning: Added loop label VITIS_LOOP_704_1:   [xilinx-label-all-loops]
    for (unsigned i = low; i != high+1; ++i) {
    ^~~
    VITIS_LOOP_704_1: 
/home/linux/ieng6/students/079/ablal/fa25-cse237c-projects/fir/Q4/fir.comp/hls/.autopilot/db/fir.pp.0.cpp:2287:5: note: FIX-IT applied suggested code changes
/home/linux/ieng6/students/079/ablal/fa25-cse237c-projects/fir/Q4/fir.comp/hls/.autopilot/db/fir.pp.0.cpp:3921:7: warning: Added loop label VITIS_LOOP_1248_1:   [xilinx-label-all-loops]
      for (i = 0; i < __N - 1; ++i) {
      ^~~
      VITIS_LOOP_1248_1: 
/home/linux/ieng6/students/079/ablal/fa25-cse237c-projects/fir/Q4/fir.comp/hls/.autopilot/db/fir.pp.0.cpp:3921:7: note: FIX-IT applied suggested code changes
