

================================================================
== Vitis HLS Report for 'fir_Pipeline_Shift_Accum_Loop'
================================================================
* Date:           Sun Oct 12 14:45:26 2025

* Version:        2024.2 (Build 5238294 on Nov  8 2024)
* Project:        fir.comp
* Solution:       hls (Vivado IP Flow Target)
* Product family: zynq
* Target device:  xc7z020-clg400-1


================================================================
== Performance Estimates
================================================================
+ Timing: 
    * Summary: 
    +--------+----------+----------+------------+
    |  Clock |  Target  | Estimated| Uncertainty|
    +--------+----------+----------+------------+
    |ap_clk  |  10.00 ns|  6.912 ns|     2.70 ns|
    +--------+----------+----------+------------+

+ Latency: 
    * Summary: 
    +---------+---------+----------+----------+-----+-----+------------------------------------------------+
    |  Latency (cycles) |  Latency (absolute) |  Interval |                    Pipeline                    |
    |   min   |   max   |    min   |    max   | min | max |                      Type                      |
    +---------+---------+----------+----------+-----+-----+------------------------------------------------+
    |      133|      133|  1.330 us|  1.330 us|  128|  128|  loop auto-rewind stp (delay=0 clock cycles(s))|
    +---------+---------+----------+----------+-----+-----+------------------------------------------------+

    + Detail: 
        * Instance: 
        N/A

        * Loop: 
        +--------------------+---------+---------+----------+-----------+-----------+------+----------+
        |                    |  Latency (cycles) | Iteration|  Initiation Interval  | Trip |          |
        |      Loop Name     |   min   |   max   |  Latency |  achieved |   target  | Count| Pipelined|
        +--------------------+---------+---------+----------+-----------+-----------+------+----------+
        |- Shift_Accum_Loop  |      131|      131|         5|          1|          1|   128|       yes|
        +--------------------+---------+---------+----------+-----------+-----------+------+----------+



================================================================
== Utilization Estimates
================================================================
* Summary: 
+-----------------+---------+-----+--------+-------+-----+
|       Name      | BRAM_18K| DSP |   FF   |  LUT  | URAM|
+-----------------+---------+-----+--------+-------+-----+
|DSP              |        -|    -|       -|      -|    -|
|Expression       |        -|    -|       0|     87|    -|
|FIFO             |        -|    -|       -|      -|    -|
|Instance         |        -|    2|     165|     50|    -|
|Memory           |        3|    -|       0|      0|    0|
|Multiplexer      |        -|    -|       0|     77|    -|
|Register         |        -|    -|     345|     32|    -|
+-----------------+---------+-----+--------+-------+-----+
|Total            |        3|    2|     510|    246|    0|
+-----------------+---------+-----+--------+-------+-----+
|Available        |      280|  220|  106400|  53200|    0|
+-----------------+---------+-----+--------+-------+-----+
|Utilization (%)  |        1|   ~0|      ~0|     ~0|    0|
+-----------------+---------+-----+--------+-------+-----+

+ Detail: 
    * Instance: 
    +----------------------+-------------------+---------+----+-----+----+-----+
    |       Instance       |       Module      | BRAM_18K| DSP|  FF | LUT| URAM|
    +----------------------+-------------------+---------+----+-----+----+-----+
    |mul_6s_32s_32_2_1_U1  |mul_6s_32s_32_2_1  |        0|   2|  165|  50|    0|
    +----------------------+-------------------+---------+----+-----+----+-----+
    |Total                 |                   |        0|   2|  165|  50|    0|
    +----------------------+-------------------+---------+----+-----+----+-----+

    * DSP: 
    N/A

    * Memory: 
    +-----------------+---------------------------------------------------------+---------+---+----+-----+------+-----+------+-------------+
    |      Memory     |                          Module                         | BRAM_18K| FF| LUT| URAM| Words| Bits| Banks| W*Bits*Banks|
    +-----------------+---------------------------------------------------------+---------+---+----+-----+------+-----+------+-------------+
    |fir_int_int_c_U  |fir_Pipeline_Shift_Accum_Loop_fir_int_int_c_ROM_AUTO_1R  |        1|  0|   0|    0|   128|   32|     1|         4096|
    |shift_reg_U      |fir_Pipeline_Shift_Accum_Loop_shift_reg_RAM_AUTO_1R1W    |        2|  0|   0|    0|   128|   32|     1|         4096|
    +-----------------+---------------------------------------------------------+---------+---+----+-----+------+-----+------+-------------+
    |Total            |                                                         |        3|  0|   0|    0|   256|   64|     2|         8192|
    +-----------------+---------------------------------------------------------+---------+---+----+-----+------+-----+------+-------------+

    * FIFO: 
    N/A

    * Expression: 
    +---------------------+----------+----+---+----+------------+------------+
    |    Variable Name    | Operation| DSP| FF| LUT| Bitwidth P0| Bitwidth P1|
    +---------------------+----------+----+---+----+------------+------------+
    |acc_1_out            |         +|   0|  0|  39|          32|          32|
    |add_ln35_fu_140_p2   |         +|   0|  0|  14|           7|           2|
    |i_fu_156_p2          |         +|   0|  0|  14|           7|           2|
    |ap_condition_118     |       and|   0|  0|   2|           1|           1|
    |ap_condition_139     |       and|   0|  0|   2|           1|           1|
    |icmp_ln31_fu_134_p2  |      icmp|   0|  0|  14|           7|           1|
    |ap_enable_pp0        |       xor|   0|  0|   2|           1|           2|
    +---------------------+----------+----+---+----+------------+------------+
    |Total                |          |   0|  0|  87|          56|          41|
    +---------------------+----------+----+---+----+------------+------------+

    * Multiplexer: 
    +-------------------------------------+----+-----------+-----+-----------+
    |                 Name                | LUT| Input Size| Bits| Total Bits|
    +-------------------------------------+----+-----------+-----+-----------+
    |acc2_fu_44                           |   9|          2|   32|         64|
    |ap_done_int                          |   9|          2|    1|          2|
    |ap_loop_exit_ready_pp0_iter4_reg     |   9|          2|    1|          2|
    |ap_phi_mux_mul_pn_phi_fu_111_p4      |   9|          2|   32|         64|
    |ap_phi_reg_pp0_iter1_mul_pn_reg_108  |   9|          2|   32|         64|
    |ap_sig_allocacmp_i1_load             |   9|          2|    7|         14|
    |i1_fu_40                             |   9|          2|    7|         14|
    |shift_reg_address1_local             |  14|          3|    7|         21|
    +-------------------------------------+----+-----------+-----+-----------+
    |Total                                |  77|         17|  119|        245|
    +-------------------------------------+----+-----------+-----+-----------+

    * Register: 
    +-------------------------------------+----+----+-----+-----------+
    |                 Name                | FF | LUT| Bits| Const Bits|
    +-------------------------------------+----+----+-----+-----------+
    |acc2_fu_44                           |  32|   0|   32|          0|
    |ap_CS_fsm                            |   1|   0|    1|          0|
    |ap_done_reg                          |   1|   0|    1|          0|
    |ap_enable_reg_pp0_iter1              |   1|   0|    1|          0|
    |ap_enable_reg_pp0_iter2              |   1|   0|    1|          0|
    |ap_enable_reg_pp0_iter3              |   1|   0|    1|          0|
    |ap_enable_reg_pp0_iter4              |   1|   0|    1|          0|
    |ap_loop_exit_ready_pp0_iter1_reg     |   1|   0|    1|          0|
    |ap_loop_exit_ready_pp0_iter2_reg     |   1|   0|    1|          0|
    |ap_loop_exit_ready_pp0_iter3_reg     |   1|   0|    1|          0|
    |ap_loop_exit_ready_pp0_iter4_reg     |   1|   0|    1|          0|
    |ap_phi_reg_pp0_iter1_mul_pn_reg_108  |  32|   0|   32|          0|
    |ap_phi_reg_pp0_iter2_mul_pn_reg_108  |  32|   0|   32|          0|
    |ap_phi_reg_pp0_iter3_mul_pn_reg_108  |  32|   0|   32|          0|
    |ap_phi_reg_pp0_iter4_mul_pn_reg_108  |  32|   0|   32|          0|
    |fir_int_int_c_load_reg_225           |  32|   0|   32|          0|
    |i1_fu_40                             |   7|   0|    7|          0|
    |icmp_ln31_reg_201                    |   1|   0|    1|          0|
    |mul_ln36_reg_230                     |  32|   0|   32|          0|
    |shift_reg_load_reg_220               |  32|   0|   32|          0|
    |zext_ln30_reg_210                    |   7|   0|   64|         57|
    |icmp_ln31_reg_201                    |  64|  32|    1|          0|
    +-------------------------------------+----+----+-----+-----------+
    |Total                                | 345|  32|  339|         57|
    +-------------------------------------+----+----+-----+-----------+



================================================================
== Interface
================================================================
* Summary: 
+------------------+-----+-----+------------+-------------------------------+--------------+
|     RTL Ports    | Dir | Bits|  Protocol  |         Source Object         |    C Type    |
+------------------+-----+-----+------------+-------------------------------+--------------+
|ap_clk            |   in|    1|  ap_ctrl_hs|  fir_Pipeline_Shift_Accum_Loop|  return value|
|ap_rst            |   in|    1|  ap_ctrl_hs|  fir_Pipeline_Shift_Accum_Loop|  return value|
|ap_start          |   in|    1|  ap_ctrl_hs|  fir_Pipeline_Shift_Accum_Loop|  return value|
|ap_done           |  out|    1|  ap_ctrl_hs|  fir_Pipeline_Shift_Accum_Loop|  return value|
|ap_idle           |  out|    1|  ap_ctrl_hs|  fir_Pipeline_Shift_Accum_Loop|  return value|
|ap_ready          |  out|    1|  ap_ctrl_hs|  fir_Pipeline_Shift_Accum_Loop|  return value|
|mul               |   in|   32|     ap_none|                            mul|        scalar|
|x                 |   in|   32|     ap_none|                              x|        scalar|
|acc_1_out         |  out|   32|      ap_vld|                      acc_1_out|       pointer|
|acc_1_out_ap_vld  |  out|    1|      ap_vld|                      acc_1_out|       pointer|
+------------------+-----+-----+------------+-------------------------------+--------------+

============================================================
+ Verbose Summary: Synthesis Manager
============================================================
InlineROM: 1
ExposeGlobal: 0
============================================================
+ Verbose Summary: CDFG Model
============================================================
IsTopModel: 0
ResetActiveHigh: 1
IsCombinational: 2
IsDatapathOnly: 2
HasWiredReturn: 1
HasMFsm: 2
HasVarLatency: 1
IsPipeline: 0
IsRtlPipelined: 0
IsInstanceOverlapped: 0
IsDontTouch: 0
HasImplIP: 0
IsGatedGlobalClock: 0

+ Individual pipeline summary: 
  * Pipeline-0: initiation interval (II) = 1, depth = 5


============================================================
+ Verbose Summary: Schedule
============================================================
* Number of FSM states : 5
* Pipeline : 1
  Pipeline-0 : II = 1, D = 5, States = { 1 2 3 4 5 }
* Dataflow Pipeline: 0

* FSM state transitions: 
1 --> 2 
2 --> 3 
3 --> 4 
4 --> 5 
5 --> 

* FSM state operations: 

State 1 <SV = 0> <Delay = 6.71>
ST_1 : Operation 8 [1/1] (0.00ns)   --->   "%i1 = alloca i32 1"   --->   Operation 8 'alloca' 'i1' <Predicate = true> <Delay = 0.00>
ST_1 : Operation 9 [1/1] (0.00ns)   --->   "%acc2 = alloca i32 1"   --->   Operation 9 'alloca' 'acc2' <Predicate = true> <Delay = 0.00>
ST_1 : Operation 10 [1/1] (0.00ns)   --->   "%x_read = read i32 @_ssdm_op_Read.ap_auto.i32, i32 %x"   --->   Operation 10 'read' 'x_read' <Predicate = true> <Delay = 0.00>
ST_1 : Operation 11 [1/1] (0.00ns)   --->   "%mul_read = read i32 @_ssdm_op_Read.ap_auto.i32, i32 %mul"   --->   Operation 11 'read' 'mul_read' <Predicate = true> <Delay = 0.00>
ST_1 : Operation 12 [1/1] (1.58ns)   --->   "%store_ln0 = store i32 0, i32 %acc2"   --->   Operation 12 'store' 'store_ln0' <Predicate = true> <Delay = 1.58>
ST_1 : Operation 13 [1/1] (1.58ns)   --->   "%store_ln0 = store i7 127, i7 %i1"   --->   Operation 13 'store' 'store_ln0' <Predicate = true> <Delay = 1.58>
ST_1 : Operation 14 [1/1] (0.00ns)   --->   "%br_ln0 = br void %for.body.split"   --->   Operation 14 'br' 'br_ln0' <Predicate = true> <Delay = 0.00>
ST_1 : Operation 15 [1/1] (0.00ns)   --->   "%i1_load = load i7 %i1" [fir.cpp:30]   --->   Operation 15 'load' 'i1_load' <Predicate = true> <Delay = 0.00>
ST_1 : Operation 16 [1/1] (0.00ns)   --->   "%specpipeline_ln26 = specpipeline void @_ssdm_op_SpecPipeline, i32 4294967295, i32 0, i32 0, i32 0, void @empty_0" [fir.cpp:26]   --->   Operation 16 'specpipeline' 'specpipeline_ln26' <Predicate = true> <Delay = 0.00>
ST_1 : Operation 17 [1/1] (0.00ns)   --->   "%speclooptripcount_ln26 = speclooptripcount void @_ssdm_op_SpecLoopTripCount, i64 128, i64 128, i64 128" [fir.cpp:26]   --->   Operation 17 'speclooptripcount' 'speclooptripcount_ln26' <Predicate = true> <Delay = 0.00>
ST_1 : Operation 18 [1/1] (0.00ns)   --->   "%specloopname_ln30 = specloopname void @_ssdm_op_SpecLoopName, void @empty_2" [fir.cpp:30]   --->   Operation 18 'specloopname' 'specloopname_ln30' <Predicate = true> <Delay = 0.00>
ST_1 : Operation 19 [1/1] (1.87ns)   --->   "%icmp_ln31 = icmp_eq  i7 %i1_load, i7 0" [fir.cpp:31]   --->   Operation 19 'icmp' 'icmp_ln31' <Predicate = true> <Delay = 1.87> <CoreInst = "Cmp">   --->   Core 9 'Cmp' <Latency = 0> <II = 1> <Delay = 1.87> <FuncUnit> <Opcode : 'seteq' 'setne' 'setle' 'setge' 'setlt' 'setgt'> <InPorts = 2> <OutPorts = 1>
ST_1 : Operation 20 [1/1] (0.00ns)   --->   "%br_ln31 = br i1 %icmp_ln31, void %if.else, void %if.then" [fir.cpp:31]   --->   Operation 20 'br' 'br_ln31' <Predicate = true> <Delay = 0.00>
ST_1 : Operation 21 [1/1] (1.87ns)   --->   "%add_ln35 = add i7 %i1_load, i7 127" [fir.cpp:35]   --->   Operation 21 'add' 'add_ln35' <Predicate = (!icmp_ln31)> <Delay = 1.87> <CoreInst = "Adder">   --->   Core 1 'Adder' <Latency = 0> <II = 1> <Delay = 1.87> <FuncUnit> <Opcode : 'add' 'sub'> <InPorts = 2> <OutPorts = 1>
ST_1 : Operation 22 [1/1] (0.00ns)   --->   "%zext_ln35 = zext i7 %add_ln35" [fir.cpp:35]   --->   Operation 22 'zext' 'zext_ln35' <Predicate = (!icmp_ln31)> <Delay = 0.00>
ST_1 : Operation 23 [1/1] (0.00ns)   --->   "%shift_reg_addr = getelementptr i32 %shift_reg, i64 0, i64 %zext_ln35" [fir.cpp:35]   --->   Operation 23 'getelementptr' 'shift_reg_addr' <Predicate = (!icmp_ln31)> <Delay = 0.00>
ST_1 : Operation 24 [2/2] (3.25ns)   --->   "%shift_reg_load = load i7 %shift_reg_addr" [fir.cpp:35]   --->   Operation 24 'load' 'shift_reg_load' <Predicate = (!icmp_ln31)> <Delay = 3.25> <CoreInst = "RAM">   --->   Core 81 'RAM' <Latency = 1> <II = 1> <Delay = 3.25> <Storage> <Opcode : 'load' 'store'> <Ports = 2> <Width = 32> <Depth = 128> <RAM>
ST_1 : Operation 25 [1/1] (0.00ns)   --->   "%zext_ln30 = zext i7 %i1_load" [fir.cpp:30]   --->   Operation 25 'zext' 'zext_ln30' <Predicate = (!icmp_ln31)> <Delay = 0.00>
ST_1 : Operation 26 [1/1] (0.00ns)   --->   "%fir_int_int_c_addr = getelementptr i32 %fir_int_int_c, i64 0, i64 %zext_ln30" [fir.cpp:36]   --->   Operation 26 'getelementptr' 'fir_int_int_c_addr' <Predicate = (!icmp_ln31)> <Delay = 0.00>
ST_1 : Operation 27 [2/2] (3.25ns)   --->   "%fir_int_int_c_load = load i7 %fir_int_int_c_addr" [fir.cpp:36]   --->   Operation 27 'load' 'fir_int_int_c_load' <Predicate = (!icmp_ln31)> <Delay = 3.25> <CoreInst = "ROM">   --->   Core 94 'ROM' <Latency = 1> <II = 1> <Delay = 3.25> <Storage> <Opcode : 'load'> <Ports = 0> <Width = 32> <Depth = 128> <ROM>
ST_1 : Operation 28 [1/1] ( I:3.25ns O:3.25ns )   --->   "%store_ln33 = store i32 %x_read, i32 0" [fir.cpp:33]   --->   Operation 28 'store' 'store_ln33' <Predicate = (icmp_ln31)> <Delay = 3.25> <CoreInst = "RAM">   --->   Core 81 'RAM' <Latency = 1> <II = 1> <Delay = 3.25> <Storage> <Opcode : 'load' 'store'> <Ports = 2> <Width = 32> <Depth = 128> <RAM>
ST_1 : Operation 29 [1/1] (1.58ns)   --->   "%br_ln34 = br void %for.inc" [fir.cpp:34]   --->   Operation 29 'br' 'br_ln34' <Predicate = (icmp_ln31)> <Delay = 1.58>
ST_1 : Operation 30 [1/1] (1.87ns)   --->   "%i = add i7 %i1_load, i7 127" [fir.cpp:30]   --->   Operation 30 'add' 'i' <Predicate = true> <Delay = 1.87> <CoreInst = "Adder">   --->   Core 1 'Adder' <Latency = 0> <II = 1> <Delay = 1.87> <FuncUnit> <Opcode : 'add' 'sub'> <InPorts = 2> <OutPorts = 1>
ST_1 : Operation 31 [1/1] (1.58ns)   --->   "%store_ln30 = store i7 %i, i7 %i1" [fir.cpp:30]   --->   Operation 31 'store' 'store_ln30' <Predicate = true> <Delay = 1.58>
ST_1 : Operation 32 [1/1] (0.00ns)   --->   "%br_ln30 = br i1 %icmp_ln31, void %for.body.split, void %for.end.exitStub" [fir.cpp:30]   --->   Operation 32 'br' 'br_ln30' <Predicate = true> <Delay = 0.00>

State 2 <SV = 1> <Delay = 6.50>
ST_2 : Operation 33 [1/2] ( I:3.25ns O:3.25ns )   --->   "%shift_reg_load = load i7 %shift_reg_addr" [fir.cpp:35]   --->   Operation 33 'load' 'shift_reg_load' <Predicate = (!icmp_ln31)> <Delay = 3.25> <CoreInst = "RAM">   --->   Core 81 'RAM' <Latency = 1> <II = 1> <Delay = 3.25> <Storage> <Opcode : 'load' 'store'> <Ports = 2> <Width = 32> <Depth = 128> <RAM>
ST_2 : Operation 34 [1/1] (0.00ns)   --->   "%shift_reg_addr_1 = getelementptr i32 %shift_reg, i64 0, i64 %zext_ln30" [fir.cpp:35]   --->   Operation 34 'getelementptr' 'shift_reg_addr_1' <Predicate = (!icmp_ln31)> <Delay = 0.00>
ST_2 : Operation 35 [1/1] ( I:3.25ns O:3.25ns )   --->   "%store_ln35 = store i32 %shift_reg_load, i7 %shift_reg_addr_1" [fir.cpp:35]   --->   Operation 35 'store' 'store_ln35' <Predicate = (!icmp_ln31)> <Delay = 3.25> <CoreInst = "RAM">   --->   Core 81 'RAM' <Latency = 1> <II = 1> <Delay = 3.25> <Storage> <Opcode : 'load' 'store'> <Ports = 2> <Width = 32> <Depth = 128> <RAM>
ST_2 : Operation 36 [1/2] ( I:3.25ns O:3.25ns )   --->   "%fir_int_int_c_load = load i7 %fir_int_int_c_addr" [fir.cpp:36]   --->   Operation 36 'load' 'fir_int_int_c_load' <Predicate = (!icmp_ln31)> <Delay = 3.25> <CoreInst = "ROM">   --->   Core 94 'ROM' <Latency = 1> <II = 1> <Delay = 3.25> <Storage> <Opcode : 'load'> <Ports = 0> <Width = 32> <Depth = 128> <ROM>

State 3 <SV = 2> <Delay = 6.91>
ST_3 : Operation 37 [2/2] (6.91ns)   --->   "%mul_ln36 = mul i32 %fir_int_int_c_load, i32 %shift_reg_load" [fir.cpp:36]   --->   Operation 37 'mul' 'mul_ln36' <Predicate = (!icmp_ln31)> <Delay = 6.91> <CoreInst = "Multiplier">   --->   Core 3 'Multiplier' <Latency = 1> <II = 1> <Delay = 6.91> <FuncUnit> <Opcode : 'mul'> <InPorts = 2> <OutPorts = 1>

State 4 <SV = 3> <Delay = 6.91>
ST_4 : Operation 38 [1/2] (6.91ns)   --->   "%mul_ln36 = mul i32 %fir_int_int_c_load, i32 %shift_reg_load" [fir.cpp:36]   --->   Operation 38 'mul' 'mul_ln36' <Predicate = (!icmp_ln31)> <Delay = 6.91> <CoreInst = "Multiplier">   --->   Core 3 'Multiplier' <Latency = 1> <II = 1> <Delay = 6.91> <FuncUnit> <Opcode : 'mul'> <InPorts = 2> <OutPorts = 1>

State 5 <SV = 4> <Delay = 5.72>
ST_5 : Operation 39 [1/1] (1.58ns)   --->   "%br_ln0 = br void %for.inc"   --->   Operation 39 'br' 'br_ln0' <Predicate = (!icmp_ln31)> <Delay = 1.58>
ST_5 : Operation 40 [1/1] (0.00ns) (grouped into LUT with out node acc)   --->   "%mul_pn = phi i32 %mul_read, void %if.then, i32 %mul_ln36, void %if.else" [fir.cpp:36]   --->   Operation 40 'phi' 'mul_pn' <Predicate = true> <Delay = 0.00>
ST_5 : Operation 41 [1/1] (0.00ns)   --->   "%acc2_load = load i32 %acc2" [fir.cpp:26]   --->   Operation 41 'load' 'acc2_load' <Predicate = true> <Delay = 0.00>
ST_5 : Operation 42 [1/1] (2.55ns) (out node of the LUT)   --->   "%acc = add i32 %mul_pn, i32 %acc2_load" [fir.cpp:26]   --->   Operation 42 'add' 'acc' <Predicate = true> <Delay = 2.55> <CoreInst = "Adder">   --->   Core 1 'Adder' <Latency = 0> <II = 1> <Delay = 2.55> <FuncUnit> <Opcode : 'add' 'sub'> <InPorts = 2> <OutPorts = 1>
ST_5 : Operation 43 [1/1] (1.58ns)   --->   "%store_ln26 = store i32 %acc, i32 %acc2" [fir.cpp:26]   --->   Operation 43 'store' 'store_ln26' <Predicate = true> <Delay = 1.58>
ST_5 : Operation 44 [1/1] (0.00ns)   --->   "%write_ln26 = write void @_ssdm_op_Write.ap_auto.i32P0A, i32 %acc_1_out, i32 %acc" [fir.cpp:26]   --->   Operation 44 'write' 'write_ln26' <Predicate = (icmp_ln31)> <Delay = 0.00>
ST_5 : Operation 45 [1/1] (1.58ns)   --->   "%ret_ln0 = ret"   --->   Operation 45 'ret' 'ret_ln0' <Predicate = (icmp_ln31)> <Delay = 1.58>


============================================================
+ Verbose Summary: Binding
============================================================
STG Binding: 
---------------- STG Properties BEGIN ----------------
- Is combinational: 0
- Is one-state seq: 0
- Is datapath-only: 0
- Is pipelined: 0
- Is top level: 0
Port [ Return ] is wired: 1; IO mode=ap_ctrl_hs:ce=0
Port [ mul]:  wired=1; compound=0; hidden=0; nouse=0; global=0; static=0; extern=0; dir=0; type=0; pingpong=0; private_global=0; IO mode=ap_none:ce=0
Port [ x]:  wired=1; compound=0; hidden=0; nouse=0; global=0; static=0; extern=0; dir=0; type=0; pingpong=0; private_global=0; IO mode=ap_none:ce=0
Port [ acc_1_out]:  wired=1; compound=0; hidden=0; nouse=0; global=0; static=0; extern=0; dir=1; type=0; pingpong=0; private_global=0; IO mode=ap_vld:ce=0
Port [ shift_reg]:  wired=0; compound=1; hidden=1; nouse=0; global=1; static=1; extern=0; dir=2; type=1; pingpong=0; private_global=1; MemPort=[02]; IO mode=ap_memory:ce=0
Port [ fir_int_int_c]:  wired=0; compound=1; hidden=1; nouse=0; global=1; static=0; extern=0; dir=0; type=1; pingpong=0; private_global=1; MemPort=[1]; IO mode=ap_memory:ce=0
---------------- STG Properties END ------------------

---------------- Datapath Model BEGIN ----------------

<LifeTime>
<method=bitvector/>
i1                     (alloca           ) [ 010000]
acc2                   (alloca           ) [ 011111]
x_read                 (read             ) [ 000000]
mul_read               (read             ) [ 011111]
store_ln0              (store            ) [ 000000]
store_ln0              (store            ) [ 000000]
br_ln0                 (br               ) [ 000000]
i1_load                (load             ) [ 000000]
specpipeline_ln26      (specpipeline     ) [ 000000]
speclooptripcount_ln26 (speclooptripcount) [ 000000]
specloopname_ln30      (specloopname     ) [ 000000]
icmp_ln31              (icmp             ) [ 011111]
br_ln31                (br               ) [ 000000]
add_ln35               (add              ) [ 000000]
zext_ln35              (zext             ) [ 000000]
shift_reg_addr         (getelementptr    ) [ 011000]
zext_ln30              (zext             ) [ 011000]
fir_int_int_c_addr     (getelementptr    ) [ 011000]
store_ln33             (store            ) [ 000000]
br_ln34                (br               ) [ 011111]
i                      (add              ) [ 000000]
store_ln30             (store            ) [ 000000]
br_ln30                (br               ) [ 000000]
shift_reg_load         (load             ) [ 010110]
shift_reg_addr_1       (getelementptr    ) [ 000000]
store_ln35             (store            ) [ 000000]
fir_int_int_c_load     (load             ) [ 010110]
mul_ln36               (mul              ) [ 010001]
br_ln0                 (br               ) [ 000000]
mul_pn                 (phi              ) [ 010001]
acc2_load              (load             ) [ 000000]
acc                    (add              ) [ 000000]
store_ln26             (store            ) [ 000000]
write_ln26             (write            ) [ 000000]
ret_ln0                (ret              ) [ 000000]
</LifeTime>

<model>

<comp_list>
<comp id="0" class="1000" name="mul">
<pin_list>
<pin id="1" dir="1" index="0" bw="1" slack="0"/>
</pin_list>
<bind>
<StgValue><ssdm name="mul"/></StgValue>
</bind>
</comp>

<comp id="2" class="1000" name="x">
<pin_list>
<pin id="3" dir="1" index="0" bw="1" slack="0"/>
</pin_list>
<bind>
<StgValue><ssdm name="x"/></StgValue>
</bind>
</comp>

<comp id="4" class="1000" name="acc_1_out">
<pin_list>
<pin id="5" dir="1" index="0" bw="1" slack="0"/>
</pin_list>
<bind>
<StgValue><ssdm name="acc_1_out"/></StgValue>
</bind>
</comp>

<comp id="6" class="1000" name="shift_reg">
<pin_list>
<pin id="7" dir="1" index="0" bw="1" slack="0"/>
</pin_list>
<bind>
<StgValue><ssdm name="shift_reg"/><MemPortTyVec>0 2 </MemPortTyVec>
</StgValue>
</bind>
</comp>

<comp id="8" class="1000" name="fir_int_int_c">
<pin_list>
<pin id="9" dir="1" index="0" bw="1" slack="0"/>
</pin_list>
<bind>
<StgValue><ssdm name="fir_int_int_c"/><MemPortTyVec>1 </MemPortTyVec>
</StgValue>
</bind>
</comp>

<comp id="10" class="1001" name="const_10">
<pin_list>
<pin id="11" dir="1" index="0" bw="1" slack="0"/>
</pin_list>
<bind>
<StgValue><ssdm name=""/></StgValue>
</bind>
</comp>

<comp id="12" class="1001" name="const_12">
<pin_list>
<pin id="13" dir="1" index="0" bw="1" slack="0"/>
</pin_list>
<bind>
<StgValue><ssdm name="_ssdm_op_Read.ap_auto.i32"/></StgValue>
</bind>
</comp>

<comp id="14" class="1001" name="const_14">
<pin_list>
<pin id="15" dir="1" index="0" bw="1" slack="0"/>
</pin_list>
<bind>
<StgValue><ssdm name=""/></StgValue>
</bind>
</comp>

<comp id="16" class="1001" name="const_16">
<pin_list>
<pin id="17" dir="1" index="0" bw="1" slack="0"/>
</pin_list>
<bind>
<StgValue><ssdm name=""/></StgValue>
</bind>
</comp>

<comp id="18" class="1001" name="const_18">
<pin_list>
<pin id="19" dir="1" index="0" bw="1" slack="2147483647"/>
</pin_list>
<bind>
<StgValue><ssdm name="_ssdm_op_SpecPipeline"/></StgValue>
</bind>
</comp>

<comp id="20" class="1001" name="const_20">
<pin_list>
<pin id="21" dir="1" index="0" bw="1" slack="2147483647"/>
</pin_list>
<bind>
<StgValue><ssdm name=""/></StgValue>
</bind>
</comp>

<comp id="22" class="1001" name="const_22">
<pin_list>
<pin id="23" dir="1" index="0" bw="1" slack="2147483647"/>
</pin_list>
<bind>
<StgValue><ssdm name="empty_0"/></StgValue>
</bind>
</comp>

<comp id="24" class="1001" name="const_24">
<pin_list>
<pin id="25" dir="1" index="0" bw="1" slack="2147483647"/>
</pin_list>
<bind>
<StgValue><ssdm name="_ssdm_op_SpecLoopTripCount"/></StgValue>
</bind>
</comp>

<comp id="26" class="1001" name="const_26">
<pin_list>
<pin id="27" dir="1" index="0" bw="1" slack="2147483647"/>
</pin_list>
<bind>
<StgValue><ssdm name=""/></StgValue>
</bind>
</comp>

<comp id="28" class="1001" name="const_28">
<pin_list>
<pin id="29" dir="1" index="0" bw="1" slack="2147483647"/>
</pin_list>
<bind>
<StgValue><ssdm name="_ssdm_op_SpecLoopName"/></StgValue>
</bind>
</comp>

<comp id="30" class="1001" name="const_30">
<pin_list>
<pin id="31" dir="1" index="0" bw="1" slack="2147483647"/>
</pin_list>
<bind>
<StgValue><ssdm name="empty_2"/></StgValue>
</bind>
</comp>

<comp id="32" class="1001" name="const_32">
<pin_list>
<pin id="33" dir="1" index="0" bw="1" slack="0"/>
</pin_list>
<bind>
<StgValue><ssdm name=""/></StgValue>
</bind>
</comp>

<comp id="34" class="1001" name="const_34">
<pin_list>
<pin id="35" dir="1" index="0" bw="1" slack="0"/>
</pin_list>
<bind>
<StgValue><ssdm name=""/></StgValue>
</bind>
</comp>

<comp id="36" class="1001" name="const_36">
<pin_list>
<pin id="37" dir="1" index="0" bw="1" slack="0"/>
</pin_list>
<bind>
<StgValue><ssdm name=""/></StgValue>
</bind>
</comp>

<comp id="38" class="1001" name="const_38">
<pin_list>
<pin id="39" dir="1" index="0" bw="1" slack="0"/>
</pin_list>
<bind>
<StgValue><ssdm name="_ssdm_op_Write.ap_auto.i32P0A"/></StgValue>
</bind>
</comp>

<comp id="40" class="1004" name="i1_fu_40">
<pin_list>
<pin id="41" dir="0" index="0" bw="1" slack="0"/>
<pin id="42" dir="1" index="1" bw="7" slack="0"/>
</pin_list>
<bind>
<opcode="alloca(26) " fcode="alloca"/>
<opset="i1/1 "/>
</bind>
</comp>

<comp id="44" class="1004" name="acc2_fu_44">
<pin_list>
<pin id="45" dir="0" index="0" bw="1" slack="0"/>
<pin id="46" dir="1" index="1" bw="32" slack="0"/>
</pin_list>
<bind>
<opcode="alloca(26) " fcode="alloca"/>
<opset="acc2/1 "/>
</bind>
</comp>

<comp id="48" class="1004" name="x_read_read_fu_48">
<pin_list>
<pin id="49" dir="0" index="0" bw="32" slack="0"/>
<pin id="50" dir="0" index="1" bw="32" slack="0"/>
<pin id="51" dir="1" index="2" bw="32" slack="0"/>
</pin_list>
<bind>
<opcode="read(1150) " fcode="read"/>
<opset="x_read/1 "/>
</bind>
</comp>

<comp id="54" class="1004" name="mul_read_read_fu_54">
<pin_list>
<pin id="55" dir="0" index="0" bw="32" slack="0"/>
<pin id="56" dir="0" index="1" bw="32" slack="0"/>
<pin id="57" dir="1" index="2" bw="32" slack="4"/>
</pin_list>
<bind>
<opcode="read(1150) " fcode="read"/>
<opset="mul_read/1 "/>
</bind>
</comp>

<comp id="60" class="1004" name="write_ln26_write_fu_60">
<pin_list>
<pin id="61" dir="0" index="0" bw="0" slack="0"/>
<pin id="62" dir="0" index="1" bw="32" slack="0"/>
<pin id="63" dir="0" index="2" bw="32" slack="0"/>
<pin id="64" dir="1" index="3" bw="0" slack="2147483647"/>
</pin_list>
<bind>
<opcode="write(1151) " fcode="write"/>
<opset="write_ln26/5 "/>
</bind>
</comp>

<comp id="67" class="1004" name="shift_reg_addr_gep_fu_67">
<pin_list>
<pin id="68" dir="0" index="0" bw="32" slack="0"/>
<pin id="69" dir="0" index="1" bw="1" slack="0"/>
<pin id="70" dir="0" index="2" bw="7" slack="0"/>
<pin id="71" dir="1" index="3" bw="7" slack="0"/>
</pin_list>
<bind>
<opcode="getelementptr(29) " fcode="getelementptr"/>
<opset="shift_reg_addr/1 "/>
</bind>
</comp>

<comp id="74" class="1004" name="grp_access_fu_74">
<pin_list>
<pin id="75" dir="0" index="0" bw="7" slack="0"/>
<pin id="76" dir="0" index="1" bw="32" slack="0"/>
<pin id="77" dir="0" index="2" bw="0" slack="0"/>
<pin id="79" dir="0" index="4" bw="7" slack="0"/>
<pin id="80" dir="0" index="5" bw="32" slack="2147483647"/>
<pin id="81" dir="0" index="6" bw="0" slack="2147483647"/>
<pin id="78" dir="1" index="3" bw="32" slack="2147483647"/>
<pin id="82" dir="1" index="7" bw="32" slack="0"/>
</pin_list>
<bind>
<opcode="load(27) store(28) " fcode="store"/>
<opset="shift_reg_load/1 store_ln33/1 store_ln35/2 "/>
</bind>
</comp>

<comp id="84" class="1004" name="fir_int_int_c_addr_gep_fu_84">
<pin_list>
<pin id="85" dir="0" index="0" bw="32" slack="0"/>
<pin id="86" dir="0" index="1" bw="1" slack="0"/>
<pin id="87" dir="0" index="2" bw="7" slack="0"/>
<pin id="88" dir="1" index="3" bw="7" slack="0"/>
</pin_list>
<bind>
<opcode="getelementptr(29) " fcode="getelementptr"/>
<opset="fir_int_int_c_addr/1 "/>
</bind>
</comp>

<comp id="91" class="1004" name="grp_access_fu_91">
<pin_list>
<pin id="92" dir="0" index="0" bw="7" slack="0"/>
<pin id="93" dir="0" index="1" bw="32" slack="2147483647"/>
<pin id="94" dir="0" index="2" bw="0" slack="2147483647"/>
<pin id="95" dir="1" index="3" bw="32" slack="1"/>
</pin_list>
<bind>
<opcode="load(27) " fcode="load"/>
<opset="fir_int_int_c_load/1 "/>
</bind>
</comp>

<comp id="99" class="1004" name="shift_reg_addr_1_gep_fu_99">
<pin_list>
<pin id="100" dir="0" index="0" bw="32" slack="0"/>
<pin id="101" dir="0" index="1" bw="1" slack="0"/>
<pin id="102" dir="0" index="2" bw="7" slack="1"/>
<pin id="103" dir="1" index="3" bw="7" slack="0"/>
</pin_list>
<bind>
<opcode="getelementptr(29) " fcode="getelementptr"/>
<opset="shift_reg_addr_1/2 "/>
</bind>
</comp>

<comp id="108" class="1005" name="mul_pn_reg_108">
<pin_list>
<pin id="109" dir="0" index="0" bw="32" slack="2147483647"/>
<pin id="110" dir="1" index="1" bw="32" slack="2147483647"/>
</pin_list>
<bind>
<opset="mul_pn (phireg) "/>
</bind>
</comp>

<comp id="111" class="1004" name="mul_pn_phi_fu_111">
<pin_list>
<pin id="112" dir="0" index="0" bw="32" slack="4"/>
<pin id="113" dir="0" index="1" bw="0" slack="2147483647"/>
<pin id="114" dir="0" index="2" bw="32" slack="1"/>
<pin id="115" dir="0" index="3" bw="0" slack="2147483647"/>
<pin id="116" dir="1" index="4" bw="32" slack="0"/>
</pin_list>
<bind>
<opcode="phi(47) " fcode="phi"/>
<opset="mul_pn/5 "/>
</bind>
</comp>

<comp id="117" class="1004" name="grp_fu_117">
<pin_list>
<pin id="118" dir="0" index="0" bw="6" slack="1"/>
<pin id="119" dir="0" index="1" bw="32" slack="1"/>
<pin id="120" dir="1" index="2" bw="32" slack="1"/>
</pin_list>
<bind>
<opcode="mul(12) " fcode="mul"/>
<opset="mul_ln36/3 "/>
</bind>
</comp>

<comp id="121" class="1004" name="store_ln0_store_fu_121">
<pin_list>
<pin id="122" dir="0" index="0" bw="1" slack="0"/>
<pin id="123" dir="0" index="1" bw="32" slack="0"/>
<pin id="124" dir="1" index="2" bw="0" slack="2147483647"/>
</pin_list>
<bind>
<opcode="store(28) " fcode="store"/>
<opset="store_ln0/1 "/>
</bind>
</comp>

<comp id="126" class="1004" name="store_ln0_store_fu_126">
<pin_list>
<pin id="127" dir="0" index="0" bw="1" slack="0"/>
<pin id="128" dir="0" index="1" bw="7" slack="0"/>
<pin id="129" dir="1" index="2" bw="0" slack="2147483647"/>
</pin_list>
<bind>
<opcode="store(28) " fcode="store"/>
<opset="store_ln0/1 "/>
</bind>
</comp>

<comp id="131" class="1004" name="i1_load_load_fu_131">
<pin_list>
<pin id="132" dir="0" index="0" bw="7" slack="0"/>
<pin id="133" dir="1" index="1" bw="7" slack="0"/>
</pin_list>
<bind>
<opcode="load(27) " fcode="load"/>
<opset="i1_load/1 "/>
</bind>
</comp>

<comp id="134" class="1004" name="icmp_ln31_fu_134">
<pin_list>
<pin id="135" dir="0" index="0" bw="7" slack="0"/>
<pin id="136" dir="0" index="1" bw="7" slack="0"/>
<pin id="137" dir="1" index="2" bw="1" slack="1"/>
</pin_list>
<bind>
<opcode="icmp(45) " fcode="icmp"/>
<opset="icmp_ln31/1 "/>
</bind>
</comp>

<comp id="140" class="1004" name="add_ln35_fu_140">
<pin_list>
<pin id="141" dir="0" index="0" bw="7" slack="0"/>
<pin id="142" dir="0" index="1" bw="1" slack="0"/>
<pin id="143" dir="1" index="2" bw="7" slack="0"/>
</pin_list>
<bind>
<opcode="add(8) " fcode="add"/>
<opset="add_ln35/1 "/>
</bind>
</comp>

<comp id="146" class="1004" name="zext_ln35_fu_146">
<pin_list>
<pin id="147" dir="0" index="0" bw="7" slack="0"/>
<pin id="148" dir="1" index="1" bw="64" slack="0"/>
</pin_list>
<bind>
<opcode="zext(34) " fcode="zext"/>
<opset="zext_ln35/1 "/>
</bind>
</comp>

<comp id="151" class="1004" name="zext_ln30_fu_151">
<pin_list>
<pin id="152" dir="0" index="0" bw="7" slack="0"/>
<pin id="153" dir="1" index="1" bw="64" slack="0"/>
</pin_list>
<bind>
<opcode="zext(34) " fcode="zext"/>
<opset="zext_ln30/1 "/>
</bind>
</comp>

<comp id="156" class="1004" name="i_fu_156">
<pin_list>
<pin id="157" dir="0" index="0" bw="7" slack="0"/>
<pin id="158" dir="0" index="1" bw="1" slack="0"/>
<pin id="159" dir="1" index="2" bw="7" slack="0"/>
</pin_list>
<bind>
<opcode="add(8) " fcode="add"/>
<opset="i/1 "/>
</bind>
</comp>

<comp id="162" class="1004" name="store_ln30_store_fu_162">
<pin_list>
<pin id="163" dir="0" index="0" bw="7" slack="0"/>
<pin id="164" dir="0" index="1" bw="7" slack="0"/>
<pin id="165" dir="1" index="2" bw="0" slack="2147483647"/>
</pin_list>
<bind>
<opcode="store(28) " fcode="store"/>
<opset="store_ln30/1 "/>
</bind>
</comp>

<comp id="167" class="1004" name="acc2_load_load_fu_167">
<pin_list>
<pin id="168" dir="0" index="0" bw="32" slack="4"/>
<pin id="169" dir="1" index="1" bw="32" slack="0"/>
</pin_list>
<bind>
<opcode="load(27) " fcode="load"/>
<opset="acc2_load/5 "/>
</bind>
</comp>

<comp id="170" class="1004" name="acc_fu_170">
<pin_list>
<pin id="171" dir="0" index="0" bw="32" slack="0"/>
<pin id="172" dir="0" index="1" bw="32" slack="0"/>
<pin id="173" dir="1" index="2" bw="32" slack="0"/>
</pin_list>
<bind>
<opcode="add(8) " fcode="add"/>
<opset="acc/5 "/>
</bind>
</comp>

<comp id="177" class="1004" name="store_ln26_store_fu_177">
<pin_list>
<pin id="178" dir="0" index="0" bw="32" slack="0"/>
<pin id="179" dir="0" index="1" bw="32" slack="4"/>
<pin id="180" dir="1" index="2" bw="0" slack="2147483647"/>
</pin_list>
<bind>
<opcode="store(28) " fcode="store"/>
<opset="store_ln26/5 "/>
</bind>
</comp>

<comp id="182" class="1005" name="i1_reg_182">
<pin_list>
<pin id="183" dir="0" index="0" bw="7" slack="0"/>
<pin id="184" dir="1" index="1" bw="7" slack="0"/>
</pin_list>
<bind>
<opset="i1 "/>
</bind>
</comp>

<comp id="189" class="1005" name="acc2_reg_189">
<pin_list>
<pin id="190" dir="0" index="0" bw="32" slack="0"/>
<pin id="191" dir="1" index="1" bw="32" slack="0"/>
</pin_list>
<bind>
<opset="acc2 "/>
</bind>
</comp>

<comp id="196" class="1005" name="mul_read_reg_196">
<pin_list>
<pin id="197" dir="0" index="0" bw="32" slack="4"/>
<pin id="198" dir="1" index="1" bw="32" slack="4"/>
</pin_list>
<bind>
<opset="mul_read "/>
</bind>
</comp>

<comp id="201" class="1005" name="icmp_ln31_reg_201">
<pin_list>
<pin id="202" dir="0" index="0" bw="1" slack="1"/>
<pin id="203" dir="1" index="1" bw="1" slack="2147483647"/>
</pin_list>
<bind>
<opset="icmp_ln31 "/>
</bind>
</comp>

<comp id="205" class="1005" name="shift_reg_addr_reg_205">
<pin_list>
<pin id="206" dir="0" index="0" bw="7" slack="1"/>
<pin id="207" dir="1" index="1" bw="7" slack="1"/>
</pin_list>
<bind>
<opset="shift_reg_addr "/>
</bind>
</comp>

<comp id="210" class="1005" name="zext_ln30_reg_210">
<pin_list>
<pin id="211" dir="0" index="0" bw="64" slack="1"/>
<pin id="212" dir="1" index="1" bw="64" slack="1"/>
</pin_list>
<bind>
<opset="zext_ln30 "/>
</bind>
</comp>

<comp id="215" class="1005" name="fir_int_int_c_addr_reg_215">
<pin_list>
<pin id="216" dir="0" index="0" bw="7" slack="1"/>
<pin id="217" dir="1" index="1" bw="7" slack="1"/>
</pin_list>
<bind>
<opset="fir_int_int_c_addr "/>
</bind>
</comp>

<comp id="220" class="1005" name="shift_reg_load_reg_220">
<pin_list>
<pin id="221" dir="0" index="0" bw="32" slack="1"/>
<pin id="222" dir="1" index="1" bw="32" slack="1"/>
</pin_list>
<bind>
<opset="shift_reg_load "/>
</bind>
</comp>

<comp id="225" class="1005" name="fir_int_int_c_load_reg_225">
<pin_list>
<pin id="226" dir="0" index="0" bw="32" slack="1"/>
<pin id="227" dir="1" index="1" bw="32" slack="1"/>
</pin_list>
<bind>
<opset="fir_int_int_c_load "/>
</bind>
</comp>

<comp id="230" class="1005" name="mul_ln36_reg_230">
<pin_list>
<pin id="231" dir="0" index="0" bw="32" slack="1"/>
<pin id="232" dir="1" index="1" bw="32" slack="1"/>
</pin_list>
<bind>
<opset="mul_ln36 "/>
</bind>
</comp>

</comp_list>

<net_list>
<net id="43"><net_src comp="10" pin="0"/><net_sink comp="40" pin=0"/></net>

<net id="47"><net_src comp="10" pin="0"/><net_sink comp="44" pin=0"/></net>

<net id="52"><net_src comp="12" pin="0"/><net_sink comp="48" pin=0"/></net>

<net id="53"><net_src comp="2" pin="0"/><net_sink comp="48" pin=1"/></net>

<net id="58"><net_src comp="12" pin="0"/><net_sink comp="54" pin=0"/></net>

<net id="59"><net_src comp="0" pin="0"/><net_sink comp="54" pin=1"/></net>

<net id="65"><net_src comp="38" pin="0"/><net_sink comp="60" pin=0"/></net>

<net id="66"><net_src comp="4" pin="0"/><net_sink comp="60" pin=1"/></net>

<net id="72"><net_src comp="6" pin="0"/><net_sink comp="67" pin=0"/></net>

<net id="73"><net_src comp="34" pin="0"/><net_sink comp="67" pin=1"/></net>

<net id="83"><net_src comp="67" pin="3"/><net_sink comp="74" pin=2"/></net>

<net id="89"><net_src comp="8" pin="0"/><net_sink comp="84" pin=0"/></net>

<net id="90"><net_src comp="34" pin="0"/><net_sink comp="84" pin=1"/></net>

<net id="96"><net_src comp="84" pin="3"/><net_sink comp="91" pin=0"/></net>

<net id="97"><net_src comp="48" pin="2"/><net_sink comp="74" pin=4"/></net>

<net id="98"><net_src comp="36" pin="0"/><net_sink comp="74" pin=2"/></net>

<net id="104"><net_src comp="6" pin="0"/><net_sink comp="99" pin=0"/></net>

<net id="105"><net_src comp="34" pin="0"/><net_sink comp="99" pin=1"/></net>

<net id="106"><net_src comp="74" pin="7"/><net_sink comp="74" pin=1"/></net>

<net id="107"><net_src comp="99" pin="3"/><net_sink comp="74" pin=0"/></net>

<net id="125"><net_src comp="14" pin="0"/><net_sink comp="121" pin=0"/></net>

<net id="130"><net_src comp="16" pin="0"/><net_sink comp="126" pin=0"/></net>

<net id="138"><net_src comp="131" pin="1"/><net_sink comp="134" pin=0"/></net>

<net id="139"><net_src comp="32" pin="0"/><net_sink comp="134" pin=1"/></net>

<net id="144"><net_src comp="131" pin="1"/><net_sink comp="140" pin=0"/></net>

<net id="145"><net_src comp="16" pin="0"/><net_sink comp="140" pin=1"/></net>

<net id="149"><net_src comp="140" pin="2"/><net_sink comp="146" pin=0"/></net>

<net id="150"><net_src comp="146" pin="1"/><net_sink comp="67" pin=2"/></net>

<net id="154"><net_src comp="131" pin="1"/><net_sink comp="151" pin=0"/></net>

<net id="155"><net_src comp="151" pin="1"/><net_sink comp="84" pin=2"/></net>

<net id="160"><net_src comp="131" pin="1"/><net_sink comp="156" pin=0"/></net>

<net id="161"><net_src comp="16" pin="0"/><net_sink comp="156" pin=1"/></net>

<net id="166"><net_src comp="156" pin="2"/><net_sink comp="162" pin=0"/></net>

<net id="174"><net_src comp="111" pin="4"/><net_sink comp="170" pin=0"/></net>

<net id="175"><net_src comp="167" pin="1"/><net_sink comp="170" pin=1"/></net>

<net id="176"><net_src comp="170" pin="2"/><net_sink comp="60" pin=2"/></net>

<net id="181"><net_src comp="170" pin="2"/><net_sink comp="177" pin=0"/></net>

<net id="185"><net_src comp="40" pin="1"/><net_sink comp="182" pin=0"/></net>

<net id="186"><net_src comp="182" pin="1"/><net_sink comp="126" pin=1"/></net>

<net id="187"><net_src comp="182" pin="1"/><net_sink comp="131" pin=0"/></net>

<net id="188"><net_src comp="182" pin="1"/><net_sink comp="162" pin=1"/></net>

<net id="192"><net_src comp="44" pin="1"/><net_sink comp="189" pin=0"/></net>

<net id="193"><net_src comp="189" pin="1"/><net_sink comp="121" pin=1"/></net>

<net id="194"><net_src comp="189" pin="1"/><net_sink comp="167" pin=0"/></net>

<net id="195"><net_src comp="189" pin="1"/><net_sink comp="177" pin=1"/></net>

<net id="199"><net_src comp="54" pin="2"/><net_sink comp="196" pin=0"/></net>

<net id="200"><net_src comp="196" pin="1"/><net_sink comp="111" pin=0"/></net>

<net id="204"><net_src comp="134" pin="2"/><net_sink comp="201" pin=0"/></net>

<net id="208"><net_src comp="67" pin="3"/><net_sink comp="205" pin=0"/></net>

<net id="209"><net_src comp="205" pin="1"/><net_sink comp="74" pin=2"/></net>

<net id="213"><net_src comp="151" pin="1"/><net_sink comp="210" pin=0"/></net>

<net id="214"><net_src comp="210" pin="1"/><net_sink comp="99" pin=2"/></net>

<net id="218"><net_src comp="84" pin="3"/><net_sink comp="215" pin=0"/></net>

<net id="219"><net_src comp="215" pin="1"/><net_sink comp="91" pin=0"/></net>

<net id="223"><net_src comp="74" pin="7"/><net_sink comp="220" pin=0"/></net>

<net id="224"><net_src comp="220" pin="1"/><net_sink comp="117" pin=1"/></net>

<net id="228"><net_src comp="91" pin="3"/><net_sink comp="225" pin=0"/></net>

<net id="229"><net_src comp="225" pin="1"/><net_sink comp="117" pin=0"/></net>

<net id="233"><net_src comp="117" pin="2"/><net_sink comp="230" pin=0"/></net>

<net id="234"><net_src comp="230" pin="1"/><net_sink comp="111" pin=2"/></net>

</net_list>

</model> 
---------------- Datapath Model END ------------------

* FSMD analyzer results:
  - Output states:
	Port: acc_1_out | {5 }
	Port: shift_reg | {1 2 }
	Port: fir_int_int_c | {}
 - Input state : 
	Port: fir_Pipeline_Shift_Accum_Loop : mul | {1 }
	Port: fir_Pipeline_Shift_Accum_Loop : x | {1 }
	Port: fir_Pipeline_Shift_Accum_Loop : shift_reg | {1 2 }
	Port: fir_Pipeline_Shift_Accum_Loop : fir_int_int_c | {1 2 }
  - Chain level:
	State 1
		store_ln0 : 1
		store_ln0 : 1
		i1_load : 1
		icmp_ln31 : 2
		br_ln31 : 3
		add_ln35 : 2
		zext_ln35 : 3
		shift_reg_addr : 4
		shift_reg_load : 5
		zext_ln30 : 2
		fir_int_int_c_addr : 3
		fir_int_int_c_load : 4
		i : 2
		store_ln30 : 3
		br_ln30 : 3
	State 2
		store_ln35 : 1
	State 3
	State 4
	State 5
		mul_pn : 1
		acc : 2
		store_ln26 : 3
		write_ln26 : 3


============================================================
+ Verbose Summary: Datapath Resource usage 
============================================================

* Functional unit list:
|----------|------------------------|---------|---------|---------|
| Operation|     Functional Unit    |   DSP   |    FF   |   LUT   |
|----------|------------------------|---------|---------|---------|
|    mul   |       grp_fu_117       |    2    |   165   |    50   |
|----------|------------------------|---------|---------|---------|
|          |     add_ln35_fu_140    |    0    |    0    |    14   |
|    add   |        i_fu_156        |    0    |    0    |    14   |
|          |       acc_fu_170       |    0    |    0    |    39   |
|----------|------------------------|---------|---------|---------|
|   icmp   |    icmp_ln31_fu_134    |    0    |    0    |    14   |
|----------|------------------------|---------|---------|---------|
|   read   |    x_read_read_fu_48   |    0    |    0    |    0    |
|          |   mul_read_read_fu_54  |    0    |    0    |    0    |
|----------|------------------------|---------|---------|---------|
|   write  | write_ln26_write_fu_60 |    0    |    0    |    0    |
|----------|------------------------|---------|---------|---------|
|   zext   |    zext_ln35_fu_146    |    0    |    0    |    0    |
|          |    zext_ln30_fu_151    |    0    |    0    |    0    |
|----------|------------------------|---------|---------|---------|
|   Total  |                        |    2    |   165   |   131   |
|----------|------------------------|---------|---------|---------|

Memories:
N/A

* Register list:
+--------------------------+--------+
|                          |   FF   |
+--------------------------+--------+
|       acc2_reg_189       |   32   |
|fir_int_int_c_addr_reg_215|    7   |
|fir_int_int_c_load_reg_225|   32   |
|        i1_reg_182        |    7   |
|     icmp_ln31_reg_201    |    1   |
|     mul_ln36_reg_230     |   32   |
|      mul_pn_reg_108      |   32   |
|     mul_read_reg_196     |   32   |
|  shift_reg_addr_reg_205  |    7   |
|  shift_reg_load_reg_220  |   32   |
|     zext_ln30_reg_210    |   64   |
+--------------------------+--------+
|           Total          |   278  |
+--------------------------+--------+

* Multiplexer (MUX) list: 
|------------------|------|------|------|--------||---------||---------||---------|
|       Comp       |  Pin | Size |  BW  | S x BW ||  Delay  ||    FF   ||   LUT   |
|------------------|------|------|------|--------||---------||---------||---------|
| grp_access_fu_74 |  p2  |   3  |   0  |    0   ||    0    ||    14   |
| grp_access_fu_91 |  p0  |   2  |   7  |   14   ||    0    ||    9    |
|------------------|------|------|------|--------||---------||---------||---------|
|       Total      |      |      |      |   14   ||  3.2953 ||    0    ||    23   |
|------------------|------|------|------|--------||---------||---------||---------|



* Summary:
+-----------+--------+--------+--------+--------+
|           |   DSP  |  Delay |   FF   |   LUT  |
+-----------+--------+--------+--------+--------+
|  Function |    2   |    -   |   165  |   131  |
|   Memory  |    -   |    -   |    -   |    -   |
|Multiplexer|    -   |    3   |    0   |   23   |
|  Register |    -   |    -   |   278  |    -   |
+-----------+--------+--------+--------+--------+
|   Total   |    2   |    3   |   443  |   154  |
+-----------+--------+--------+--------+--------+
