

================================================================
== Vitis HLS Report for 'fir_Pipeline_Shift_Accum_Loop'
================================================================
* Date:           Sun Oct 12 14:45:25 2025

* Version:        2024.2 (Build 5238294 on Nov  8 2024)
* Project:        fir.comp
* Solution:       hls (Vivado IP Flow Target)
* Product family: zynq
* Target device:  xc7z020-clg400-1


================================================================
== Performance Estimates
================================================================
+ Timing: 
    * Summary: 
    +--------+----------+----------+------------+
    |  Clock |  Target  | Estimated| Uncertainty|
    +--------+----------+----------+------------+
    |ap_clk  |  10.00 ns|  6.912 ns|     2.70 ns|
    +--------+----------+----------+------------+

+ Latency: 
    * Summary: 
    +---------+---------+----------+----------+-----+-----+------------------------------------------------+
    |  Latency (cycles) |  Latency (absolute) |  Interval |                    Pipeline                    |
    |   min   |   max   |    min   |    max   | min | max |                      Type                      |
    +---------+---------+----------+----------+-----+-----+------------------------------------------------+
    |      133|      133|  1.330 us|  1.330 us|  128|  128|  loop auto-rewind stp (delay=0 clock cycles(s))|
    +---------+---------+----------+----------+-----+-----+------------------------------------------------+

    + Detail: 
        * Instance: 
        N/A

        * Loop: 
        +--------------------+---------+---------+----------+-----------+-----------+------+----------+
        |                    |  Latency (cycles) | Iteration|  Initiation Interval  | Trip |          |
        |      Loop Name     |   min   |   max   |  Latency |  achieved |   target  | Count| Pipelined|
        +--------------------+---------+---------+----------+-----------+-----------+------+----------+
        |- Shift_Accum_Loop  |      131|      131|         5|          1|          1|   128|       yes|
        +--------------------+---------+---------+----------+-----------+-----------+------+----------+

============================================================
+ Verbose Summary: Synthesis Manager
============================================================
InlineROM: 1
ExposeGlobal: 0
============================================================
+ Verbose Summary: CDFG Model
============================================================
IsTopModel: 0
ResetActiveHigh: 1
IsCombinational: 0
IsDatapathOnly: 0
HasWiredReturn: 1
HasMFsm: 2
HasVarLatency: 1
IsPipeline: 0
IsRtlPipelined: 0
IsInstanceOverlapped: 0
IsDontTouch: 0
HasImplIP: 0
IsGatedGlobalClock: 0

+ Individual pipeline summary: 
  * Pipeline-0: initiation interval (II) = 1, depth = 5


============================================================
+ Verbose Summary: Schedule
============================================================
* Number of FSM states : 5
* Pipeline : 1
  Pipeline-0 : II = 1, D = 5, States = { 1 2 3 4 5 }
* Dataflow Pipeline: 0

* FSM state transitions: 
1 --> 2 
2 --> 3 
3 --> 4 
4 --> 5 
5 --> 

* FSM state operations: 

State 1 <SV = 0> <Delay = 6.71>
ST_1 : Operation 8 [1/1] (0.00ns)   --->   "%i1 = alloca i32 1"   --->   Operation 8 'alloca' 'i1' <Predicate = true> <Delay = 0.00>
ST_1 : Operation 9 [1/1] (0.00ns)   --->   "%acc2 = alloca i32 1"   --->   Operation 9 'alloca' 'acc2' <Predicate = true> <Delay = 0.00>
ST_1 : Operation 10 [1/1] (0.00ns)   --->   "%x_read = read i32 @_ssdm_op_Read.ap_auto.i32, i32 %x"   --->   Operation 10 'read' 'x_read' <Predicate = true> <Delay = 0.00>
ST_1 : Operation 11 [1/1] (0.00ns)   --->   "%mul_read = read i32 @_ssdm_op_Read.ap_auto.i32, i32 %mul"   --->   Operation 11 'read' 'mul_read' <Predicate = true> <Delay = 0.00>
ST_1 : Operation 12 [1/1] (1.58ns)   --->   "%store_ln0 = store i32 0, i32 %acc2"   --->   Operation 12 'store' 'store_ln0' <Predicate = true> <Delay = 1.58>
ST_1 : Operation 13 [1/1] (1.58ns)   --->   "%store_ln0 = store i7 127, i7 %i1"   --->   Operation 13 'store' 'store_ln0' <Predicate = true> <Delay = 1.58>
ST_1 : Operation 14 [1/1] (0.00ns)   --->   "%br_ln0 = br void %for.body.split"   --->   Operation 14 'br' 'br_ln0' <Predicate = true> <Delay = 0.00>
ST_1 : Operation 15 [1/1] (0.00ns)   --->   "%i1_load = load i7 %i1" [fir.cpp:30]   --->   Operation 15 'load' 'i1_load' <Predicate = true> <Delay = 0.00>
ST_1 : Operation 16 [1/1] (0.00ns)   --->   "%specpipeline_ln26 = specpipeline void @_ssdm_op_SpecPipeline, i32 4294967295, i32 0, i32 0, i32 0, void @empty_0" [fir.cpp:26]   --->   Operation 16 'specpipeline' 'specpipeline_ln26' <Predicate = true> <Delay = 0.00>
ST_1 : Operation 17 [1/1] (0.00ns)   --->   "%speclooptripcount_ln26 = speclooptripcount void @_ssdm_op_SpecLoopTripCount, i64 128, i64 128, i64 128" [fir.cpp:26]   --->   Operation 17 'speclooptripcount' 'speclooptripcount_ln26' <Predicate = true> <Delay = 0.00>
ST_1 : Operation 18 [1/1] (0.00ns)   --->   "%specloopname_ln30 = specloopname void @_ssdm_op_SpecLoopName, void @empty_2" [fir.cpp:30]   --->   Operation 18 'specloopname' 'specloopname_ln30' <Predicate = true> <Delay = 0.00>
ST_1 : Operation 19 [1/1] (1.87ns)   --->   "%icmp_ln31 = icmp_eq  i7 %i1_load, i7 0" [fir.cpp:31]   --->   Operation 19 'icmp' 'icmp_ln31' <Predicate = true> <Delay = 1.87> <CoreInst = "Cmp">   --->   Core 9 'Cmp' <Latency = 0> <II = 1> <Delay = 1.87> <FuncUnit> <Opcode : 'seteq' 'setne' 'setle' 'setge' 'setlt' 'setgt'> <InPorts = 2> <OutPorts = 1>
ST_1 : Operation 20 [1/1] (0.00ns)   --->   "%br_ln31 = br i1 %icmp_ln31, void %if.else, void %if.then" [fir.cpp:31]   --->   Operation 20 'br' 'br_ln31' <Predicate = true> <Delay = 0.00>
ST_1 : Operation 21 [1/1] (1.87ns)   --->   "%add_ln35 = add i7 %i1_load, i7 127" [fir.cpp:35]   --->   Operation 21 'add' 'add_ln35' <Predicate = (!icmp_ln31)> <Delay = 1.87> <CoreInst = "Adder">   --->   Core 1 'Adder' <Latency = 0> <II = 1> <Delay = 1.87> <FuncUnit> <Opcode : 'add' 'sub'> <InPorts = 2> <OutPorts = 1>
ST_1 : Operation 22 [1/1] (0.00ns)   --->   "%zext_ln35 = zext i7 %add_ln35" [fir.cpp:35]   --->   Operation 22 'zext' 'zext_ln35' <Predicate = (!icmp_ln31)> <Delay = 0.00>
ST_1 : Operation 23 [1/1] (0.00ns)   --->   "%shift_reg_addr = getelementptr i32 %shift_reg, i64 0, i64 %zext_ln35" [fir.cpp:35]   --->   Operation 23 'getelementptr' 'shift_reg_addr' <Predicate = (!icmp_ln31)> <Delay = 0.00>
ST_1 : Operation 24 [2/2] (3.25ns)   --->   "%shift_reg_load = load i7 %shift_reg_addr" [fir.cpp:35]   --->   Operation 24 'load' 'shift_reg_load' <Predicate = (!icmp_ln31)> <Delay = 3.25> <CoreInst = "RAM">   --->   Core 81 'RAM' <Latency = 1> <II = 1> <Delay = 3.25> <Storage> <Opcode : 'load' 'store'> <Ports = 2> <Width = 32> <Depth = 128> <RAM>
ST_1 : Operation 25 [1/1] (0.00ns)   --->   "%zext_ln30 = zext i7 %i1_load" [fir.cpp:30]   --->   Operation 25 'zext' 'zext_ln30' <Predicate = (!icmp_ln31)> <Delay = 0.00>
ST_1 : Operation 26 [1/1] (0.00ns)   --->   "%fir_int_int_c_addr = getelementptr i32 %fir_int_int_c, i64 0, i64 %zext_ln30" [fir.cpp:36]   --->   Operation 26 'getelementptr' 'fir_int_int_c_addr' <Predicate = (!icmp_ln31)> <Delay = 0.00>
ST_1 : Operation 27 [2/2] (3.25ns)   --->   "%fir_int_int_c_load = load i7 %fir_int_int_c_addr" [fir.cpp:36]   --->   Operation 27 'load' 'fir_int_int_c_load' <Predicate = (!icmp_ln31)> <Delay = 3.25> <CoreInst = "ROM">   --->   Core 94 'ROM' <Latency = 1> <II = 1> <Delay = 3.25> <Storage> <Opcode : 'load'> <Ports = 0> <Width = 32> <Depth = 128> <ROM>
ST_1 : Operation 28 [1/1] ( I:3.25ns O:3.25ns )   --->   "%store_ln33 = store i32 %x_read, i32 0" [fir.cpp:33]   --->   Operation 28 'store' 'store_ln33' <Predicate = (icmp_ln31)> <Delay = 3.25> <CoreInst = "RAM">   --->   Core 81 'RAM' <Latency = 1> <II = 1> <Delay = 3.25> <Storage> <Opcode : 'load' 'store'> <Ports = 2> <Width = 32> <Depth = 128> <RAM>
ST_1 : Operation 29 [1/1] (1.58ns)   --->   "%br_ln34 = br void %for.inc" [fir.cpp:34]   --->   Operation 29 'br' 'br_ln34' <Predicate = (icmp_ln31)> <Delay = 1.58>
ST_1 : Operation 30 [1/1] (1.87ns)   --->   "%i = add i7 %i1_load, i7 127" [fir.cpp:30]   --->   Operation 30 'add' 'i' <Predicate = true> <Delay = 1.87> <CoreInst = "Adder">   --->   Core 1 'Adder' <Latency = 0> <II = 1> <Delay = 1.87> <FuncUnit> <Opcode : 'add' 'sub'> <InPorts = 2> <OutPorts = 1>
ST_1 : Operation 31 [1/1] (1.58ns)   --->   "%store_ln30 = store i7 %i, i7 %i1" [fir.cpp:30]   --->   Operation 31 'store' 'store_ln30' <Predicate = true> <Delay = 1.58>
ST_1 : Operation 32 [1/1] (0.00ns)   --->   "%br_ln30 = br i1 %icmp_ln31, void %for.body.split, void %for.end.exitStub" [fir.cpp:30]   --->   Operation 32 'br' 'br_ln30' <Predicate = true> <Delay = 0.00>

State 2 <SV = 1> <Delay = 6.50>
ST_2 : Operation 33 [1/2] ( I:3.25ns O:3.25ns )   --->   "%shift_reg_load = load i7 %shift_reg_addr" [fir.cpp:35]   --->   Operation 33 'load' 'shift_reg_load' <Predicate = (!icmp_ln31)> <Delay = 3.25> <CoreInst = "RAM">   --->   Core 81 'RAM' <Latency = 1> <II = 1> <Delay = 3.25> <Storage> <Opcode : 'load' 'store'> <Ports = 2> <Width = 32> <Depth = 128> <RAM>
ST_2 : Operation 34 [1/1] (0.00ns)   --->   "%shift_reg_addr_1 = getelementptr i32 %shift_reg, i64 0, i64 %zext_ln30" [fir.cpp:35]   --->   Operation 34 'getelementptr' 'shift_reg_addr_1' <Predicate = (!icmp_ln31)> <Delay = 0.00>
ST_2 : Operation 35 [1/1] ( I:3.25ns O:3.25ns )   --->   "%store_ln35 = store i32 %shift_reg_load, i7 %shift_reg_addr_1" [fir.cpp:35]   --->   Operation 35 'store' 'store_ln35' <Predicate = (!icmp_ln31)> <Delay = 3.25> <CoreInst = "RAM">   --->   Core 81 'RAM' <Latency = 1> <II = 1> <Delay = 3.25> <Storage> <Opcode : 'load' 'store'> <Ports = 2> <Width = 32> <Depth = 128> <RAM>
ST_2 : Operation 36 [1/2] ( I:3.25ns O:3.25ns )   --->   "%fir_int_int_c_load = load i7 %fir_int_int_c_addr" [fir.cpp:36]   --->   Operation 36 'load' 'fir_int_int_c_load' <Predicate = (!icmp_ln31)> <Delay = 3.25> <CoreInst = "ROM">   --->   Core 94 'ROM' <Latency = 1> <II = 1> <Delay = 3.25> <Storage> <Opcode : 'load'> <Ports = 0> <Width = 32> <Depth = 128> <ROM>

State 3 <SV = 2> <Delay = 6.91>
ST_3 : Operation 37 [2/2] (6.91ns)   --->   "%mul_ln36 = mul i32 %fir_int_int_c_load, i32 %shift_reg_load" [fir.cpp:36]   --->   Operation 37 'mul' 'mul_ln36' <Predicate = (!icmp_ln31)> <Delay = 6.91> <CoreInst = "Multiplier">   --->   Core 3 'Multiplier' <Latency = 1> <II = 1> <Delay = 6.91> <FuncUnit> <Opcode : 'mul'> <InPorts = 2> <OutPorts = 1>

State 4 <SV = 3> <Delay = 6.91>
ST_4 : Operation 38 [1/2] (6.91ns)   --->   "%mul_ln36 = mul i32 %fir_int_int_c_load, i32 %shift_reg_load" [fir.cpp:36]   --->   Operation 38 'mul' 'mul_ln36' <Predicate = (!icmp_ln31)> <Delay = 6.91> <CoreInst = "Multiplier">   --->   Core 3 'Multiplier' <Latency = 1> <II = 1> <Delay = 6.91> <FuncUnit> <Opcode : 'mul'> <InPorts = 2> <OutPorts = 1>

State 5 <SV = 4> <Delay = 5.72>
ST_5 : Operation 39 [1/1] (1.58ns)   --->   "%br_ln0 = br void %for.inc"   --->   Operation 39 'br' 'br_ln0' <Predicate = (!icmp_ln31)> <Delay = 1.58>
ST_5 : Operation 40 [1/1] (0.00ns) (grouped into LUT with out node acc)   --->   "%mul_pn = phi i32 %mul_read, void %if.then, i32 %mul_ln36, void %if.else" [fir.cpp:36]   --->   Operation 40 'phi' 'mul_pn' <Predicate = true> <Delay = 0.00>
ST_5 : Operation 41 [1/1] (0.00ns)   --->   "%acc2_load = load i32 %acc2" [fir.cpp:26]   --->   Operation 41 'load' 'acc2_load' <Predicate = true> <Delay = 0.00>
ST_5 : Operation 42 [1/1] (2.55ns) (out node of the LUT)   --->   "%acc = add i32 %mul_pn, i32 %acc2_load" [fir.cpp:26]   --->   Operation 42 'add' 'acc' <Predicate = true> <Delay = 2.55> <CoreInst = "Adder">   --->   Core 1 'Adder' <Latency = 0> <II = 1> <Delay = 2.55> <FuncUnit> <Opcode : 'add' 'sub'> <InPorts = 2> <OutPorts = 1>
ST_5 : Operation 43 [1/1] (1.58ns)   --->   "%store_ln26 = store i32 %acc, i32 %acc2" [fir.cpp:26]   --->   Operation 43 'store' 'store_ln26' <Predicate = true> <Delay = 1.58>
ST_5 : Operation 44 [1/1] (0.00ns)   --->   "%write_ln26 = write void @_ssdm_op_Write.ap_auto.i32P0A, i32 %acc_1_out, i32 %acc" [fir.cpp:26]   --->   Operation 44 'write' 'write_ln26' <Predicate = (icmp_ln31)> <Delay = 0.00>
ST_5 : Operation 45 [1/1] (1.58ns)   --->   "%ret_ln0 = ret"   --->   Operation 45 'ret' 'ret_ln0' <Predicate = (icmp_ln31)> <Delay = 1.58>


============================================================
+ Verbose Summary: Timing violations
============================================================
Target clock period: 10.000ns, clock uncertainty: 2.700ns.

 <State 1>: 6.712ns
The critical path consists of the following:
	'store' operation 0 bit ('store_ln0') of constant 127 on local variable 'i1' [11]  (1.588 ns)
	'load' operation 7 bit ('i1_load', fir.cpp:30) on local variable 'i1' [14]  (0.000 ns)
	'add' operation 7 bit ('add_ln35', fir.cpp:35) [21]  (1.870 ns)
	'getelementptr' operation 7 bit ('shift_reg_addr', fir.cpp:35) [23]  (0.000 ns)
	'load' operation 32 bit ('shift_reg_load', fir.cpp:35) on array 'shift_reg' [24]  (3.254 ns)

 <State 2>: 6.508ns
The critical path consists of the following:
	'load' operation 32 bit ('shift_reg_load', fir.cpp:35) on array 'shift_reg' [24]  (3.254 ns)
	'store' operation 0 bit ('store_ln35', fir.cpp:35) of variable 'shift_reg_load', fir.cpp:35 on array 'shift_reg' [27]  (3.254 ns)

 <State 3>: 6.912ns
The critical path consists of the following:
	'mul' operation 32 bit ('mul_ln36', fir.cpp:36) [30]  (6.912 ns)

 <State 4>: 6.912ns
The critical path consists of the following:
	'mul' operation 32 bit ('mul_ln36', fir.cpp:36) [30]  (6.912 ns)

 <State 5>: 5.728ns
The critical path consists of the following:
	multiplexor before 'phi' operation 32 bit ('mul_pn', fir.cpp:36) with incoming values : ('mul_read') ('mul_ln36', fir.cpp:36) [36]  (1.588 ns)
	'phi' operation 32 bit ('mul_pn', fir.cpp:36) with incoming values : ('mul_read') ('mul_ln36', fir.cpp:36) [36]  (0.000 ns)
	'add' operation 32 bit ('acc', fir.cpp:26) [38]  (2.552 ns)
	'store' operation 0 bit ('store_ln26', fir.cpp:26) of variable 'acc', fir.cpp:26 on local variable 'acc2' [40]  (1.588 ns)


============================================================
+ Verbose Summary: Binding
============================================================
N/A
* FSMD analyzer results:
  - Output states:
 - Input state : 
  - Chain level:
	State 1
	State 2
	State 3
	State 4
	State 5


============================================================
+ Verbose Summary: Datapath Resource usage 
============================================================
N/A
