

================================================================
== Vitis HLS Report for 'dft'
================================================================
* Date:           Sun Nov  2 18:51:41 2025

* Version:        2024.2 (Build 5238294 on Nov  8 2024)
* Project:        dft.comp
* Solution:       hls (Vivado IP Flow Target)
* Product family: zynq
* Target device:  xc7z020-clg400-1


================================================================
== Performance Estimates
================================================================
+ Timing: 
    * Summary: 
    +--------+----------+----------+------------+
    |  Clock |  Target  | Estimated| Uncertainty|
    +--------+----------+----------+------------+
    |ap_clk  |  10.00 ns|  7.256 ns|     2.70 ns|
    +--------+----------+----------+------------+

+ Latency: 
    * Summary: 
    +---------+---------+----------+----------+-------+-------+---------+
    |  Latency (cycles) |  Latency (absolute) |    Interval   | Pipeline|
    |   min   |   max   |    min   |    max   |  min  |  max  |   Type  |
    +---------+---------+----------+----------+-------+-------+---------+
    |    58756|    59780|  0.588 ms|  0.598 ms|  58757|  59781|       no|
    +---------+---------+----------+----------+-------+-------+---------+

    + Detail: 
        * Instance: 
        +-----------------------------------------+------------------------------+---------+---------+----------+----------+-----+-----+------------------------------------------------+
        |                                         |                              |  Latency (cycles) |  Latency (absolute) |  Interval |                    Pipeline                    |
        |                 Instance                |            Module            |   min   |   max   |    min   |    max   | min | max |                      Type                      |
        +-----------------------------------------+------------------------------+---------+---------+----------+----------+-----+-----+------------------------------------------------+
        |grp_dft_Pipeline_VITIS_LOOP_24_1_fu_170  |dft_Pipeline_VITIS_LOOP_24_1  |       34|       34|  0.340 us|  0.340 us|   33|   33|  loop auto-rewind stp (delay=0 clock cycles(s))|
        |grp_sin_or_cos_float_s_fu_180            |sin_or_cos_float_s            |       27|       28|  0.270 us|  0.280 us|   27|   28|                                              no|
        |grp_sin_or_cos_float_s_fu_195            |sin_or_cos_float_s            |       27|       28|  0.270 us|  0.280 us|   27|   28|                                              no|
        +-----------------------------------------+------------------------------+---------+---------+----------+----------+-----+-----+------------------------------------------------+

        * Loop: 
        +---------------------+---------+---------+-------------+-----------+-----------+------+----------+
        |                     |  Latency (cycles) |  Iteration  |  Initiation Interval  | Trip |          |
        |      Loop Name      |   min   |   max   |   Latency   |  achieved |   target  | Count| Pipelined|
        +---------------------+---------+---------+-------------+-----------+-----------+------+----------+
        |- data_loop          |    58720|    59744|  1835 ~ 1867|          -|          -|    32|        no|
        | + dot_product_loop  |     1824|     1856|      57 ~ 58|          -|          -|    32|        no|
        +---------------------+---------+---------+-------------+-----------+-----------+------+----------+



================================================================
== Utilization Estimates
================================================================
* Summary: 
+-----------------+---------+-----+--------+-------+-----+
|       Name      | BRAM_18K| DSP |   FF   |  LUT  | URAM|
+-----------------+---------+-----+--------+-------+-----+
|DSP              |        -|    -|       -|      -|    -|
|Expression       |        -|    -|       0|     60|    -|
|FIFO             |        -|    -|       -|      -|    -|
|Instance         |        -|   42|    4279|   8026|    -|
|Memory           |        2|    -|       0|      0|    0|
|Multiplexer      |        -|    -|       0|    435|    -|
|Register         |        -|    -|     555|      -|    -|
+-----------------+---------+-----+--------+-------+-----+
|Total            |        2|   42|    4834|   8521|    0|
+-----------------+---------+-----+--------+-------+-----+
|Available        |      280|  220|  106400|  53200|    0|
+-----------------+---------+-----+--------+-------+-----+
|Utilization (%)  |       ~0|   19|       4|     16|    0|
+-----------------+---------+-----+--------+-------+-----+

+ Detail: 
    * Instance: 
    +-----------------------------------------+--------------------------------+---------+----+------+------+-----+
    |                 Instance                |             Module             | BRAM_18K| DSP|  FF  |  LUT | URAM|
    +-----------------------------------------+--------------------------------+---------+----+------+------+-----+
    |grp_dft_Pipeline_VITIS_LOOP_24_1_fu_170  |dft_Pipeline_VITIS_LOOP_24_1    |        0|   0|    15|    66|    0|
    |fadd_32ns_32ns_32_5_full_dsp_1_U40       |fadd_32ns_32ns_32_5_full_dsp_1  |        0|   2|   205|   390|    0|
    |fadd_32ns_32ns_32_5_full_dsp_1_U41       |fadd_32ns_32ns_32_5_full_dsp_1  |        0|   2|   205|   390|    0|
    |fmul_32ns_32ns_32_4_max_dsp_1_U42        |fmul_32ns_32ns_32_4_max_dsp_1   |        0|   3|   143|   321|    0|
    |fmul_32ns_32ns_32_4_max_dsp_1_U43        |fmul_32ns_32ns_32_4_max_dsp_1   |        0|   3|   143|   321|    0|
    |fmul_32ns_32ns_32_4_max_dsp_1_U44        |fmul_32ns_32ns_32_4_max_dsp_1   |        0|   3|   143|   321|    0|
    |fmul_32ns_32ns_32_4_max_dsp_1_U45        |fmul_32ns_32ns_32_4_max_dsp_1   |        0|   3|   143|   321|    0|
    |grp_sin_or_cos_float_s_fu_180            |sin_or_cos_float_s              |        0|  13|  1641|  2948|    0|
    |grp_sin_or_cos_float_s_fu_195            |sin_or_cos_float_s              |        0|  13|  1641|  2948|    0|
    |sitofp_32ns_32_6_no_dsp_1_U46            |sitofp_32ns_32_6_no_dsp_1       |        0|   0|     0|     0|    0|
    +-----------------------------------------+--------------------------------+---------+----+------+------+-----+
    |Total                                    |                                |        0|  42|  4279|  8026|    0|
    +-----------------------------------------+--------------------------------+---------+----+------+------+-----+

    * DSP: 
    N/A

    * Memory: 
    +-------------+-------------------------+---------+---+----+-----+------+-----+------+-------------+
    |    Memory   |          Module         | BRAM_18K| FF| LUT| URAM| Words| Bits| Banks| W*Bits*Banks|
    +-------------+-------------------------+---------+---+----+-----+------+-----+------+-------------+
    |temp_real_U  |temp_real_RAM_AUTO_1R1W  |        1|  0|   0|    0|    32|   32|     1|         1024|
    |temp_imag_U  |temp_real_RAM_AUTO_1R1W  |        1|  0|   0|    0|    32|   32|     1|         1024|
    +-------------+-------------------------+---------+---+----+-----+------+-----+------+-------------+
    |Total        |                         |        2|  0|   0|    0|    64|   64|     2|         2048|
    +-------------+-------------------------+---------+---+----+-----+------+-----+------+-------------+

    * FIFO: 
    N/A

    * Expression: 
    +----------------------------------+----------+----+---+----+------------+------------+
    |           Variable Name          | Operation| DSP| FF| LUT| Bitwidth P0| Bitwidth P1|
    +----------------------------------+----------+----+---+----+------------+------------+
    |add_ln12_fu_269_p2                |         +|   0|  0|  14|           6|           1|
    |add_ln16_fu_293_p2                |         +|   0|  0|  14|           6|           1|
    |icmp_ln12_fu_263_p2               |      icmp|   0|  0|  14|           6|           7|
    |icmp_ln16_fu_287_p2               |      icmp|   0|  0|  14|           6|           7|
    |ap_block_state27_on_subcall_done  |        or|   0|  0|   2|           1|           1|
    |xor_ln18_fu_339_p2                |       xor|   0|  0|   2|           1|           2|
    +----------------------------------+----------+----+---+----+------------+------------+
    |Total                             |          |   0|  0|  60|          26|          19|
    +----------------------------------+----------+----+---+----+------------+------------+

    * Multiplexer: 
    +----------------------+-----+-----------+-----+-----------+
    |         Name         | LUT | Input Size| Bits| Total Bits|
    +----------------------+-----+-----------+-----+-----------+
    |ap_NS_fsm             |  189|         43|    1|         43|
    |grp_fu_210_p0         |   14|          3|   32|         96|
    |grp_fu_210_p1         |   14|          3|   32|         96|
    |grp_fu_214_p0         |   14|          3|   32|         96|
    |grp_fu_214_p1         |   14|          3|   32|         96|
    |grp_fu_220_p0         |   25|          5|   32|        160|
    |grp_fu_220_p1         |   25|          5|   32|        160|
    |grp_fu_238_p0         |   14|          3|   32|         96|
    |imag_sample_address0  |    9|          2|    5|         10|
    |imag_sample_ce0       |    9|          2|    1|          2|
    |imag_sample_we0       |    9|          2|    1|          2|
    |k_fu_70               |    9|          2|    6|         12|
    |n_reg_132             |    9|          2|    6|         12|
    |real_sample_address0  |    9|          2|    5|         10|
    |real_sample_ce0       |    9|          2|    1|          2|
    |real_sample_we0       |    9|          2|    1|          2|
    |sum_imag_reg_144      |    9|          2|   32|         64|
    |sum_real_reg_157      |    9|          2|   32|         64|
    |temp_imag_address0    |    9|          2|    5|         10|
    |temp_imag_ce0         |    9|          2|    1|          2|
    |temp_real_address0    |    9|          2|    5|         10|
    |temp_real_ce0         |    9|          2|    1|          2|
    +----------------------+-----+-----------+-----+-----------+
    |Total                 |  435|         96|  327|       1047|
    +----------------------+-----+-----------+-----+-----------+

    * Register: 
    +------------------------------------------------------+----+----+-----+-----------+
    |                         Name                         | FF | LUT| Bits| Const Bits|
    +------------------------------------------------------+----+----+-----+-----------+
    |add2_reg_481                                          |  32|   0|   32|          0|
    |add_ln12_reg_369                                      |   6|   0|    6|          0|
    |add_ln16_reg_393                                      |   6|   0|    6|          0|
    |add_reg_476                                           |  32|   0|   32|          0|
    |ap_CS_fsm                                             |  42|   0|   42|          0|
    |bit_sel_reg_435                                       |   1|   0|    1|          0|
    |grp_dft_Pipeline_VITIS_LOOP_24_1_fu_170_ap_start_reg  |   1|   0|    1|          0|
    |grp_sin_or_cos_float_s_fu_180_ap_start_reg            |   1|   0|    1|          0|
    |grp_sin_or_cos_float_s_fu_195_ap_start_reg            |   1|   0|    1|          0|
    |imag_sample_load_reg_424                              |  32|   0|   32|          0|
    |k_fu_70                                               |   6|   0|    6|          0|
    |mul1_reg_461                                          |  32|   0|   32|          0|
    |mul3_reg_466                                          |  32|   0|   32|          0|
    |mul4_reg_471                                          |  32|   0|   32|          0|
    |mul_reg_385                                           |  32|   0|   32|          0|
    |n_reg_132                                             |   6|   0|    6|          0|
    |real_sample_load_reg_413                              |  32|   0|   32|          0|
    |reg_241                                               |  32|   0|   32|          0|
    |reg_247                                               |  32|   0|   32|          0|
    |sum_imag_reg_144                                      |  32|   0|   32|          0|
    |sum_real_reg_157                                      |  32|   0|   32|          0|
    |tmp_reg_418                                           |  32|   0|   32|          0|
    |tmp_s_reg_429                                         |  32|   0|   32|          0|
    |trunc_ln18_reg_440                                    |  31|   0|   31|          0|
    |zext_ln12_reg_379                                     |   6|   0|   64|         58|
    +------------------------------------------------------+----+----+-----+-----------+
    |Total                                                 | 555|   0|  613|         58|
    +------------------------------------------------------+----+----+-----+-----------+



================================================================
== Interface
================================================================
* Summary: 
+----------------------+-----+-----+------------+--------------+--------------+
|       RTL Ports      | Dir | Bits|  Protocol  | Source Object|    C Type    |
+----------------------+-----+-----+------------+--------------+--------------+
|ap_clk                |   in|    1|  ap_ctrl_hs|           dft|  return value|
|ap_rst                |   in|    1|  ap_ctrl_hs|           dft|  return value|
|ap_start              |   in|    1|  ap_ctrl_hs|           dft|  return value|
|ap_done               |  out|    1|  ap_ctrl_hs|           dft|  return value|
|ap_idle               |  out|    1|  ap_ctrl_hs|           dft|  return value|
|ap_ready              |  out|    1|  ap_ctrl_hs|           dft|  return value|
|real_sample_address0  |  out|    5|   ap_memory|   real_sample|         array|
|real_sample_ce0       |  out|    1|   ap_memory|   real_sample|         array|
|real_sample_we0       |  out|    1|   ap_memory|   real_sample|         array|
|real_sample_d0        |  out|   32|   ap_memory|   real_sample|         array|
|real_sample_q0        |   in|   32|   ap_memory|   real_sample|         array|
|imag_sample_address0  |  out|    5|   ap_memory|   imag_sample|         array|
|imag_sample_ce0       |  out|    1|   ap_memory|   imag_sample|         array|
|imag_sample_we0       |  out|    1|   ap_memory|   imag_sample|         array|
|imag_sample_d0        |  out|   32|   ap_memory|   imag_sample|         array|
|imag_sample_q0        |   in|   32|   ap_memory|   imag_sample|         array|
+----------------------+-----+-----+------------+--------------+--------------+

