

================================================================
== Vitis HLS Report for 'fir'
================================================================
* Date:           Tue Oct 14 19:05:41 2025

* Version:        2024.2 (Build 5238294 on Nov  8 2024)
* Project:        fir.comp
* Solution:       hls (Vivado IP Flow Target)
* Product family: zynq
* Target device:  xc7z020-clg400-1


================================================================
== Performance Estimates
================================================================
+ Timing: 
    * Summary: 
    +--------+----------+----------+------------+
    |  Clock |  Target  | Estimated| Uncertainty|
    +--------+----------+----------+------------+
    |ap_clk  |  10.00 ns|  6.923 ns|     2.70 ns|
    +--------+----------+----------+------------+

+ Latency: 
    * Summary: 
    +---------+---------+-----------+-----------+-----+-----+---------+
    |  Latency (cycles) |   Latency (absolute)  |  Interval | Pipeline|
    |   min   |   max   |    min    |    max    | min | max |   Type  |
    +---------+---------+-----------+-----------+-----+-----+---------+
    |        8|        8|  80.000 ns|  80.000 ns|    1|    1|      yes|
    +---------+---------+-----------+-----------+-----+-----+---------+

    + Detail: 
        * Instance: 
        N/A

        * Loop: 
        N/A



================================================================
== Utilization Estimates
================================================================
* Summary: 
+-----------------+---------+-----+--------+-------+-----+
|       Name      | BRAM_18K| DSP |   FF   |  LUT  | URAM|
+-----------------+---------+-----+--------+-------+-----+
|DSP              |        -|    -|       -|      -|    -|
|Expression       |        -|    -|       0|   5380|    -|
|FIFO             |        -|    -|       -|      -|    -|
|Instance         |        -|   12|    1980|    600|    -|
|Memory           |        -|    -|       -|      -|    -|
|Multiplexer      |        -|    -|       -|      -|    -|
|Register         |        -|    -|    8713|    384|    -|
+-----------------+---------+-----+--------+-------+-----+
|Total            |        0|   12|   10693|   6364|    0|
+-----------------+---------+-----+--------+-------+-----+
|Available        |      280|  220|  106400|  53200|    0|
+-----------------+---------+-----+--------+-------+-----+
|Utilization (%)  |        0|    5|      10|     11|    0|
+-----------------+---------+-----+--------+-------+-----+

+ Detail: 
    * Instance: 
    +-----------------------+-------------------+---------+----+-----+----+-----+
    |        Instance       |       Module      | BRAM_18K| DSP|  FF | LUT| URAM|
    +-----------------------+-------------------+---------+----+-----+----+-----+
    |mul_32s_3s_32_2_1_U1   |mul_32s_3s_32_2_1  |        0|   0|  165|  50|    0|
    |mul_32s_3s_32_2_1_U2   |mul_32s_3s_32_2_1  |        0|   0|  165|  50|    0|
    |mul_32s_3s_32_2_1_U3   |mul_32s_3s_32_2_1  |        0|   0|  165|  50|    0|
    |mul_32s_3s_32_2_1_U4   |mul_32s_3s_32_2_1  |        0|   0|  165|  50|    0|
    |mul_32s_3s_32_2_1_U5   |mul_32s_3s_32_2_1  |        0|   0|  165|  50|    0|
    |mul_32s_3s_32_2_1_U10  |mul_32s_3s_32_2_1  |        0|   0|  165|  50|    0|
    |mul_32s_5s_32_2_1_U6   |mul_32s_5s_32_2_1  |        0|   2|  165|  50|    0|
    |mul_32s_5s_32_2_1_U7   |mul_32s_5s_32_2_1  |        0|   2|  165|  50|    0|
    |mul_32s_5s_32_2_1_U8   |mul_32s_5s_32_2_1  |        0|   2|  165|  50|    0|
    |mul_32s_5s_32_2_1_U9   |mul_32s_5s_32_2_1  |        0|   2|  165|  50|    0|
    |mul_32s_5s_32_2_1_U11  |mul_32s_5s_32_2_1  |        0|   2|  165|  50|    0|
    |mul_32s_5s_32_2_1_U12  |mul_32s_5s_32_2_1  |        0|   2|  165|  50|    0|
    +-----------------------+-------------------+---------+----+-----+----+-----+
    |Total                  |                   |        0|  12| 1980| 600|    0|
    +-----------------------+-------------------+---------+----+-----+----+-----+

    * DSP: 
    N/A

    * Memory: 
    N/A

    * FIFO: 
    N/A

    * Expression: 
    +-------------------------+----------+----+---+----+------------+------------+
    |      Variable Name      | Operation| DSP| FF| LUT| Bitwidth P0| Bitwidth P1|
    +-------------------------+----------+----+---+----+------------+------------+
    |acc_fu_2741_p2           |         +|   0|  0|  32|          32|          32|
    |add_ln46_100_fu_1199_p2  |         +|   0|  0|  39|          32|          32|
    |add_ln46_101_fu_1205_p2  |         +|   0|  0|  39|          32|          32|
    |add_ln46_102_fu_1832_p2  |         +|   0|  0|  32|          32|          32|
    |add_ln46_103_fu_1211_p2  |         +|   0|  0|  32|          32|          32|
    |add_ln46_104_fu_1217_p2  |         +|   0|  0|  39|          32|          32|
    |add_ln46_105_fu_1223_p2  |         +|   0|  0|  32|          32|          32|
    |add_ln46_106_fu_1836_p2  |         +|   0|  0|  32|          32|          32|
    |add_ln46_107_fu_1954_p2  |         +|   0|  0|  32|          32|          32|
    |add_ln46_108_fu_1229_p2  |         +|   0|  0|  39|          32|          32|
    |add_ln46_109_fu_1235_p2  |         +|   0|  0|  39|          32|          32|
    |add_ln46_10_fu_2301_p2   |         +|   0|  0|  39|          32|          32|
    |add_ln46_110_fu_1841_p2  |         +|   0|  0|  32|          32|          32|
    |add_ln46_111_fu_1241_p2  |         +|   0|  0|  32|          32|          32|
    |add_ln46_112_fu_1247_p2  |         +|   0|  0|  39|          32|          32|
    |add_ln46_113_fu_1253_p2  |         +|   0|  0|  32|          32|          32|
    |add_ln46_114_fu_1845_p2  |         +|   0|  0|  32|          32|          32|
    |add_ln46_115_fu_1259_p2  |         +|   0|  0|  39|          32|          32|
    |add_ln46_117_fu_2106_p2  |         +|   0|  0|  32|          32|          32|
    |add_ln46_118_fu_1855_p2  |         +|   0|  0|  32|          32|          32|
    |add_ln46_119_fu_1265_p2  |         +|   0|  0|  39|          32|          32|
    |add_ln46_11_fu_2307_p2   |         +|   0|  0|  32|          32|          32|
    |add_ln46_120_fu_1861_p2  |         +|   0|  0|  32|          32|          32|
    |add_ln46_121_fu_2110_p2  |         +|   0|  0|  32|          32|          32|
    |add_ln46_122_fu_2425_p2  |         +|   0|  0|  32|          32|          32|
    |add_ln46_123_fu_2429_p2  |         +|   0|  0|  32|          32|          32|
    |add_ln46_124_fu_2710_p2  |         +|   0|  0|  32|          32|          32|
    |add_ln46_125_fu_2671_p2  |         +|   0|  0|  32|          32|          32|
    |add_ln46_126_fu_2686_p2  |         +|   0|  0|  32|          32|          32|
    |add_ln46_127_fu_2635_p2  |         +|   0|  0|  32|          32|          32|
    |add_ln46_128_fu_2656_p2  |         +|   0|  0|  32|          32|          32|
    |add_ln46_12_fu_2580_p2   |         +|   0|  0|  32|          32|          32|
    |add_ln46_130_fu_2755_p2  |         +|   0|  0|  39|          32|          32|
    |add_ln46_13_fu_2725_p2   |         +|   0|  0|  39|          32|          32|
    |add_ln46_14_fu_2313_p2   |         +|   0|  0|  39|          32|          32|
    |add_ln46_15_fu_2319_p2   |         +|   0|  0|  39|          32|          32|
    |add_ln46_16_fu_2585_p2   |         +|   0|  0|  32|          32|          32|
    |add_ln46_17_fu_2325_p2   |         +|   0|  0|  32|          32|          32|
    |add_ln46_18_fu_2331_p2   |         +|   0|  0|  39|          32|          32|
    |add_ln46_19_fu_2337_p2   |         +|   0|  0|  32|          32|          32|
    |add_ln46_1_fu_2539_p2    |         +|   0|  0|  32|          32|          32|
    |add_ln46_20_fu_2589_p2   |         +|   0|  0|  32|          32|          32|
    |add_ln46_21_fu_2343_p2   |         +|   0|  0|  39|          32|          32|
    |add_ln46_22_fu_2373_p2   |         +|   0|  0|  32|          32|          32|
    |add_ln46_23_fu_2594_p2   |         +|   0|  0|  32|          32|          32|
    |add_ln46_25_fu_1674_p2   |         +|   0|  0|  39|          32|          32|
    |add_ln46_26_fu_2384_p2   |         +|   0|  0|  32|          32|          32|
    |add_ln46_27_fu_2598_p2   |         +|   0|  0|  32|          32|          32|
    |add_ln46_28_fu_2692_p2   |         +|   0|  0|  32|          32|          32|
    |add_ln46_29_fu_2731_p2   |         +|   0|  0|  32|          32|          32|
    |add_ln46_2_fu_2545_p2    |         +|   0|  0|  32|          32|          32|
    |add_ln46_30_fu_1680_p2   |         +|   0|  0|  39|          32|          32|
    |add_ln46_31_fu_1686_p2   |         +|   0|  0|  39|          32|          32|
    |add_ln46_32_fu_1916_p2   |         +|   0|  0|  32|          32|          32|
    |add_ln46_33_fu_1692_p2   |         +|   0|  0|  32|          32|          32|
    |add_ln46_34_fu_1698_p2   |         +|   0|  0|  39|          32|          32|
    |add_ln46_35_fu_1704_p2   |         +|   0|  0|  32|          32|          32|
    |add_ln46_36_fu_1920_p2   |         +|   0|  0|  32|          32|          32|
    |add_ln46_37_fu_1710_p2   |         +|   0|  0|  39|          32|          32|
    |add_ln46_39_fu_2389_p2   |         +|   0|  0|  32|          32|          32|
    |add_ln46_3_fu_2551_p2    |         +|   0|  0|  39|          32|          32|
    |add_ln46_40_fu_1930_p2   |         +|   0|  0|  32|          32|          32|
    |add_ln46_41_fu_1716_p2   |         +|   0|  0|  39|          32|          32|
    |add_ln46_42_fu_1936_p2   |         +|   0|  0|  32|          32|          32|
    |add_ln46_43_fu_2393_p2   |         +|   0|  0|  32|          32|          32|
    |add_ln46_44_fu_2697_p2   |         +|   0|  0|  32|          32|          32|
    |add_ln46_45_fu_1746_p2   |         +|   0|  0|  39|          32|          32|
    |add_ln46_46_fu_1752_p2   |         +|   0|  0|  39|          32|          32|
    |add_ln46_47_fu_1941_p2   |         +|   0|  0|  32|          32|          32|
    |add_ln46_48_fu_1758_p2   |         +|   0|  0|  32|          32|          32|
    |add_ln46_49_fu_1764_p2   |         +|   0|  0|  39|          32|          32|
    |add_ln46_4_fu_2557_p2    |         +|   0|  0|  32|          32|          32|
    |add_ln46_50_fu_1770_p2   |         +|   0|  0|  32|          32|          32|
    |add_ln46_51_fu_1945_p2   |         +|   0|  0|  32|          32|          32|
    |add_ln46_52_fu_1776_p2   |         +|   0|  0|  39|          32|          32|
    |add_ln46_53_fu_1782_p2   |         +|   0|  0|  32|          32|          32|
    |add_ln46_54_fu_2398_p2   |         +|   0|  0|  32|          32|          32|
    |add_ln46_56_fu_1019_p2   |         +|   0|  0|  39|          32|          32|
    |add_ln46_57_fu_2015_p2   |         +|   0|  0|  32|          32|          32|
    |add_ln46_58_fu_2402_p2   |         +|   0|  0|  32|          32|          32|
    |add_ln46_59_fu_2641_p2   |         +|   0|  0|  32|          32|          32|
    |add_ln46_5_fu_2667_p2    |         +|   0|  0|  32|          32|          32|
    |add_ln46_60_fu_2701_p2   |         +|   0|  0|  32|          32|          32|
    |add_ln46_61_fu_2736_p2   |         +|   0|  0|  32|          32|          32|
    |add_ln46_62_fu_1025_p2   |         +|   0|  0|  39|          32|          32|
    |add_ln46_63_fu_1031_p2   |         +|   0|  0|  39|          32|          32|
    |add_ln46_64_fu_1793_p2   |         +|   0|  0|  32|          32|          32|
    |add_ln46_65_fu_1037_p2   |         +|   0|  0|  32|          32|          32|
    |add_ln46_66_fu_1043_p2   |         +|   0|  0|  39|          32|          32|
    |add_ln46_67_fu_1049_p2   |         +|   0|  0|  32|          32|          32|
    |add_ln46_68_fu_1797_p2   |         +|   0|  0|  32|          32|          32|
    |add_ln46_69_fu_1055_p2   |         +|   0|  0|  39|          32|          32|
    |add_ln46_6_fu_2563_p2    |         +|   0|  0|  39|          32|          32|
    |add_ln46_71_fu_2047_p2   |         +|   0|  0|  32|          32|          32|
    |add_ln46_72_fu_1807_p2   |         +|   0|  0|  32|          32|          32|
    |add_ln46_73_fu_1061_p2   |         +|   0|  0|  39|          32|          32|
    |add_ln46_74_fu_1813_p2   |         +|   0|  0|  32|          32|          32|
    |add_ln46_75_fu_2407_p2   |         +|   0|  0|  32|          32|          32|
    |add_ln46_76_fu_2411_p2   |         +|   0|  0|  32|          32|          32|
    |add_ln46_77_fu_1091_p2   |         +|   0|  0|  39|          32|          32|
    |add_ln46_78_fu_1097_p2   |         +|   0|  0|  39|          32|          32|
    |add_ln46_79_fu_1818_p2   |         +|   0|  0|  32|          32|          32|
    |add_ln46_7_fu_2569_p2    |         +|   0|  0|  39|          32|          32|
    |add_ln46_80_fu_1103_p2   |         +|   0|  0|  32|          32|          32|
    |add_ln46_81_fu_1109_p2   |         +|   0|  0|  39|          32|          32|
    |add_ln46_82_fu_1115_p2   |         +|   0|  0|  32|          32|          32|
    |add_ln46_83_fu_1822_p2   |         +|   0|  0|  32|          32|          32|
    |add_ln46_84_fu_1121_p2   |         +|   0|  0|  39|          32|          32|
    |add_ln46_85_fu_1151_p2   |         +|   0|  0|  32|          32|          32|
    |add_ln46_86_fu_2416_p2   |         +|   0|  0|  32|          32|          32|
    |add_ln46_88_fu_1157_p2   |         +|   0|  0|  39|          32|          32|
    |add_ln46_89_fu_2057_p2   |         +|   0|  0|  32|          32|          32|
    |add_ln46_8_fu_2574_p2    |         +|   0|  0|  32|          32|          32|
    |add_ln46_90_fu_2420_p2   |         +|   0|  0|  32|          32|          32|
    |add_ln46_91_fu_2662_p2   |         +|   0|  0|  32|          32|          32|
    |add_ln46_92_fu_2706_p2   |         +|   0|  0|  32|          32|          32|
    |add_ln46_93_fu_1163_p2   |         +|   0|  0|  32|          32|          32|
    |add_ln46_94_fu_1169_p2   |         +|   0|  0|  39|          32|          32|
    |add_ln46_95_fu_1175_p2   |         +|   0|  0|  32|          32|          32|
    |add_ln46_96_fu_1181_p2   |         +|   0|  0|  32|          32|          32|
    |add_ln46_97_fu_1187_p2   |         +|   0|  0|  39|          32|          32|
    |add_ln46_98_fu_1193_p2   |         +|   0|  0|  32|          32|          32|
    |add_ln46_99_fu_1950_p2   |         +|   0|  0|  32|          32|          32|
    |add_ln46_9_fu_2295_p2    |         +|   0|  0|  32|          32|          32|
    |add_ln46_fu_2533_p2      |         +|   0|  0|  32|          32|          32|
    |y                        |         +|   0|  0|  32|          32|          32|
    |sub_ln46_10_fu_2619_p2   |         -|   0|  0|  32|          32|          32|
    |sub_ln46_11_fu_1984_p2   |         -|   0|  0|  39|          32|          32|
    |sub_ln46_12_fu_1734_p2   |         -|   0|  0|  32|          32|          32|
    |sub_ln46_13_fu_1740_p2   |         -|   0|  0|  32|          32|          32|
    |sub_ln46_14_fu_1999_p2   |         -|   0|  0|  32|          32|          32|
    |sub_ln46_15_fu_2005_p2   |         -|   0|  0|  32|          32|          32|
    |sub_ln46_16_fu_2010_p2   |         -|   0|  0|  32|          32|          32|
    |sub_ln46_17_fu_2025_p2   |         -|   0|  0|  32|           1|          32|
    |sub_ln46_18_fu_2036_p2   |         -|   0|  0|  32|          32|          32|
    |sub_ln46_19_fu_2042_p2   |         -|   0|  0|  32|          32|          32|
    |sub_ln46_1_fu_1624_p2    |         -|   0|  0|  39|          32|          32|
    |sub_ln46_20_fu_1079_p2   |         -|   0|  0|  32|          32|          32|
    |sub_ln46_21_fu_1085_p2   |         -|   0|  0|  32|          32|          32|
    |sub_ln46_22_fu_1139_p2   |         -|   0|  0|  32|          32|          32|
    |sub_ln46_23_fu_1145_p2   |         -|   0|  0|  32|          32|          32|
    |sub_ln46_24_fu_2052_p2   |         -|   0|  0|  32|          32|          32|
    |sub_ln46_25_fu_2067_p2   |         -|   0|  0|  32|           1|          32|
    |sub_ln46_26_fu_2078_p2   |         -|   0|  0|  32|          32|          32|
    |sub_ln46_27_fu_2089_p2   |         -|   0|  0|  32|           1|          32|
    |sub_ln46_28_fu_2100_p2   |         -|   0|  0|  32|          32|          32|
    |sub_ln46_29_fu_1959_p2   |         -|   0|  0|  39|          32|          32|
    |sub_ln46_2_fu_989_p2     |         -|   0|  0|  32|          32|          32|
    |sub_ln46_30_fu_1283_p2   |         -|   0|  0|  32|          32|          32|
    |sub_ln46_31_fu_1289_p2   |         -|   0|  0|  32|          32|          32|
    |sub_ln46_3_fu_1641_p2    |         -|   0|  0|  32|          32|          32|
    |sub_ln46_4_fu_1895_p2    |         -|   0|  0|  39|          32|          32|
    |sub_ln46_5_fu_1658_p2    |         -|   0|  0|  39|          32|          32|
    |sub_ln46_6_fu_2361_p2    |         -|   0|  0|  32|          32|          32|
    |sub_ln46_7_fu_2367_p2    |         -|   0|  0|  32|          32|          32|
    |sub_ln46_8_fu_2379_p2    |         -|   0|  0|  32|          32|          32|
    |sub_ln46_9_fu_2608_p2    |         -|   0|  0|  32|           1|          32|
    |sub_ln46_fu_2279_p2      |         -|   0|  0|  32|          32|          32|
    |ap_enable_pp0            |       xor|   0|  0|   2|           1|           2|
    +-------------------------+----------+----+---+----+------------+------------+
    |Total                    |          |   0|  0|5380|        4933|        5058|
    +-------------------------+----------+----+---+----+------------+------------+

    * Multiplexer: 
    N/A

    * Register: 
    +--------------------------------------------------------+----+----+-----+-----------+
    |                          Name                          | FF | LUT| Bits| Const Bits|
    +--------------------------------------------------------+----+----+-----+-----------+
    |add_ln46_100_reg_2902                                   |  32|   0|   32|          0|
    |add_ln46_101_reg_2907                                   |  32|   0|   32|          0|
    |add_ln46_105_reg_2912                                   |  32|   0|   32|          0|
    |add_ln46_106_reg_3063                                   |  32|   0|   32|          0|
    |add_ln46_107_reg_3133                                   |  32|   0|   32|          0|
    |add_ln46_108_reg_2917                                   |  32|   0|   32|          0|
    |add_ln46_109_reg_2922                                   |  32|   0|   32|          0|
    |add_ln46_113_reg_2927                                   |  32|   0|   32|          0|
    |add_ln46_114_reg_3068                                   |  32|   0|   32|          0|
    |add_ln46_114_reg_3068_pp0_iter2_reg                     |  32|   0|   32|          0|
    |add_ln46_115_reg_2932                                   |  32|   0|   32|          0|
    |add_ln46_11_reg_3215                                    |  32|   0|   32|          0|
    |add_ln46_120_reg_3074                                   |  32|   0|   32|          0|
    |add_ln46_120_reg_3074_pp0_iter2_reg                     |  32|   0|   32|          0|
    |add_ln46_121_reg_3204                                   |  32|   0|   32|          0|
    |add_ln46_123_reg_3270                                   |  32|   0|   32|          0|
    |add_ln46_123_reg_3270_pp0_iter5_reg                     |  32|   0|   32|          0|
    |add_ln46_124_reg_3332                                   |  32|   0|   32|          0|
    |add_ln46_124_reg_3332_pp0_iter7_reg                     |  32|   0|   32|          0|
    |add_ln46_125_reg_3316                                   |  32|   0|   32|          0|
    |add_ln46_12_reg_3285                                    |  32|   0|   32|          0|
    |add_ln46_14_reg_3220                                    |  32|   0|   32|          0|
    |add_ln46_15_reg_3225                                    |  32|   0|   32|          0|
    |add_ln46_19_reg_3230                                    |  32|   0|   32|          0|
    |add_ln46_1_reg_3275                                     |  32|   0|   32|          0|
    |add_ln46_20_reg_3290                                    |  32|   0|   32|          0|
    |add_ln46_22_reg_3240                                    |  32|   0|   32|          0|
    |add_ln46_25_reg_2989                                    |  32|   0|   32|          0|
    |add_ln46_26_reg_3245                                    |  32|   0|   32|          0|
    |add_ln46_27_reg_3296                                    |  32|   0|   32|          0|
    |add_ln46_28_reg_3322                                    |  32|   0|   32|          0|
    |add_ln46_30_reg_2994                                    |  32|   0|   32|          0|
    |add_ln46_31_reg_2999                                    |  32|   0|   32|          0|
    |add_ln46_35_reg_3004                                    |  32|   0|   32|          0|
    |add_ln46_36_reg_3101                                    |  32|   0|   32|          0|
    |add_ln46_37_reg_3009                                    |  32|   0|   32|          0|
    |add_ln46_42_reg_3107                                    |  32|   0|   32|          0|
    |add_ln46_42_reg_3107_pp0_iter3_reg                      |  32|   0|   32|          0|
    |add_ln46_43_reg_3250                                    |  32|   0|   32|          0|
    |add_ln46_43_reg_3250_pp0_iter5_reg                      |  32|   0|   32|          0|
    |add_ln46_45_reg_3019                                    |  32|   0|   32|          0|
    |add_ln46_46_reg_3024                                    |  32|   0|   32|          0|
    |add_ln46_4_reg_3280                                     |  32|   0|   32|          0|
    |add_ln46_50_reg_3029                                    |  32|   0|   32|          0|
    |add_ln46_51_reg_3112                                    |  32|   0|   32|          0|
    |add_ln46_52_reg_3034                                    |  32|   0|   32|          0|
    |add_ln46_52_reg_3034_pp0_iter2_reg                      |  32|   0|   32|          0|
    |add_ln46_53_reg_3041                                    |  32|   0|   32|          0|
    |add_ln46_56_reg_2832                                    |  32|   0|   32|          0|
    |add_ln46_57_reg_3174                                    |  32|   0|   32|          0|
    |add_ln46_58_reg_3255                                    |  32|   0|   32|          0|
    |add_ln46_59_reg_3306                                    |  32|   0|   32|          0|
    |add_ln46_60_reg_3327                                    |  32|   0|   32|          0|
    |add_ln46_61_reg_3337                                    |  32|   0|   32|          0|
    |add_ln46_62_reg_2837                                    |  32|   0|   32|          0|
    |add_ln46_63_reg_2842                                    |  32|   0|   32|          0|
    |add_ln46_67_reg_2847                                    |  32|   0|   32|          0|
    |add_ln46_68_reg_3046                                    |  32|   0|   32|          0|
    |add_ln46_68_reg_3046_pp0_iter2_reg                      |  32|   0|   32|          0|
    |add_ln46_69_reg_2852                                    |  32|   0|   32|          0|
    |add_ln46_71_reg_3184                                    |  32|   0|   32|          0|
    |add_ln46_74_reg_3052                                    |  32|   0|   32|          0|
    |add_ln46_76_reg_3260                                    |  32|   0|   32|          0|
    |add_ln46_76_reg_3260_pp0_iter5_reg                      |  32|   0|   32|          0|
    |add_ln46_77_reg_2862                                    |  32|   0|   32|          0|
    |add_ln46_78_reg_2867                                    |  32|   0|   32|          0|
    |add_ln46_82_reg_2872                                    |  32|   0|   32|          0|
    |add_ln46_83_reg_3057                                    |  32|   0|   32|          0|
    |add_ln46_85_reg_2882                                    |  32|   0|   32|          0|
    |add_ln46_88_reg_2887                                    |  32|   0|   32|          0|
    |add_ln46_89_reg_3189                                    |  32|   0|   32|          0|
    |add_ln46_90_reg_3265                                    |  32|   0|   32|          0|
    |add_ln46_91_reg_3311                                    |  32|   0|   32|          0|
    |add_ln46_95_reg_2892                                    |  32|   0|   32|          0|
    |add_ln46_95_reg_2892_pp0_iter1_reg                      |  32|   0|   32|          0|
    |add_ln46_98_reg_2897                                    |  32|   0|   32|          0|
    |add_ln46_98_reg_2897_pp0_iter1_reg                      |  32|   0|   32|          0|
    |ap_CS_fsm                                               |   1|   0|    1|          0|
    |ap_enable_reg_pp0_iter1                                 |   1|   0|    1|          0|
    |ap_enable_reg_pp0_iter2                                 |   1|   0|    1|          0|
    |ap_enable_reg_pp0_iter3                                 |   1|   0|    1|          0|
    |ap_enable_reg_pp0_iter4                                 |   1|   0|    1|          0|
    |ap_enable_reg_pp0_iter5                                 |   1|   0|    1|          0|
    |ap_enable_reg_pp0_iter6                                 |   1|   0|    1|          0|
    |ap_enable_reg_pp0_iter7                                 |   1|   0|    1|          0|
    |ap_enable_reg_pp0_iter8                                 |   1|   0|    1|          0|
    |fir_int_int_shift_reg                                   |  32|   0|   32|          0|
    |fir_int_int_shift_reg_1                                 |  32|   0|   32|          0|
    |fir_int_int_shift_reg_11_reg_2958                       |  32|   0|   32|          0|
    |fir_int_int_shift_reg_12_reg_2964                       |  32|   0|   32|          0|
    |fir_int_int_shift_reg_2                                 |  32|   0|   32|          0|
    |fir_int_int_shift_reg_26_reg_2780                       |  32|   0|   32|          0|
    |fir_int_int_shift_reg_28_reg_2790                       |  32|   0|   32|          0|
    |fir_int_int_shift_reg_2_load_reg_2827                   |  32|   0|   32|          0|
    |fir_int_int_shift_reg_3                                 |  32|   0|   32|          0|
    |fir_int_int_shift_reg_35_reg_2806                       |  32|   0|   32|          0|
    |fir_int_int_shift_reg_3_load_reg_2821                   |  32|   0|   32|          0|
    |fir_int_int_shift_reg_4                                 |  32|   0|   32|          0|
    |fir_int_int_shift_reg_5                                 |  32|   0|   32|          0|
    |fir_int_int_shift_reg_5_load_reg_2811                   |  32|   0|   32|          0|
    |fir_int_int_shift_reg_5_load_reg_2811_pp0_iter1_reg     |  32|   0|   32|          0|
    |fir_int_int_shift_reg_6                                 |  32|   0|   32|          0|
    |fir_int_int_shift_reg_7                                 |  32|   0|   32|          0|
    |fir_int_int_shift_reg_8                                 |  32|   0|   32|          0|
    |fir_int_int_shift_reg_9                                 |  32|   0|   32|          0|
    |fir_int_int_shift_reg_9_reg_2948                        |  32|   0|   32|          0|
    |fir_int_int_shift_reg_9_reg_2948_pp0_iter2_reg          |  32|   0|   32|          0|
    |mul_ln46_10_reg_3123                                    |  32|   0|   32|          0|
    |mul_ln46_11_reg_3128                                    |  32|   0|   32|          0|
    |mul_ln46_12_reg_3139                                    |  32|   0|   32|          0|
    |mul_ln46_1_reg_3091                                     |  32|   0|   32|          0|
    |mul_ln46_2_reg_2974                                     |  32|   0|   32|          0|
    |mul_ln46_3_reg_2979                                     |  32|   0|   32|          0|
    |mul_ln46_3_reg_2979_pp0_iter2_reg                       |  32|   0|   32|          0|
    |mul_ln46_4_reg_2984                                     |  32|   0|   32|          0|
    |mul_ln46_4_reg_2984_pp0_iter2_reg                       |  32|   0|   32|          0|
    |mul_ln46_5_reg_3149                                     |  32|   0|   32|          0|
    |mul_ln46_6_reg_3096                                     |  32|   0|   32|          0|
    |mul_ln46_7_reg_3154                                     |  32|   0|   32|          0|
    |mul_ln46_8_reg_3159                                     |  32|   0|   32|          0|
    |mul_ln46_9_reg_3118                                     |  32|   0|   32|          0|
    |p_ZZ3firPiiE9shift_reg_10                               |  32|   0|   32|          0|
    |p_ZZ3firPiiE9shift_reg_100                              |  32|   0|   32|          0|
    |p_ZZ3firPiiE9shift_reg_100_load_reg_3079                |  32|   0|   32|          0|
    |p_ZZ3firPiiE9shift_reg_100_load_reg_3079_pp0_iter3_reg  |  32|   0|   32|          0|
    |p_ZZ3firPiiE9shift_reg_101                              |  32|   0|   32|          0|
    |p_ZZ3firPiiE9shift_reg_102                              |  32|   0|   32|          0|
    |p_ZZ3firPiiE9shift_reg_103                              |  32|   0|   32|          0|
    |p_ZZ3firPiiE9shift_reg_104                              |  32|   0|   32|          0|
    |p_ZZ3firPiiE9shift_reg_105                              |  32|   0|   32|          0|
    |p_ZZ3firPiiE9shift_reg_106                              |  32|   0|   32|          0|
    |p_ZZ3firPiiE9shift_reg_107                              |  32|   0|   32|          0|
    |p_ZZ3firPiiE9shift_reg_108                              |  32|   0|   32|          0|
    |p_ZZ3firPiiE9shift_reg_109                              |  32|   0|   32|          0|
    |p_ZZ3firPiiE9shift_reg_11                               |  32|   0|   32|          0|
    |p_ZZ3firPiiE9shift_reg_110                              |  32|   0|   32|          0|
    |p_ZZ3firPiiE9shift_reg_111                              |  32|   0|   32|          0|
    |p_ZZ3firPiiE9shift_reg_112                              |  32|   0|   32|          0|
    |p_ZZ3firPiiE9shift_reg_113                              |  32|   0|   32|          0|
    |p_ZZ3firPiiE9shift_reg_114                              |  32|   0|   32|          0|
    |p_ZZ3firPiiE9shift_reg_115                              |  32|   0|   32|          0|
    |p_ZZ3firPiiE9shift_reg_116                              |  32|   0|   32|          0|
    |p_ZZ3firPiiE9shift_reg_116_load_reg_3209                |  32|   0|   32|          0|
    |p_ZZ3firPiiE9shift_reg_117                              |  32|   0|   32|          0|
    |p_ZZ3firPiiE9shift_reg_118                              |  32|   0|   32|          0|
    |p_ZZ3firPiiE9shift_reg_119                              |  32|   0|   32|          0|
    |p_ZZ3firPiiE9shift_reg_12                               |  32|   0|   32|          0|
    |p_ZZ3firPiiE9shift_reg_120                              |  32|   0|   32|          0|
    |p_ZZ3firPiiE9shift_reg_121                              |  32|   0|   32|          0|
    |p_ZZ3firPiiE9shift_reg_122                              |  32|   0|   32|          0|
    |p_ZZ3firPiiE9shift_reg_123                              |  32|   0|   32|          0|
    |p_ZZ3firPiiE9shift_reg_124                              |  32|   0|   32|          0|
    |p_ZZ3firPiiE9shift_reg_125                              |  32|   0|   32|          0|
    |p_ZZ3firPiiE9shift_reg_126                              |  32|   0|   32|          0|
    |p_ZZ3firPiiE9shift_reg_13                               |  32|   0|   32|          0|
    |p_ZZ3firPiiE9shift_reg_14                               |  32|   0|   32|          0|
    |p_ZZ3firPiiE9shift_reg_15                               |  32|   0|   32|          0|
    |p_ZZ3firPiiE9shift_reg_16                               |  32|   0|   32|          0|
    |p_ZZ3firPiiE9shift_reg_17                               |  32|   0|   32|          0|
    |p_ZZ3firPiiE9shift_reg_18                               |  32|   0|   32|          0|
    |p_ZZ3firPiiE9shift_reg_19                               |  32|   0|   32|          0|
    |p_ZZ3firPiiE9shift_reg_20                               |  32|   0|   32|          0|
    |p_ZZ3firPiiE9shift_reg_21                               |  32|   0|   32|          0|
    |p_ZZ3firPiiE9shift_reg_22                               |  32|   0|   32|          0|
    |p_ZZ3firPiiE9shift_reg_23                               |  32|   0|   32|          0|
    |p_ZZ3firPiiE9shift_reg_24                               |  32|   0|   32|          0|
    |p_ZZ3firPiiE9shift_reg_25                               |  32|   0|   32|          0|
    |p_ZZ3firPiiE9shift_reg_26                               |  32|   0|   32|          0|
    |p_ZZ3firPiiE9shift_reg_27                               |  32|   0|   32|          0|
    |p_ZZ3firPiiE9shift_reg_28                               |  32|   0|   32|          0|
    |p_ZZ3firPiiE9shift_reg_29                               |  32|   0|   32|          0|
    |p_ZZ3firPiiE9shift_reg_30                               |  32|   0|   32|          0|
    |p_ZZ3firPiiE9shift_reg_31                               |  32|   0|   32|          0|
    |p_ZZ3firPiiE9shift_reg_32                               |  32|   0|   32|          0|
    |p_ZZ3firPiiE9shift_reg_33                               |  32|   0|   32|          0|
    |p_ZZ3firPiiE9shift_reg_34                               |  32|   0|   32|          0|
    |p_ZZ3firPiiE9shift_reg_35                               |  32|   0|   32|          0|
    |p_ZZ3firPiiE9shift_reg_36                               |  32|   0|   32|          0|
    |p_ZZ3firPiiE9shift_reg_37                               |  32|   0|   32|          0|
    |p_ZZ3firPiiE9shift_reg_38                               |  32|   0|   32|          0|
    |p_ZZ3firPiiE9shift_reg_39                               |  32|   0|   32|          0|
    |p_ZZ3firPiiE9shift_reg_40                               |  32|   0|   32|          0|
    |p_ZZ3firPiiE9shift_reg_41                               |  32|   0|   32|          0|
    |p_ZZ3firPiiE9shift_reg_42                               |  32|   0|   32|          0|
    |p_ZZ3firPiiE9shift_reg_43                               |  32|   0|   32|          0|
    |p_ZZ3firPiiE9shift_reg_44                               |  32|   0|   32|          0|
    |p_ZZ3firPiiE9shift_reg_45                               |  32|   0|   32|          0|
    |p_ZZ3firPiiE9shift_reg_46                               |  32|   0|   32|          0|
    |p_ZZ3firPiiE9shift_reg_47                               |  32|   0|   32|          0|
    |p_ZZ3firPiiE9shift_reg_48                               |  32|   0|   32|          0|
    |p_ZZ3firPiiE9shift_reg_49                               |  32|   0|   32|          0|
    |p_ZZ3firPiiE9shift_reg_50                               |  32|   0|   32|          0|
    |p_ZZ3firPiiE9shift_reg_50_load_reg_2796                 |  32|   0|   32|          0|
    |p_ZZ3firPiiE9shift_reg_51                               |  32|   0|   32|          0|
    |p_ZZ3firPiiE9shift_reg_52                               |  32|   0|   32|          0|
    |p_ZZ3firPiiE9shift_reg_53                               |  32|   0|   32|          0|
    |p_ZZ3firPiiE9shift_reg_54                               |  32|   0|   32|          0|
    |p_ZZ3firPiiE9shift_reg_55                               |  32|   0|   32|          0|
    |p_ZZ3firPiiE9shift_reg_56                               |  32|   0|   32|          0|
    |p_ZZ3firPiiE9shift_reg_57                               |  32|   0|   32|          0|
    |p_ZZ3firPiiE9shift_reg_58                               |  32|   0|   32|          0|
    |p_ZZ3firPiiE9shift_reg_59                               |  32|   0|   32|          0|
    |p_ZZ3firPiiE9shift_reg_60                               |  32|   0|   32|          0|
    |p_ZZ3firPiiE9shift_reg_61                               |  32|   0|   32|          0|
    |p_ZZ3firPiiE9shift_reg_62                               |  32|   0|   32|          0|
    |p_ZZ3firPiiE9shift_reg_63                               |  32|   0|   32|          0|
    |p_ZZ3firPiiE9shift_reg_64                               |  32|   0|   32|          0|
    |p_ZZ3firPiiE9shift_reg_65                               |  32|   0|   32|          0|
    |p_ZZ3firPiiE9shift_reg_66                               |  32|   0|   32|          0|
    |p_ZZ3firPiiE9shift_reg_66_load_reg_2774                 |  32|   0|   32|          0|
    |p_ZZ3firPiiE9shift_reg_67                               |  32|   0|   32|          0|
    |p_ZZ3firPiiE9shift_reg_68                               |  32|   0|   32|          0|
    |p_ZZ3firPiiE9shift_reg_69                               |  32|   0|   32|          0|
    |p_ZZ3firPiiE9shift_reg_70                               |  32|   0|   32|          0|
    |p_ZZ3firPiiE9shift_reg_71                               |  32|   0|   32|          0|
    |p_ZZ3firPiiE9shift_reg_72                               |  32|   0|   32|          0|
    |p_ZZ3firPiiE9shift_reg_73                               |  32|   0|   32|          0|
    |p_ZZ3firPiiE9shift_reg_74                               |  32|   0|   32|          0|
    |p_ZZ3firPiiE9shift_reg_75                               |  32|   0|   32|          0|
    |p_ZZ3firPiiE9shift_reg_76                               |  32|   0|   32|          0|
    |p_ZZ3firPiiE9shift_reg_77                               |  32|   0|   32|          0|
    |p_ZZ3firPiiE9shift_reg_78                               |  32|   0|   32|          0|
    |p_ZZ3firPiiE9shift_reg_79                               |  32|   0|   32|          0|
    |p_ZZ3firPiiE9shift_reg_80                               |  32|   0|   32|          0|
    |p_ZZ3firPiiE9shift_reg_81                               |  32|   0|   32|          0|
    |p_ZZ3firPiiE9shift_reg_82                               |  32|   0|   32|          0|
    |p_ZZ3firPiiE9shift_reg_83                               |  32|   0|   32|          0|
    |p_ZZ3firPiiE9shift_reg_84                               |  32|   0|   32|          0|
    |p_ZZ3firPiiE9shift_reg_85                               |  32|   0|   32|          0|
    |p_ZZ3firPiiE9shift_reg_86                               |  32|   0|   32|          0|
    |p_ZZ3firPiiE9shift_reg_87                               |  32|   0|   32|          0|
    |p_ZZ3firPiiE9shift_reg_88                               |  32|   0|   32|          0|
    |p_ZZ3firPiiE9shift_reg_89                               |  32|   0|   32|          0|
    |p_ZZ3firPiiE9shift_reg_90                               |  32|   0|   32|          0|
    |p_ZZ3firPiiE9shift_reg_91                               |  32|   0|   32|          0|
    |p_ZZ3firPiiE9shift_reg_92                               |  32|   0|   32|          0|
    |p_ZZ3firPiiE9shift_reg_93                               |  32|   0|   32|          0|
    |p_ZZ3firPiiE9shift_reg_94                               |  32|   0|   32|          0|
    |p_ZZ3firPiiE9shift_reg_95                               |  32|   0|   32|          0|
    |p_ZZ3firPiiE9shift_reg_96                               |  32|   0|   32|          0|
    |p_ZZ3firPiiE9shift_reg_97                               |  32|   0|   32|          0|
    |p_ZZ3firPiiE9shift_reg_98                               |  32|   0|   32|          0|
    |p_ZZ3firPiiE9shift_reg_98_load_reg_2942                 |  32|   0|   32|          0|
    |p_ZZ3firPiiE9shift_reg_99                               |  32|   0|   32|          0|
    |sub_ln46_10_reg_3301                                    |  32|   0|   32|          0|
    |sub_ln46_11_reg_3164                                    |  32|   0|   32|          0|
    |sub_ln46_13_reg_3014                                    |  32|   0|   32|          0|
    |sub_ln46_15_reg_3169                                    |  32|   0|   32|          0|
    |sub_ln46_18_reg_3179                                    |  32|   0|   32|          0|
    |sub_ln46_21_reg_2857                                    |  32|   0|   32|          0|
    |sub_ln46_23_reg_2877                                    |  32|   0|   32|          0|
    |sub_ln46_26_reg_3194                                    |  32|   0|   32|          0|
    |sub_ln46_28_reg_3199                                    |  32|   0|   32|          0|
    |sub_ln46_29_reg_3144                                    |  32|   0|   32|          0|
    |sub_ln46_31_reg_2937                                    |  32|   0|   32|          0|
    |sub_ln46_7_reg_3235                                     |  32|   0|   32|          0|
    |x_read_reg_2768                                         |  32|   0|   32|          0|
    |add_ln46_36_reg_3101                                    |  64|  32|   32|          0|
    |add_ln46_51_reg_3112                                    |  64|  32|   32|          0|
    |add_ln46_53_reg_3041                                    |  64|  32|   32|          0|
    |add_ln46_74_reg_3052                                    |  64|  32|   32|          0|
    |add_ln46_83_reg_3057                                    |  64|  32|   32|          0|
    |add_ln46_85_reg_2882                                    |  64|  32|   32|          0|
    |fir_int_int_shift_reg_26_reg_2780                       |  64|  32|   32|          0|
    |fir_int_int_shift_reg_35_reg_2806                       |  64|  32|   32|          0|
    |p_ZZ3firPiiE9shift_reg_66_load_reg_2774                 |  64|  32|   32|          0|
    |p_ZZ3firPiiE9shift_reg_98_load_reg_2942                 |  64|  32|   32|          0|
    |sub_ln46_23_reg_2877                                    |  64|  32|   32|          0|
    |x_read_reg_2768                                         |  64|  32|   32|          0|
    +--------------------------------------------------------+----+----+-----+-----------+
    |Total                                                   |8713| 384| 8329|          0|
    +--------------------------------------------------------+----+----+-----+-----------+



================================================================
== Interface
================================================================
* Summary: 
+----------+-----+-----+------------+--------------+--------------+
| RTL Ports| Dir | Bits|  Protocol  | Source Object|    C Type    |
+----------+-----+-----+------------+--------------+--------------+
|ap_clk    |   in|    1|  ap_ctrl_hs|           fir|  return value|
|ap_rst    |   in|    1|  ap_ctrl_hs|           fir|  return value|
|ap_start  |   in|    1|  ap_ctrl_hs|           fir|  return value|
|ap_done   |  out|    1|  ap_ctrl_hs|           fir|  return value|
|ap_idle   |  out|    1|  ap_ctrl_hs|           fir|  return value|
|ap_ready  |  out|    1|  ap_ctrl_hs|           fir|  return value|
|y         |  out|   32|      ap_vld|             y|       pointer|
|y_ap_vld  |  out|    1|      ap_vld|             y|       pointer|
|x         |   in|   32|     ap_none|             x|        scalar|
+----------+-----+-----+------------+--------------+--------------+

