

================================================================
== Vitis HLS Report for 'cordiccart2pol'
================================================================
* Date:           Tue Oct 21 18:04:05 2025

* Version:        2024.2 (Build 5238294 on Nov  8 2024)
* Project:        cordiccart2pol.comp
* Solution:       hls (Vivado IP Flow Target)
* Product family: zynq
* Target device:  xc7z020-clg400-1


================================================================
== Performance Estimates
================================================================
+ Timing: 
    * Summary: 
    +--------+----------+----------+------------+
    |  Clock |  Target  | Estimated| Uncertainty|
    +--------+----------+----------+------------+
    |ap_clk  |  10.00 ns|  7.256 ns|     2.70 ns|
    +--------+----------+----------+------------+

+ Latency: 
    * Summary: 
    +---------+---------+----------+----------+-----+-----+---------+
    |  Latency (cycles) |  Latency (absolute) |  Interval | Pipeline|
    |   min   |   max   |    min   |    max   | min | max |   Type  |
    +---------+---------+----------+----------+-----+-----+---------+
    |      151|      151|  1.510 us|  1.510 us|  152|  152|       no|
    +---------+---------+----------+----------+-----+-----+---------+

    + Detail: 
        * Instance: 
        +---------------------------------------------------+-----------------------------------------+---------+---------+----------+----------+-----+-----+------------------------------------------------+
        |                                                   |                                         |  Latency (cycles) |  Latency (absolute) |  Interval |                    Pipeline                    |
        |                      Instance                     |                  Module                 |   min   |   max   |    min   |    max   | min | max |                      Type                      |
        +---------------------------------------------------+-----------------------------------------+---------+---------+----------+----------+-----+-----+------------------------------------------------+
        |grp_cordiccart2pol_Pipeline_VITIS_LOOP_33_1_fu_96  |cordiccart2pol_Pipeline_VITIS_LOOP_33_1  |      134|      134|  1.340 us|  1.340 us|  130|  130|  loop auto-rewind stp (delay=0 clock cycles(s))|
        +---------------------------------------------------+-----------------------------------------+---------+---------+----------+----------+-----+-----+------------------------------------------------+

        * Loop: 
        N/A



================================================================
== Utilization Estimates
================================================================
* Summary: 
+-----------------+---------+-----+--------+-------+-----+
|       Name      | BRAM_18K| DSP |   FF   |  LUT  | URAM|
+-----------------+---------+-----+--------+-------+-----+
|DSP              |        -|    -|       -|      -|    -|
|Expression       |        -|    -|       0|    229|    -|
|FIFO             |        -|    -|       -|      -|    -|
|Instance         |        0|   21|    1545|   2397|    -|
|Memory           |        -|    -|       -|      -|    -|
|Multiplexer      |        -|    -|       0|    150|    -|
|Register         |        -|    -|     291|      -|    -|
+-----------------+---------+-----+--------+-------+-----+
|Total            |        0|   21|    1836|   2776|    0|
+-----------------+---------+-----+--------+-------+-----+
|Available        |      280|  220|  106400|  53200|    0|
+-----------------+---------+-----+--------+-------+-----+
|Utilization (%)  |        0|    9|       1|      5|    0|
+-----------------+---------+-----+--------+-------+-----+

+ Detail: 
    * Instance: 
    +---------------------------------------------------+-----------------------------------------+---------+----+------+------+-----+
    |                      Instance                     |                  Module                 | BRAM_18K| DSP|  FF  |  LUT | URAM|
    +---------------------------------------------------+-----------------------------------------+---------+----+------+------+-----+
    |grp_cordiccart2pol_Pipeline_VITIS_LOOP_33_1_fu_96  |cordiccart2pol_Pipeline_VITIS_LOOP_33_1  |        0|  10|  1203|  1811|    0|
    |dmul_64ns_64ns_64_7_max_dsp_1_U19                  |dmul_64ns_64ns_64_7_max_dsp_1            |        0|  11|   342|   586|    0|
    |fcmp_32ns_32ns_1_2_no_dsp_1_U18                    |fcmp_32ns_32ns_1_2_no_dsp_1              |        0|   0|     0|     0|    0|
    |fpext_32ns_64_2_no_dsp_1_U17                       |fpext_32ns_64_2_no_dsp_1                 |        0|   0|     0|     0|    0|
    |fptrunc_64ns_32_2_no_dsp_1_U16                     |fptrunc_64ns_32_2_no_dsp_1               |        0|   0|     0|     0|    0|
    +---------------------------------------------------+-----------------------------------------+---------+----+------+------+-----+
    |Total                                              |                                         |        0|  21|  1545|  2397|    0|
    +---------------------------------------------------+-----------------------------------------+---------+----+------+------+-----+

    * DSP: 
    N/A

    * Memory: 
    N/A

    * FIFO: 
    N/A

    * Expression: 
    +--------------------------+----------+----+---+----+------------+------------+
    |       Variable Name      | Operation| DSP| FF| LUT| Bitwidth P0| Bitwidth P1|
    +--------------------------+----------+----+---+----+------------+------------+
    |and_ln18_fu_162_p2        |       and|   0|  0|   2|           1|           1|
    |and_ln21_fu_269_p2        |       and|   0|  0|   2|           1|           1|
    |icmp_ln18_1_fu_150_p2     |      icmp|   0|  0|  30|          23|           1|
    |icmp_ln18_fu_144_p2       |      icmp|   0|  0|  15|           8|           2|
    |icmp_ln21_1_fu_257_p2     |      icmp|   0|  0|  30|          23|           1|
    |icmp_ln21_fu_251_p2       |      icmp|   0|  0|  15|           8|           2|
    |or_ln18_fu_156_p2         |        or|   0|  0|   2|           1|           1|
    |or_ln21_fu_263_p2         |        or|   0|  0|   2|           1|           1|
    |new_theta_1_ph_fu_289_p3  |    select|   0|  0|  32|           1|          32|
    |new_theta_fu_274_p3       |    select|   0|  0|  31|           1|          31|
    |new_x_1_fu_197_p3         |    select|   0|  0|  32|           1|          32|
    |new_y_1_fu_282_p3         |    select|   0|  0|  32|           1|          32|
    |xor_ln19_fu_175_p2        |       xor|   0|  0|   2|           1|           2|
    |xor_ln20_fu_215_p2        |       xor|   0|  0|   2|           1|           2|
    +--------------------------+----------+----+---+----+------------+------------+
    |Total                     |          |   0|  0| 229|          72|         141|
    +--------------------------+----------+----+---+----+------------+------------+

    * Multiplexer: 
    +-------------------+----+-----------+-----+-----------+
    |        Name       | LUT| Input Size| Bits| Total Bits|
    +-------------------+----+-----------+-----+-----------+
    |ap_NS_fsm          |  93|         19|    1|         19|
    |grp_fu_115_ce      |   9|          2|    1|          2|
    |grp_fu_115_opcode  |  14|          3|    5|         15|
    |grp_fu_115_p0      |  20|          4|   32|        128|
    |grp_fu_115_p1      |  14|          3|   32|         96|
    +-------------------+----+-----------+-----+-----------+
    |Total              | 150|         31|   71|        260|
    +-------------------+----+-----------+-----+-----------+

    * Register: 
    +----------------------------------------------------------------+----+----+-----+-----------+
    |                              Name                              | FF | LUT| Bits| Const Bits|
    +----------------------------------------------------------------+----+----+-----+-----------+
    |and_ln18_reg_338                                                |   1|   0|    1|          0|
    |ap_CS_fsm                                                       |  18|   0|   18|          0|
    |conv1_reg_374                                                   |  64|   0|   64|          0|
    |grp_cordiccart2pol_Pipeline_VITIS_LOOP_33_1_fu_96_ap_start_reg  |   1|   0|    1|          0|
    |mul_reg_379                                                     |  64|   0|   64|          0|
    |new_theta_1_ph_reg_366                                          |  13|   0|   32|         19|
    |new_x_1_reg_344                                                 |  32|   0|   32|          0|
    |new_y_1_reg_361                                                 |  32|   0|   32|          0|
    |tmp_1_reg_333                                                   |   1|   0|    1|          0|
    |tmp_3_reg_356                                                   |   1|   0|    1|          0|
    |x_read_reg_314                                                  |  32|   0|   32|          0|
    |y_read_reg_349                                                  |  32|   0|   32|          0|
    +----------------------------------------------------------------+----+----+-----+-----------+
    |Total                                                           | 291|   0|  310|         19|
    +----------------------------------------------------------------+----+----+-----+-----------+



================================================================
== Interface
================================================================
* Summary: 
+--------------+-----+-----+------------+----------------+--------------+
|   RTL Ports  | Dir | Bits|  Protocol  |  Source Object |    C Type    |
+--------------+-----+-----+------------+----------------+--------------+
|ap_clk        |   in|    1|  ap_ctrl_hs|  cordiccart2pol|  return value|
|ap_rst        |   in|    1|  ap_ctrl_hs|  cordiccart2pol|  return value|
|ap_start      |   in|    1|  ap_ctrl_hs|  cordiccart2pol|  return value|
|ap_done       |  out|    1|  ap_ctrl_hs|  cordiccart2pol|  return value|
|ap_idle       |  out|    1|  ap_ctrl_hs|  cordiccart2pol|  return value|
|ap_ready      |  out|    1|  ap_ctrl_hs|  cordiccart2pol|  return value|
|x             |   in|   32|     ap_none|               x|        scalar|
|y             |   in|   32|     ap_none|               y|        scalar|
|r             |  out|   32|      ap_vld|               r|       pointer|
|r_ap_vld      |  out|    1|      ap_vld|               r|       pointer|
|theta         |  out|   32|      ap_vld|           theta|       pointer|
|theta_ap_vld  |  out|    1|      ap_vld|           theta|       pointer|
+--------------+-----+-----+------------+----------------+--------------+

