
*** Running vivado
    with args -log base_intc_2.vds -m64 -product Vivado -mode batch -messageDb vivado.pb -notrace -source base_intc_2.tcl



****** Vivado v2024.1 (64-bit)
  **** SW Build 5076996 on Wed May 22 18:37:14 MDT 2024
  **** IP Build 5075265 on Wed May 22 21:45:21 MDT 2024
  **** SharedData Build 5076995 on Wed May 22 18:29:18 MDT 2024
  **** Start of session at: Fri Nov 21 09:30:42 2025
    ** Copyright 1986-2022 Xilinx, Inc. All Rights Reserved.
    ** Copyright 2022-2024 Advanced Micro Devices, Inc. All Rights Reserved.

source base_intc_2.tcl -notrace
create_project: Time (s): cpu = 00:00:11 ; elapsed = 00:00:12 . Memory (MB): peak = 531.078 ; gain = 201.977
INFO: [IP_Flow 19-234] Refreshing IP repositories
INFO: [IP_Flow 19-1700] Loaded user IP repository 'c:/Users/james/PYNQ/boards/ip'.
INFO: [IP_Flow 19-2313] Loaded Vivado IP repository 'C:/Xilinx/Vivado/2024.1/data/ip'.
INFO: [IP_Flow 19-6924] IPCACHE: Running cache check for IP inst: base_intc_2
INFO: [IP_Flow 19-6922] IPCACHE: Exporting cached entry 8ca66602a09b9ee8 to dir: C:/Users/james/PYNQ/boards/Pynq-Z2/base/base/base.runs/base_intc_2_synth_1
INFO: [IP_Flow 19-6928] IPCACHE: copied cached file c:/Users/james/PYNQ/boards/Pynq-Z2/base/base/base.cache/ip/2024.1/8/c/8ca66602a09b9ee8/base_intc_1.dcp to C:/Users/james/PYNQ/boards/Pynq-Z2/base/base/base.runs/base_intc_2_synth_1/base_intc_2.dcp.
INFO: [IP_Flow 19-6928] IPCACHE: copied cached file c:/Users/james/PYNQ/boards/Pynq-Z2/base/base/base.cache/ip/2024.1/8/c/8ca66602a09b9ee8/base_intc_1_sim_netlist.v to C:/Users/james/PYNQ/boards/Pynq-Z2/base/base/base.runs/base_intc_2_synth_1/base_intc_2_sim_netlist.v.
INFO: [IP_Flow 19-6928] IPCACHE: copied cached file c:/Users/james/PYNQ/boards/Pynq-Z2/base/base/base.cache/ip/2024.1/8/c/8ca66602a09b9ee8/base_intc_1_sim_netlist.vhdl to C:/Users/james/PYNQ/boards/Pynq-Z2/base/base/base.runs/base_intc_2_synth_1/base_intc_2_sim_netlist.vhdl.
INFO: [IP_Flow 19-6928] IPCACHE: copied cached file c:/Users/james/PYNQ/boards/Pynq-Z2/base/base/base.cache/ip/2024.1/8/c/8ca66602a09b9ee8/base_intc_1_stub.v to C:/Users/james/PYNQ/boards/Pynq-Z2/base/base/base.runs/base_intc_2_synth_1/base_intc_2_stub.v.
INFO: [IP_Flow 19-6928] IPCACHE: copied cached file c:/Users/james/PYNQ/boards/Pynq-Z2/base/base/base.cache/ip/2024.1/8/c/8ca66602a09b9ee8/base_intc_1_stub.vhdl to C:/Users/james/PYNQ/boards/Pynq-Z2/base/base/base.runs/base_intc_2_synth_1/base_intc_2_stub.vhdl.
INFO: [IP_Flow 19-4838] Using cached IP synthesis design for IP base_intc_2, cache-ID = 8ca66602a09b9ee8.
INFO: [Common 17-206] Exiting Vivado at Fri Nov 21 09:31:00 2025...
