  **** HLS Build v2024.2 5238294
Sourcing Tcl script '/home/linux/ieng6/students/401/bmscott/fa25-cse237c-projects/fir/Q5/fir.tcl'
INFO: [HLS 200-1510] Running: open_component fir.comp -reset 
INFO: [HLS 200-10] Creating and opening project '/home/linux/ieng6/students/401/bmscott/fa25-cse237c-projects/fir/Q5/fir.comp'.
INFO: [HLS 200-10] Creating and opening solution '/home/linux/ieng6/students/401/bmscott/fa25-cse237c-projects/fir/Q5/fir.comp/hls'.
INFO: [HLS 200-10] Cleaning up the solution database.
INFO: [HLS 200-1505] Using default flow_target 'vivado'
Resolution: For help on HLS 200-1505 see docs.xilinx.com/access/sources/dita/topic?Doc_Version=2024.2%20English&url=ug1448-hls-guidance&resourceid=200-1505.html
INFO: [HLS 200-1510] Running: add_files fir.cpp 
INFO: [HLS 200-10] Adding design file 'fir.cpp' to the project
INFO: [HLS 200-1510] Running: add_files -tb fir_test.cpp 
INFO: [HLS 200-10] Adding test bench file 'fir_test.cpp' to the project
INFO: [HLS 200-1510] Running: set_top fir 
Running: set_top fir
INFO: [HLS 200-1510] Running: set_part xc7z020-clg400-1 
INFO: [HLS 200-1611] Setting target device to 'xc7z020-clg400-1'
Running: set_part xc7z020-clg400-1
INFO: [HLS 200-1510] Running: create_clock -period 10 
INFO: [SYN 201-201] Setting up clock 'default' with a period of 10ns.
INFO: [HLS 200-1510] Running: csynth_design 
INFO: [HLS 200-111] Finished File checks and directory preparation: CPU user time: 0.13 seconds. CPU system time: 0.05 seconds. Elapsed time: 2.72 seconds; current allocated memory: 659.250 MB.
INFO: [HLS 200-10] Analyzing design file 'fir.cpp' ... 
INFO: [HLS 200-111] Finished Source Code Analysis and Preprocessing: CPU user time: 4.15 seconds. CPU system time: 1 seconds. Elapsed time: 5.29 seconds; current allocated memory: 660.555 MB.
INFO: [HLS 200-777] Using interface defaults for 'Vivado' flow target.
INFO: [HLS 200-1995] There were 42 instructions in the design after the 'Compile/Link' phase of compilation. See the Design Size Report for more details: /home/linux/ieng6/students/401/bmscott/fa25-cse237c-projects/fir/Q5/fir.comp/hls/syn/report/csynth_design_size.rpt
INFO: [HLS 200-1995] There were 988 instructions in the design after the 'Unroll/Inline (step 1)' phase of compilation. See the Design Size Report for more details: /home/linux/ieng6/students/401/bmscott/fa25-cse237c-projects/fir/Q5/fir.comp/hls/syn/report/csynth_design_size.rpt
INFO: [HLS 200-1995] There were 905 instructions in the design after the 'Unroll/Inline (step 2)' phase of compilation. See the Design Size Report for more details: /home/linux/ieng6/students/401/bmscott/fa25-cse237c-projects/fir/Q5/fir.comp/hls/syn/report/csynth_design_size.rpt
INFO: [HLS 200-1995] There were 825 instructions in the design after the 'Unroll/Inline (step 3)' phase of compilation. See the Design Size Report for more details: /home/linux/ieng6/students/401/bmscott/fa25-cse237c-projects/fir/Q5/fir.comp/hls/syn/report/csynth_design_size.rpt
INFO: [HLS 200-1995] There were 825 instructions in the design after the 'Unroll/Inline (step 4)' phase of compilation. See the Design Size Report for more details: /home/linux/ieng6/students/401/bmscott/fa25-cse237c-projects/fir/Q5/fir.comp/hls/syn/report/csynth_design_size.rpt
INFO: [HLS 200-1995] There were 825 instructions in the design after the 'Array/Struct (step 1)' phase of compilation. See the Design Size Report for more details: /home/linux/ieng6/students/401/bmscott/fa25-cse237c-projects/fir/Q5/fir.comp/hls/syn/report/csynth_design_size.rpt
INFO: [HLS 200-1995] There were 825 instructions in the design after the 'Array/Struct (step 2)' phase of compilation. See the Design Size Report for more details: /home/linux/ieng6/students/401/bmscott/fa25-cse237c-projects/fir/Q5/fir.comp/hls/syn/report/csynth_design_size.rpt
INFO: [HLS 200-1995] There were 825 instructions in the design after the 'Array/Struct (step 3)' phase of compilation. See the Design Size Report for more details: /home/linux/ieng6/students/401/bmscott/fa25-cse237c-projects/fir/Q5/fir.comp/hls/syn/report/csynth_design_size.rpt
INFO: [HLS 200-1995] There were 825 instructions in the design after the 'Array/Struct (step 4)' phase of compilation. See the Design Size Report for more details: /home/linux/ieng6/students/401/bmscott/fa25-cse237c-projects/fir/Q5/fir.comp/hls/syn/report/csynth_design_size.rpt
INFO: [HLS 200-1995] There were 825 instructions in the design after the 'Array/Struct (step 5)' phase of compilation. See the Design Size Report for more details: /home/linux/ieng6/students/401/bmscott/fa25-cse237c-projects/fir/Q5/fir.comp/hls/syn/report/csynth_design_size.rpt
INFO: [HLS 200-1995] There were 825 instructions in the design after the 'Performance (step 1)' phase of compilation. See the Design Size Report for more details: /home/linux/ieng6/students/401/bmscott/fa25-cse237c-projects/fir/Q5/fir.comp/hls/syn/report/csynth_design_size.rpt
INFO: [HLS 200-1995] There were 825 instructions in the design after the 'Performance (step 2)' phase of compilation. See the Design Size Report for more details: /home/linux/ieng6/students/401/bmscott/fa25-cse237c-projects/fir/Q5/fir.comp/hls/syn/report/csynth_design_size.rpt
INFO: [HLS 200-1995] There were 12,727 instructions in the design after the 'Performance (step 3)' phase of compilation. See the Design Size Report for more details: /home/linux/ieng6/students/401/bmscott/fa25-cse237c-projects/fir/Q5/fir.comp/hls/syn/report/csynth_design_size.rpt
INFO: [HLS 200-1995] There were 715 instructions in the design after the 'Performance (step 4)' phase of compilation. See the Design Size Report for more details: /home/linux/ieng6/students/401/bmscott/fa25-cse237c-projects/fir/Q5/fir.comp/hls/syn/report/csynth_design_size.rpt
INFO: [HLS 200-1995] There were 719 instructions in the design after the 'HW Transforms (step 1)' phase of compilation. See the Design Size Report for more details: /home/linux/ieng6/students/401/bmscott/fa25-cse237c-projects/fir/Q5/fir.comp/hls/syn/report/csynth_design_size.rpt
INFO: [HLS 200-1995] There were 596 instructions in the design after the 'HW Transforms (step 2)' phase of compilation. See the Design Size Report for more details: /home/linux/ieng6/students/401/bmscott/fa25-cse237c-projects/fir/Q5/fir.comp/hls/syn/report/csynth_design_size.rpt
INFO: [HLS 214-188] Unrolling loop 'MAC' (fir.cpp:41:2) in function 'fir' partially with a factor of 80 (fir.cpp:20:0)
INFO: [HLS 214-186] Unrolling loop 'TDL' (fir.cpp:31:2) in function 'fir' completely with a factor of 127 (fir.cpp:20:0)
INFO: [HLS 214-270] Inferring pragma 'array_partition type=complete dim=1' for array 'fir(int*, int)::c' due to pipeline pragma (fir.cpp:43:9)
INFO: [HLS 214-270] Inferring pragma 'array_partition type=complete dim=1' for array 'fir(int*, int)::shift_reg' due to pipeline pragma (fir.cpp:43:9)
INFO: [HLS 214-248] Applying array_partition to '_ZZ3firPiiE9shift_reg': Complete partitioning on dimension 1. (fir.cpp:25:0)
INFO: [HLS 214-248] Applying array_partition to '_ZZ3firPiiE1c': Complete partitioning on dimension 1.
INFO: [HLS 200-111] Finished Compiling Optimization and Transform: CPU user time: 5.28 seconds. CPU system time: 0.76 seconds. Elapsed time: 9.27 seconds; current allocated memory: 670.227 MB.
INFO: [HLS 200-111] Finished Checking Pragmas: CPU user time: 0 seconds. CPU system time: 0 seconds. Elapsed time: 0 seconds; current allocated memory: 670.227 MB.
INFO: [HLS 200-10] Starting code transformations ...
INFO: [HLS 200-111] Finished Standard Transforms: CPU user time: 0.14 seconds. CPU system time: 0 seconds. Elapsed time: 0.17 seconds; current allocated memory: 672.383 MB.
INFO: [HLS 200-10] Checking synthesizability ...
INFO: [HLS 200-111] Finished Checking Synthesizability: CPU user time: 0.1 seconds. CPU system time: 0 seconds. Elapsed time: 0.11 seconds; current allocated memory: 672.816 MB.
WARNING: [XFORM 203-561] Updating loop upper bound from 2 to 1 for loop 'MAC' (fir.cpp:26:9) in function 'fir'.
WARNING: [XFORM 203-561] Updating loop lower bound from 2 to 1 for loop 'MAC' (fir.cpp:26:9) in function 'fir'.
INFO: [XFORM 203-11] Balancing expressions in function 'fir' (fir.cpp:17)...127 expression(s) balanced.
INFO: [HLS 200-111] Finished Loop, function and other optimizations: CPU user time: 0.45 seconds. CPU system time: 0.01 seconds. Elapsed time: 0.48 seconds; current allocated memory: 697.051 MB.
INFO: [HLS 200-111] Finished Architecture Synthesis: CPU user time: 0.15 seconds. CPU system time: 0 seconds. Elapsed time: 0.16 seconds; current allocated memory: 697.051 MB.
INFO: [HLS 200-10] Starting hardware synthesis ...
INFO: [HLS 200-10] Synthesizing 'fir' ...
INFO: [HLS 200-10] ----------------------------------------------------------------
INFO: [HLS 200-42] -- Implementing module 'fir' 
INFO: [HLS 200-10] ----------------------------------------------------------------
INFO: [SCHED 204-11] Starting scheduling ...
INFO: [SCHED 204-61] Pipelining function 'fir'.
INFO: [HLS 200-1470] Pipelining result : Target II = 1, Final II = 1, Depth = 12, function 'fir'
INFO: [SCHED 204-11] Finished scheduling.
INFO: [HLS 200-111] Finished Scheduling: CPU user time: 0.41 seconds. CPU system time: 0.07 seconds. Elapsed time: 0.51 seconds; current allocated memory: 697.051 MB.
INFO: [BIND 205-100] Starting micro-architecture generation ...
INFO: [BIND 205-101] Performing variable lifetime analysis.
INFO: [BIND 205-101] Exploring resource sharing.
INFO: [BIND 205-101] Binding ...
INFO: [BIND 205-100] Finished micro-architecture generation.
INFO: [HLS 200-111] Finished Binding: CPU user time: 0.11 seconds. CPU system time: 0 seconds. Elapsed time: 0.14 seconds; current allocated memory: 697.051 MB.
INFO: [HLS 200-10] ----------------------------------------------------------------
INFO: [HLS 200-10] -- Generating RTL for module 'fir' 
INFO: [HLS 200-10] ----------------------------------------------------------------
INFO: [RTGEN 206-500] Setting interface mode on port 'fir/y' to 'ap_vld'.
INFO: [RTGEN 206-500] Setting interface mode on port 'fir/x' to 'ap_none'.
INFO: [RTGEN 206-500] Setting interface mode on function 'fir' to 'ap_ctrl_hs'.
WARNING: [RTGEN 206-101] Register 'p_ZZ3firPiiE9shift_reg_126' is power-on initialization.
WARNING: [RTGEN 206-101] Register 'p_ZZ3firPiiE9shift_reg_125' is power-on initialization.
WARNING: [RTGEN 206-101] Register 'p_ZZ3firPiiE9shift_reg_124' is power-on initialization.
WARNING: [RTGEN 206-101] Register 'p_ZZ3firPiiE9shift_reg_123' is power-on initialization.
WARNING: [RTGEN 206-101] Register 'p_ZZ3firPiiE9shift_reg_122' is power-on initialization.
WARNING: [RTGEN 206-101] Register 'p_ZZ3firPiiE9shift_reg_121' is power-on initialization.
WARNING: [RTGEN 206-101] Register 'p_ZZ3firPiiE9shift_reg_120' is power-on initialization.
WARNING: [RTGEN 206-101] Register 'p_ZZ3firPiiE9shift_reg_119' is power-on initialization.
WARNING: [RTGEN 206-101] Register 'p_ZZ3firPiiE9shift_reg_118' is power-on initialization.
WARNING: [RTGEN 206-101] Register 'p_ZZ3firPiiE9shift_reg_117' is power-on initialization.
WARNING: [RTGEN 206-101] Register 'p_ZZ3firPiiE9shift_reg_116' is power-on initialization.
WARNING: [RTGEN 206-101] Register 'p_ZZ3firPiiE9shift_reg_115' is power-on initialization.
WARNING: [RTGEN 206-101] Register 'p_ZZ3firPiiE9shift_reg_114' is power-on initialization.
WARNING: [RTGEN 206-101] Register 'p_ZZ3firPiiE9shift_reg_113' is power-on initialization.
WARNING: [RTGEN 206-101] Register 'p_ZZ3firPiiE9shift_reg_112' is power-on initialization.
WARNING: [RTGEN 206-101] Register 'p_ZZ3firPiiE9shift_reg_111' is power-on initialization.
WARNING: [RTGEN 206-101] Register 'p_ZZ3firPiiE9shift_reg_110' is power-on initialization.
WARNING: [RTGEN 206-101] Register 'p_ZZ3firPiiE9shift_reg_109' is power-on initialization.
WARNING: [RTGEN 206-101] Register 'p_ZZ3firPiiE9shift_reg_108' is power-on initialization.
WARNING: [RTGEN 206-101] Register 'p_ZZ3firPiiE9shift_reg_107' is power-on initialization.
WARNING: [RTGEN 206-101] Register 'p_ZZ3firPiiE9shift_reg_106' is power-on initialization.
WARNING: [RTGEN 206-101] Register 'p_ZZ3firPiiE9shift_reg_105' is power-on initialization.
WARNING: [RTGEN 206-101] Register 'p_ZZ3firPiiE9shift_reg_104' is power-on initialization.
WARNING: [RTGEN 206-101] Register 'p_ZZ3firPiiE9shift_reg_103' is power-on initialization.
WARNING: [RTGEN 206-101] Register 'p_ZZ3firPiiE9shift_reg_102' is power-on initialization.
WARNING: [RTGEN 206-101] Register 'p_ZZ3firPiiE9shift_reg_101' is power-on initialization.
WARNING: [RTGEN 206-101] Register 'p_ZZ3firPiiE9shift_reg_100' is power-on initialization.
WARNING: [RTGEN 206-101] Register 'p_ZZ3firPiiE9shift_reg_99' is power-on initialization.
WARNING: [RTGEN 206-101] Register 'p_ZZ3firPiiE9shift_reg_98' is power-on initialization.
WARNING: [RTGEN 206-101] Register 'p_ZZ3firPiiE9shift_reg_97' is power-on initialization.
WARNING: [RTGEN 206-101] Register 'p_ZZ3firPiiE9shift_reg_96' is power-on initialization.
WARNING: [RTGEN 206-101] Register 'p_ZZ3firPiiE9shift_reg_95' is power-on initialization.
WARNING: [RTGEN 206-101] Register 'p_ZZ3firPiiE9shift_reg_94' is power-on initialization.
WARNING: [RTGEN 206-101] Register 'p_ZZ3firPiiE9shift_reg_93' is power-on initialization.
WARNING: [RTGEN 206-101] Register 'p_ZZ3firPiiE9shift_reg_92' is power-on initialization.
WARNING: [RTGEN 206-101] Register 'p_ZZ3firPiiE9shift_reg_91' is power-on initialization.
WARNING: [RTGEN 206-101] Register 'p_ZZ3firPiiE9shift_reg_90' is power-on initialization.
WARNING: [RTGEN 206-101] Register 'p_ZZ3firPiiE9shift_reg_89' is power-on initialization.
WARNING: [RTGEN 206-101] Register 'p_ZZ3firPiiE9shift_reg_88' is power-on initialization.
WARNING: [RTGEN 206-101] Register 'p_ZZ3firPiiE9shift_reg_87' is power-on initialization.
WARNING: [RTGEN 206-101] Register 'p_ZZ3firPiiE9shift_reg_86' is power-on initialization.
WARNING: [RTGEN 206-101] Register 'p_ZZ3firPiiE9shift_reg_85' is power-on initialization.
WARNING: [RTGEN 206-101] Register 'p_ZZ3firPiiE9shift_reg_84' is power-on initialization.
WARNING: [RTGEN 206-101] Register 'p_ZZ3firPiiE9shift_reg_83' is power-on initialization.
WARNING: [RTGEN 206-101] Register 'p_ZZ3firPiiE9shift_reg_82' is power-on initialization.
WARNING: [RTGEN 206-101] Register 'p_ZZ3firPiiE9shift_reg_81' is power-on initialization.
WARNING: [RTGEN 206-101] Register 'p_ZZ3firPiiE9shift_reg_80' is power-on initialization.
WARNING: [RTGEN 206-101] Register 'p_ZZ3firPiiE9shift_reg_79' is power-on initialization.
WARNING: [RTGEN 206-101] Register 'p_ZZ3firPiiE9shift_reg_78' is power-on initialization.
WARNING: [RTGEN 206-101] Register 'p_ZZ3firPiiE9shift_reg_77' is power-on initialization.
WARNING: [RTGEN 206-101] Register 'p_ZZ3firPiiE9shift_reg_76' is power-on initialization.
WARNING: [RTGEN 206-101] Register 'p_ZZ3firPiiE9shift_reg_75' is power-on initialization.
WARNING: [RTGEN 206-101] Register 'p_ZZ3firPiiE9shift_reg_74' is power-on initialization.
WARNING: [RTGEN 206-101] Register 'p_ZZ3firPiiE9shift_reg_73' is power-on initialization.
WARNING: [RTGEN 206-101] Register 'p_ZZ3firPiiE9shift_reg_72' is power-on initialization.
WARNING: [RTGEN 206-101] Register 'p_ZZ3firPiiE9shift_reg_71' is power-on initialization.
WARNING: [RTGEN 206-101] Register 'p_ZZ3firPiiE9shift_reg_70' is power-on initialization.
WARNING: [RTGEN 206-101] Register 'p_ZZ3firPiiE9shift_reg_69' is power-on initialization.
WARNING: [RTGEN 206-101] Register 'p_ZZ3firPiiE9shift_reg_68' is power-on initialization.
WARNING: [RTGEN 206-101] Register 'p_ZZ3firPiiE9shift_reg_67' is power-on initialization.
WARNING: [RTGEN 206-101] Register 'p_ZZ3firPiiE9shift_reg_66' is power-on initialization.
WARNING: [RTGEN 206-101] Register 'p_ZZ3firPiiE9shift_reg_65' is power-on initialization.
WARNING: [RTGEN 206-101] Register 'p_ZZ3firPiiE9shift_reg_64' is power-on initialization.
WARNING: [RTGEN 206-101] Register 'p_ZZ3firPiiE9shift_reg_63' is power-on initialization.
WARNING: [RTGEN 206-101] Register 'p_ZZ3firPiiE9shift_reg_62' is power-on initialization.
WARNING: [RTGEN 206-101] Register 'p_ZZ3firPiiE9shift_reg_61' is power-on initialization.
WARNING: [RTGEN 206-101] Register 'p_ZZ3firPiiE9shift_reg_60' is power-on initialization.
WARNING: [RTGEN 206-101] Register 'p_ZZ3firPiiE9shift_reg_59' is power-on initialization.
WARNING: [RTGEN 206-101] Register 'p_ZZ3firPiiE9shift_reg_58' is power-on initialization.
WARNING: [RTGEN 206-101] Register 'p_ZZ3firPiiE9shift_reg_57' is power-on initialization.
WARNING: [RTGEN 206-101] Register 'p_ZZ3firPiiE9shift_reg_56' is power-on initialization.
WARNING: [RTGEN 206-101] Register 'p_ZZ3firPiiE9shift_reg_55' is power-on initialization.
WARNING: [RTGEN 206-101] Register 'p_ZZ3firPiiE9shift_reg_54' is power-on initialization.
WARNING: [RTGEN 206-101] Register 'p_ZZ3firPiiE9shift_reg_53' is power-on initialization.
WARNING: [RTGEN 206-101] Register 'p_ZZ3firPiiE9shift_reg_52' is power-on initialization.
WARNING: [RTGEN 206-101] Register 'p_ZZ3firPiiE9shift_reg_51' is power-on initialization.
WARNING: [RTGEN 206-101] Register 'p_ZZ3firPiiE9shift_reg_50' is power-on initialization.
WARNING: [RTGEN 206-101] Register 'p_ZZ3firPiiE9shift_reg_49' is power-on initialization.
WARNING: [RTGEN 206-101] Register 'p_ZZ3firPiiE9shift_reg_48' is power-on initialization.
WARNING: [RTGEN 206-101] Register 'p_ZZ3firPiiE9shift_reg_47' is power-on initialization.
WARNING: [RTGEN 206-101] Register 'p_ZZ3firPiiE9shift_reg_46' is power-on initialization.
WARNING: [RTGEN 206-101] Register 'p_ZZ3firPiiE9shift_reg_45' is power-on initialization.
WARNING: [RTGEN 206-101] Register 'p_ZZ3firPiiE9shift_reg_44' is power-on initialization.
WARNING: [RTGEN 206-101] Register 'p_ZZ3firPiiE9shift_reg_43' is power-on initialization.
WARNING: [RTGEN 206-101] Register 'p_ZZ3firPiiE9shift_reg_42' is power-on initialization.
WARNING: [RTGEN 206-101] Register 'p_ZZ3firPiiE9shift_reg_41' is power-on initialization.
WARNING: [RTGEN 206-101] Register 'p_ZZ3firPiiE9shift_reg_40' is power-on initialization.
WARNING: [RTGEN 206-101] Register 'p_ZZ3firPiiE9shift_reg_39' is power-on initialization.
WARNING: [RTGEN 206-101] Register 'p_ZZ3firPiiE9shift_reg_38' is power-on initialization.
WARNING: [RTGEN 206-101] Register 'p_ZZ3firPiiE9shift_reg_37' is power-on initialization.
WARNING: [RTGEN 206-101] Register 'p_ZZ3firPiiE9shift_reg_36' is power-on initialization.
WARNING: [RTGEN 206-101] Register 'p_ZZ3firPiiE9shift_reg_35' is power-on initialization.
WARNING: [RTGEN 206-101] Register 'p_ZZ3firPiiE9shift_reg_34' is power-on initialization.
WARNING: [RTGEN 206-101] Register 'p_ZZ3firPiiE9shift_reg_33' is power-on initialization.
WARNING: [RTGEN 206-101] Register 'p_ZZ3firPiiE9shift_reg_32' is power-on initialization.
WARNING: [RTGEN 206-101] Register 'p_ZZ3firPiiE9shift_reg_31' is power-on initialization.
WARNING: [RTGEN 206-101] Register 'p_ZZ3firPiiE9shift_reg_30' is power-on initialization.
WARNING: [RTGEN 206-101] Register 'p_ZZ3firPiiE9shift_reg_29' is power-on initialization.
WARNING: [RTGEN 206-101] Register 'p_ZZ3firPiiE9shift_reg_28' is power-on initialization.
WARNING: [RTGEN 206-101] Register 'p_ZZ3firPiiE9shift_reg_27' is power-on initialization.
WARNING: [RTGEN 206-101] Register 'p_ZZ3firPiiE9shift_reg_26' is power-on initialization.
WARNING: [RTGEN 206-101] Register 'p_ZZ3firPiiE9shift_reg_25' is power-on initialization.
WARNING: [RTGEN 206-101] Register 'p_ZZ3firPiiE9shift_reg_24' is power-on initialization.
WARNING: [RTGEN 206-101] Register 'p_ZZ3firPiiE9shift_reg_23' is power-on initialization.
WARNING: [RTGEN 206-101] Register 'p_ZZ3firPiiE9shift_reg_22' is power-on initialization.
WARNING: [RTGEN 206-101] Register 'p_ZZ3firPiiE9shift_reg_21' is power-on initialization.
WARNING: [RTGEN 206-101] Register 'p_ZZ3firPiiE9shift_reg_20' is power-on initialization.
WARNING: [RTGEN 206-101] Register 'p_ZZ3firPiiE9shift_reg_19' is power-on initialization.
WARNING: [RTGEN 206-101] Register 'p_ZZ3firPiiE9shift_reg_18' is power-on initialization.
WARNING: [RTGEN 206-101] Register 'p_ZZ3firPiiE9shift_reg_17' is power-on initialization.
WARNING: [RTGEN 206-101] Register 'p_ZZ3firPiiE9shift_reg_16' is power-on initialization.
WARNING: [RTGEN 206-101] Register 'p_ZZ3firPiiE9shift_reg_15' is power-on initialization.
WARNING: [RTGEN 206-101] Register 'p_ZZ3firPiiE9shift_reg_14' is power-on initialization.
WARNING: [RTGEN 206-101] Register 'p_ZZ3firPiiE9shift_reg_13' is power-on initialization.
WARNING: [RTGEN 206-101] Register 'p_ZZ3firPiiE9shift_reg_12' is power-on initialization.
WARNING: [RTGEN 206-101] Register 'p_ZZ3firPiiE9shift_reg_11' is power-on initialization.
WARNING: [RTGEN 206-101] Register 'p_ZZ3firPiiE9shift_reg_10' is power-on initialization.
WARNING: [RTGEN 206-101] Register 'fir_int_int_shift_reg_9' is power-on initialization.
WARNING: [RTGEN 206-101] Register 'fir_int_int_shift_reg_8' is power-on initialization.
WARNING: [RTGEN 206-101] Register 'fir_int_int_shift_reg_7' is power-on initialization.
WARNING: [RTGEN 206-101] Register 'fir_int_int_shift_reg_6' is power-on initialization.
WARNING: [RTGEN 206-101] Register 'fir_int_int_shift_reg_5' is power-on initialization.
WARNING: [RTGEN 206-101] Register 'fir_int_int_shift_reg_4' is power-on initialization.
WARNING: [RTGEN 206-101] Register 'fir_int_int_shift_reg_3' is power-on initialization.
WARNING: [RTGEN 206-101] Register 'fir_int_int_shift_reg_2' is power-on initialization.
WARNING: [RTGEN 206-101] Register 'fir_int_int_shift_reg_1' is power-on initialization.
WARNING: [RTGEN 206-101] Register 'fir_int_int_shift_reg' is power-on initialization.
INFO: [HLS 200-1030] Apply Unified Pipeline Control on module 'fir' pipeline 'fir' pipeline type 'function pipeline'
INFO: [RTGEN 206-100] Generating core module 'mul_32s_3s_32_2_1': 6 instance(s).
INFO: [RTGEN 206-100] Generating core module 'mul_32s_5s_32_2_1': 8 instance(s).
INFO: [RTGEN 206-100] Finished creating RTL model for 'fir'.
INFO: [HLS 200-111] Finished Creating RTL model: CPU user time: 0.43 seconds. CPU system time: 0.05 seconds. Elapsed time: 0.94 seconds; current allocated memory: 697.051 MB.
INFO: [HLS 200-111] Finished Generating all RTL models: CPU user time: 0.69 seconds. CPU system time: 0.08 seconds. Elapsed time: 0.91 seconds; current allocated memory: 703.977 MB.
INFO: [HLS 200-111] Finished Updating report files: CPU user time: 0.31 seconds. CPU system time: 0.06 seconds. Elapsed time: 0.52 seconds; current allocated memory: 705.426 MB.
INFO: [VHDL 208-304] Generating VHDL RTL for fir.
INFO: [VLOG 209-307] Generating Verilog RTL for fir.
INFO: [HLS 200-789] **** Estimated Fmax: 144.45 MHz
INFO: [HLS 200-2161] Finished Command csynth_design Elapsed time: 00:00:21; Allocated memory: 62.531 MB.
INFO: [HLS 200-112] Total CPU user time: 19.47 seconds. Total CPU system time: 3.43 seconds. Total elapsed time: 32.5 seconds; peak allocated memory: 705.781 MB.
INFO: [vitis-run 60-791] Total elapsed time: 0h 0m 34s
INFO: [vitis-run 60-1662] Stopping dispatch session having empty uuid.
