Fri Oct 10 16:19:06 2025: Running xcd server. This server was built by gradle.
Fri Oct 10 16:19:06 2025: Server was asked to start on port: '42965'
Fri Oct 10 16:19:06 2025: Server is using token UUID: '66ff816c-eba6-488c-a889-bc06ee0713aa'
Fri Oct 10 16:19:06 2025: SESSION_MGR: creating session with session uuid: '6d04a3e9-ade5-4ab9-8d63-1f78fcd2ec76' and name 'default'
Fri Oct 10 16:19:06 2025: Attempting to start server on port '42965'
Fri Oct 10 16:19:06 2025: XCD main fifo: created main fifo '/tmp/xcdmain66ff816c-eba6-488c-a889-bc06ee0713aa', fd read = 15
Fri Oct 10 16:19:06 2025: Running Dispatch Server
Fri Oct 10 16:19:06 2025: Version 2.2.0
Fri Oct 10 16:19:07 2025: Dispatch Server: Accepted socket connection from client
Fri Oct 10 16:19:07 2025: Starting Socket connection
Fri Oct 10 16:19:07 2025: EXCHANGE_TOKEN received, server token: 66ff816c-eba6-488c-a889-bc06ee0713aa, passed token: 66ff816c-eba6-488c-a889-bc06ee0713aa
Fri Oct 10 16:19:07 2025: SESSION_MGR: creating session with session uuid: 'a8687005-ac68-471c-9d4c-df89d6f8b399' and name 'vitis_hls'
Fri Oct 10 16:19:07 2025: KERNEL_SVC: creating session with uuid: 'a8687005-ac68-471c-9d4c-df89d6f8b399' and name 'vitis_hls'
Fri Oct 10 16:19:07 2025: GUIDANCE_SMGR: creating guidance session with uuid: 'a8687005-ac68-471c-9d4c-df89d6f8b399' and name 'vitis_hls'
Fri Oct 10 16:19:19 2025: STOP_SERVER received, server token: 66ff816c-eba6-488c-a889-bc06ee0713aa, passed token: 66ff816c-eba6-488c-a889-bc06ee0713aa
Fri Oct 10 16:19:19 2025: Socket received request to stop server.
Fri Oct 10 16:19:19 2025: Dispatch Server: do_await_stop
Fri Oct 10 16:19:19 2025: Dispatch Server: stopping mainFifo_
Fri Oct 10 16:19:19 2025: XCD main fifo: Stopping
Fri Oct 10 16:19:19 2025: XCD main fifo: do_read error code: Operation canceled
Fri Oct 10 16:19:19 2025: XCD main fifo: bytes_transferred: 0
Fri Oct 10 16:19:19 2025: SERVER: destructor for server bound to port 42965
Fri Oct 10 16:19:19 2025: XCD main fifo: Good unlink of /tmp/xcdmain66ff816c-eba6-488c-a889-bc06ee0713aa
Fri Oct 10 16:19:19 2025: Server exiting with status 0.
Fri Oct 10 16:19:19 2025: Closing log file.
