
*** Running vivado
    with args -log base_slice_pmodb_gpio_0.vds -m64 -product Vivado -mode batch -messageDb vivado.pb -notrace -source base_slice_pmodb_gpio_0.tcl



****** Vivado v2024.1 (64-bit)
  **** SW Build 5076996 on Wed May 22 18:37:14 MDT 2024
  **** IP Build 5075265 on Wed May 22 21:45:21 MDT 2024
  **** SharedData Build 5076995 on Wed May 22 18:29:18 MDT 2024
  **** Start of session at: Fri Nov 21 09:48:34 2025
    ** Copyright 1986-2022 Xilinx, Inc. All Rights Reserved.
    ** Copyright 2022-2024 Advanced Micro Devices, Inc. All Rights Reserved.

source base_slice_pmodb_gpio_0.tcl -notrace
create_project: Time (s): cpu = 00:00:12 ; elapsed = 00:00:13 . Memory (MB): peak = 529.605 ; gain = 200.199
INFO: [IP_Flow 19-234] Refreshing IP repositories
INFO: [IP_Flow 19-1700] Loaded user IP repository 'c:/Users/james/PYNQ/boards/ip'.
INFO: [IP_Flow 19-2313] Loaded Vivado IP repository 'C:/Xilinx/Vivado/2024.1/data/ip'.
INFO: [IP_Flow 19-6924] IPCACHE: Running cache check for IP inst: base_slice_pmodb_gpio_0
Command: synth_design -top base_slice_pmodb_gpio_0 -part xc7z020clg400-1 -incremental_mode off -mode out_of_context
Starting synth_design
Attempting to get a license for feature 'Synthesis' and/or device 'xc7z020'
INFO: [Common 17-349] Got license for feature 'Synthesis' and/or device 'xc7z020'
INFO: [Device 21-403] Loading part xc7z020clg400-1
INFO: [Device 21-9227] Part: xc7z020clg400-1 does not have CEAM library.
INFO: [Synth 8-7079] Multithreading enabled for synth_design using a maximum of 2 processes.
INFO: [Synth 8-7078] Launching helper process for spawning children vivado processes
INFO: [Synth 8-7075] Helper process launched with PID 18112
---------------------------------------------------------------------------------
Starting RTL Elaboration : Time (s): cpu = 00:00:09 ; elapsed = 00:00:09 . Memory (MB): peak = 1422.305 ; gain = 449.312
---------------------------------------------------------------------------------
INFO: [Synth 8-6157] synthesizing module 'base_slice_pmodb_gpio_0' [c:/Users/james/PYNQ/boards/Pynq-Z2/base/base/base.gen/sources_1/bd/base/ip/base_slice_pmodb_gpio_0/synth/base_slice_pmodb_gpio_0.v:53]
INFO: [Synth 8-6157] synthesizing module 'interface_slice' [c:/Users/james/PYNQ/boards/Pynq-Z2/base/base/base.gen/sources_1/bd/base/ipshared/7bdd/interface_slice.v:3]
INFO: [Synth 8-6155] done synthesizing module 'interface_slice' (0#1) [c:/Users/james/PYNQ/boards/Pynq-Z2/base/base/base.gen/sources_1/bd/base/ipshared/7bdd/interface_slice.v:3]
INFO: [Synth 8-6155] done synthesizing module 'base_slice_pmodb_gpio_0' (0#1) [c:/Users/james/PYNQ/boards/Pynq-Z2/base/base/base.gen/sources_1/bd/base/ip/base_slice_pmodb_gpio_0/synth/base_slice_pmodb_gpio_0.v:53]
WARNING: [Synth 8-3848] Net scl_i in module/entity interface_slice does not have driver. [c:/Users/james/PYNQ/boards/Pynq-Z2/base/base/base.gen/sources_1/bd/base/ipshared/7bdd/interface_slice.v:73]
WARNING: [Synth 8-3848] Net scl_o in module/entity interface_slice does not have driver. [c:/Users/james/PYNQ/boards/Pynq-Z2/base/base/base.gen/sources_1/bd/base/ipshared/7bdd/interface_slice.v:74]
WARNING: [Synth 8-3848] Net scl_t in module/entity interface_slice does not have driver. [c:/Users/james/PYNQ/boards/Pynq-Z2/base/base/base.gen/sources_1/bd/base/ipshared/7bdd/interface_slice.v:75]
WARNING: [Synth 8-3848] Net sda_i in module/entity interface_slice does not have driver. [c:/Users/james/PYNQ/boards/Pynq-Z2/base/base/base.gen/sources_1/bd/base/ipshared/7bdd/interface_slice.v:76]
WARNING: [Synth 8-3848] Net sda_o in module/entity interface_slice does not have driver. [c:/Users/james/PYNQ/boards/Pynq-Z2/base/base/base.gen/sources_1/bd/base/ipshared/7bdd/interface_slice.v:77]
WARNING: [Synth 8-3848] Net sda_t in module/entity interface_slice does not have driver. [c:/Users/james/PYNQ/boards/Pynq-Z2/base/base/base.gen/sources_1/bd/base/ipshared/7bdd/interface_slice.v:78]
WARNING: [Synth 8-3848] Net spi0_i in module/entity interface_slice does not have driver. [c:/Users/james/PYNQ/boards/Pynq-Z2/base/base/base.gen/sources_1/bd/base/ipshared/7bdd/interface_slice.v:92]
WARNING: [Synth 8-3848] Net spi0_o in module/entity interface_slice does not have driver. [c:/Users/james/PYNQ/boards/Pynq-Z2/base/base/base.gen/sources_1/bd/base/ipshared/7bdd/interface_slice.v:93]
WARNING: [Synth 8-3848] Net spi0_t in module/entity interface_slice does not have driver. [c:/Users/james/PYNQ/boards/Pynq-Z2/base/base/base.gen/sources_1/bd/base/ipshared/7bdd/interface_slice.v:94]
WARNING: [Synth 8-3848] Net spi1_i in module/entity interface_slice does not have driver. [c:/Users/james/PYNQ/boards/Pynq-Z2/base/base/base.gen/sources_1/bd/base/ipshared/7bdd/interface_slice.v:95]
WARNING: [Synth 8-3848] Net spi1_o in module/entity interface_slice does not have driver. [c:/Users/james/PYNQ/boards/Pynq-Z2/base/base/base.gen/sources_1/bd/base/ipshared/7bdd/interface_slice.v:96]
WARNING: [Synth 8-3848] Net spi1_t in module/entity interface_slice does not have driver. [c:/Users/james/PYNQ/boards/Pynq-Z2/base/base/base.gen/sources_1/bd/base/ipshared/7bdd/interface_slice.v:97]
WARNING: [Synth 8-3848] Net sck_i in module/entity interface_slice does not have driver. [c:/Users/james/PYNQ/boards/Pynq-Z2/base/base/base.gen/sources_1/bd/base/ipshared/7bdd/interface_slice.v:98]
WARNING: [Synth 8-3848] Net sck_o in module/entity interface_slice does not have driver. [c:/Users/james/PYNQ/boards/Pynq-Z2/base/base/base.gen/sources_1/bd/base/ipshared/7bdd/interface_slice.v:99]
WARNING: [Synth 8-3848] Net sck_t in module/entity interface_slice does not have driver. [c:/Users/james/PYNQ/boards/Pynq-Z2/base/base/base.gen/sources_1/bd/base/ipshared/7bdd/interface_slice.v:100]
WARNING: [Synth 8-3848] Net ss_i in module/entity interface_slice does not have driver. [c:/Users/james/PYNQ/boards/Pynq-Z2/base/base/base.gen/sources_1/bd/base/ipshared/7bdd/interface_slice.v:101]
WARNING: [Synth 8-3848] Net ss_o in module/entity interface_slice does not have driver. [c:/Users/james/PYNQ/boards/Pynq-Z2/base/base/base.gen/sources_1/bd/base/ipshared/7bdd/interface_slice.v:102]
WARNING: [Synth 8-3848] Net ss_t in module/entity interface_slice does not have driver. [c:/Users/james/PYNQ/boards/Pynq-Z2/base/base/base.gen/sources_1/bd/base/ipshared/7bdd/interface_slice.v:103]
WARNING: [Synth 8-7129] Port scl_i in module interface_slice is either unconnected or has no load
WARNING: [Synth 8-7129] Port scl_o in module interface_slice is either unconnected or has no load
WARNING: [Synth 8-7129] Port scl_t in module interface_slice is either unconnected or has no load
WARNING: [Synth 8-7129] Port sda_i in module interface_slice is either unconnected or has no load
WARNING: [Synth 8-7129] Port sda_o in module interface_slice is either unconnected or has no load
WARNING: [Synth 8-7129] Port sda_t in module interface_slice is either unconnected or has no load
WARNING: [Synth 8-7129] Port spi0_i in module interface_slice is either unconnected or has no load
WARNING: [Synth 8-7129] Port spi0_o in module interface_slice is either unconnected or has no load
WARNING: [Synth 8-7129] Port spi0_t in module interface_slice is either unconnected or has no load
WARNING: [Synth 8-7129] Port spi1_i in module interface_slice is either unconnected or has no load
WARNING: [Synth 8-7129] Port spi1_o in module interface_slice is either unconnected or has no load
WARNING: [Synth 8-7129] Port spi1_t in module interface_slice is either unconnected or has no load
WARNING: [Synth 8-7129] Port sck_i in module interface_slice is either unconnected or has no load
WARNING: [Synth 8-7129] Port sck_o in module interface_slice is either unconnected or has no load
WARNING: [Synth 8-7129] Port sck_t in module interface_slice is either unconnected or has no load
WARNING: [Synth 8-7129] Port ss_i in module interface_slice is either unconnected or has no load
WARNING: [Synth 8-7129] Port ss_o in module interface_slice is either unconnected or has no load
WARNING: [Synth 8-7129] Port ss_t in module interface_slice is either unconnected or has no load
WARNING: [Synth 8-7129] Port scl_w_i in module interface_slice is either unconnected or has no load
WARNING: [Synth 8-7129] Port scl_w_o in module interface_slice is either unconnected or has no load
WARNING: [Synth 8-7129] Port scl_w_t in module interface_slice is either unconnected or has no load
WARNING: [Synth 8-7129] Port sda_w_i in module interface_slice is either unconnected or has no load
WARNING: [Synth 8-7129] Port sda_w_o in module interface_slice is either unconnected or has no load
WARNING: [Synth 8-7129] Port sda_w_t in module interface_slice is either unconnected or has no load
WARNING: [Synth 8-7129] Port spi0_w_i in module interface_slice is either unconnected or has no load
WARNING: [Synth 8-7129] Port spi0_w_o in module interface_slice is either unconnected or has no load
WARNING: [Synth 8-7129] Port spi0_w_t in module interface_slice is either unconnected or has no load
WARNING: [Synth 8-7129] Port spi1_w_i in module interface_slice is either unconnected or has no load
WARNING: [Synth 8-7129] Port spi1_w_o in module interface_slice is either unconnected or has no load
WARNING: [Synth 8-7129] Port spi1_w_t in module interface_slice is either unconnected or has no load
WARNING: [Synth 8-7129] Port sck_w_i in module interface_slice is either unconnected or has no load
WARNING: [Synth 8-7129] Port sck_w_o in module interface_slice is either unconnected or has no load
WARNING: [Synth 8-7129] Port sck_w_t in module interface_slice is either unconnected or has no load
WARNING: [Synth 8-7129] Port ss_w_i in module interface_slice is either unconnected or has no load
WARNING: [Synth 8-7129] Port ss_w_o in module interface_slice is either unconnected or has no load
WARNING: [Synth 8-7129] Port ss_w_t in module interface_slice is either unconnected or has no load
---------------------------------------------------------------------------------
Finished RTL Elaboration : Time (s): cpu = 00:00:12 ; elapsed = 00:00:13 . Memory (MB): peak = 1537.414 ; gain = 564.422
---------------------------------------------------------------------------------
---------------------------------------------------------------------------------
Start Handling Custom Attributes
---------------------------------------------------------------------------------
---------------------------------------------------------------------------------
Finished Handling Custom Attributes : Time (s): cpu = 00:00:12 ; elapsed = 00:00:13 . Memory (MB): peak = 1537.414 ; gain = 564.422
---------------------------------------------------------------------------------
---------------------------------------------------------------------------------
Finished RTL Optimization Phase 1 : Time (s): cpu = 00:00:12 ; elapsed = 00:00:13 . Memory (MB): peak = 1537.414 ; gain = 564.422
---------------------------------------------------------------------------------
Netlist sorting complete. Time (s): cpu = 00:00:00 ; elapsed = 00:00:00.001 . Memory (MB): peak = 1537.414 ; gain = 0.000
INFO: [Project 1-570] Preparing netlist for logic optimization

Processing XDC Constraints
Initializing timing engine
Completed Processing XDC Constraints

Netlist sorting complete. Time (s): cpu = 00:00:00 ; elapsed = 00:00:00 . Memory (MB): peak = 1548.527 ; gain = 0.000
INFO: [Project 1-111] Unisim Transformation Summary:
No Unisim elements were transformed.

Constraint Validation Runtime : Time (s): cpu = 00:00:00 ; elapsed = 00:00:00.025 . Memory (MB): peak = 1548.844 ; gain = 0.316
INFO: [Designutils 20-5008] Incremental synthesis strategy off
---------------------------------------------------------------------------------
Finished Constraint Validation : Time (s): cpu = 00:00:27 ; elapsed = 00:00:28 . Memory (MB): peak = 1548.844 ; gain = 575.852
---------------------------------------------------------------------------------
---------------------------------------------------------------------------------
Start Loading Part and Timing Information
---------------------------------------------------------------------------------
Loading part: xc7z020clg400-1
---------------------------------------------------------------------------------
Finished Loading Part and Timing Information : Time (s): cpu = 00:00:27 ; elapsed = 00:00:28 . Memory (MB): peak = 1548.844 ; gain = 575.852
---------------------------------------------------------------------------------
---------------------------------------------------------------------------------
Start Applying 'set_property' XDC Constraints
---------------------------------------------------------------------------------
---------------------------------------------------------------------------------
Finished applying 'set_property' XDC Constraints : Time (s): cpu = 00:00:27 ; elapsed = 00:00:28 . Memory (MB): peak = 1548.844 ; gain = 575.852
---------------------------------------------------------------------------------
---------------------------------------------------------------------------------
Finished RTL Optimization Phase 2 : Time (s): cpu = 00:00:27 ; elapsed = 00:00:29 . Memory (MB): peak = 1548.844 ; gain = 575.852
---------------------------------------------------------------------------------
---------------------------------------------------------------------------------
Start RTL Component Statistics 
---------------------------------------------------------------------------------
Detailed RTL Component Info : 
---------------------------------------------------------------------------------
Finished RTL Component Statistics 
---------------------------------------------------------------------------------
---------------------------------------------------------------------------------
Start Part Resource Summary
---------------------------------------------------------------------------------
Part Resources:
DSPs: 220 (col length:60)
BRAMs: 280 (col length: RAMB18 60 RAMB36 30)
---------------------------------------------------------------------------------
Finished Part Resource Summary
---------------------------------------------------------------------------------
---------------------------------------------------------------------------------
Start Cross Boundary and Area Optimization
---------------------------------------------------------------------------------
WARNING: [Synth 8-7080] Parallel synthesis criteria is not met
WARNING: [Synth 8-3330] design base_slice_pmodb_gpio_0 has an empty top module
---------------------------------------------------------------------------------
Finished Cross Boundary and Area Optimization : Time (s): cpu = 00:00:31 ; elapsed = 00:00:32 . Memory (MB): peak = 1548.844 ; gain = 575.852
---------------------------------------------------------------------------------
---------------------------------------------------------------------------------
Start Applying XDC Timing Constraints
---------------------------------------------------------------------------------
---------------------------------------------------------------------------------
Finished Applying XDC Timing Constraints : Time (s): cpu = 00:00:42 ; elapsed = 00:00:43 . Memory (MB): peak = 1548.844 ; gain = 575.852
---------------------------------------------------------------------------------
---------------------------------------------------------------------------------
Start Timing Optimization
---------------------------------------------------------------------------------
---------------------------------------------------------------------------------
Finished Timing Optimization : Time (s): cpu = 00:00:42 ; elapsed = 00:00:43 . Memory (MB): peak = 1548.844 ; gain = 575.852
---------------------------------------------------------------------------------
---------------------------------------------------------------------------------
Start Technology Mapping
---------------------------------------------------------------------------------
---------------------------------------------------------------------------------
Finished Technology Mapping : Time (s): cpu = 00:00:42 ; elapsed = 00:00:43 . Memory (MB): peak = 1548.844 ; gain = 575.852
---------------------------------------------------------------------------------
---------------------------------------------------------------------------------
Start IO Insertion
---------------------------------------------------------------------------------
---------------------------------------------------------------------------------
Start Flattening Before IO Insertion
---------------------------------------------------------------------------------
---------------------------------------------------------------------------------
Finished Flattening Before IO Insertion
---------------------------------------------------------------------------------
---------------------------------------------------------------------------------
Start Final Netlist Cleanup
---------------------------------------------------------------------------------
---------------------------------------------------------------------------------
Finished Final Netlist Cleanup
---------------------------------------------------------------------------------
---------------------------------------------------------------------------------
Finished IO Insertion : Time (s): cpu = 00:00:51 ; elapsed = 00:00:52 . Memory (MB): peak = 1548.844 ; gain = 575.852
---------------------------------------------------------------------------------
---------------------------------------------------------------------------------
Start Renaming Generated Instances
---------------------------------------------------------------------------------
---------------------------------------------------------------------------------
Finished Renaming Generated Instances : Time (s): cpu = 00:00:51 ; elapsed = 00:00:52 . Memory (MB): peak = 1548.844 ; gain = 575.852
---------------------------------------------------------------------------------
---------------------------------------------------------------------------------
Start Rebuilding User Hierarchy
---------------------------------------------------------------------------------
---------------------------------------------------------------------------------
Finished Rebuilding User Hierarchy : Time (s): cpu = 00:00:51 ; elapsed = 00:00:52 . Memory (MB): peak = 1548.844 ; gain = 575.852
---------------------------------------------------------------------------------
---------------------------------------------------------------------------------
Start Renaming Generated Ports
---------------------------------------------------------------------------------
---------------------------------------------------------------------------------
Finished Renaming Generated Ports : Time (s): cpu = 00:00:51 ; elapsed = 00:00:52 . Memory (MB): peak = 1548.844 ; gain = 575.852
---------------------------------------------------------------------------------
---------------------------------------------------------------------------------
Start Handling Custom Attributes
---------------------------------------------------------------------------------
---------------------------------------------------------------------------------
Finished Handling Custom Attributes : Time (s): cpu = 00:00:51 ; elapsed = 00:00:52 . Memory (MB): peak = 1548.844 ; gain = 575.852
---------------------------------------------------------------------------------
---------------------------------------------------------------------------------
Start Renaming Generated Nets
---------------------------------------------------------------------------------
---------------------------------------------------------------------------------
Finished Renaming Generated Nets : Time (s): cpu = 00:00:51 ; elapsed = 00:00:52 . Memory (MB): peak = 1548.844 ; gain = 575.852
---------------------------------------------------------------------------------
---------------------------------------------------------------------------------
Start Writing Synthesis Report
---------------------------------------------------------------------------------

Report BlackBoxes: 
+-+--------------+----------+
| |BlackBox name |Instances |
+-+--------------+----------+
+-+--------------+----------+

Report Cell Usage: 
+-+-----+------+
| |Cell |Count |
+-+-----+------+
+-+-----+------+
---------------------------------------------------------------------------------
Finished Writing Synthesis Report : Time (s): cpu = 00:00:51 ; elapsed = 00:00:52 . Memory (MB): peak = 1548.844 ; gain = 575.852
---------------------------------------------------------------------------------
Synthesis finished with 0 errors, 0 critical warnings and 2 warnings.
Synthesis Optimization Runtime : Time (s): cpu = 00:00:36 ; elapsed = 00:00:49 . Memory (MB): peak = 1548.844 ; gain = 564.422
Synthesis Optimization Complete : Time (s): cpu = 00:00:51 ; elapsed = 00:00:53 . Memory (MB): peak = 1548.844 ; gain = 575.852
INFO: [Project 1-571] Translating synthesized netlist
Netlist sorting complete. Time (s): cpu = 00:00:00 ; elapsed = 00:00:00 . Memory (MB): peak = 1548.844 ; gain = 0.000
INFO: [Project 1-570] Preparing netlist for logic optimization
INFO: [Opt 31-138] Pushed 0 inverter(s) to 0 load pin(s).
Netlist sorting complete. Time (s): cpu = 00:00:00 ; elapsed = 00:00:00 . Memory (MB): peak = 1548.844 ; gain = 0.000
INFO: [Project 1-111] Unisim Transformation Summary:
No Unisim elements were transformed.

Synth Design complete | Checksum: 8d7f5964
INFO: [Common 17-83] Releasing license: Synthesis
22 Infos, 56 Warnings, 0 Critical Warnings and 0 Errors encountered.
synth_design completed successfully
synth_design: Time (s): cpu = 00:00:59 ; elapsed = 00:01:03 . Memory (MB): peak = 1548.844 ; gain = 1003.238
INFO: [Common 17-1381] The checkpoint 'C:/Users/james/PYNQ/boards/Pynq-Z2/base/base/base.runs/base_slice_pmodb_gpio_0_synth_1/base_slice_pmodb_gpio_0.dcp' has been generated.
INFO: [Coretcl 2-1648] Added synthesis output to IP cache for IP base_slice_pmodb_gpio_0, cache-ID = a818916257800481
INFO: [Common 17-1381] The checkpoint 'C:/Users/james/PYNQ/boards/Pynq-Z2/base/base/base.runs/base_slice_pmodb_gpio_0_synth_1/base_slice_pmodb_gpio_0.dcp' has been generated.
INFO: [Vivado 12-24828] Executing command : report_utilization -file base_slice_pmodb_gpio_0_utilization_synth.rpt -pb base_slice_pmodb_gpio_0_utilization_synth.pb
INFO: [Common 17-206] Exiting Vivado at Fri Nov 21 09:49:56 2025...
