

================================================================
== Vitis HLS Report for 'dft'
================================================================
* Date:           Tue Nov  4 11:32:21 2025

* Version:        2024.2 (Build 5238294 on Nov  8 2024)
* Project:        dft.comp
* Solution:       hls (Vivado IP Flow Target)
* Product family: zynq
* Target device:  xc7z020-clg400-1


================================================================
== Performance Estimates
================================================================
+ Timing: 
    * Summary: 
    +--------+----------+----------+------------+
    |  Clock |  Target  | Estimated| Uncertainty|
    +--------+----------+----------+------------+
    |ap_clk  |  10.00 ns|  7.256 ns|     2.70 ns|
    +--------+----------+----------+------------+

+ Latency: 
    * Summary: 
    +---------+---------+----------+----------+-----+-----+---------+
    |  Latency (cycles) |  Latency (absolute) |  Interval | Pipeline|
    |   min   |   max   |    min   |    max   | min | max |   Type  |
    +---------+---------+----------+----------+-----+-----+---------+
    |      257|      257|  2.570 us|  2.570 us|  258|  258|       no|
    +---------+---------+----------+----------+-----+-----+---------+

    + Detail: 
        * Instance: 
        +------------------------------------------+------------------------------+---------+---------+----------+----------+-----+-----+------------------------------------------------+
        |                                          |                              |  Latency (cycles) |  Latency (absolute) |  Interval |                    Pipeline                    |
        |                 Instance                 |            Module            |   min   |   max   |    min   |    max   | min | max |                      Type                      |
        +------------------------------------------+------------------------------+---------+---------+----------+----------+-----+-----+------------------------------------------------+
        |grp_dft_Pipeline_data_loop_fu_826         |dft_Pipeline_data_loop        |      204|      204|  2.040 us|  2.040 us|   33|   33|  loop auto-rewind stp (delay=0 clock cycles(s))|
        |grp_dft_Pipeline_VITIS_LOOP_32_1_fu_1056  |dft_Pipeline_VITIS_LOOP_32_1  |       34|       34|  0.340 us|  0.340 us|   33|   33|  loop auto-rewind stp (delay=0 clock cycles(s))|
        +------------------------------------------+------------------------------+---------+---------+----------+----------+-----+-----+------------------------------------------------+

        * Loop: 
        N/A



================================================================
== Utilization Estimates
================================================================
* Summary: 
+-----------------+---------+-----+--------+-------+-----+
|       Name      | BRAM_18K| DSP |   FF   |  LUT  | URAM|
+-----------------+---------+-----+--------+-------+-----+
|DSP              |        -|    -|       -|      -|    -|
|Expression       |        -|    -|       0|     64|    -|
|FIFO             |        -|    -|       -|      -|    -|
|Instance         |       64|  640|   55218|  91172|    -|
|Memory           |        2|    -|       0|      0|    0|
|Multiplexer      |        -|    -|       0|    558|    -|
|Register         |        -|    -|    5974|      -|    -|
+-----------------+---------+-----+--------+-------+-----+
|Total            |       66|  640|   61192|  91794|    0|
+-----------------+---------+-----+--------+-------+-----+
|Available        |      280|  220|  106400|  53200|    0|
+-----------------+---------+-----+--------+-------+-----+
|Utilization (%)  |       23|  290|      57|    172|    0|
+-----------------+---------+-----+--------+-------+-----+

+ Detail: 
    * Instance: 
    +------------------------------------------+------------------------------+---------+-----+-------+-------+-----+
    |                 Instance                 |            Module            | BRAM_18K| DSP |   FF  |  LUT  | URAM|
    +------------------------------------------+------------------------------+---------+-----+-------+-------+-----+
    |grp_dft_Pipeline_VITIS_LOOP_32_1_fu_1056  |dft_Pipeline_VITIS_LOOP_32_1  |        0|    0|     15|     66|    0|
    |grp_dft_Pipeline_data_loop_fu_826         |dft_Pipeline_data_loop        |       64|  640|  55203|  91106|    0|
    +------------------------------------------+------------------------------+---------+-----+-------+-------+-----+
    |Total                                     |                              |       64|  640|  55218|  91172|    0|
    +------------------------------------------+------------------------------+---------+-----+-------+-------+-----+

    * DSP: 
    N/A

    * Memory: 
    +-------------+-------------------------+---------+---+----+-----+------+-----+------+-------------+
    |    Memory   |          Module         | BRAM_18K| FF| LUT| URAM| Words| Bits| Banks| W*Bits*Banks|
    +-------------+-------------------------+---------+---+----+-----+------+-----+------+-------------+
    |temp_real_U  |temp_real_RAM_AUTO_1R1W  |        1|  0|   0|    0|    32|   32|     1|         1024|
    |temp_imag_U  |temp_real_RAM_AUTO_1R1W  |        1|  0|   0|    0|    32|   32|     1|         1024|
    +-------------+-------------------------+---------+---+----+-----+------+-----+------+-------------+
    |Total        |                         |        2|  0|   0|    0|    64|   64|     2|         2048|
    +-------------+-------------------------+---------+---+----+-----+------+-----+------+-------------+

    * FIFO: 
    N/A

    * Expression: 
    +----------------------+----------+----+---+----+------------+------------+
    |     Variable Name    | Operation| DSP| FF| LUT| Bitwidth P0| Bitwidth P1|
    +----------------------+----------+----+---+----+------------+------------+
    |xor_val11_fu_1885_p2  |       xor|   0|  0|   2|           1|           2|
    |xor_val14_fu_1860_p2  |       xor|   0|  0|   2|           1|           2|
    |xor_val17_fu_1835_p2  |       xor|   0|  0|   2|           1|           2|
    |xor_val20_fu_1810_p2  |       xor|   0|  0|   2|           1|           2|
    |xor_val23_fu_1785_p2  |       xor|   0|  0|   2|           1|           2|
    |xor_val26_fu_1760_p2  |       xor|   0|  0|   2|           1|           2|
    |xor_val29_fu_1735_p2  |       xor|   0|  0|   2|           1|           2|
    |xor_val2_fu_1962_p2   |       xor|   0|  0|   2|           1|           2|
    |xor_val32_fu_1710_p2  |       xor|   0|  0|   2|           1|           2|
    |xor_val35_fu_1685_p2  |       xor|   0|  0|   2|           1|           2|
    |xor_val38_fu_1660_p2  |       xor|   0|  0|   2|           1|           2|
    |xor_val41_fu_1635_p2  |       xor|   0|  0|   2|           1|           2|
    |xor_val44_fu_1610_p2  |       xor|   0|  0|   2|           1|           2|
    |xor_val47_fu_1585_p2  |       xor|   0|  0|   2|           1|           2|
    |xor_val50_fu_1560_p2  |       xor|   0|  0|   2|           1|           2|
    |xor_val53_fu_1535_p2  |       xor|   0|  0|   2|           1|           2|
    |xor_val56_fu_1510_p2  |       xor|   0|  0|   2|           1|           2|
    |xor_val59_fu_1485_p2  |       xor|   0|  0|   2|           1|           2|
    |xor_val5_fu_1935_p2   |       xor|   0|  0|   2|           1|           2|
    |xor_val62_fu_1460_p2  |       xor|   0|  0|   2|           1|           2|
    |xor_val65_fu_1435_p2  |       xor|   0|  0|   2|           1|           2|
    |xor_val68_fu_1410_p2  |       xor|   0|  0|   2|           1|           2|
    |xor_val71_fu_1385_p2  |       xor|   0|  0|   2|           1|           2|
    |xor_val74_fu_1360_p2  |       xor|   0|  0|   2|           1|           2|
    |xor_val77_fu_1335_p2  |       xor|   0|  0|   2|           1|           2|
    |xor_val80_fu_1310_p2  |       xor|   0|  0|   2|           1|           2|
    |xor_val83_fu_1285_p2  |       xor|   0|  0|   2|           1|           2|
    |xor_val86_fu_1260_p2  |       xor|   0|  0|   2|           1|           2|
    |xor_val89_fu_1235_p2  |       xor|   0|  0|   2|           1|           2|
    |xor_val8_fu_1910_p2   |       xor|   0|  0|   2|           1|           2|
    |xor_val92_fu_1210_p2  |       xor|   0|  0|   2|           1|           2|
    |xor_val_fu_1995_p2    |       xor|   0|  0|   2|           1|           2|
    +----------------------+----------+----+---+----+------------+------------+
    |Total                 |          |   0|  0|  64|          32|          64|
    +----------------------+----------+----+---+----+------------+------------+

    * Multiplexer: 
    +----------------------------+-----+-----------+-----+-----------+
    |            Name            | LUT | Input Size| Bits| Total Bits|
    +----------------------------+-----+-----------+-----+-----------+
    |ap_NS_fsm                   |  106|         21|    1|         21|
    |imag_sample_address0        |    9|          2|    5|         10|
    |imag_sample_address0_local  |   81|         17|    5|         85|
    |imag_sample_address1_local  |   81|         17|    5|         85|
    |imag_sample_ce0             |    9|          2|    1|          2|
    |imag_sample_we0             |    9|          2|    1|          2|
    |real_sample_address0        |    9|          2|    5|         10|
    |real_sample_address0_local  |   81|         17|    5|         85|
    |real_sample_address1_local  |   81|         17|    5|         85|
    |real_sample_ce0             |    9|          2|    1|          2|
    |real_sample_we0             |    9|          2|    1|          2|
    |temp_imag_address0          |   14|          3|    5|         15|
    |temp_imag_ce0               |   14|          3|    1|          3|
    |temp_imag_we0               |    9|          2|    1|          2|
    |temp_real_address0          |   14|          3|    5|         15|
    |temp_real_ce0               |   14|          3|    1|          3|
    |temp_real_we0               |    9|          2|    1|          2|
    +----------------------------+-----+-----------+-----+-----------+
    |Total                       |  558|        117|   49|        429|
    +----------------------------+-----+-----------+-----+-----------+

    * Register: 
    +-------------------------------------------------------+----+----+-----+-----------+
    |                          Name                         | FF | LUT| Bits| Const Bits|
    +-------------------------------------------------------+----+----+-----+-----------+
    |ap_CS_fsm                                              |  20|   0|   20|          0|
    |bit_sel10_reg_2848                                     |   1|   0|    1|          0|
    |bit_sel11_reg_2228                                     |   1|   0|    1|          0|
    |bit_sel12_reg_2248                                     |   1|   0|    1|          0|
    |bit_sel13_reg_2828                                     |   1|   0|    1|          0|
    |bit_sel14_reg_2288                                     |   1|   0|    1|          0|
    |bit_sel15_reg_2308                                     |   1|   0|    1|          0|
    |bit_sel16_reg_2788                                     |   1|   0|    1|          0|
    |bit_sel17_reg_2348                                     |   1|   0|    1|          0|
    |bit_sel18_reg_2368                                     |   1|   0|    1|          0|
    |bit_sel19_reg_2768                                     |   1|   0|    1|          0|
    |bit_sel20_reg_2408                                     |   1|   0|    1|          0|
    |bit_sel21_reg_2428                                     |   1|   0|    1|          0|
    |bit_sel22_reg_2728                                     |   1|   0|    1|          0|
    |bit_sel23_reg_2468                                     |   1|   0|    1|          0|
    |bit_sel24_reg_2488                                     |   1|   0|    1|          0|
    |bit_sel25_reg_2708                                     |   1|   0|    1|          0|
    |bit_sel26_reg_2528                                     |   1|   0|    1|          0|
    |bit_sel27_reg_2548                                     |   1|   0|    1|          0|
    |bit_sel28_reg_2668                                     |   1|   0|    1|          0|
    |bit_sel29_reg_2588                                     |   1|   0|    1|          0|
    |bit_sel2_reg_2048                                      |   1|   0|    1|          0|
    |bit_sel30_reg_2608                                     |   1|   0|    1|          0|
    |bit_sel31_reg_2648                                     |   1|   0|    1|          0|
    |bit_sel3_reg_2068                                      |   1|   0|    1|          0|
    |bit_sel4_reg_2908                                      |   1|   0|    1|          0|
    |bit_sel5_reg_2108                                      |   1|   0|    1|          0|
    |bit_sel6_reg_2128                                      |   1|   0|    1|          0|
    |bit_sel7_reg_2888                                      |   1|   0|    1|          0|
    |bit_sel8_reg_2168                                      |   1|   0|    1|          0|
    |bit_sel9_reg_2188                                      |   1|   0|    1|          0|
    |empty_10_reg_2173                                      |  31|   0|   31|          0|
    |empty_11_reg_2193                                      |  31|   0|   31|          0|
    |empty_12_reg_2233                                      |  31|   0|   31|          0|
    |empty_13_reg_2253                                      |  31|   0|   31|          0|
    |empty_14_reg_2293                                      |  31|   0|   31|          0|
    |empty_15_reg_2313                                      |  31|   0|   31|          0|
    |empty_16_reg_2353                                      |  31|   0|   31|          0|
    |empty_17_reg_2373                                      |  31|   0|   31|          0|
    |empty_18_reg_2413                                      |  31|   0|   31|          0|
    |empty_19_reg_2433                                      |  31|   0|   31|          0|
    |empty_20_reg_2473                                      |  31|   0|   31|          0|
    |empty_21_reg_2493                                      |  31|   0|   31|          0|
    |empty_22_reg_2533                                      |  31|   0|   31|          0|
    |empty_23_reg_2553                                      |  31|   0|   31|          0|
    |empty_24_reg_2593                                      |  31|   0|   31|          0|
    |empty_25_reg_2613                                      |  31|   0|   31|          0|
    |empty_26_reg_2653                                      |  31|   0|   31|          0|
    |empty_27_reg_2673                                      |  31|   0|   31|          0|
    |empty_28_reg_2713                                      |  31|   0|   31|          0|
    |empty_29_reg_2733                                      |  31|   0|   31|          0|
    |empty_30_reg_2773                                      |  31|   0|   31|          0|
    |empty_31_reg_2793                                      |  31|   0|   31|          0|
    |empty_32_reg_2833                                      |  31|   0|   31|          0|
    |empty_33_reg_2853                                      |  31|   0|   31|          0|
    |empty_34_reg_2893                                      |  31|   0|   31|          0|
    |empty_35_reg_2913                                      |  31|   0|   31|          0|
    |empty_7_reg_2073                                       |  31|   0|   31|          0|
    |empty_8_reg_2113                                       |  31|   0|   31|          0|
    |empty_9_reg_2133                                       |  31|   0|   31|          0|
    |empty_reg_2053                                         |  31|   0|   31|          0|
    |grp_dft_Pipeline_VITIS_LOOP_32_1_fu_1056_ap_start_reg  |   1|   0|    1|          0|
    |grp_dft_Pipeline_data_loop_fu_826_ap_start_reg         |   1|   0|    1|          0|
    |imag_part_10_reg_3093                                  |  32|   0|   32|          0|
    |imag_part_11_reg_3108                                  |  32|   0|   32|          0|
    |imag_part_12_reg_3123                                  |  32|   0|   32|          0|
    |imag_part_13_reg_3138                                  |  32|   0|   32|          0|
    |imag_part_14_reg_3153                                  |  32|   0|   32|          0|
    |imag_part_15_reg_3168                                  |  32|   0|   32|          0|
    |imag_part_16_reg_3183                                  |  32|   0|   32|          0|
    |imag_part_17_reg_3198                                  |  32|   0|   32|          0|
    |imag_part_18_reg_3213                                  |  32|   0|   32|          0|
    |imag_part_19_reg_3228                                  |  32|   0|   32|          0|
    |imag_part_1_reg_2958                                   |  32|   0|   32|          0|
    |imag_part_20_reg_3243                                  |  32|   0|   32|          0|
    |imag_part_21_reg_3258                                  |  32|   0|   32|          0|
    |imag_part_22_reg_3273                                  |  32|   0|   32|          0|
    |imag_part_23_reg_3288                                  |  32|   0|   32|          0|
    |imag_part_24_reg_3303                                  |  32|   0|   32|          0|
    |imag_part_25_reg_3318                                  |  32|   0|   32|          0|
    |imag_part_26_reg_3333                                  |  32|   0|   32|          0|
    |imag_part_27_reg_3348                                  |  32|   0|   32|          0|
    |imag_part_28_reg_3363                                  |  32|   0|   32|          0|
    |imag_part_29_reg_3378                                  |  32|   0|   32|          0|
    |imag_part_2_reg_2973                                   |  32|   0|   32|          0|
    |imag_part_30_reg_3393                                  |  32|   0|   32|          0|
    |imag_part_31_reg_3408                                  |  32|   0|   32|          0|
    |imag_part_3_reg_2988                                   |  32|   0|   32|          0|
    |imag_part_4_reg_3003                                   |  32|   0|   32|          0|
    |imag_part_5_reg_3018                                   |  32|   0|   32|          0|
    |imag_part_6_reg_3033                                   |  32|   0|   32|          0|
    |imag_part_7_reg_3048                                   |  32|   0|   32|          0|
    |imag_part_8_reg_3063                                   |  32|   0|   32|          0|
    |imag_part_9_reg_3078                                   |  32|   0|   32|          0|
    |imag_part_reg_2943                                     |  32|   0|   32|          0|
    |imag_sample_load_10_reg_2343                           |  32|   0|   32|          0|
    |imag_sample_load_11_reg_2363                           |  32|   0|   32|          0|
    |imag_sample_load_12_reg_2403                           |  32|   0|   32|          0|
    |imag_sample_load_13_reg_2423                           |  32|   0|   32|          0|
    |imag_sample_load_14_reg_2463                           |  32|   0|   32|          0|
    |imag_sample_load_15_reg_2483                           |  32|   0|   32|          0|
    |imag_sample_load_16_reg_2523                           |  32|   0|   32|          0|
    |imag_sample_load_17_reg_2543                           |  32|   0|   32|          0|
    |imag_sample_load_18_reg_2583                           |  32|   0|   32|          0|
    |imag_sample_load_19_reg_2603                           |  32|   0|   32|          0|
    |imag_sample_load_1_reg_2063                            |  32|   0|   32|          0|
    |imag_sample_load_20_reg_2643                           |  32|   0|   32|          0|
    |imag_sample_load_21_reg_2663                           |  32|   0|   32|          0|
    |imag_sample_load_22_reg_2703                           |  32|   0|   32|          0|
    |imag_sample_load_23_reg_2723                           |  32|   0|   32|          0|
    |imag_sample_load_24_reg_2763                           |  32|   0|   32|          0|
    |imag_sample_load_25_reg_2783                           |  32|   0|   32|          0|
    |imag_sample_load_26_reg_2823                           |  32|   0|   32|          0|
    |imag_sample_load_27_reg_2843                           |  32|   0|   32|          0|
    |imag_sample_load_28_reg_2883                           |  32|   0|   32|          0|
    |imag_sample_load_29_reg_2903                           |  32|   0|   32|          0|
    |imag_sample_load_2_reg_2103                            |  32|   0|   32|          0|
    |imag_sample_load_3_reg_2123                            |  32|   0|   32|          0|
    |imag_sample_load_4_reg_2163                            |  32|   0|   32|          0|
    |imag_sample_load_5_reg_2183                            |  32|   0|   32|          0|
    |imag_sample_load_6_reg_2223                            |  32|   0|   32|          0|
    |imag_sample_load_7_reg_2243                            |  32|   0|   32|          0|
    |imag_sample_load_8_reg_2283                            |  32|   0|   32|          0|
    |imag_sample_load_9_reg_2303                            |  32|   0|   32|          0|
    |imag_sample_load_reg_2043                              |  32|   0|   32|          0|
    |mul17_10_reg_3113                                      |  32|   0|   32|          0|
    |mul17_11_reg_3128                                      |  32|   0|   32|          0|
    |mul17_12_reg_3143                                      |  32|   0|   32|          0|
    |mul17_13_reg_3158                                      |  32|   0|   32|          0|
    |mul17_14_reg_3173                                      |  32|   0|   32|          0|
    |mul17_15_reg_3188                                      |  32|   0|   32|          0|
    |mul17_16_reg_3203                                      |  32|   0|   32|          0|
    |mul17_17_reg_3218                                      |  32|   0|   32|          0|
    |mul17_18_reg_3233                                      |  32|   0|   32|          0|
    |mul17_19_reg_3248                                      |  32|   0|   32|          0|
    |mul17_1_reg_2963                                       |  32|   0|   32|          0|
    |mul17_20_reg_3263                                      |  32|   0|   32|          0|
    |mul17_21_reg_3278                                      |  32|   0|   32|          0|
    |mul17_22_reg_3293                                      |  32|   0|   32|          0|
    |mul17_23_reg_3308                                      |  32|   0|   32|          0|
    |mul17_24_reg_3323                                      |  32|   0|   32|          0|
    |mul17_25_reg_3338                                      |  32|   0|   32|          0|
    |mul17_26_reg_3353                                      |  32|   0|   32|          0|
    |mul17_27_reg_3368                                      |  32|   0|   32|          0|
    |mul17_28_reg_3383                                      |  32|   0|   32|          0|
    |mul17_29_reg_3398                                      |  32|   0|   32|          0|
    |mul17_2_reg_2978                                       |  32|   0|   32|          0|
    |mul17_30_reg_3413                                      |  32|   0|   32|          0|
    |mul17_3_reg_2993                                       |  32|   0|   32|          0|
    |mul17_4_reg_3008                                       |  32|   0|   32|          0|
    |mul17_5_reg_3023                                       |  32|   0|   32|          0|
    |mul17_6_reg_3038                                       |  32|   0|   32|          0|
    |mul17_7_reg_3053                                       |  32|   0|   32|          0|
    |mul17_8_reg_3068                                       |  32|   0|   32|          0|
    |mul17_9_reg_3083                                       |  32|   0|   32|          0|
    |mul17_s_reg_3098                                       |  32|   0|   32|          0|
    |mul1_reg_2948                                          |  32|   0|   32|          0|
    |real_part_10_reg_3088                                  |  32|   0|   32|          0|
    |real_part_11_reg_3103                                  |  32|   0|   32|          0|
    |real_part_12_reg_3118                                  |  32|   0|   32|          0|
    |real_part_13_reg_3133                                  |  32|   0|   32|          0|
    |real_part_14_reg_3148                                  |  32|   0|   32|          0|
    |real_part_15_reg_3163                                  |  32|   0|   32|          0|
    |real_part_16_reg_3178                                  |  32|   0|   32|          0|
    |real_part_17_reg_3193                                  |  32|   0|   32|          0|
    |real_part_18_reg_3208                                  |  32|   0|   32|          0|
    |real_part_19_reg_3223                                  |  32|   0|   32|          0|
    |real_part_1_reg_2953                                   |  32|   0|   32|          0|
    |real_part_20_reg_3238                                  |  32|   0|   32|          0|
    |real_part_21_reg_3253                                  |  32|   0|   32|          0|
    |real_part_22_reg_3268                                  |  32|   0|   32|          0|
    |real_part_23_reg_3283                                  |  32|   0|   32|          0|
    |real_part_24_reg_3298                                  |  32|   0|   32|          0|
    |real_part_25_reg_3313                                  |  32|   0|   32|          0|
    |real_part_26_reg_3328                                  |  32|   0|   32|          0|
    |real_part_27_reg_3343                                  |  32|   0|   32|          0|
    |real_part_28_reg_3358                                  |  32|   0|   32|          0|
    |real_part_29_reg_3373                                  |  32|   0|   32|          0|
    |real_part_2_reg_2968                                   |  32|   0|   32|          0|
    |real_part_30_reg_3388                                  |  32|   0|   32|          0|
    |real_part_31_reg_3403                                  |  32|   0|   32|          0|
    |real_part_3_reg_2983                                   |  32|   0|   32|          0|
    |real_part_4_reg_2998                                   |  32|   0|   32|          0|
    |real_part_5_reg_3013                                   |  32|   0|   32|          0|
    |real_part_6_reg_3028                                   |  32|   0|   32|          0|
    |real_part_7_reg_3043                                   |  32|   0|   32|          0|
    |real_part_8_reg_3058                                   |  32|   0|   32|          0|
    |real_part_9_reg_3073                                   |  32|   0|   32|          0|
    |real_part_reg_2938                                     |  32|   0|   32|          0|
    |real_sample_load_10_reg_2338                           |  32|   0|   32|          0|
    |real_sample_load_11_reg_2358                           |  32|   0|   32|          0|
    |real_sample_load_12_reg_2398                           |  32|   0|   32|          0|
    |real_sample_load_13_reg_2418                           |  32|   0|   32|          0|
    |real_sample_load_14_reg_2458                           |  32|   0|   32|          0|
    |real_sample_load_15_reg_2478                           |  32|   0|   32|          0|
    |real_sample_load_16_reg_2518                           |  32|   0|   32|          0|
    |real_sample_load_17_reg_2538                           |  32|   0|   32|          0|
    |real_sample_load_18_reg_2578                           |  32|   0|   32|          0|
    |real_sample_load_19_reg_2598                           |  32|   0|   32|          0|
    |real_sample_load_1_reg_2058                            |  32|   0|   32|          0|
    |real_sample_load_20_reg_2638                           |  32|   0|   32|          0|
    |real_sample_load_21_reg_2658                           |  32|   0|   32|          0|
    |real_sample_load_22_reg_2698                           |  32|   0|   32|          0|
    |real_sample_load_23_reg_2718                           |  32|   0|   32|          0|
    |real_sample_load_24_reg_2758                           |  32|   0|   32|          0|
    |real_sample_load_25_reg_2778                           |  32|   0|   32|          0|
    |real_sample_load_26_reg_2818                           |  32|   0|   32|          0|
    |real_sample_load_27_reg_2838                           |  32|   0|   32|          0|
    |real_sample_load_28_reg_2878                           |  32|   0|   32|          0|
    |real_sample_load_29_reg_2898                           |  32|   0|   32|          0|
    |real_sample_load_2_reg_2098                            |  32|   0|   32|          0|
    |real_sample_load_3_reg_2118                            |  32|   0|   32|          0|
    |real_sample_load_4_reg_2158                            |  32|   0|   32|          0|
    |real_sample_load_5_reg_2178                            |  32|   0|   32|          0|
    |real_sample_load_6_reg_2218                            |  32|   0|   32|          0|
    |real_sample_load_7_reg_2238                            |  32|   0|   32|          0|
    |real_sample_load_8_reg_2278                            |  32|   0|   32|          0|
    |real_sample_load_9_reg_2298                            |  32|   0|   32|          0|
    |real_sample_load_reg_2038                              |  32|   0|   32|          0|
    +-------------------------------------------------------+----+----+-----+-----------+
    |Total                                                  |5974|   0| 5974|          0|
    +-------------------------------------------------------+----+----+-----+-----------+



================================================================
== Interface
================================================================
* Summary: 
+----------------------+-----+-----+------------+--------------+--------------+
|       RTL Ports      | Dir | Bits|  Protocol  | Source Object|    C Type    |
+----------------------+-----+-----+------------+--------------+--------------+
|ap_clk                |   in|    1|  ap_ctrl_hs|           dft|  return value|
|ap_rst                |   in|    1|  ap_ctrl_hs|           dft|  return value|
|ap_start              |   in|    1|  ap_ctrl_hs|           dft|  return value|
|ap_done               |  out|    1|  ap_ctrl_hs|           dft|  return value|
|ap_idle               |  out|    1|  ap_ctrl_hs|           dft|  return value|
|ap_ready              |  out|    1|  ap_ctrl_hs|           dft|  return value|
|real_sample_address0  |  out|    5|   ap_memory|   real_sample|         array|
|real_sample_ce0       |  out|    1|   ap_memory|   real_sample|         array|
|real_sample_we0       |  out|    1|   ap_memory|   real_sample|         array|
|real_sample_d0        |  out|   32|   ap_memory|   real_sample|         array|
|real_sample_q0        |   in|   32|   ap_memory|   real_sample|         array|
|real_sample_address1  |  out|    5|   ap_memory|   real_sample|         array|
|real_sample_ce1       |  out|    1|   ap_memory|   real_sample|         array|
|real_sample_q1        |   in|   32|   ap_memory|   real_sample|         array|
|imag_sample_address0  |  out|    5|   ap_memory|   imag_sample|         array|
|imag_sample_ce0       |  out|    1|   ap_memory|   imag_sample|         array|
|imag_sample_we0       |  out|    1|   ap_memory|   imag_sample|         array|
|imag_sample_d0        |  out|   32|   ap_memory|   imag_sample|         array|
|imag_sample_q0        |   in|   32|   ap_memory|   imag_sample|         array|
|imag_sample_address1  |  out|    5|   ap_memory|   imag_sample|         array|
|imag_sample_ce1       |  out|    1|   ap_memory|   imag_sample|         array|
|imag_sample_q1        |   in|   32|   ap_memory|   imag_sample|         array|
+----------------------+-----+-----+------------+--------------+--------------+

