

================================================================
== Vitis HLS Report for 'fir'
================================================================
* Date:           Fri Oct 10 16:19:17 2025

* Version:        2024.2 (Build 5238294 on Nov  8 2024)
* Project:        fir.comp
* Solution:       hls (Vivado IP Flow Target)
* Product family: zynq
* Target device:  xc7z020-clg400-1


================================================================
== Performance Estimates
================================================================
+ Timing: 
    * Summary: 
    +--------+----------+----------+------------+
    |  Clock |  Target  | Estimated| Uncertainty|
    +--------+----------+----------+------------+
    |ap_clk  |  10.00 ns|  6.912 ns|     2.70 ns|
    +--------+----------+----------+------------+

+ Latency: 
    * Summary: 
    +---------+---------+----------+----------+-----+-----+---------+
    |  Latency (cycles) |  Latency (absolute) |  Interval | Pipeline|
    |   min   |   max   |    min   |    max   | min | max |   Type  |
    +---------+---------+----------+----------+-----+-----+---------+
    |       19|       19|  0.190 us|  0.190 us|   20|   20|       no|
    +---------+---------+----------+----------+-----+-----+---------+

    + Detail: 
        * Instance: 
        N/A

        * Loop: 
        N/A

============================================================
+ Verbose Summary: Synthesis Manager
============================================================
InlineROM: 1
ExposeGlobal: 0
============================================================
+ Verbose Summary: CDFG Model
============================================================
IsTopModel: 1
ResetActiveHigh: 1
IsCombinational: 0
IsDatapathOnly: 0
HasWiredReturn: 1
HasMFsm: 0
HasVarLatency: 1
IsPipeline: 0
IsRtlPipelined: 0
IsInstanceOverlapped: 0
IsDontTouch: 0
HasImplIP: 0
IsGatedGlobalClock: 0


============================================================
+ Verbose Summary: Schedule
============================================================
* Number of FSM states : 4
* Pipeline : 0
* Dataflow Pipeline: 0

* FSM state transitions: 
1 --> 2 
2 --> 3 
3 --> 4 
4 --> 

* FSM state operations: 

State 1 <SV = 0> <Delay = 2.55>
ST_1 : Operation 5 [1/1] (0.00ns)   --->   "%x_read = read i32 @_ssdm_op_Read.ap_auto.i32, i32 %x"   --->   Operation 5 'read' 'x_read' <Predicate = true> <Delay = 0.00>
ST_1 : Operation 6 [1/1] (0.00ns)   --->   "%acc_1_loc = alloca i64 1"   --->   Operation 6 'alloca' 'acc_1_loc' <Predicate = true> <Delay = 0.00>
ST_1 : Operation 7 [1/1] (0.00ns) (grouped into LUT with out node p_sub)   --->   "%empty = shl i32 %x_read, i32 6"   --->   Operation 7 'shl' 'empty' <Predicate = true> <Delay = 0.00>
ST_1 : Operation 8 [1/1] (0.00ns) (grouped into LUT with out node p_sub)   --->   "%empty_5 = shl i32 %x_read, i32 4"   --->   Operation 8 'shl' 'empty_5' <Predicate = true> <Delay = 0.00>
ST_1 : Operation 9 [1/1] (2.55ns) (out node of the LUT)   --->   "%p_sub = sub i32 %empty, i32 %empty_5"   --->   Operation 9 'sub' 'p_sub' <Predicate = true> <Delay = 2.55> <CoreInst = "Adder">   --->   Core 1 'Adder' <Latency = 0> <II = 1> <Delay = 2.55> <FuncUnit> <Opcode : 'add' 'sub'> <InPorts = 2> <OutPorts = 1>

State 2 <SV = 1> <Delay = 6.69>
ST_2 : Operation 10 [1/1] (0.00ns)   --->   "%empty_6 = shl i32 %x_read, i32 2"   --->   Operation 10 'shl' 'empty_6' <Predicate = true> <Delay = 0.00>
ST_2 : Operation 11 [1/1] (0.00ns) (grouped into TernaryAdder)   --->   "%p_add = add i32 %p_sub, i32 %empty_6"   --->   Operation 11 'add' 'p_add' <Predicate = true> <Delay = 0.00> <CoreInst = "TAddSub">   --->   Core 10 'TAddSub' <Latency = 0> <II = 1> <Delay = 2.18> <IPBlock> <Opcode : '' 'add' 'sub'> <InPorts = 3> <OutPorts = 1> <Sync> <CReg>
ST_2 : Operation 12 [1/1] (4.37ns) (root node of TernaryAdder)   --->   "%mul = add i32 %p_add, i32 %x_read"   --->   Operation 12 'add' 'mul' <Predicate = true> <Delay = 4.37> <CoreInst = "TAddSub">   --->   Core 10 'TAddSub' <Latency = 0> <II = 1> <Delay = 2.18> <IPBlock> <Opcode : '' 'add' 'sub'> <InPorts = 3> <OutPorts = 1> <Sync> <CReg>
ST_2 : Operation 13 [2/2] (2.32ns)   --->   "%call_ln0 = call void @fir_Pipeline_Shift_Accum_Loop, i32 %mul, i32 %x_read, i32 %acc_1_loc, i32 %shift_reg, i32 %fir_int_int_c"   --->   Operation 13 'call' 'call_ln0' <Predicate = true> <Delay = 2.32> <CoreType = "Generic">   --->   Generic Core

State 3 <SV = 2> <Delay = 4.14>
ST_3 : Operation 14 [1/2] (4.14ns)   --->   "%call_ln0 = call void @fir_Pipeline_Shift_Accum_Loop, i32 %mul, i32 %x_read, i32 %acc_1_loc, i32 %shift_reg, i32 %fir_int_int_c"   --->   Operation 14 'call' 'call_ln0' <Predicate = true> <Delay = 4.14> <CoreType = "Generic">   --->   Generic Core

State 4 <SV = 3> <Delay = 0.00>
ST_4 : Operation 15 [1/1] (0.00ns)   --->   "%spectopmodule_ln15 = spectopmodule void @_ssdm_op_SpecTopModule, void @empty_1" [fir.cpp:15]   --->   Operation 15 'spectopmodule' 'spectopmodule_ln15' <Predicate = true> <Delay = 0.00>
ST_4 : Operation 16 [1/1] (0.00ns)   --->   "%specbitsmap_ln0 = specbitsmap void @_ssdm_op_SpecBitsMap, i32 %y"   --->   Operation 16 'specbitsmap' 'specbitsmap_ln0' <Predicate = true> <Delay = 0.00>
ST_4 : Operation 17 [1/1] (0.00ns)   --->   "%specinterface_ln0 = specinterface void @_ssdm_op_SpecInterface, i32 %y, void @empty, i32 0, i32 0, void @empty_0, i32 0, i32 0, void @empty_0, void @empty_0, void @empty_0, i32 0, i32 0, i32 0, i32 0, void @empty_0, void @empty_0, i32 4294967295, i32 0, i32 0"   --->   Operation 17 'specinterface' 'specinterface_ln0' <Predicate = true> <Delay = 0.00>
ST_4 : Operation 18 [1/1] (0.00ns)   --->   "%specbitsmap_ln0 = specbitsmap void @_ssdm_op_SpecBitsMap, i32 %x"   --->   Operation 18 'specbitsmap' 'specbitsmap_ln0' <Predicate = true> <Delay = 0.00>
ST_4 : Operation 19 [1/1] (0.00ns)   --->   "%specinterface_ln0 = specinterface void @_ssdm_op_SpecInterface, i32 %x, void @empty, i32 0, i32 0, void @empty_0, i32 0, i32 0, void @empty_0, void @empty_0, void @empty_0, i32 0, i32 0, i32 0, i32 0, void @empty_0, void @empty_0, i32 4294967295, i32 0, i32 0"   --->   Operation 19 'specinterface' 'specinterface_ln0' <Predicate = true> <Delay = 0.00>
ST_4 : Operation 20 [1/1] (0.00ns)   --->   "%acc_1_loc_load = load i32 %acc_1_loc"   --->   Operation 20 'load' 'acc_1_loc_load' <Predicate = true> <Delay = 0.00>
ST_4 : Operation 21 [1/1] (0.00ns)   --->   "%write_ln38 = write void @_ssdm_op_Write.ap_auto.i32P0A, i32 %y, i32 %acc_1_loc_load" [fir.cpp:38]   --->   Operation 21 'write' 'write_ln38' <Predicate = true> <Delay = 0.00>
ST_4 : Operation 22 [1/1] (0.00ns)   --->   "%ret_ln39 = ret" [fir.cpp:39]   --->   Operation 22 'ret' 'ret_ln39' <Predicate = true> <Delay = 0.00>


============================================================
+ Verbose Summary: Timing violations
============================================================
Target clock period: 10.000ns, clock uncertainty: 2.700ns.

 <State 1>: 2.552ns
The critical path consists of the following:
	wire read operation ('x') on port 'x' [5]  (0.000 ns)
	'shl' operation 32 bit ('empty') [12]  (0.000 ns)
	'sub' operation 32 bit ('p_sub') [14]  (2.552 ns)

 <State 2>: 6.693ns
The critical path consists of the following:
	'shl' operation 32 bit ('empty_6') [15]  (0.000 ns)
	'add' operation 32 bit ('p_add') [16]  (0.000 ns)
	'add' operation 32 bit ('mul') [17]  (4.371 ns)
	'call' operation 0 bit ('call_ln0') to 'fir_Pipeline_Shift_Accum_Loop' [18]  (2.322 ns)

 <State 3>: 4.140ns
The critical path consists of the following:
	'call' operation 0 bit ('call_ln0') to 'fir_Pipeline_Shift_Accum_Loop' [18]  (4.140 ns)

 <State 4>: 0.000ns
The critical path consists of the following:


============================================================
+ Verbose Summary: Binding
============================================================
N/A
* FSMD analyzer results:
  - Output states:
 - Input state : 
  - Chain level:
	State 1
	State 2
	State 3
	State 4


============================================================
+ Verbose Summary: Datapath Resource usage 
============================================================
N/A
