

================================================================
== Vitis HLS Report for 'fir_Pipeline_Shift_Accum_Loop'
================================================================
* Date:           Fri Oct 10 16:19:18 2025

* Version:        2024.2 (Build 5238294 on Nov  8 2024)
* Project:        fir.comp
* Solution:       hls (Vivado IP Flow Target)
* Product family: zynq
* Target device:  xc7z020-clg400-1


================================================================
== Performance Estimates
================================================================
+ Timing: 
    * Summary: 
    +--------+----------+----------+------------+
    |  Clock |  Target  | Estimated| Uncertainty|
    +--------+----------+----------+------------+
    |ap_clk  |  10.00 ns|  6.912 ns|     2.70 ns|
    +--------+----------+----------+------------+

+ Latency: 
    * Summary: 
    +---------+---------+----------+----------+-----+-----+------------------------------------------------+
    |  Latency (cycles) |  Latency (absolute) |  Interval |                    Pipeline                    |
    |   min   |   max   |    min   |    max   | min | max |                      Type                      |
    +---------+---------+----------+----------+-----+-----+------------------------------------------------+
    |       16|       16|  0.160 us|  0.160 us|   11|   11|  loop auto-rewind stp (delay=0 clock cycles(s))|
    +---------+---------+----------+----------+-----+-----+------------------------------------------------+

    + Detail: 
        * Instance: 
        N/A

        * Loop: 
        +--------------------+---------+---------+----------+-----------+-----------+------+----------+
        |                    |  Latency (cycles) | Iteration|  Initiation Interval  | Trip |          |
        |      Loop Name     |   min   |   max   |  Latency |  achieved |   target  | Count| Pipelined|
        +--------------------+---------+---------+----------+-----------+-----------+------+----------+
        |- Shift_Accum_Loop  |       14|       14|         5|          1|          1|    11|       yes|
        +--------------------+---------+---------+----------+-----------+-----------+------+----------+



================================================================
== Utilization Estimates
================================================================
* Summary: 
+-----------------+---------+-----+--------+-------+-----+
|       Name      | BRAM_18K| DSP |   FF   |  LUT  | URAM|
+-----------------+---------+-----+--------+-------+-----+
|DSP              |        -|    -|       -|      -|    -|
|Expression       |        -|    -|       0|     84|    -|
|FIFO             |        -|    -|       -|      -|    -|
|Instance         |        -|    2|     165|     50|    -|
|Memory           |        0|    -|      96|     12|    0|
|Multiplexer      |        -|    -|       0|     77|    -|
|Register         |        -|    -|     339|     32|    -|
+-----------------+---------+-----+--------+-------+-----+
|Total            |        0|    2|     600|    255|    0|
+-----------------+---------+-----+--------+-------+-----+
|Available        |      280|  220|  106400|  53200|    0|
+-----------------+---------+-----+--------+-------+-----+
|Utilization (%)  |        0|   ~0|      ~0|     ~0|    0|
+-----------------+---------+-----+--------+-------+-----+

+ Detail: 
    * Instance: 
    +-----------------------+--------------------+---------+----+-----+----+-----+
    |        Instance       |       Module       | BRAM_18K| DSP|  FF | LUT| URAM|
    +-----------------------+--------------------+---------+----+-----+----+-----+
    |mul_11s_32s_32_2_1_U1  |mul_11s_32s_32_2_1  |        0|   2|  165|  50|    0|
    +-----------------------+--------------------+---------+----+-----+----+-----+
    |Total                  |                    |        0|   2|  165|  50|    0|
    +-----------------------+--------------------+---------+----+-----+----+-----+

    * DSP: 
    N/A

    * Memory: 
    +-----------------+---------------------------------------------------------+---------+----+----+-----+------+-----+------+-------------+
    |      Memory     |                          Module                         | BRAM_18K| FF | LUT| URAM| Words| Bits| Banks| W*Bits*Banks|
    +-----------------+---------------------------------------------------------+---------+----+----+-----+------+-----+------+-------------+
    |fir_int_int_c_U  |fir_Pipeline_Shift_Accum_Loop_fir_int_int_c_ROM_AUTO_1R  |        0|  32|   6|    0|    11|   32|     1|          352|
    |shift_reg_U      |fir_Pipeline_Shift_Accum_Loop_shift_reg_RAM_AUTO_1R1W    |        0|  64|   6|    0|    11|   32|     1|          352|
    +-----------------+---------------------------------------------------------+---------+----+----+-----+------+-----+------+-------------+
    |Total            |                                                         |        0|  96|  12|    0|    22|   64|     2|          704|
    +-----------------+---------------------------------------------------------+---------+----+----+-----+------+-----+------+-------------+

    * FIFO: 
    N/A

    * Expression: 
    +---------------------+----------+----+---+----+------------+------------+
    |    Variable Name    | Operation| DSP| FF| LUT| Bitwidth P0| Bitwidth P1|
    +---------------------+----------+----+---+----+------------+------------+
    |acc_1_out            |         +|   0|  0|  39|          32|          32|
    |add_ln34_fu_142_p2   |         +|   0|  0|  13|           4|           2|
    |i_fu_158_p2          |         +|   0|  0|  13|           4|           2|
    |ap_condition_118     |       and|   0|  0|   2|           1|           1|
    |ap_condition_139     |       and|   0|  0|   2|           1|           1|
    |icmp_ln30_fu_136_p2  |      icmp|   0|  0|  13|           4|           1|
    |ap_enable_pp0        |       xor|   0|  0|   2|           1|           2|
    +---------------------+----------+----+---+----+------------+------------+
    |Total                |          |   0|  0|  84|          47|          41|
    +---------------------+----------+----+---+----+------------+------------+

    * Multiplexer: 
    +-------------------------------------+----+-----------+-----+-----------+
    |                 Name                | LUT| Input Size| Bits| Total Bits|
    +-------------------------------------+----+-----------+-----+-----------+
    |acc2_fu_46                           |   9|          2|   32|         64|
    |ap_done_int                          |   9|          2|    1|          2|
    |ap_loop_exit_ready_pp0_iter4_reg     |   9|          2|    1|          2|
    |ap_phi_mux_mul_pn_phi_fu_113_p4      |   9|          2|   32|         64|
    |ap_phi_reg_pp0_iter1_mul_pn_reg_110  |   9|          2|   32|         64|
    |ap_sig_allocacmp_i1_load             |   9|          2|    4|          8|
    |i1_fu_42                             |   9|          2|    4|          8|
    |shift_reg_address1_local             |  14|          3|    4|         12|
    +-------------------------------------+----+-----------+-----+-----------+
    |Total                                |  77|         17|  110|        224|
    +-------------------------------------+----+-----------+-----+-----------+

    * Register: 
    +-------------------------------------+----+----+-----+-----------+
    |                 Name                | FF | LUT| Bits| Const Bits|
    +-------------------------------------+----+----+-----+-----------+
    |acc2_fu_46                           |  32|   0|   32|          0|
    |ap_CS_fsm                            |   1|   0|    1|          0|
    |ap_done_reg                          |   1|   0|    1|          0|
    |ap_enable_reg_pp0_iter1              |   1|   0|    1|          0|
    |ap_enable_reg_pp0_iter2              |   1|   0|    1|          0|
    |ap_enable_reg_pp0_iter3              |   1|   0|    1|          0|
    |ap_enable_reg_pp0_iter4              |   1|   0|    1|          0|
    |ap_loop_exit_ready_pp0_iter1_reg     |   1|   0|    1|          0|
    |ap_loop_exit_ready_pp0_iter2_reg     |   1|   0|    1|          0|
    |ap_loop_exit_ready_pp0_iter3_reg     |   1|   0|    1|          0|
    |ap_loop_exit_ready_pp0_iter4_reg     |   1|   0|    1|          0|
    |ap_phi_reg_pp0_iter1_mul_pn_reg_110  |  32|   0|   32|          0|
    |ap_phi_reg_pp0_iter2_mul_pn_reg_110  |  32|   0|   32|          0|
    |ap_phi_reg_pp0_iter3_mul_pn_reg_110  |  32|   0|   32|          0|
    |ap_phi_reg_pp0_iter4_mul_pn_reg_110  |  32|   0|   32|          0|
    |fir_int_int_c_load_reg_227           |  32|   0|   32|          0|
    |i1_fu_42                             |   4|   0|    4|          0|
    |icmp_ln30_reg_203                    |   1|   0|    1|          0|
    |mul_ln35_reg_232                     |  32|   0|   32|          0|
    |shift_reg_load_reg_222               |  32|   0|   32|          0|
    |zext_ln29_reg_212                    |   4|   0|   64|         60|
    |icmp_ln30_reg_203                    |  64|  32|    1|          0|
    +-------------------------------------+----+----+-----+-----------+
    |Total                                | 339|  32|  336|         60|
    +-------------------------------------+----+----+-----+-----------+



================================================================
== Interface
================================================================
* Summary: 
+------------------+-----+-----+------------+-------------------------------+--------------+
|     RTL Ports    | Dir | Bits|  Protocol  |         Source Object         |    C Type    |
+------------------+-----+-----+------------+-------------------------------+--------------+
|ap_clk            |   in|    1|  ap_ctrl_hs|  fir_Pipeline_Shift_Accum_Loop|  return value|
|ap_rst            |   in|    1|  ap_ctrl_hs|  fir_Pipeline_Shift_Accum_Loop|  return value|
|ap_start          |   in|    1|  ap_ctrl_hs|  fir_Pipeline_Shift_Accum_Loop|  return value|
|ap_done           |  out|    1|  ap_ctrl_hs|  fir_Pipeline_Shift_Accum_Loop|  return value|
|ap_idle           |  out|    1|  ap_ctrl_hs|  fir_Pipeline_Shift_Accum_Loop|  return value|
|ap_ready          |  out|    1|  ap_ctrl_hs|  fir_Pipeline_Shift_Accum_Loop|  return value|
|mul               |   in|   32|     ap_none|                            mul|        scalar|
|x                 |   in|   32|     ap_none|                              x|        scalar|
|acc_1_out         |  out|   32|      ap_vld|                      acc_1_out|       pointer|
|acc_1_out_ap_vld  |  out|    1|      ap_vld|                      acc_1_out|       pointer|
+------------------+-----+-----+------------+-------------------------------+--------------+

============================================================
+ Verbose Summary: Synthesis Manager
============================================================
InlineROM: 1
ExposeGlobal: 0
============================================================
+ Verbose Summary: CDFG Model
============================================================
IsTopModel: 0
ResetActiveHigh: 1
IsCombinational: 2
IsDatapathOnly: 2
HasWiredReturn: 1
HasMFsm: 2
HasVarLatency: 1
IsPipeline: 0
IsRtlPipelined: 0
IsInstanceOverlapped: 0
IsDontTouch: 0
HasImplIP: 0
IsGatedGlobalClock: 0

+ Individual pipeline summary: 
  * Pipeline-0: initiation interval (II) = 1, depth = 5


============================================================
+ Verbose Summary: Schedule
============================================================
* Number of FSM states : 5
* Pipeline : 1
  Pipeline-0 : II = 1, D = 5, States = { 1 2 3 4 5 }
* Dataflow Pipeline: 0

* FSM state transitions: 
1 --> 2 
2 --> 3 
3 --> 4 
4 --> 5 
5 --> 

* FSM state operations: 

State 1 <SV = 0> <Delay = 5.64>
ST_1 : Operation 8 [1/1] (0.00ns)   --->   "%i1 = alloca i32 1"   --->   Operation 8 'alloca' 'i1' <Predicate = true> <Delay = 0.00>
ST_1 : Operation 9 [1/1] (0.00ns)   --->   "%acc2 = alloca i32 1"   --->   Operation 9 'alloca' 'acc2' <Predicate = true> <Delay = 0.00>
ST_1 : Operation 10 [1/1] (0.00ns)   --->   "%x_read = read i32 @_ssdm_op_Read.ap_auto.i32, i32 %x"   --->   Operation 10 'read' 'x_read' <Predicate = true> <Delay = 0.00>
ST_1 : Operation 11 [1/1] (0.00ns)   --->   "%mul_read = read i32 @_ssdm_op_Read.ap_auto.i32, i32 %mul"   --->   Operation 11 'read' 'mul_read' <Predicate = true> <Delay = 0.00>
ST_1 : Operation 12 [1/1] (1.58ns)   --->   "%store_ln0 = store i32 0, i32 %acc2"   --->   Operation 12 'store' 'store_ln0' <Predicate = true> <Delay = 1.58>
ST_1 : Operation 13 [1/1] (1.58ns)   --->   "%store_ln0 = store i4 10, i4 %i1"   --->   Operation 13 'store' 'store_ln0' <Predicate = true> <Delay = 1.58>
ST_1 : Operation 14 [1/1] (0.00ns)   --->   "%br_ln0 = br void %for.body.split"   --->   Operation 14 'br' 'br_ln0' <Predicate = true> <Delay = 0.00>
ST_1 : Operation 15 [1/1] (0.00ns)   --->   "%i1_load = load i4 %i1" [fir.cpp:29]   --->   Operation 15 'load' 'i1_load' <Predicate = true> <Delay = 0.00>
ST_1 : Operation 16 [1/1] (0.00ns)   --->   "%specpipeline_ln24 = specpipeline void @_ssdm_op_SpecPipeline, i32 4294967295, i32 0, i32 0, i32 0, void @empty_0" [fir.cpp:24]   --->   Operation 16 'specpipeline' 'specpipeline_ln24' <Predicate = true> <Delay = 0.00>
ST_1 : Operation 17 [1/1] (0.00ns)   --->   "%speclooptripcount_ln24 = speclooptripcount void @_ssdm_op_SpecLoopTripCount, i64 11, i64 11, i64 11" [fir.cpp:24]   --->   Operation 17 'speclooptripcount' 'speclooptripcount_ln24' <Predicate = true> <Delay = 0.00>
ST_1 : Operation 18 [1/1] (0.00ns)   --->   "%specloopname_ln29 = specloopname void @_ssdm_op_SpecLoopName, void @empty_2" [fir.cpp:29]   --->   Operation 18 'specloopname' 'specloopname_ln29' <Predicate = true> <Delay = 0.00>
ST_1 : Operation 19 [1/1] (1.73ns)   --->   "%icmp_ln30 = icmp_eq  i4 %i1_load, i4 0" [fir.cpp:30]   --->   Operation 19 'icmp' 'icmp_ln30' <Predicate = true> <Delay = 1.73> <CoreInst = "Cmp">   --->   Core 9 'Cmp' <Latency = 0> <II = 1> <Delay = 1.73> <FuncUnit> <Opcode : 'seteq' 'setne' 'setle' 'setge' 'setlt' 'setgt'> <InPorts = 2> <OutPorts = 1>
ST_1 : Operation 20 [1/1] (0.00ns)   --->   "%br_ln30 = br i1 %icmp_ln30, void %if.else, void %if.then" [fir.cpp:30]   --->   Operation 20 'br' 'br_ln30' <Predicate = true> <Delay = 0.00>
ST_1 : Operation 21 [1/1] (1.73ns)   --->   "%add_ln34 = add i4 %i1_load, i4 15" [fir.cpp:34]   --->   Operation 21 'add' 'add_ln34' <Predicate = (!icmp_ln30)> <Delay = 1.73> <CoreInst = "Adder">   --->   Core 1 'Adder' <Latency = 0> <II = 1> <Delay = 1.73> <FuncUnit> <Opcode : 'add' 'sub'> <InPorts = 2> <OutPorts = 1>
ST_1 : Operation 22 [1/1] (0.00ns)   --->   "%zext_ln34 = zext i4 %add_ln34" [fir.cpp:34]   --->   Operation 22 'zext' 'zext_ln34' <Predicate = (!icmp_ln30)> <Delay = 0.00>
ST_1 : Operation 23 [1/1] (0.00ns)   --->   "%shift_reg_addr = getelementptr i32 %shift_reg, i64 0, i64 %zext_ln34" [fir.cpp:34]   --->   Operation 23 'getelementptr' 'shift_reg_addr' <Predicate = (!icmp_ln30)> <Delay = 0.00>
ST_1 : Operation 24 [2/2] (2.32ns)   --->   "%shift_reg_load = load i4 %shift_reg_addr" [fir.cpp:34]   --->   Operation 24 'load' 'shift_reg_load' <Predicate = (!icmp_ln30)> <Delay = 2.32> <CoreInst = "RAM">   --->   Core 81 'RAM' <Latency = 1> <II = 1> <Delay = 2.32> <Storage> <Opcode : 'load' 'store'> <Ports = 2> <Width = 32> <Depth = 11> <RAM>
ST_1 : Operation 25 [1/1] (0.00ns)   --->   "%zext_ln29 = zext i4 %i1_load" [fir.cpp:29]   --->   Operation 25 'zext' 'zext_ln29' <Predicate = (!icmp_ln30)> <Delay = 0.00>
ST_1 : Operation 26 [1/1] (0.00ns)   --->   "%fir_int_int_c_addr = getelementptr i32 %fir_int_int_c, i64 0, i64 %zext_ln29" [fir.cpp:35]   --->   Operation 26 'getelementptr' 'fir_int_int_c_addr' <Predicate = (!icmp_ln30)> <Delay = 0.00>
ST_1 : Operation 27 [2/2] (2.32ns)   --->   "%fir_int_int_c_load = load i4 %fir_int_int_c_addr" [fir.cpp:35]   --->   Operation 27 'load' 'fir_int_int_c_load' <Predicate = (!icmp_ln30)> <Delay = 2.32> <CoreInst = "ROM">   --->   Core 94 'ROM' <Latency = 1> <II = 1> <Delay = 2.32> <Storage> <Opcode : 'load'> <Ports = 0> <Width = 32> <Depth = 11> <ROM>
ST_1 : Operation 28 [1/1] ( I:2.32ns O:2.32ns )   --->   "%store_ln32 = store i32 %x_read, i32 0" [fir.cpp:32]   --->   Operation 28 'store' 'store_ln32' <Predicate = (icmp_ln30)> <Delay = 2.32> <CoreInst = "RAM">   --->   Core 81 'RAM' <Latency = 1> <II = 1> <Delay = 2.32> <Storage> <Opcode : 'load' 'store'> <Ports = 2> <Width = 32> <Depth = 11> <RAM>
ST_1 : Operation 29 [1/1] (1.58ns)   --->   "%br_ln33 = br void %for.inc" [fir.cpp:33]   --->   Operation 29 'br' 'br_ln33' <Predicate = (icmp_ln30)> <Delay = 1.58>
ST_1 : Operation 30 [1/1] (1.73ns)   --->   "%i = add i4 %i1_load, i4 15" [fir.cpp:29]   --->   Operation 30 'add' 'i' <Predicate = true> <Delay = 1.73> <CoreInst = "Adder">   --->   Core 1 'Adder' <Latency = 0> <II = 1> <Delay = 1.73> <FuncUnit> <Opcode : 'add' 'sub'> <InPorts = 2> <OutPorts = 1>
ST_1 : Operation 31 [1/1] (1.58ns)   --->   "%store_ln29 = store i4 %i, i4 %i1" [fir.cpp:29]   --->   Operation 31 'store' 'store_ln29' <Predicate = true> <Delay = 1.58>
ST_1 : Operation 32 [1/1] (0.00ns)   --->   "%br_ln29 = br i1 %icmp_ln30, void %for.body.split, void %for.end.exitStub" [fir.cpp:29]   --->   Operation 32 'br' 'br_ln29' <Predicate = true> <Delay = 0.00>

State 2 <SV = 1> <Delay = 4.64>
ST_2 : Operation 33 [1/2] ( I:2.32ns O:2.32ns )   --->   "%shift_reg_load = load i4 %shift_reg_addr" [fir.cpp:34]   --->   Operation 33 'load' 'shift_reg_load' <Predicate = (!icmp_ln30)> <Delay = 2.32> <CoreInst = "RAM">   --->   Core 81 'RAM' <Latency = 1> <II = 1> <Delay = 2.32> <Storage> <Opcode : 'load' 'store'> <Ports = 2> <Width = 32> <Depth = 11> <RAM>
ST_2 : Operation 34 [1/1] (0.00ns)   --->   "%shift_reg_addr_1 = getelementptr i32 %shift_reg, i64 0, i64 %zext_ln29" [fir.cpp:34]   --->   Operation 34 'getelementptr' 'shift_reg_addr_1' <Predicate = (!icmp_ln30)> <Delay = 0.00>
ST_2 : Operation 35 [1/1] ( I:2.32ns O:2.32ns )   --->   "%store_ln34 = store i32 %shift_reg_load, i4 %shift_reg_addr_1" [fir.cpp:34]   --->   Operation 35 'store' 'store_ln34' <Predicate = (!icmp_ln30)> <Delay = 2.32> <CoreInst = "RAM">   --->   Core 81 'RAM' <Latency = 1> <II = 1> <Delay = 2.32> <Storage> <Opcode : 'load' 'store'> <Ports = 2> <Width = 32> <Depth = 11> <RAM>
ST_2 : Operation 36 [1/2] ( I:2.32ns O:2.32ns )   --->   "%fir_int_int_c_load = load i4 %fir_int_int_c_addr" [fir.cpp:35]   --->   Operation 36 'load' 'fir_int_int_c_load' <Predicate = (!icmp_ln30)> <Delay = 2.32> <CoreInst = "ROM">   --->   Core 94 'ROM' <Latency = 1> <II = 1> <Delay = 2.32> <Storage> <Opcode : 'load'> <Ports = 0> <Width = 32> <Depth = 11> <ROM>

State 3 <SV = 2> <Delay = 6.91>
ST_3 : Operation 37 [2/2] (6.91ns)   --->   "%mul_ln35 = mul i32 %fir_int_int_c_load, i32 %shift_reg_load" [fir.cpp:35]   --->   Operation 37 'mul' 'mul_ln35' <Predicate = (!icmp_ln30)> <Delay = 6.91> <CoreInst = "Multiplier">   --->   Core 3 'Multiplier' <Latency = 1> <II = 1> <Delay = 6.91> <FuncUnit> <Opcode : 'mul'> <InPorts = 2> <OutPorts = 1>

State 4 <SV = 3> <Delay = 6.91>
ST_4 : Operation 38 [1/2] (6.91ns)   --->   "%mul_ln35 = mul i32 %fir_int_int_c_load, i32 %shift_reg_load" [fir.cpp:35]   --->   Operation 38 'mul' 'mul_ln35' <Predicate = (!icmp_ln30)> <Delay = 6.91> <CoreInst = "Multiplier">   --->   Core 3 'Multiplier' <Latency = 1> <II = 1> <Delay = 6.91> <FuncUnit> <Opcode : 'mul'> <InPorts = 2> <OutPorts = 1>

State 5 <SV = 4> <Delay = 5.72>
ST_5 : Operation 39 [1/1] (1.58ns)   --->   "%br_ln0 = br void %for.inc"   --->   Operation 39 'br' 'br_ln0' <Predicate = (!icmp_ln30)> <Delay = 1.58>
ST_5 : Operation 40 [1/1] (0.00ns) (grouped into LUT with out node acc)   --->   "%mul_pn = phi i32 %mul_read, void %if.then, i32 %mul_ln35, void %if.else" [fir.cpp:35]   --->   Operation 40 'phi' 'mul_pn' <Predicate = true> <Delay = 0.00>
ST_5 : Operation 41 [1/1] (0.00ns)   --->   "%acc2_load = load i32 %acc2" [fir.cpp:24]   --->   Operation 41 'load' 'acc2_load' <Predicate = true> <Delay = 0.00>
ST_5 : Operation 42 [1/1] (2.55ns) (out node of the LUT)   --->   "%acc = add i32 %mul_pn, i32 %acc2_load" [fir.cpp:24]   --->   Operation 42 'add' 'acc' <Predicate = true> <Delay = 2.55> <CoreInst = "Adder">   --->   Core 1 'Adder' <Latency = 0> <II = 1> <Delay = 2.55> <FuncUnit> <Opcode : 'add' 'sub'> <InPorts = 2> <OutPorts = 1>
ST_5 : Operation 43 [1/1] (1.58ns)   --->   "%store_ln24 = store i32 %acc, i32 %acc2" [fir.cpp:24]   --->   Operation 43 'store' 'store_ln24' <Predicate = true> <Delay = 1.58>
ST_5 : Operation 44 [1/1] (0.00ns)   --->   "%write_ln24 = write void @_ssdm_op_Write.ap_auto.i32P0A, i32 %acc_1_out, i32 %acc" [fir.cpp:24]   --->   Operation 44 'write' 'write_ln24' <Predicate = (icmp_ln30)> <Delay = 0.00>
ST_5 : Operation 45 [1/1] (1.58ns)   --->   "%ret_ln0 = ret"   --->   Operation 45 'ret' 'ret_ln0' <Predicate = (icmp_ln30)> <Delay = 1.58>


============================================================
+ Verbose Summary: Binding
============================================================
STG Binding: 
---------------- STG Properties BEGIN ----------------
- Is combinational: 0
- Is one-state seq: 0
- Is datapath-only: 0
- Is pipelined: 0
- Is top level: 0
Port [ Return ] is wired: 1; IO mode=ap_ctrl_hs:ce=0
Port [ mul]:  wired=1; compound=0; hidden=0; nouse=0; global=0; static=0; extern=0; dir=0; type=0; pingpong=0; private_global=0; IO mode=ap_none:ce=0
Port [ x]:  wired=1; compound=0; hidden=0; nouse=0; global=0; static=0; extern=0; dir=0; type=0; pingpong=0; private_global=0; IO mode=ap_none:ce=0
Port [ acc_1_out]:  wired=1; compound=0; hidden=0; nouse=0; global=0; static=0; extern=0; dir=1; type=0; pingpong=0; private_global=0; IO mode=ap_vld:ce=0
Port [ shift_reg]:  wired=0; compound=1; hidden=1; nouse=0; global=1; static=1; extern=0; dir=2; type=1; pingpong=0; private_global=1; MemPort=[02]; IO mode=ap_memory:ce=0
Port [ fir_int_int_c]:  wired=0; compound=1; hidden=1; nouse=0; global=1; static=0; extern=0; dir=0; type=1; pingpong=0; private_global=1; MemPort=[1]; IO mode=ap_memory:ce=0
---------------- STG Properties END ------------------

---------------- Datapath Model BEGIN ----------------

<LifeTime>
<method=bitvector/>
i1                     (alloca           ) [ 010000]
acc2                   (alloca           ) [ 011111]
x_read                 (read             ) [ 000000]
mul_read               (read             ) [ 011111]
store_ln0              (store            ) [ 000000]
store_ln0              (store            ) [ 000000]
br_ln0                 (br               ) [ 000000]
i1_load                (load             ) [ 000000]
specpipeline_ln24      (specpipeline     ) [ 000000]
speclooptripcount_ln24 (speclooptripcount) [ 000000]
specloopname_ln29      (specloopname     ) [ 000000]
icmp_ln30              (icmp             ) [ 011111]
br_ln30                (br               ) [ 000000]
add_ln34               (add              ) [ 000000]
zext_ln34              (zext             ) [ 000000]
shift_reg_addr         (getelementptr    ) [ 011000]
zext_ln29              (zext             ) [ 011000]
fir_int_int_c_addr     (getelementptr    ) [ 011000]
store_ln32             (store            ) [ 000000]
br_ln33                (br               ) [ 011111]
i                      (add              ) [ 000000]
store_ln29             (store            ) [ 000000]
br_ln29                (br               ) [ 000000]
shift_reg_load         (load             ) [ 010110]
shift_reg_addr_1       (getelementptr    ) [ 000000]
store_ln34             (store            ) [ 000000]
fir_int_int_c_load     (load             ) [ 010110]
mul_ln35               (mul              ) [ 010001]
br_ln0                 (br               ) [ 000000]
mul_pn                 (phi              ) [ 010001]
acc2_load              (load             ) [ 000000]
acc                    (add              ) [ 000000]
store_ln24             (store            ) [ 000000]
write_ln24             (write            ) [ 000000]
ret_ln0                (ret              ) [ 000000]
</LifeTime>

<model>

<comp_list>
<comp id="0" class="1000" name="mul">
<pin_list>
<pin id="1" dir="1" index="0" bw="1" slack="0"/>
</pin_list>
<bind>
<StgValue><ssdm name="mul"/></StgValue>
</bind>
</comp>

<comp id="2" class="1000" name="x">
<pin_list>
<pin id="3" dir="1" index="0" bw="1" slack="0"/>
</pin_list>
<bind>
<StgValue><ssdm name="x"/></StgValue>
</bind>
</comp>

<comp id="4" class="1000" name="acc_1_out">
<pin_list>
<pin id="5" dir="1" index="0" bw="1" slack="0"/>
</pin_list>
<bind>
<StgValue><ssdm name="acc_1_out"/></StgValue>
</bind>
</comp>

<comp id="6" class="1000" name="shift_reg">
<pin_list>
<pin id="7" dir="1" index="0" bw="1" slack="0"/>
</pin_list>
<bind>
<StgValue><ssdm name="shift_reg"/><MemPortTyVec>0 2 </MemPortTyVec>
</StgValue>
</bind>
</comp>

<comp id="8" class="1000" name="fir_int_int_c">
<pin_list>
<pin id="9" dir="1" index="0" bw="1" slack="0"/>
</pin_list>
<bind>
<StgValue><ssdm name="fir_int_int_c"/><MemPortTyVec>1 </MemPortTyVec>
</StgValue>
</bind>
</comp>

<comp id="10" class="1001" name="const_10">
<pin_list>
<pin id="11" dir="1" index="0" bw="1" slack="0"/>
</pin_list>
<bind>
<StgValue><ssdm name=""/></StgValue>
</bind>
</comp>

<comp id="12" class="1001" name="const_12">
<pin_list>
<pin id="13" dir="1" index="0" bw="1" slack="0"/>
</pin_list>
<bind>
<StgValue><ssdm name="_ssdm_op_Read.ap_auto.i32"/></StgValue>
</bind>
</comp>

<comp id="14" class="1001" name="const_14">
<pin_list>
<pin id="15" dir="1" index="0" bw="1" slack="0"/>
</pin_list>
<bind>
<StgValue><ssdm name=""/></StgValue>
</bind>
</comp>

<comp id="16" class="1001" name="const_16">
<pin_list>
<pin id="17" dir="1" index="0" bw="1" slack="0"/>
</pin_list>
<bind>
<StgValue><ssdm name=""/></StgValue>
</bind>
</comp>

<comp id="18" class="1001" name="const_18">
<pin_list>
<pin id="19" dir="1" index="0" bw="1" slack="2147483647"/>
</pin_list>
<bind>
<StgValue><ssdm name="_ssdm_op_SpecPipeline"/></StgValue>
</bind>
</comp>

<comp id="20" class="1001" name="const_20">
<pin_list>
<pin id="21" dir="1" index="0" bw="1" slack="2147483647"/>
</pin_list>
<bind>
<StgValue><ssdm name=""/></StgValue>
</bind>
</comp>

<comp id="22" class="1001" name="const_22">
<pin_list>
<pin id="23" dir="1" index="0" bw="1" slack="2147483647"/>
</pin_list>
<bind>
<StgValue><ssdm name="empty_0"/></StgValue>
</bind>
</comp>

<comp id="24" class="1001" name="const_24">
<pin_list>
<pin id="25" dir="1" index="0" bw="1" slack="2147483647"/>
</pin_list>
<bind>
<StgValue><ssdm name="_ssdm_op_SpecLoopTripCount"/></StgValue>
</bind>
</comp>

<comp id="26" class="1001" name="const_26">
<pin_list>
<pin id="27" dir="1" index="0" bw="1" slack="2147483647"/>
</pin_list>
<bind>
<StgValue><ssdm name=""/></StgValue>
</bind>
</comp>

<comp id="28" class="1001" name="const_28">
<pin_list>
<pin id="29" dir="1" index="0" bw="1" slack="2147483647"/>
</pin_list>
<bind>
<StgValue><ssdm name="_ssdm_op_SpecLoopName"/></StgValue>
</bind>
</comp>

<comp id="30" class="1001" name="const_30">
<pin_list>
<pin id="31" dir="1" index="0" bw="1" slack="2147483647"/>
</pin_list>
<bind>
<StgValue><ssdm name="empty_2"/></StgValue>
</bind>
</comp>

<comp id="32" class="1001" name="const_32">
<pin_list>
<pin id="33" dir="1" index="0" bw="1" slack="0"/>
</pin_list>
<bind>
<StgValue><ssdm name=""/></StgValue>
</bind>
</comp>

<comp id="34" class="1001" name="const_34">
<pin_list>
<pin id="35" dir="1" index="0" bw="1" slack="0"/>
</pin_list>
<bind>
<StgValue><ssdm name=""/></StgValue>
</bind>
</comp>

<comp id="36" class="1001" name="const_36">
<pin_list>
<pin id="37" dir="1" index="0" bw="1" slack="0"/>
</pin_list>
<bind>
<StgValue><ssdm name=""/></StgValue>
</bind>
</comp>

<comp id="38" class="1001" name="const_38">
<pin_list>
<pin id="39" dir="1" index="0" bw="1" slack="0"/>
</pin_list>
<bind>
<StgValue><ssdm name=""/></StgValue>
</bind>
</comp>

<comp id="40" class="1001" name="const_40">
<pin_list>
<pin id="41" dir="1" index="0" bw="1" slack="0"/>
</pin_list>
<bind>
<StgValue><ssdm name="_ssdm_op_Write.ap_auto.i32P0A"/></StgValue>
</bind>
</comp>

<comp id="42" class="1004" name="i1_fu_42">
<pin_list>
<pin id="43" dir="0" index="0" bw="1" slack="0"/>
<pin id="44" dir="1" index="1" bw="4" slack="0"/>
</pin_list>
<bind>
<opcode="alloca(26) " fcode="alloca"/>
<opset="i1/1 "/>
</bind>
</comp>

<comp id="46" class="1004" name="acc2_fu_46">
<pin_list>
<pin id="47" dir="0" index="0" bw="1" slack="0"/>
<pin id="48" dir="1" index="1" bw="32" slack="0"/>
</pin_list>
<bind>
<opcode="alloca(26) " fcode="alloca"/>
<opset="acc2/1 "/>
</bind>
</comp>

<comp id="50" class="1004" name="x_read_read_fu_50">
<pin_list>
<pin id="51" dir="0" index="0" bw="32" slack="0"/>
<pin id="52" dir="0" index="1" bw="32" slack="0"/>
<pin id="53" dir="1" index="2" bw="32" slack="0"/>
</pin_list>
<bind>
<opcode="read(1150) " fcode="read"/>
<opset="x_read/1 "/>
</bind>
</comp>

<comp id="56" class="1004" name="mul_read_read_fu_56">
<pin_list>
<pin id="57" dir="0" index="0" bw="32" slack="0"/>
<pin id="58" dir="0" index="1" bw="32" slack="0"/>
<pin id="59" dir="1" index="2" bw="32" slack="4"/>
</pin_list>
<bind>
<opcode="read(1150) " fcode="read"/>
<opset="mul_read/1 "/>
</bind>
</comp>

<comp id="62" class="1004" name="write_ln24_write_fu_62">
<pin_list>
<pin id="63" dir="0" index="0" bw="0" slack="0"/>
<pin id="64" dir="0" index="1" bw="32" slack="0"/>
<pin id="65" dir="0" index="2" bw="32" slack="0"/>
<pin id="66" dir="1" index="3" bw="0" slack="2147483647"/>
</pin_list>
<bind>
<opcode="write(1151) " fcode="write"/>
<opset="write_ln24/5 "/>
</bind>
</comp>

<comp id="69" class="1004" name="shift_reg_addr_gep_fu_69">
<pin_list>
<pin id="70" dir="0" index="0" bw="32" slack="0"/>
<pin id="71" dir="0" index="1" bw="1" slack="0"/>
<pin id="72" dir="0" index="2" bw="4" slack="0"/>
<pin id="73" dir="1" index="3" bw="4" slack="0"/>
</pin_list>
<bind>
<opcode="getelementptr(29) " fcode="getelementptr"/>
<opset="shift_reg_addr/1 "/>
</bind>
</comp>

<comp id="76" class="1004" name="grp_access_fu_76">
<pin_list>
<pin id="77" dir="0" index="0" bw="4" slack="0"/>
<pin id="78" dir="0" index="1" bw="32" slack="0"/>
<pin id="79" dir="0" index="2" bw="0" slack="0"/>
<pin id="81" dir="0" index="4" bw="4" slack="0"/>
<pin id="82" dir="0" index="5" bw="32" slack="2147483647"/>
<pin id="83" dir="0" index="6" bw="0" slack="2147483647"/>
<pin id="80" dir="1" index="3" bw="32" slack="2147483647"/>
<pin id="84" dir="1" index="7" bw="32" slack="0"/>
</pin_list>
<bind>
<opcode="load(27) store(28) " fcode="store"/>
<opset="shift_reg_load/1 store_ln32/1 store_ln34/2 "/>
</bind>
</comp>

<comp id="86" class="1004" name="fir_int_int_c_addr_gep_fu_86">
<pin_list>
<pin id="87" dir="0" index="0" bw="32" slack="0"/>
<pin id="88" dir="0" index="1" bw="1" slack="0"/>
<pin id="89" dir="0" index="2" bw="4" slack="0"/>
<pin id="90" dir="1" index="3" bw="4" slack="0"/>
</pin_list>
<bind>
<opcode="getelementptr(29) " fcode="getelementptr"/>
<opset="fir_int_int_c_addr/1 "/>
</bind>
</comp>

<comp id="93" class="1004" name="grp_access_fu_93">
<pin_list>
<pin id="94" dir="0" index="0" bw="4" slack="0"/>
<pin id="95" dir="0" index="1" bw="32" slack="2147483647"/>
<pin id="96" dir="0" index="2" bw="0" slack="2147483647"/>
<pin id="97" dir="1" index="3" bw="32" slack="1"/>
</pin_list>
<bind>
<opcode="load(27) " fcode="load"/>
<opset="fir_int_int_c_load/1 "/>
</bind>
</comp>

<comp id="101" class="1004" name="shift_reg_addr_1_gep_fu_101">
<pin_list>
<pin id="102" dir="0" index="0" bw="32" slack="0"/>
<pin id="103" dir="0" index="1" bw="1" slack="0"/>
<pin id="104" dir="0" index="2" bw="4" slack="1"/>
<pin id="105" dir="1" index="3" bw="4" slack="0"/>
</pin_list>
<bind>
<opcode="getelementptr(29) " fcode="getelementptr"/>
<opset="shift_reg_addr_1/2 "/>
</bind>
</comp>

<comp id="110" class="1005" name="mul_pn_reg_110">
<pin_list>
<pin id="111" dir="0" index="0" bw="32" slack="2147483647"/>
<pin id="112" dir="1" index="1" bw="32" slack="2147483647"/>
</pin_list>
<bind>
<opset="mul_pn (phireg) "/>
</bind>
</comp>

<comp id="113" class="1004" name="mul_pn_phi_fu_113">
<pin_list>
<pin id="114" dir="0" index="0" bw="32" slack="4"/>
<pin id="115" dir="0" index="1" bw="0" slack="2147483647"/>
<pin id="116" dir="0" index="2" bw="32" slack="1"/>
<pin id="117" dir="0" index="3" bw="0" slack="2147483647"/>
<pin id="118" dir="1" index="4" bw="32" slack="0"/>
</pin_list>
<bind>
<opcode="phi(47) " fcode="phi"/>
<opset="mul_pn/5 "/>
</bind>
</comp>

<comp id="119" class="1004" name="grp_fu_119">
<pin_list>
<pin id="120" dir="0" index="0" bw="11" slack="1"/>
<pin id="121" dir="0" index="1" bw="32" slack="1"/>
<pin id="122" dir="1" index="2" bw="32" slack="1"/>
</pin_list>
<bind>
<opcode="mul(12) " fcode="mul"/>
<opset="mul_ln35/3 "/>
</bind>
</comp>

<comp id="123" class="1004" name="store_ln0_store_fu_123">
<pin_list>
<pin id="124" dir="0" index="0" bw="1" slack="0"/>
<pin id="125" dir="0" index="1" bw="32" slack="0"/>
<pin id="126" dir="1" index="2" bw="0" slack="2147483647"/>
</pin_list>
<bind>
<opcode="store(28) " fcode="store"/>
<opset="store_ln0/1 "/>
</bind>
</comp>

<comp id="128" class="1004" name="store_ln0_store_fu_128">
<pin_list>
<pin id="129" dir="0" index="0" bw="4" slack="0"/>
<pin id="130" dir="0" index="1" bw="4" slack="0"/>
<pin id="131" dir="1" index="2" bw="0" slack="2147483647"/>
</pin_list>
<bind>
<opcode="store(28) " fcode="store"/>
<opset="store_ln0/1 "/>
</bind>
</comp>

<comp id="133" class="1004" name="i1_load_load_fu_133">
<pin_list>
<pin id="134" dir="0" index="0" bw="4" slack="0"/>
<pin id="135" dir="1" index="1" bw="4" slack="0"/>
</pin_list>
<bind>
<opcode="load(27) " fcode="load"/>
<opset="i1_load/1 "/>
</bind>
</comp>

<comp id="136" class="1004" name="icmp_ln30_fu_136">
<pin_list>
<pin id="137" dir="0" index="0" bw="4" slack="0"/>
<pin id="138" dir="0" index="1" bw="4" slack="0"/>
<pin id="139" dir="1" index="2" bw="1" slack="1"/>
</pin_list>
<bind>
<opcode="icmp(45) " fcode="icmp"/>
<opset="icmp_ln30/1 "/>
</bind>
</comp>

<comp id="142" class="1004" name="add_ln34_fu_142">
<pin_list>
<pin id="143" dir="0" index="0" bw="4" slack="0"/>
<pin id="144" dir="0" index="1" bw="1" slack="0"/>
<pin id="145" dir="1" index="2" bw="4" slack="0"/>
</pin_list>
<bind>
<opcode="add(8) " fcode="add"/>
<opset="add_ln34/1 "/>
</bind>
</comp>

<comp id="148" class="1004" name="zext_ln34_fu_148">
<pin_list>
<pin id="149" dir="0" index="0" bw="4" slack="0"/>
<pin id="150" dir="1" index="1" bw="64" slack="0"/>
</pin_list>
<bind>
<opcode="zext(34) " fcode="zext"/>
<opset="zext_ln34/1 "/>
</bind>
</comp>

<comp id="153" class="1004" name="zext_ln29_fu_153">
<pin_list>
<pin id="154" dir="0" index="0" bw="4" slack="0"/>
<pin id="155" dir="1" index="1" bw="64" slack="0"/>
</pin_list>
<bind>
<opcode="zext(34) " fcode="zext"/>
<opset="zext_ln29/1 "/>
</bind>
</comp>

<comp id="158" class="1004" name="i_fu_158">
<pin_list>
<pin id="159" dir="0" index="0" bw="4" slack="0"/>
<pin id="160" dir="0" index="1" bw="1" slack="0"/>
<pin id="161" dir="1" index="2" bw="4" slack="0"/>
</pin_list>
<bind>
<opcode="add(8) " fcode="add"/>
<opset="i/1 "/>
</bind>
</comp>

<comp id="164" class="1004" name="store_ln29_store_fu_164">
<pin_list>
<pin id="165" dir="0" index="0" bw="4" slack="0"/>
<pin id="166" dir="0" index="1" bw="4" slack="0"/>
<pin id="167" dir="1" index="2" bw="0" slack="2147483647"/>
</pin_list>
<bind>
<opcode="store(28) " fcode="store"/>
<opset="store_ln29/1 "/>
</bind>
</comp>

<comp id="169" class="1004" name="acc2_load_load_fu_169">
<pin_list>
<pin id="170" dir="0" index="0" bw="32" slack="4"/>
<pin id="171" dir="1" index="1" bw="32" slack="0"/>
</pin_list>
<bind>
<opcode="load(27) " fcode="load"/>
<opset="acc2_load/5 "/>
</bind>
</comp>

<comp id="172" class="1004" name="acc_fu_172">
<pin_list>
<pin id="173" dir="0" index="0" bw="32" slack="0"/>
<pin id="174" dir="0" index="1" bw="32" slack="0"/>
<pin id="175" dir="1" index="2" bw="32" slack="0"/>
</pin_list>
<bind>
<opcode="add(8) " fcode="add"/>
<opset="acc/5 "/>
</bind>
</comp>

<comp id="179" class="1004" name="store_ln24_store_fu_179">
<pin_list>
<pin id="180" dir="0" index="0" bw="32" slack="0"/>
<pin id="181" dir="0" index="1" bw="32" slack="4"/>
<pin id="182" dir="1" index="2" bw="0" slack="2147483647"/>
</pin_list>
<bind>
<opcode="store(28) " fcode="store"/>
<opset="store_ln24/5 "/>
</bind>
</comp>

<comp id="184" class="1005" name="i1_reg_184">
<pin_list>
<pin id="185" dir="0" index="0" bw="4" slack="0"/>
<pin id="186" dir="1" index="1" bw="4" slack="0"/>
</pin_list>
<bind>
<opset="i1 "/>
</bind>
</comp>

<comp id="191" class="1005" name="acc2_reg_191">
<pin_list>
<pin id="192" dir="0" index="0" bw="32" slack="0"/>
<pin id="193" dir="1" index="1" bw="32" slack="0"/>
</pin_list>
<bind>
<opset="acc2 "/>
</bind>
</comp>

<comp id="198" class="1005" name="mul_read_reg_198">
<pin_list>
<pin id="199" dir="0" index="0" bw="32" slack="4"/>
<pin id="200" dir="1" index="1" bw="32" slack="4"/>
</pin_list>
<bind>
<opset="mul_read "/>
</bind>
</comp>

<comp id="203" class="1005" name="icmp_ln30_reg_203">
<pin_list>
<pin id="204" dir="0" index="0" bw="1" slack="1"/>
<pin id="205" dir="1" index="1" bw="1" slack="2147483647"/>
</pin_list>
<bind>
<opset="icmp_ln30 "/>
</bind>
</comp>

<comp id="207" class="1005" name="shift_reg_addr_reg_207">
<pin_list>
<pin id="208" dir="0" index="0" bw="4" slack="1"/>
<pin id="209" dir="1" index="1" bw="4" slack="1"/>
</pin_list>
<bind>
<opset="shift_reg_addr "/>
</bind>
</comp>

<comp id="212" class="1005" name="zext_ln29_reg_212">
<pin_list>
<pin id="213" dir="0" index="0" bw="64" slack="1"/>
<pin id="214" dir="1" index="1" bw="64" slack="1"/>
</pin_list>
<bind>
<opset="zext_ln29 "/>
</bind>
</comp>

<comp id="217" class="1005" name="fir_int_int_c_addr_reg_217">
<pin_list>
<pin id="218" dir="0" index="0" bw="4" slack="1"/>
<pin id="219" dir="1" index="1" bw="4" slack="1"/>
</pin_list>
<bind>
<opset="fir_int_int_c_addr "/>
</bind>
</comp>

<comp id="222" class="1005" name="shift_reg_load_reg_222">
<pin_list>
<pin id="223" dir="0" index="0" bw="32" slack="1"/>
<pin id="224" dir="1" index="1" bw="32" slack="1"/>
</pin_list>
<bind>
<opset="shift_reg_load "/>
</bind>
</comp>

<comp id="227" class="1005" name="fir_int_int_c_load_reg_227">
<pin_list>
<pin id="228" dir="0" index="0" bw="32" slack="1"/>
<pin id="229" dir="1" index="1" bw="32" slack="1"/>
</pin_list>
<bind>
<opset="fir_int_int_c_load "/>
</bind>
</comp>

<comp id="232" class="1005" name="mul_ln35_reg_232">
<pin_list>
<pin id="233" dir="0" index="0" bw="32" slack="1"/>
<pin id="234" dir="1" index="1" bw="32" slack="1"/>
</pin_list>
<bind>
<opset="mul_ln35 "/>
</bind>
</comp>

</comp_list>

<net_list>
<net id="45"><net_src comp="10" pin="0"/><net_sink comp="42" pin=0"/></net>

<net id="49"><net_src comp="10" pin="0"/><net_sink comp="46" pin=0"/></net>

<net id="54"><net_src comp="12" pin="0"/><net_sink comp="50" pin=0"/></net>

<net id="55"><net_src comp="2" pin="0"/><net_sink comp="50" pin=1"/></net>

<net id="60"><net_src comp="12" pin="0"/><net_sink comp="56" pin=0"/></net>

<net id="61"><net_src comp="0" pin="0"/><net_sink comp="56" pin=1"/></net>

<net id="67"><net_src comp="40" pin="0"/><net_sink comp="62" pin=0"/></net>

<net id="68"><net_src comp="4" pin="0"/><net_sink comp="62" pin=1"/></net>

<net id="74"><net_src comp="6" pin="0"/><net_sink comp="69" pin=0"/></net>

<net id="75"><net_src comp="36" pin="0"/><net_sink comp="69" pin=1"/></net>

<net id="85"><net_src comp="69" pin="3"/><net_sink comp="76" pin=2"/></net>

<net id="91"><net_src comp="8" pin="0"/><net_sink comp="86" pin=0"/></net>

<net id="92"><net_src comp="36" pin="0"/><net_sink comp="86" pin=1"/></net>

<net id="98"><net_src comp="86" pin="3"/><net_sink comp="93" pin=0"/></net>

<net id="99"><net_src comp="50" pin="2"/><net_sink comp="76" pin=4"/></net>

<net id="100"><net_src comp="38" pin="0"/><net_sink comp="76" pin=2"/></net>

<net id="106"><net_src comp="6" pin="0"/><net_sink comp="101" pin=0"/></net>

<net id="107"><net_src comp="36" pin="0"/><net_sink comp="101" pin=1"/></net>

<net id="108"><net_src comp="76" pin="7"/><net_sink comp="76" pin=1"/></net>

<net id="109"><net_src comp="101" pin="3"/><net_sink comp="76" pin=0"/></net>

<net id="127"><net_src comp="14" pin="0"/><net_sink comp="123" pin=0"/></net>

<net id="132"><net_src comp="16" pin="0"/><net_sink comp="128" pin=0"/></net>

<net id="140"><net_src comp="133" pin="1"/><net_sink comp="136" pin=0"/></net>

<net id="141"><net_src comp="32" pin="0"/><net_sink comp="136" pin=1"/></net>

<net id="146"><net_src comp="133" pin="1"/><net_sink comp="142" pin=0"/></net>

<net id="147"><net_src comp="34" pin="0"/><net_sink comp="142" pin=1"/></net>

<net id="151"><net_src comp="142" pin="2"/><net_sink comp="148" pin=0"/></net>

<net id="152"><net_src comp="148" pin="1"/><net_sink comp="69" pin=2"/></net>

<net id="156"><net_src comp="133" pin="1"/><net_sink comp="153" pin=0"/></net>

<net id="157"><net_src comp="153" pin="1"/><net_sink comp="86" pin=2"/></net>

<net id="162"><net_src comp="133" pin="1"/><net_sink comp="158" pin=0"/></net>

<net id="163"><net_src comp="34" pin="0"/><net_sink comp="158" pin=1"/></net>

<net id="168"><net_src comp="158" pin="2"/><net_sink comp="164" pin=0"/></net>

<net id="176"><net_src comp="113" pin="4"/><net_sink comp="172" pin=0"/></net>

<net id="177"><net_src comp="169" pin="1"/><net_sink comp="172" pin=1"/></net>

<net id="178"><net_src comp="172" pin="2"/><net_sink comp="62" pin=2"/></net>

<net id="183"><net_src comp="172" pin="2"/><net_sink comp="179" pin=0"/></net>

<net id="187"><net_src comp="42" pin="1"/><net_sink comp="184" pin=0"/></net>

<net id="188"><net_src comp="184" pin="1"/><net_sink comp="128" pin=1"/></net>

<net id="189"><net_src comp="184" pin="1"/><net_sink comp="133" pin=0"/></net>

<net id="190"><net_src comp="184" pin="1"/><net_sink comp="164" pin=1"/></net>

<net id="194"><net_src comp="46" pin="1"/><net_sink comp="191" pin=0"/></net>

<net id="195"><net_src comp="191" pin="1"/><net_sink comp="123" pin=1"/></net>

<net id="196"><net_src comp="191" pin="1"/><net_sink comp="169" pin=0"/></net>

<net id="197"><net_src comp="191" pin="1"/><net_sink comp="179" pin=1"/></net>

<net id="201"><net_src comp="56" pin="2"/><net_sink comp="198" pin=0"/></net>

<net id="202"><net_src comp="198" pin="1"/><net_sink comp="113" pin=0"/></net>

<net id="206"><net_src comp="136" pin="2"/><net_sink comp="203" pin=0"/></net>

<net id="210"><net_src comp="69" pin="3"/><net_sink comp="207" pin=0"/></net>

<net id="211"><net_src comp="207" pin="1"/><net_sink comp="76" pin=2"/></net>

<net id="215"><net_src comp="153" pin="1"/><net_sink comp="212" pin=0"/></net>

<net id="216"><net_src comp="212" pin="1"/><net_sink comp="101" pin=2"/></net>

<net id="220"><net_src comp="86" pin="3"/><net_sink comp="217" pin=0"/></net>

<net id="221"><net_src comp="217" pin="1"/><net_sink comp="93" pin=0"/></net>

<net id="225"><net_src comp="76" pin="7"/><net_sink comp="222" pin=0"/></net>

<net id="226"><net_src comp="222" pin="1"/><net_sink comp="119" pin=1"/></net>

<net id="230"><net_src comp="93" pin="3"/><net_sink comp="227" pin=0"/></net>

<net id="231"><net_src comp="227" pin="1"/><net_sink comp="119" pin=0"/></net>

<net id="235"><net_src comp="119" pin="2"/><net_sink comp="232" pin=0"/></net>

<net id="236"><net_src comp="232" pin="1"/><net_sink comp="113" pin=2"/></net>

</net_list>

</model> 
---------------- Datapath Model END ------------------

* FSMD analyzer results:
  - Output states:
	Port: acc_1_out | {5 }
	Port: shift_reg | {1 2 }
	Port: fir_int_int_c | {}
 - Input state : 
	Port: fir_Pipeline_Shift_Accum_Loop : mul | {1 }
	Port: fir_Pipeline_Shift_Accum_Loop : x | {1 }
	Port: fir_Pipeline_Shift_Accum_Loop : shift_reg | {1 2 }
	Port: fir_Pipeline_Shift_Accum_Loop : fir_int_int_c | {1 2 }
  - Chain level:
	State 1
		store_ln0 : 1
		store_ln0 : 1
		i1_load : 1
		icmp_ln30 : 2
		br_ln30 : 3
		add_ln34 : 2
		zext_ln34 : 3
		shift_reg_addr : 4
		shift_reg_load : 5
		zext_ln29 : 2
		fir_int_int_c_addr : 3
		fir_int_int_c_load : 4
		i : 2
		store_ln29 : 3
		br_ln29 : 3
	State 2
		store_ln34 : 1
	State 3
	State 4
	State 5
		mul_pn : 1
		acc : 2
		store_ln24 : 3
		write_ln24 : 3


============================================================
+ Verbose Summary: Datapath Resource usage 
============================================================

* Functional unit list:
|----------|------------------------|---------|---------|---------|
| Operation|     Functional Unit    |   DSP   |    FF   |   LUT   |
|----------|------------------------|---------|---------|---------|
|    mul   |       grp_fu_119       |    2    |   165   |    50   |
|----------|------------------------|---------|---------|---------|
|          |     add_ln34_fu_142    |    0    |    0    |    13   |
|    add   |        i_fu_158        |    0    |    0    |    13   |
|          |       acc_fu_172       |    0    |    0    |    39   |
|----------|------------------------|---------|---------|---------|
|   icmp   |    icmp_ln30_fu_136    |    0    |    0    |    13   |
|----------|------------------------|---------|---------|---------|
|   read   |    x_read_read_fu_50   |    0    |    0    |    0    |
|          |   mul_read_read_fu_56  |    0    |    0    |    0    |
|----------|------------------------|---------|---------|---------|
|   write  | write_ln24_write_fu_62 |    0    |    0    |    0    |
|----------|------------------------|---------|---------|---------|
|   zext   |    zext_ln34_fu_148    |    0    |    0    |    0    |
|          |    zext_ln29_fu_153    |    0    |    0    |    0    |
|----------|------------------------|---------|---------|---------|
|   Total  |                        |    2    |   165   |   128   |
|----------|------------------------|---------|---------|---------|

Memories:
N/A

* Register list:
+--------------------------+--------+
|                          |   FF   |
+--------------------------+--------+
|       acc2_reg_191       |   32   |
|fir_int_int_c_addr_reg_217|    4   |
|fir_int_int_c_load_reg_227|   32   |
|        i1_reg_184        |    4   |
|     icmp_ln30_reg_203    |    1   |
|     mul_ln35_reg_232     |   32   |
|      mul_pn_reg_110      |   32   |
|     mul_read_reg_198     |   32   |
|  shift_reg_addr_reg_207  |    4   |
|  shift_reg_load_reg_222  |   32   |
|     zext_ln29_reg_212    |   64   |
+--------------------------+--------+
|           Total          |   269  |
+--------------------------+--------+

* Multiplexer (MUX) list: 
|------------------|------|------|------|--------||---------||---------||---------|
|       Comp       |  Pin | Size |  BW  | S x BW ||  Delay  ||    FF   ||   LUT   |
|------------------|------|------|------|--------||---------||---------||---------|
| grp_access_fu_76 |  p2  |   3  |   0  |    0   ||    0    ||    14   |
| grp_access_fu_93 |  p0  |   2  |   4  |    8   ||    0    ||    9    |
|------------------|------|------|------|--------||---------||---------||---------|
|       Total      |      |      |      |    8   ||  3.2953 ||    0    ||    23   |
|------------------|------|------|------|--------||---------||---------||---------|



* Summary:
+-----------+--------+--------+--------+--------+
|           |   DSP  |  Delay |   FF   |   LUT  |
+-----------+--------+--------+--------+--------+
|  Function |    2   |    -   |   165  |   128  |
|   Memory  |    -   |    -   |    -   |    -   |
|Multiplexer|    -   |    3   |    0   |   23   |
|  Register |    -   |    -   |   269  |    -   |
+-----------+--------+--------+--------+--------+
|   Total   |    2   |    3   |   434  |   151  |
+-----------+--------+--------+--------+--------+
