

================================================================
== Vitis HLS Report for 'audio'
================================================================
* Date:           Mon Dec  1 15:54:45 2025

* Version:        2024.2 (Build 5238294 on Nov  8 2024)
* Project:        audio.comp
* Solution:       hls (Vivado IP Flow Target)
* Product family: zynq
* Target device:  xc7z020-clg400-1


================================================================
== Performance Estimates
================================================================
+ Timing: 
    * Summary: 
    +--------+----------+----------+------------+
    |  Clock |  Target  | Estimated| Uncertainty|
    +--------+----------+----------+------------+
    |ap_clk  |  10.00 ns|  6.912 ns|     2.70 ns|
    +--------+----------+----------+------------+

+ Latency: 
    * Summary: 
    +---------+---------+-----------+-----------+-----+-----+---------+
    |  Latency (cycles) |   Latency (absolute)  |  Interval | Pipeline|
    |   min   |   max   |    min    |    max    | min | max |   Type  |
    +---------+---------+-----------+-----------+-----+-----+---------+
    |        5|        5|  50.000 ns|  50.000 ns|    6|    6|       no|
    +---------+---------+-----------+-----------+-----+-----+---------+

    + Detail: 
        * Instance: 
        N/A

        * Loop: 
        N/A



================================================================
== Utilization Estimates
================================================================
* Summary: 
+-----------------+---------+-----+--------+-------+-----+
|       Name      | BRAM_18K| DSP |   FF   |  LUT  | URAM|
+-----------------+---------+-----+--------+-------+-----+
|DSP              |        -|    -|       -|      -|    -|
|Expression       |        -|    -|       0|    640|    -|
|FIFO             |        -|    -|       -|      -|    -|
|Instance         |        0|   16|     848|    496|    -|
|Memory           |       16|    -|       0|      0|    0|
|Multiplexer      |        -|    -|       0|     65|    -|
|Register         |        -|    -|     786|      -|    -|
+-----------------+---------+-----+--------+-------+-----+
|Total            |       16|   16|    1634|   1201|    0|
+-----------------+---------+-----+--------+-------+-----+
|Available        |      280|  220|  106400|  53200|    0|
+-----------------+---------+-----+--------+-------+-----+
|Utilization (%)  |        5|    7|       1|      2|    0|
+-----------------+---------+-----+--------+-------+-----+

+ Detail: 
    * Instance: 
    +------------------------+---------------------+---------+----+-----+-----+-----+
    |        Instance        |        Module       | BRAM_18K| DSP|  FF | LUT | URAM|
    +------------------------+---------------------+---------+----+-----+-----+-----+
    |control_s_axi_U         |control_s_axi        |        0|   0|  188|  296|    0|
    |mul_32ns_32s_64_2_1_U1  |mul_32ns_32s_64_2_1  |        0|   4|  165|   50|    0|
    |mul_32ns_32s_64_2_1_U2  |mul_32ns_32s_64_2_1  |        0|   4|  165|   50|    0|
    |mul_32s_32ns_64_2_1_U3  |mul_32s_32ns_64_2_1  |        0|   4|  165|   50|    0|
    |mul_32s_32ns_64_2_1_U4  |mul_32s_32ns_64_2_1  |        0|   4|  165|   50|    0|
    +------------------------+---------------------+---------+----+-----+-----+-----+
    |Total                   |                     |        0|  16|  848|  496|    0|
    +------------------------+---------------------+---------+----+-----+-----+-----+

    * DSP: 
    N/A

    * Memory: 
    +------------------+------------------------------+---------+---+----+-----+------+-----+------+-------------+
    |      Memory      |            Module            | BRAM_18K| FF| LUT| URAM| Words| Bits| Banks| W*Bits*Banks|
    +------------------+------------------------------+---------+---+----+-----+------+-----+------+-------------+
    |delay_buffer_L_U  |delay_buffer_L_RAM_AUTO_1R1W  |        8|  0|   0|    0|  4096|   32|     1|       131072|
    |delay_buffer_R_U  |delay_buffer_L_RAM_AUTO_1R1W  |        8|  0|   0|    0|  4096|   32|     1|       131072|
    +------------------+------------------------------+---------+---+----+-----+------+-----+------+-------------+
    |Total             |                              |       16|  0|   0|    0|  8192|   64|     2|       262144|
    +------------------+------------------------------+---------+---+----+-----+------+-----+------+-------------+

    * FIFO: 
    N/A

    * Expression: 
    +-----------------------+----------+----+---+----+------------+------------+
    |     Variable Name     | Operation| DSP| FF| LUT| Bitwidth P0| Bitwidth P1|
    +-----------------------+----------+----+---+----+------------+------------+
    |add_ln84_fu_198_p2     |         +|   0|  0|  39|          32|           1|
    |out_L                  |         +|   0|  0|  39|          32|          32|
    |out_R                  |         +|   0|  0|  39|          32|          32|
    |read_index_fu_186_p2   |         -|   0|  0|  12|          12|          12|
    |sub_ln74_1_fu_330_p2   |         -|   0|  0|  39|           1|          32|
    |sub_ln74_fu_263_p2     |         -|   0|  0|  47|           1|          40|
    |sub_ln75_1_fu_278_p2   |         -|   0|  0|  47|           1|          40|
    |sub_ln75_2_fu_359_p2   |         -|   0|  0|  39|           1|          32|
    |sub_ln75_fu_215_p2     |         -|   0|  0|  39|           9|          32|
    |sub_ln76_1_fu_388_p2   |         -|   0|  0|  39|           1|          32|
    |sub_ln76_fu_293_p2     |         -|   0|  0|  47|           1|          40|
    |sub_ln77_1_fu_417_p2   |         -|   0|  0|  39|           1|          32|
    |sub_ln77_fu_308_p2     |         -|   0|  0|  47|           1|          40|
    |select_ln74_fu_344_p3  |    select|   0|  0|  32|           1|          32|
    |select_ln75_fu_373_p3  |    select|   0|  0|  32|           1|          32|
    |select_ln76_fu_402_p3  |    select|   0|  0|  32|           1|          32|
    |select_ln77_fu_431_p3  |    select|   0|  0|  32|           1|          32|
    +-----------------------+----------+----+---+----+------------+------------+
    |Total                  |          |   0|  0| 640|         129|         525|
    +-----------------------+----------+----+---+----+------------+------------+

    * Multiplexer: 
    +-------------------------------+----+-----------+-----+-----------+
    |              Name             | LUT| Input Size| Bits| Total Bits|
    +-------------------------------+----+-----------+-----+-----------+
    |ap_NS_fsm                      |  37|          7|    1|          7|
    |delay_buffer_L_address0_local  |  14|          3|   12|         36|
    |delay_buffer_R_address0_local  |  14|          3|   12|         36|
    +-------------------------------+----+-----------+-----+-----------+
    |Total                          |  65|         13|   25|         79|
    +-------------------------------+----+-----------+-----+-----------+

    * Register: 
    +----------------------+----+----+-----+-----------+
    |         Name         | FF | LUT| Bits| Const Bits|
    +----------------------+----+----+-----+-----------+
    |ap_CS_fsm             |   6|   0|    6|          0|
    |delayed_L_reg_483     |  32|   0|   32|          0|
    |delayed_R_reg_488     |  32|   0|   32|          0|
    |in_L_read_reg_478     |  32|   0|   32|          0|
    |in_R_read_reg_473     |  32|   0|   32|          0|
    |mul_ln74_reg_530      |  64|   0|   64|          0|
    |mul_ln75_reg_541      |  64|   0|   64|          0|
    |mul_ln76_reg_552      |  64|   0|   64|          0|
    |mul_ln77_reg_563      |  64|   0|   64|          0|
    |sub_ln75_reg_493      |  32|   0|   32|          0|
    |trunc_ln48_reg_453    |  12|   0|   12|          0|
    |trunc_ln74_1_reg_574  |  32|   0|   32|          0|
    |trunc_ln74_reg_536    |  40|   0|   40|          0|
    |trunc_ln75_1_reg_579  |  32|   0|   32|          0|
    |trunc_ln75_reg_547    |  40|   0|   40|          0|
    |trunc_ln76_1_reg_584  |  32|   0|   32|          0|
    |trunc_ln76_reg_558    |  40|   0|   40|          0|
    |trunc_ln77_1_reg_589  |  32|   0|   32|          0|
    |trunc_ln77_reg_569    |  40|   0|   40|          0|
    |wet_mix_read_reg_468  |  32|   0|   32|          0|
    |write_index           |  32|   0|   32|          0|
    +----------------------+----+----+-----+-----------+
    |Total                 | 786|   0|  786|          0|
    +----------------------+----+----+-----+-----------+



================================================================
== Interface
================================================================
* Summary: 
+-----------------------+-----+-----+------------+---------------+--------------+
|       RTL Ports       | Dir | Bits|  Protocol  | Source Object |    C Type    |
+-----------------------+-----+-----+------------+---------------+--------------+
|s_axi_control_AWVALID  |   in|    1|       s_axi|        control|        scalar|
|s_axi_control_AWREADY  |  out|    1|       s_axi|        control|        scalar|
|s_axi_control_AWADDR   |   in|    6|       s_axi|        control|        scalar|
|s_axi_control_WVALID   |   in|    1|       s_axi|        control|        scalar|
|s_axi_control_WREADY   |  out|    1|       s_axi|        control|        scalar|
|s_axi_control_WDATA    |   in|   32|       s_axi|        control|        scalar|
|s_axi_control_WSTRB    |   in|    4|       s_axi|        control|        scalar|
|s_axi_control_ARVALID  |   in|    1|       s_axi|        control|        scalar|
|s_axi_control_ARREADY  |  out|    1|       s_axi|        control|        scalar|
|s_axi_control_ARADDR   |   in|    6|       s_axi|        control|        scalar|
|s_axi_control_RVALID   |  out|    1|       s_axi|        control|        scalar|
|s_axi_control_RREADY   |   in|    1|       s_axi|        control|        scalar|
|s_axi_control_RDATA    |  out|   32|       s_axi|        control|        scalar|
|s_axi_control_RRESP    |  out|    2|       s_axi|        control|        scalar|
|s_axi_control_BVALID   |  out|    1|       s_axi|        control|        scalar|
|s_axi_control_BREADY   |   in|    1|       s_axi|        control|        scalar|
|s_axi_control_BRESP    |  out|    2|       s_axi|        control|        scalar|
|ap_clk                 |   in|    1|  ap_ctrl_hs|          audio|  return value|
|ap_rst_n               |   in|    1|  ap_ctrl_hs|          audio|  return value|
|interrupt              |  out|    1|  ap_ctrl_hs|          audio|  return value|
|delay_samples          |   in|   32|     ap_none|  delay_samples|        scalar|
|feedback_gain          |   in|   32|     ap_none|  feedback_gain|        scalar|
|wet_mix                |   in|   32|     ap_none|        wet_mix|        scalar|
+-----------------------+-----+-----+------------+---------------+--------------+

