

================================================================
== Synthesis Summary Report of 'audio'
================================================================
+ General Information: 
    * Date:           Mon Dec  1 15:54:45 2025
    * Version:        2024.2 (Build 5238294 on Nov  8 2024)
    * Project:        audio.comp
    * Solution:       hls (Vivado IP Flow Target)
    * Product family: zynq
    * Target device:  xc7z020-clg400-1
    

+ Performance & Resource Estimates: 
    
    PS: '+' for module; 'o' for loop; '*' for dataflow
    +---------+------+------+---------+--------+----------+---------+------+----------+---------+---------+-----------+-----------+-----+
    | Modules | Issue|      | Latency | Latency| Iteration|         | Trip |          |         |         |           |           |     |
    | & Loops | Type | Slack| (cycles)|  (ns)  |  Latency | Interval| Count| Pipelined|  BRAM   |   DSP   |     FF    |    LUT    | URAM|
    +---------+------+------+---------+--------+----------+---------+------+----------+---------+---------+-----------+-----------+-----+
    |+ audio  |     -|  0.39|        5|  50.000|         -|        6|     -|        no|  16 (5%)|  16 (7%)|  1634 (1%)|  1201 (2%)|    -|
    +---------+------+------+---------+--------+----------+---------+------+----------+---------+---------+-----------+-----------+-----+


================================================================
== HW Interfaces
================================================================
* S_AXILITE Interfaces
+---------------+------------+---------------+--------+----------+
| Interface     | Data Width | Address Width | Offset | Register |
+---------------+------------+---------------+--------+----------+
| s_axi_control | 32         | 6             | 16     | 0        |
+---------------+------------+---------------+--------+----------+

* S_AXILITE Registers
+---------------+------------+--------+-------+--------+----------------------------------+----------------------------------------------------------------------+
| Interface     | Register   | Offset | Width | Access | Description                      | Bit Fields                                                           |
+---------------+------------+--------+-------+--------+----------------------------------+----------------------------------------------------------------------+
| s_axi_control | CTRL       | 0x00   | 32    | RW     | Control signals                  | 0=AP_START 1=AP_DONE 2=AP_IDLE 3=AP_READY 7=AUTO_RESTART 9=INTERRUPT |
| s_axi_control | GIER       | 0x04   | 32    | RW     | Global Interrupt Enable Register | 0=Enable                                                             |
| s_axi_control | IP_IER     | 0x08   | 32    | RW     | IP Interrupt Enable Register     | 0=CHAN0_INT_EN 1=CHAN1_INT_EN                                        |
| s_axi_control | IP_ISR     | 0x0c   | 32    | RW     | IP Interrupt Status Register     | 0=CHAN0_INT_ST 1=CHAN1_INT_ST                                        |
| s_axi_control | out_L      | 0x10   | 32    | R      | Data signal of out_L             |                                                                      |
| s_axi_control | out_L_ctrl | 0x14   | 32    | R      | Control signal of out_L          | 0=out_L_ap_vld                                                       |
| s_axi_control | out_R      | 0x20   | 32    | R      | Data signal of out_R             |                                                                      |
| s_axi_control | out_R_ctrl | 0x24   | 32    | R      | Control signal of out_R          | 0=out_R_ap_vld                                                       |
| s_axi_control | in_L       | 0x30   | 32    | W      | Data signal of in_L              |                                                                      |
| s_axi_control | in_R       | 0x38   | 32    | W      | Data signal of in_R              |                                                                      |
+---------------+------------+--------+-------+--------+----------------------------------+----------------------------------------------------------------------+

* Other Ports
+---------------+---------+-----------+----------+
| Port          | Mode    | Direction | Bitwidth |
+---------------+---------+-----------+----------+
| delay_samples | ap_none | in        | 32       |
| feedback_gain | ap_none | in        | 32       |
| wet_mix       | ap_none | in        | 32       |
+---------------+---------+-----------+----------+

* TOP LEVEL CONTROL
+-----------+------------+-----------+
| Interface | Type       | Ports     |
+-----------+------------+-----------+
| ap_clk    | clock      | ap_clk    |
| ap_rst_n  | reset      | ap_rst_n  |
| interrupt | interrupt  | interrupt |
| ap_ctrl   | ap_ctrl_hs |           |
+-----------+------------+-----------+


================================================================
== SW I/O Information
================================================================
* Top Function Arguments
+---------------+-----------+--------------+
| Argument      | Direction | Datatype     |
+---------------+-----------+--------------+
| out_L         | out       | int*         |
| out_R         | out       | int*         |
| in_L          | in        | int          |
| in_R          | in        | int          |
| delay_samples | in        | unsigned int |
| feedback_gain | in        | unsigned int |
| wet_mix       | in        | unsigned int |
+---------------+-----------+--------------+

* SW-to-HW Mapping
+---------------+---------------+----------+--------------------------------------+
| Argument      | HW Interface  | HW Type  | HW Info                              |
+---------------+---------------+----------+--------------------------------------+
| out_L         | s_axi_control | register | name=out_L offset=0x10 range=32      |
| out_L         | s_axi_control | register | name=out_L_ctrl offset=0x14 range=32 |
| out_R         | s_axi_control | register | name=out_R offset=0x20 range=32      |
| out_R         | s_axi_control | register | name=out_R_ctrl offset=0x24 range=32 |
| in_L          | s_axi_control | register | name=in_L offset=0x30 range=32       |
| in_R          | s_axi_control | register | name=in_R offset=0x38 range=32       |
| delay_samples | delay_samples | port     |                                      |
| feedback_gain | feedback_gain | port     |                                      |
| wet_mix       | wet_mix       | port     |                                      |
+---------------+---------------+----------+--------------------------------------+


================================================================
== Bind Op Report
================================================================
+--------------------------+-----+--------+-------------+--------+----------+---------+
| Name                     | DSP | Pragma | Variable    | Op     | Impl     | Latency |
+--------------------------+-----+--------+-------------+--------+----------+---------+
| + audio                  | 16  |        |             |        |          |         |
|   read_index_fu_186_p2   |     |        | read_index  | sub    | fabric   | 0       |
|   mul_32s_32ns_64_2_1_U3 | 4   |        | mul_ln74    | mul    | auto     | 1       |
|   sub_ln74_fu_263_p2     |     |        | sub_ln74    | sub    | fabric   | 0       |
|   sub_ln74_1_fu_330_p2   |     |        | sub_ln74_1  | sub    | fabric   | 0       |
|   select_ln74_fu_344_p3  |     |        | select_ln74 | select | auto_sel | 0       |
|   sub_ln75_fu_215_p2     |     |        | sub_ln75    | sub    | fabric   | 0       |
|   mul_32ns_32s_64_2_1_U1 | 4   |        | mul_ln75    | mul    | auto     | 1       |
|   sub_ln75_1_fu_278_p2   |     |        | sub_ln75_1  | sub    | fabric   | 0       |
|   sub_ln75_2_fu_359_p2   |     |        | sub_ln75_2  | sub    | fabric   | 0       |
|   select_ln75_fu_373_p3  |     |        | select_ln75 | select | auto_sel | 0       |
|   mul_32s_32ns_64_2_1_U4 | 4   |        | mul_ln76    | mul    | auto     | 1       |
|   sub_ln76_fu_293_p2     |     |        | sub_ln76    | sub    | fabric   | 0       |
|   sub_ln76_1_fu_388_p2   |     |        | sub_ln76_1  | sub    | fabric   | 0       |
|   select_ln76_fu_402_p3  |     |        | select_ln76 | select | auto_sel | 0       |
|   mul_32ns_32s_64_2_1_U2 | 4   |        | mul_ln77    | mul    | auto     | 1       |
|   sub_ln77_fu_308_p2     |     |        | sub_ln77    | sub    | fabric   | 0       |
|   sub_ln77_1_fu_417_p2   |     |        | sub_ln77_1  | sub    | fabric   | 0       |
|   select_ln77_fu_431_p3  |     |        | select_ln77 | select | auto_sel | 0       |
|   out_L                  |     |        | add_ln80    | add    | fabric   | 0       |
|   out_R                  |     |        | add_ln81    | add    | fabric   | 0       |
|   add_ln84_fu_198_p2     |     |        | add_ln84    | add    | fabric   | 0       |
+--------------------------+-----+--------+-------------+--------+----------+---------+


================================================================
== Storage Report
================================================================
+--------------------+-----------+-----------+------+------+--------+----------------+------+---------+------------------+
| Name               | Usage     | Type      | BRAM | URAM | Pragma | Variable       | Impl | Latency | Bitwidth, Depth, |
|                    |           |           |      |      |        |                |      |         | Banks            |
+--------------------+-----------+-----------+------+------+--------+----------------+------+---------+------------------+
| + audio            |           |           | 16   | 0    |        |                |      |         |                  |
|   control_s_axi_U  | interface | s_axilite |      |      |        |                |      |         |                  |
|   delay_buffer_L_U | ram_1p    |           | 8    |      |        | delay_buffer_L | auto | 1       | 32, 4096, 1      |
|   delay_buffer_R_U | ram_1p    |           | 8    |      |        | delay_buffer_R | auto | 1       | 32, 4096, 1      |
+--------------------+-----------+-----------+------+------+--------+----------------+------+---------+------------------+


================================================================
== Pragma Report
================================================================
* Valid Pragma Syntax
+-----------+----------------------------+-------------------------------+
| Type      | Options                    | Location                      |
+-----------+----------------------------+-------------------------------+
| interface | mode=s_axilite port=return | audio.cpp:40 in audio, return |
| interface | mode=s_axilite port=out_L  | audio.cpp:42 in audio, out_L  |
| interface | mode=s_axilite port=out_R  | audio.cpp:43 in audio, out_R  |
| interface | mode=s_axilite port=in_L   | audio.cpp:45 in audio, in_L   |
| interface | mode=s_axilite port=in_R   | audio.cpp:46 in audio, in_R   |
+-----------+----------------------------+-------------------------------+


