

================================================================
== Synthesis Summary Report of 'audio'
================================================================
+ General Information: 
    * Date:           Sat Nov 29 16:12:07 2025
    * Version:        2024.2 (Build 5238294 on Nov  8 2024)
    * Project:        audio.comp
    * Solution:       hls (Vivado IP Flow Target)
    * Product family: zynq
    * Target device:  xc7z020-clg400-1
    

+ Performance & Resource Estimates: 
    
    PS: '+' for module; 'o' for loop; '*' for dataflow
    +---------+------+------+---------+--------+----------+---------+------+----------+-----------+---------+-----------+-----------+-----+
    | Modules | Issue|      | Latency | Latency| Iteration|         | Trip |          |           |         |           |           |     |
    | & Loops | Type | Slack| (cycles)|  (ns)  |  Latency | Interval| Count| Pipelined|   BRAM    |   DSP   |     FF    |    LUT    | URAM|
    +---------+------+------+---------+--------+----------+---------+------+----------+-----------+---------+-----------+-----------+-----+
    |+ audio  |     -|  0.10|        6|  60.000|         -|        7|     -|        no|  192 (68%)|  14 (6%)|  1399 (1%)|  1023 (1%)|    -|
    +---------+------+------+---------+--------+----------+---------+------+----------+-----------+---------+-----------+-----------+-----+


================================================================
== HW Interfaces
================================================================
* Other Ports
+---------------+---------+-----------+----------+
| Port          | Mode    | Direction | Bitwidth |
+---------------+---------+-----------+----------+
| delay_samples | ap_none | in        | 32       |
| feedback_gain | ap_none | in        | 32       |
| in_L          | ap_none | in        | 32       |
| in_R          | ap_none | in        | 32       |
| out_L         | ap_vld  | out       | 32       |
| out_R         | ap_vld  | out       | 32       |
| wet_mix       | ap_none | in        | 32       |
+---------------+---------+-----------+----------+

* TOP LEVEL CONTROL
+-----------+------------+-----------------------------------+
| Interface | Type       | Ports                             |
+-----------+------------+-----------------------------------+
| ap_clk    | clock      | ap_clk                            |
| ap_rst    | reset      | ap_rst                            |
| ap_ctrl   | ap_ctrl_hs | ap_done ap_idle ap_ready ap_start |
+-----------+------------+-----------------------------------+


================================================================
== SW I/O Information
================================================================
* Top Function Arguments
+---------------+-----------+--------------+
| Argument      | Direction | Datatype     |
+---------------+-----------+--------------+
| out_L         | out       | int*         |
| out_R         | out       | int*         |
| in_L          | in        | int          |
| in_R          | in        | int          |
| delay_samples | in        | unsigned int |
| feedback_gain | in        | unsigned int |
| wet_mix       | in        | unsigned int |
+---------------+-----------+--------------+

* SW-to-HW Mapping
+---------------+---------------+---------+
| Argument      | HW Interface  | HW Type |
+---------------+---------------+---------+
| out_L         | out_L         | port    |
| out_L         | out_L_ap_vld  | port    |
| out_R         | out_R         | port    |
| out_R         | out_R_ap_vld  | port    |
| in_L          | in_L          | port    |
| in_R          | in_R          | port    |
| delay_samples | delay_samples | port    |
| feedback_gain | feedback_gain | port    |
| wet_mix       | wet_mix       | port    |
+---------------+---------------+---------+


================================================================
== Bind Op Report
================================================================
+--------------------------+-----+--------+--------------+--------+----------+---------+
| Name                     | DSP | Pragma | Variable     | Op     | Impl     | Latency |
+--------------------------+-----+--------+--------------+--------+----------+---------+
| + audio                  | 14  |        |              |        |          |         |
|   icmp_ln39_fu_202_p2    |     |        | icmp_ln39    | setlt  | auto     | 0       |
|   xor_ln39_fu_208_p2     |     |        | xor_ln39     | xor    | auto     | 0       |
|   read_index_fu_214_p2   |     |        | read_index   | sub    | fabric   | 0       |
|   read_index_2_fu_232_p3 |     |        | read_index_2 | select | auto_sel | 0       |
|   mul_24s_32s_32_2_1_U1  | 2   |        | mul_ln51     | mul    | auto     | 1       |
|   add_ln52_fu_336_p2     |     |        | add_ln52     | add    | fabric   | 0       |
|   new_L_fu_341_p2        |     |        | new_L        | add    | fabric   | 0       |
|   mul_24s_32s_32_2_1_U2  | 2   |        | mul_ln55     | mul    | auto     | 1       |
|   add_ln56_fu_356_p2     |     |        | add_ln56     | add    | fabric   | 0       |
|   new_R_fu_361_p2        |     |        | new_R        | add    | fabric   | 0       |
|   icmp_ln59_fu_377_p2    |     |        | icmp_ln59    | setgt  | auto     | 0       |
|   new_L_1_fu_419_p3      |     |        | new_L_1      | select | auto_sel | 0       |
|   icmp_ln60_fu_425_p2    |     |        | icmp_ln60    | setlt  | auto     | 0       |
|   icmp_ln61_fu_393_p2    |     |        | icmp_ln61    | setgt  | auto     | 0       |
|   new_R_1_fu_431_p3      |     |        | new_R_1      | select | auto_sel | 0       |
|   icmp_ln62_fu_437_p2    |     |        | icmp_ln62    | setlt  | auto     | 0       |
|   select_ln65_fu_447_p3  |     |        | select_ln65  | select | auto_sel | 0       |
|   select_ln66_fu_465_p3  |     |        | select_ln66  | select | auto_sel | 0       |
|   mul_24s_32s_32_2_1_U3  | 2   |        | mul_ln69     | mul    | auto     | 1       |
|   sub_ln70_fu_281_p2     |     |        | sub_ln70     | sub    | fabric   | 0       |
|   mul_32s_32s_32_2_1_U5  | 3   |        | mul_ln70     | mul    | auto     | 1       |
|   mul_24s_32s_32_2_1_U4  | 2   |        | mul_ln71     | mul    | auto     | 1       |
|   mul_32s_32s_32_2_1_U6  | 3   |        | mul_ln72     | mul    | auto     | 1       |
|   add_ln75_fu_486_p2     |     |        | add_ln75     | add    | fabric   | 0       |
|   add_ln76_fu_497_p2     |     |        | add_ln76     | add    | fabric   | 0       |
|   add_ln79_fu_240_p2     |     |        | add_ln79     | add    | fabric   | 0       |
|   icmp_ln80_fu_246_p2    |     |        | icmp_ln80    | setgt  | auto     | 0       |
|   select_ln80_fu_252_p3  |     |        | select_ln80  | select | auto_sel | 0       |
+--------------------------+-----+--------+--------------+--------+----------+---------+


================================================================
== Storage Report
================================================================
+--------------------+--------+------+------+------+--------+----------------+------+---------+------------------+
| Name               | Usage  | Type | BRAM | URAM | Pragma | Variable       | Impl | Latency | Bitwidth, Depth, |
|                    |        |      |      |      |        |                |      |         | Banks            |
+--------------------+--------+------+------+------+--------+----------------+------+---------+------------------+
| + audio            |        |      | 192  | 0    |        |                |      |         |                  |
|   delay_buffer_L_U | ram_1p |      | 96   |      |        | delay_buffer_L | auto | 1       | 24, 48000, 1     |
|   delay_buffer_R_U | ram_1p |      | 96   |      |        | delay_buffer_R | auto | 1       | 24, 48000, 1     |
+--------------------+--------+------+------+------+--------+----------------+------+---------+------------------+


================================================================
== Pragma Report
================================================================
  No pragmas found

